Archive member included to satisfy reference by file (symbol)

c:/program files (x86)/atmel/studio/7.0/toolchain/avr8/avr8-gnu-toolchain/bin/../lib/gcc/avr/5.4.0/../../../../avr/lib/avr5\libm.a(addsf3.o)
                              BME280/bme280.o (__subsf3)
c:/program files (x86)/atmel/studio/7.0/toolchain/avr8/avr8-gnu-toolchain/bin/../lib/gcc/avr/5.4.0/../../../../avr/lib/avr5\libm.a(addsf3x.o)
                              c:/program files (x86)/atmel/studio/7.0/toolchain/avr8/avr8-gnu-toolchain/bin/../lib/gcc/avr/5.4.0/../../../../avr/lib/avr5\libm.a(addsf3.o) (__addsf3x)
c:/program files (x86)/atmel/studio/7.0/toolchain/avr8/avr8-gnu-toolchain/bin/../lib/gcc/avr/5.4.0/../../../../avr/lib/avr5\libm.a(divsf3.o)
                              BME280/bme280.o (__divsf3)
c:/program files (x86)/atmel/studio/7.0/toolchain/avr8/avr8-gnu-toolchain/bin/../lib/gcc/avr/5.4.0/../../../../avr/lib/avr5\libm.a(divsf3x.o)
                              c:/program files (x86)/atmel/studio/7.0/toolchain/avr8/avr8-gnu-toolchain/bin/../lib/gcc/avr/5.4.0/../../../../avr/lib/avr5\libm.a(divsf3.o) (__divsf3x)
c:/program files (x86)/atmel/studio/7.0/toolchain/avr8/avr8-gnu-toolchain/bin/../lib/gcc/avr/5.4.0/../../../../avr/lib/avr5\libm.a(fixsfsi.o)
                              MAX31865/max31865.o (__fixsfsi)
c:/program files (x86)/atmel/studio/7.0/toolchain/avr8/avr8-gnu-toolchain/bin/../lib/gcc/avr/5.4.0/../../../../avr/lib/avr5\libm.a(fixunssfsi.o)
                              main.o (__fixunssfsi)
c:/program files (x86)/atmel/studio/7.0/toolchain/avr8/avr8-gnu-toolchain/bin/../lib/gcc/avr/5.4.0/../../../../avr/lib/avr5\libm.a(floatdisf.o)
                              BME280/bme280.o (__floatdisf)
c:/program files (x86)/atmel/studio/7.0/toolchain/avr8/avr8-gnu-toolchain/bin/../lib/gcc/avr/5.4.0/../../../../avr/lib/avr5\libm.a(floatsisf.o)
                              BME280/bme280.o (__floatunsisf)
c:/program files (x86)/atmel/studio/7.0/toolchain/avr8/avr8-gnu-toolchain/bin/../lib/gcc/avr/5.4.0/../../../../avr/lib/avr5\libm.a(floatundisf.o)
                              c:/program files (x86)/atmel/studio/7.0/toolchain/avr8/avr8-gnu-toolchain/bin/../lib/gcc/avr/5.4.0/../../../../avr/lib/avr5\libm.a(floatdisf.o) (__fp_di2sf)
c:/program files (x86)/atmel/studio/7.0/toolchain/avr8/avr8-gnu-toolchain/bin/../lib/gcc/avr/5.4.0/../../../../avr/lib/avr5\libm.a(fp_inf.o)
                              c:/program files (x86)/atmel/studio/7.0/toolchain/avr8/avr8-gnu-toolchain/bin/../lib/gcc/avr/5.4.0/../../../../avr/lib/avr5\libm.a(addsf3x.o) (__fp_inf)
c:/program files (x86)/atmel/studio/7.0/toolchain/avr8/avr8-gnu-toolchain/bin/../lib/gcc/avr/5.4.0/../../../../avr/lib/avr5\libm.a(fp_nan.o)
                              c:/program files (x86)/atmel/studio/7.0/toolchain/avr8/avr8-gnu-toolchain/bin/../lib/gcc/avr/5.4.0/../../../../avr/lib/avr5\libm.a(addsf3x.o) (__fp_nan)
c:/program files (x86)/atmel/studio/7.0/toolchain/avr8/avr8-gnu-toolchain/bin/../lib/gcc/avr/5.4.0/../../../../avr/lib/avr5\libm.a(fp_negdi.o)
                              c:/program files (x86)/atmel/studio/7.0/toolchain/avr8/avr8-gnu-toolchain/bin/../lib/gcc/avr/5.4.0/../../../../avr/lib/avr5\libm.a(floatdisf.o) (__fp_negdi)
c:/program files (x86)/atmel/studio/7.0/toolchain/avr8/avr8-gnu-toolchain/bin/../lib/gcc/avr/5.4.0/../../../../avr/lib/avr5\libm.a(fp_pscA.o)
                              c:/program files (x86)/atmel/studio/7.0/toolchain/avr8/avr8-gnu-toolchain/bin/../lib/gcc/avr/5.4.0/../../../../avr/lib/avr5\libm.a(addsf3x.o) (__fp_pscA)
c:/program files (x86)/atmel/studio/7.0/toolchain/avr8/avr8-gnu-toolchain/bin/../lib/gcc/avr/5.4.0/../../../../avr/lib/avr5\libm.a(fp_pscB.o)
                              c:/program files (x86)/atmel/studio/7.0/toolchain/avr8/avr8-gnu-toolchain/bin/../lib/gcc/avr/5.4.0/../../../../avr/lib/avr5\libm.a(addsf3x.o) (__fp_pscB)
c:/program files (x86)/atmel/studio/7.0/toolchain/avr8/avr8-gnu-toolchain/bin/../lib/gcc/avr/5.4.0/../../../../avr/lib/avr5\libm.a(fp_round.o)
                              c:/program files (x86)/atmel/studio/7.0/toolchain/avr8/avr8-gnu-toolchain/bin/../lib/gcc/avr/5.4.0/../../../../avr/lib/avr5\libm.a(addsf3.o) (__fp_round)
c:/program files (x86)/atmel/studio/7.0/toolchain/avr8/avr8-gnu-toolchain/bin/../lib/gcc/avr/5.4.0/../../../../avr/lib/avr5\libm.a(fp_split3.o)
                              c:/program files (x86)/atmel/studio/7.0/toolchain/avr8/avr8-gnu-toolchain/bin/../lib/gcc/avr/5.4.0/../../../../avr/lib/avr5\libm.a(addsf3x.o) (__fp_split3)
c:/program files (x86)/atmel/studio/7.0/toolchain/avr8/avr8-gnu-toolchain/bin/../lib/gcc/avr/5.4.0/../../../../avr/lib/avr5\libm.a(fp_zero.o)
                              c:/program files (x86)/atmel/studio/7.0/toolchain/avr8/avr8-gnu-toolchain/bin/../lib/gcc/avr/5.4.0/../../../../avr/lib/avr5\libm.a(addsf3x.o) (__fp_zero)
[...]
Memory Configuration

Name             Origin             Length             Attributes
text             0x00000000         0x00020000         xr
data             0x00800060         0x0000ffa0         rw !x
eeprom           0x00810000         0x00010000         rw !x
fuse             0x00820000         0x00000003         rw !x
lock             0x00830000         0x00000400         rw !x
signature        0x00840000         0x00000400         rw !x
user_signatures  0x00850000         0x00000400         rw !x
*default*        0x00000000         0xffffffff

Linker script and memory map

Address of section .data set to 0x800100
LOAD C:/Program Files (x86)/Atmel/Studio/7.0/Packs/atmel/ATmega_DFP/1.2.209/gcc/dev/atmega64a/avr5/crtatmega64a.o
LOAD BME280/bme280.o
LOAD DS18B20/crc8.o
LOAD DS18B20/delay.o
LOAD DS18B20/ds18x20.o
LOAD DS18B20/onewire.o
LOAD I2C/i2c_master.o
LOAD LCD/lcd.o
LOAD main.o
LOAD MAX31865/max31865.o
LOAD MENU/menu.o
LOAD MENU/menu_items.o
LOAD MENU/menu_portsio.o
LOAD SPI/spi.o
LOAD UART/UART.o
LOAD Utils/ftoa.o
START GROUP
LOAD c:/program files (x86)/atmel/studio/7.0/toolchain/avr8/avr8-gnu-toolchain/bin/../lib/gcc/avr/5.4.0/../../../../avr/lib/avr5\libm.a
END GROUP
START GROUP
LOAD c:/program files (x86)/atmel/studio/7.0/toolchain/avr8/avr8-gnu-toolchain/bin/../lib/gcc/avr/5.4.0/avr5\libgcc.a
LOAD c:/program files (x86)/atmel/studio/7.0/toolchain/avr8/avr8-gnu-toolchain/bin/../lib/gcc/avr/5.4.0/../../../../avr/lib/avr5\libm.a
LOAD c:/program files (x86)/atmel/studio/7.0/toolchain/avr8/avr8-gnu-toolchain/bin/../lib/gcc/avr/5.4.0/../../../../avr/lib/avr5\libc.a
LOAD C:/Program Files (x86)/Atmel/Studio/7.0/Packs/atmel/ATmega_DFP/1.2.209/gcc/dev/atmega64a/avr5\libatmega64a.a
END GROUP
                0x00020000                __TEXT_REGION_LENGTH__ = DEFINED (__TEXT_REGION_LENGTH__)?__TEXT_REGION_LENGTH__:0x20000
                0x0000ffa0                __DATA_REGION_LENGTH__ = DEFINED (__DATA_REGION_LENGTH__)?__DATA_REGION_LENGTH__:0xffa0
                0x00010000                __EEPROM_REGION_LENGTH__ = DEFINED (__EEPROM_REGION_LENGTH__)?__EEPROM_REGION_LENGTH__:0x10000
                [0x00000003]                __FUSE_REGION_LENGTH__ = DEFINED (__FUSE_REGION_LENGTH__)?__FUSE_REGION_LENGTH__:0x400
                0x00000400                __LOCK_REGION_LENGTH__ = DEFINED (__LOCK_REGION_LENGTH__)?__LOCK_REGION_LENGTH__:0x400
                0x00000400                __SIGNATURE_REGION_LENGTH__ = DEFINED (__SIGNATURE_REGION_LENGTH__)?__SIGNATURE_REGION_LENGTH__:0x400
                0x00000400                __USER_SIGNATURE_REGION_LENGTH__ = DEFINED (__USER_SIGNATURE_REGION_LENGTH__)?__USER_SIGNATURE_REGION_LENGTH__:0x400

.hash
 *(.hash)

.dynsym
 *(.dynsym)

.dynstr
 *(.dynstr)

.gnu.version
 *(.gnu.version)

.gnu.version_d
 *(.gnu.version_d)

.gnu.version_r
 *(.gnu.version_r)

.rel.init
 *(.rel.init)

.rela.init
 *(.rela.init)

.rel.text
 *(.rel.text)
 *(.rel.text.*)
 *(.rel.gnu.linkonce.t*)

.rela.text
 *(.rela.text)
 *(.rela.text.*)
 *(.rela.gnu.linkonce.t*)

.rel.fini
 *(.rel.fini)

.rela.fini
 *(.rela.fini)

.rel.rodata
 *(.rel.rodata)
 *(.rel.rodata.*)
 *(.rel.gnu.linkonce.r*)

.rela.rodata
 *(.rela.rodata)
 *(.rela.rodata.*)
 *(.rela.gnu.linkonce.r*)

.rel.data
 *(.rel.data)
 *(.rel.data.*)
 *(.rel.gnu.linkonce.d*)

.rela.data
 *(.rela.data)
 *(.rela.data.*)
 *(.rela.gnu.linkonce.d*)

.rel.ctors
 *(.rel.ctors)

.rela.ctors
 *(.rela.ctors)

.rel.dtors
 *(.rel.dtors)

.rela.dtors
 *(.rela.dtors)

.rel.got
 *(.rel.got)

.rela.got
 *(.rela.got)

.rel.bss
 *(.rel.bss)

.rela.bss
 *(.rela.bss)

.rel.plt
 *(.rel.plt)

.rela.plt
 *(.rela.plt)

.text           0x00000000     0x3a14
 *(.vectors)
 .vectors       0x00000000       0x8c C:/Program Files (x86)/Atmel/Studio/7.0/Packs/atmel/ATmega_DFP/1.2.209/gcc/dev/atmega64a/avr5/crtatmega64a.o
                0x00000000                __vector_default
                0x00000000                __vectors
 *(.vectors)
 *(.progmem.gcc*)
 .progmem.gcc_sw_table.lcd_putc_hu
                0x0000008c       0x78 LCD/lcd.o
                0x00000104                . = ALIGN (0x2)
                0x00000104                __trampolines_start = .
 *(.trampolines)
 .trampolines   0x00000104        0x0 linker stubs
 *(.trampolines*)
                0x00000104                __trampolines_end = .
 *libprintf_flt.a:*(.progmem.data)
 *libc.a:*(.progmem.data)
 *(.progmem*)
 .progmem.data.__c.2398
                0x00000104       0x1c BME280/bme280.o
 .progmem.data.magyar_betuk
                0x00000120       0x38 LCD/lcd.o
 .progmem.data.__c.2988
                0x00000158        0x4 main.o
 .progmem.data.__c.2986
                0x0000015c        0xa main.o
 .progmem.data.__c.2984
                0x00000166       0x12 main.o
 .progmem.data.__c.2982
                0x00000178        0x7 main.o
 .progmem.data.__c.2980
                0x0000017f       0x13 main.o
 .progmem.data.__c.2978
                0x00000192        0xf main.o
 .progmem.data.__c.2976
                0x000001a1        0xc main.o
 .progmem.data.__c.2970
                0x000001ad       0x14 main.o
 .progmem.data.__c.2968
                0x000001c1       0x14 main.o
 .progmem.data.__c.2954
                0x000001d5        0xb main.o
 .progmem.data.__c.2951
                0x000001e0       0x11 main.o
 .progmem.data.__c.2949
                0x000001f1       0x12 main.o
 .progmem.data.__c.2940
                0x00000203       0x41 main.o
 .progmem.data.__c.2938
                0x00000244       0x1a main.o
 .progmem.data.__c.2936
                0x0000025e       0x18 main.o
 .progmem.data.__c.2934
                0x00000276       0x19 main.o
 .progmem.data.__c.2932
                0x0000028f       0x17 main.o
 .progmem.data.__c.2930
                0x000002a6       0x30 main.o
 .progmem.data.__c.2928
                0x000002d6       0x2e main.o
 .progmem.data.__c.2926
                0x00000304       0x17 main.o
 .progmem.data.__c.2924
                0x0000031b       0x21 main.o
 .progmem.data.__c.2922
                0x0000033c       0x1e main.o
 .progmem.data.__c.2916
                0x0000035a        0xb main.o
 .progmem.data.__c.2914
                0x00000365        0xd main.o
 .progmem.data.__c.2912
                0x00000372        0xa main.o
 .progmem.data.__c.2910
                0x0000037c        0x2 main.o
 .progmem.data.__c.2908
                0x0000037e        0xc main.o
 .progmem.data.__c.2906
                0x0000038a        0x3 main.o
 .progmem.data.__c.2904
                0x0000038d        0x7 main.o
 .progmem.data.__c.2902
                0x00000394        0x3 main.o
 .progmem.data.__c.2900
                0x00000397        0x2 main.o
 .progmem.data.__c.2898
                0x00000399        0x8 main.o
 .progmem.data.__c.2896
                0x000003a1        0x3 main.o
 .progmem.data.__c.2894
                0x000003a4        0x2 main.o
 .progmem.data.__c.2892
                0x000003a6        0x8 main.o
 .progmem.data.__c.2890
                0x000003ae        0x2 main.o
 .progmem.data.__c.2888
                0x000003b0        0x3 main.o
 .progmem.data.__c.2886
                0x000003b3        0x2 main.o
 .progmem.data.__c.2884
                0x000003b5        0x5 main.o
 .progmem.data.__c.2878
                0x000003ba        0x2 main.o
 .progmem.data.__c.2876
                0x000003bc        0x2 main.o
 .progmem.data.__c.2869
                0x000003be        0x4 main.o
 .progmem.data.__c.2867
                0x000003c2       0x12 main.o
 .progmem.data.__c.2863
                0x000003d4        0x4 main.o
 .progmem.data.__c.2861
                0x000003d8       0x15 main.o
 .progmem.data.magyar_betuk
                0x000003ed       0x38 main.o
 .progmem.data.__c.2745
                0x00000425        0x5 MENU/menu_items.o
 .progmem.data.__c.2730
                0x0000042a        0x4 MENU/menu_items.o
 .progmem.data.__c.2715
                0x0000042e       0x14 MENU/menu_items.o
 .progmem.data.__c.2700
                0x00000442        0xb MENU/menu_items.o
 .progmem.data.__c.2685
                0x0000044d       0x12 MENU/menu_items.o
 .progmem.data.__c.2670
                0x0000045f        0xa MENU/menu_items.o
 .progmem.data.__c.2655
                0x00000469        0x3 MENU/menu_items.o
 .progmem.data.__c.2653
                0x0000046c        0x3 MENU/menu_items.o
 .progmem.data.__c.2651
                0x0000046f        0xc MENU/menu_items.o
 .progmem.data.__c.2637
                0x0000047b        0x3 MENU/menu_items.o
 .progmem.data.__c.2635
                0x0000047e        0x3 MENU/menu_items.o
 .progmem.data.__c.2633
                0x00000481       0x11 MENU/menu_items.o
 .progmem.data.__c.2619
                0x00000492        0x4 MENU/menu_items.o
 .progmem.data.__c.2617
                0x00000496        0x7 MENU/menu_items.o
 .progmem.data.__c.2615
                0x0000049d       0x14 MENU/menu_items.o
 .progmem.data.__c.2601
                0x000004b1        0x3 MENU/menu_items.o
 .progmem.data.__c.2599
                0x000004b4        0x3 MENU/menu_items.o
 .progmem.data.__c.2597
                0x000004b7        0xf MENU/menu_items.o
 .progmem.data.__c.2583
                0x000004c6        0x3 MENU/menu_items.o
 .progmem.data.__c.2581
                0x000004c9        0x3 MENU/menu_items.o
 .progmem.data.__c.2579
                0x000004cc       0x12 MENU/menu_items.o
 .progmem.data.__c.2565
                0x000004de        0x3 MENU/menu_items.o
 .progmem.data.__c.2563
                0x000004e1        0x3 MENU/menu_items.o
 .progmem.data.__c.2561
                0x000004e4       0x13 MENU/menu_items.o
 .progmem.data.__c.2545
                0x000004f7       0x12 MENU/menu_items.o
 .progmem.data.__c.2531
                0x00000509       0x12 MENU/menu_items.o
 .progmem.data.__c.2516
                0x0000051b        0xf MENU/menu_items.o
 .progmem.data.__c.2501
                0x0000052a        0x3 MENU/menu_items.o
 .progmem.data.__c.2499
                0x0000052d        0x2 MENU/menu_items.o
 .progmem.data.__c.2497
                0x0000052f        0xf MENU/menu_items.o
 .progmem.data.__c.2481
                0x0000053e       0x12 MENU/menu_items.o
 .progmem.data.__c.2467
                0x00000550        0xe MENU/menu_items.o
 .progmem.data.__c.2452
                0x0000055e        0x3 MENU/menu_items.o
 .progmem.data.__c.2450
                0x00000561        0x2 MENU/menu_items.o
 .progmem.data.__c.2448
                0x00000563        0xf MENU/menu_items.o
 .progmem.data.__c.2431
                0x00000572        0x8 MENU/menu_items.o
 .progmem.data.__c.2416
                0x0000057a        0x8 MENU/menu_items.o
 .progmem.data.__c.2401
                0x00000582        0xf MENU/menu_items.o
 .progmem.data.__c.2387
                0x00000591        0xc MENU/menu_items.o
 .progmem.data.__c.2372
                0x0000059d        0xf MENU/menu_items.o
 .progmem.data.__c.2357
                0x000005ac        0x3 MENU/menu_items.o
 .progmem.data.__c.2355
                0x000005af        0x2 MENU/menu_items.o
 .progmem.data.__c.2353
                0x000005b1        0xc MENU/menu_items.o
 .progmem.data.__c.2337
                0x000005bd        0xe MENU/menu_items.o
 .progmem.data.__c.2323
                0x000005cb        0xc MENU/menu_items.o
 .progmem.data.__c.2309
                0x000005d7        0xb MENU/menu_items.o
                0x000005e2                . = ALIGN (0x2)
 *(.jumptables)
 *(.jumptables*)
 *(.lowtext)
 *(.lowtext*)
                0x000005e2                __ctors_start = .
 *(.ctors)
                0x000005e2                __ctors_end = .
                0x000005e2                __dtors_start = .
 *(.dtors)
                0x000005e2                __dtors_end = .
 SORT(*)(.ctors)
 SORT(*)(.dtors)
 *(.init0)
 .init0         0x000005e2        0x0 C:/Program Files (x86)/Atmel/Studio/7.0/Packs/atmel/ATmega_DFP/1.2.209/gcc/dev/atmega64a/avr5/crtatmega64a.o
                0x000005e2                __init
 *(.init0)
 *(.init1)
 *(.init1)
 *(.init2)
 .init2         0x000005e2        0xc C:/Program Files (x86)/Atmel/Studio/7.0/Packs/atmel/ATmega_DFP/1.2.209/gcc/dev/atmega64a/avr5/crtatmega64a.o
 *(.init2)
 *(.init3)
 *(.init3)
 *(.init4)
 .init4         0x000005ee       0x16 c:/program files (x86)/atmel/studio/7.0/toolchain/avr8/avr8-gnu-toolchain/bin/../lib/gcc/avr/5.4.0/avr5\libgcc.a(_copy_data.o)
                0x000005ee                __do_copy_data
 .init4         0x00000604       0x10 c:/program files (x86)/atmel/studio/7.0/toolchain/avr8/avr8-gnu-toolchain/bin/../lib/gcc/avr/5.4.0/avr5\libgcc.a(_clear_bss.o)
                0x00000604                __do_clear_bss
 *(.init4)
 *(.init5)
 *(.init5)
 *(.init6)
 *(.init6)
 *(.init7)
 *(.init7)
 *(.init8)
 *(.init8)
 *(.init9)
 .init9         0x00000614        0x8 C:/Program Files (x86)/Atmel/Studio/7.0/Packs/atmel/ATmega_DFP/1.2.209/gcc/dev/atmega64a/avr5/crtatmega64a.o
 *(.init9)
 *(.text)
 .text          0x0000061c        0x4 C:/Program Files (x86)/Atmel/Studio/7.0/Packs/atmel/ATmega_DFP/1.2.209/gcc/dev/atmega64a/avr5/crtatmega64a.o
                0x0000061c                __vector_22
                0x0000061c                __vector_28
                0x0000061c                __vector_1
                0x0000061c                __vector_32
                0x0000061c                __vector_34
                0x0000061c                __vector_24
                0x0000061c                __bad_interrupt
                0x0000061c                __vector_6
                0x0000061c                __vector_3
                0x0000061c                __vector_23
                0x0000061c                __vector_25
                0x0000061c                __vector_11
                0x0000061c                __vector_13
                0x0000061c                __vector_17
                0x0000061c                __vector_7
                0x0000061c                __vector_27
                0x0000061c                __vector_5
                0x0000061c                __vector_33
                0x0000061c                __vector_4
                0x0000061c                __vector_9
                0x0000061c                __vector_2
                0x0000061c                __vector_15
                0x0000061c                __vector_29
                0x0000061c                __vector_8
                0x0000061c                __vector_26
                0x0000061c                __vector_14
                0x0000061c                __vector_10
                0x0000061c                __vector_16
                0x0000061c                __vector_20
                0x00000620                . = ALIGN (0x2)
 *(.text.*)
 .text.read8    0x00000620       0x44 BME280/bme280.o
                0x00000620                read8
 .text.read16   0x00000664       0x50 BME280/bme280.o
                0x00000664                read16
 .text.read16_LE
                0x000006b4        0xc BME280/bme280.o
                0x000006b4                read16_LE
 .text.read24   0x000006c0       0x82 BME280/bme280.o
                0x000006c0                read24
 .text.bme280_readCoefficients
                0x00000742      0x104 BME280/bme280.o
                0x00000742                bme280_readCoefficients
 .text.init_BME280
                0x00000846       0x48 BME280/bme280.o
                0x00000846                init_BME280
 .text.bme280_readTemperature
                0x0000088e      0x12e BME280/bme280.o
                0x0000088e                bme280_readTemperature
 .text.bme280_readHumidity
                0x000009bc      0x208 BME280/bme280.o
                0x000009bc                bme280_readHumidity
 .text.crc8     0x00000bc4       0x38 DS18B20/crc8.o
                0x00000bc4                crc8
 .text.DS18X20_meas_to_cel
                0x00000bfc       0x96 DS18B20/ds18x20.o
                0x00000bfc                DS18X20_meas_to_cel
 .text.DS18X20_find_sensor
                0x00000c92       0x32 DS18B20/ds18x20.o
                0x00000c92                DS18X20_find_sensor
 .text.DS18X20_start_meas
                0x00000cc4       0x38 DS18B20/ds18x20.o
                0x00000cc4                DS18X20_start_meas
 .text.DS18X20_read_meas
                0x00000cfc       0xba DS18B20/ds18x20.o
                0x00000cfc                DS18X20_read_meas
 .text.ow_input_pin_state
                0x00000db6       0x12 DS18B20/onewire.o
                0x00000db6                ow_input_pin_state
 .text.ow_parasite_enable
                0x00000dc8       0x26 DS18B20/onewire.o
                0x00000dc8                ow_parasite_enable
 .text.ow_reset
                0x00000dee       0x92 DS18B20/onewire.o
                0x00000dee                ow_reset
 .text.ow_set_bus
                0x00000e80       0x2c DS18B20/onewire.o
                0x00000e80                ow_set_bus
 .text.ow_bit_io
                0x00000eac       0x80 DS18B20/onewire.o
                0x00000eac                ow_bit_io
 .text.ow_byte_wr
                0x00000f2c       0x22 DS18B20/onewire.o
                0x00000f2c                ow_byte_wr
 .text.ow_byte_rd
                0x00000f4e        0x8 DS18B20/onewire.o
                0x00000f4e                ow_byte_rd
 .text.ow_rom_search
                0x00000f56       0xb4 DS18B20/onewire.o
                0x00000f56                ow_rom_search
 .text.ow_command
                0x0000100a       0x48 DS18B20/onewire.o
                0x0000100a                ow_command
 .text.i2c_init
                0x00001052        0x8 I2C/i2c_master.o
                0x00001052                i2c_init
 .text.i2c_start
                0x0000105a       0x4a I2C/i2c_master.o
                0x0000105a                i2c_start
 .text.i2c_write
                0x000010a4       0x24 I2C/i2c_master.o
                0x000010a4                i2c_write
 .text.i2c_read_ack
                0x000010c8       0x16 I2C/i2c_master.o
                0x000010c8                i2c_read_ack
 .text.i2c_read_nack
                0x000010de       0x16 I2C/i2c_master.o
                0x000010de                i2c_read_nack
 .text.i2c_stop
                0x000010f4        0x8 I2C/i2c_master.o
                0x000010f4                i2c_stop
 .text.toggle_e
                0x000010fc        0xa LCD/lcd.o
 .text.lcd_write
                0x00001106       0x5e LCD/lcd.o
 .text.lcd_read
                0x00001164       0x50 LCD/lcd.o
 .text.lcd_waitbusy
                0x000011b4       0x1a LCD/lcd.o
 .text.lcd_command
                0x000011ce       0x14 LCD/lcd.o
                0x000011ce                lcd_command
 .text.lcd_data
                0x000011e2       0x14 LCD/lcd.o
                0x000011e2                lcd_data
 .text.lcd_gotoxy
                0x000011f6       0x2c LCD/lcd.o
                0x000011f6                lcd_gotoxy
 .text.lcd_clrscr
                0x00001222        0x8 LCD/lcd.o
                0x00001222                lcd_clrscr
 .text.lcd_putc
                0x0000122a       0x40 LCD/lcd.o
                0x0000122a                lcd_putc
 .text.lcd_puts_p
                0x0000126a       0x24 LCD/lcd.o
                0x0000126a                lcd_puts_p
 .text.lcd_init
                0x0000128e       0x74 LCD/lcd.o
                0x0000128e                lcd_init
 .text.lcd_defc
                0x00001302       0x30 LCD/lcd.o
                0x00001302                lcd_defc
 .text.lcd_putbit
                0x00001332       0x22 LCD/lcd.o
                0x00001332                lcd_putbit
 .text.lcd_putc_hu
                0x00001354       0x40 LCD/lcd.o
                0x00001354                lcd_putc_hu
 .text.lcd_puts
                0x00001394       0x20 LCD/lcd.o
                0x00001394                lcd_puts
 .text.lcd_puti
                0x000013b4       0x44 LCD/lcd.o
                0x000013b4                lcd_puti
 .text.lcd_puts_hu
                0x000013f8       0x24 LCD/lcd.o
                0x000013f8                lcd_puts_hu
 .text.__vector_21
                0x0000141c       0x3e main.o
                0x0000141c                __vector_21
 .text.__vector_12
                0x0000145a       0x26 main.o
                0x0000145a                __vector_12
 .text.SensorRead
                0x00001480      0x3fc main.o
                0x00001480                SensorRead
 .text.search_sensors
                0x0000187c       0xca main.o
                0x0000187c                search_sensors
 .text.SwitchRelays
                0x00001946       0x14 main.o
                0x00001946                SwitchRelays
 .text.CheckConditions
                0x0000195a      0x26a main.o
                0x0000195a                CheckConditions
 .text.read_from_eeprom
                0x00001bc4       0xc6 main.o
                0x00001bc4                read_from_eeprom
 .text.main     0x00001c8a      0x1d2 main.o
                0x00001c8a                main
 .text.renderMenu
                0x00001e5c       0xd6 MENU/menu.o
 .text.menuReset
                0x00001f32       0x1e MENU/menu.o
                0x00001f32                menuReset
 .text.menuInit
                0x00001f50        0xa MENU/menu.o
                0x00001f50                menuInit
 .text.menuPollButtons
                0x00001f5a      0x2f6 MENU/menu.o
                0x00001f5a                menuPollButtons
 .text.BME280Temp_CallbackRender
                0x00002250       0x1e MENU/menu_items.o
                0x00002250                BME280Temp_CallbackRender
 .text.BME280Temp_Callback
                0x0000226e       0x16 MENU/menu_items.o
                0x0000226e                BME280Temp_Callback
 .text.BME280Humidity_CallbackRender
                0x00002284       0x1e MENU/menu_items.o
                0x00002284                BME280Humidity_CallbackRender
 .text.BME280Humidity_Callback
                0x000022a2       0x16 MENU/menu_items.o
                0x000022a2                BME280Humidity_Callback
 .text.SwitchOnOutdoorTempMin_CallbackRender
                0x000022b8       0x4e MENU/menu_items.o
                0x000022b8                SwitchOnOutdoorTempMin_CallbackRender
 .text.DHWTempDesired_CallbackRender
                0x00002306       0x48 MENU/menu_items.o
                0x00002306                DHWTempDesired_CallbackRender
 .text.DHWTempMin_CallbackRender
                0x0000234e       0x48 MENU/menu_items.o
                0x0000234e                DHWTempMin_CallbackRender
 .text.DHWSensor_CallbackRender
                0x00002396       0x48 MENU/menu_items.o
                0x00002396                DHWSensor_CallbackRender
 .text.DHWMinTime_CallbackRender
                0x000023de       0x4e MENU/menu_items.o
                0x000023de                DHWMinTime_CallbackRender
 .text.DHWMaxTime_CallbackRender
                0x0000242c       0x4e MENU/menu_items.o
                0x0000242c                DHWMaxTime_CallbackRender
 .text.ForwardHeatTemp_CallbackRender
                0x0000247a       0x48 MENU/menu_items.o
                0x0000247a                ForwardHeatTemp_CallbackRender
 .text.BufferSensor_CallbackRender
                0x000024c2       0x48 MENU/menu_items.o
                0x000024c2                BufferSensor_CallbackRender
 .text.GarageTempMin_CallbackRender
                0x0000250a       0x48 MENU/menu_items.o
                0x0000250a                GarageTempMin_CallbackRender
 .text.GarageTempDesired_CallbackRender
                0x00002552       0x54 MENU/menu_items.o
                0x00002552                GarageTempDesired_CallbackRender
 .text.GarageSensor_CallbackRender
                0x000025a6       0x48 MENU/menu_items.o
                0x000025a6                GarageSensor_CallbackRender
 .text.DebugMode_CallbackRender
                0x000025ee       0x48 MENU/menu_items.o
                0x000025ee                DebugMode_CallbackRender
 .text.MenuTimer_CallbackRender
                0x00002636       0x40 MENU/menu_items.o
                0x00002636                MenuTimer_CallbackRender
 .text.LCDBackLight_CallbackRender
                0x00002676       0x48 MENU/menu_items.o
                0x00002676                LCDBackLight_CallbackRender
 .text.PumpPlusTime_CallbackRender
                0x000026be       0x4a MENU/menu_items.o
                0x000026be                PumpPlusTime_CallbackRender
 .text.ClockHour_CallbackRender
                0x00002708       0x46 MENU/menu_items.o
                0x00002708                ClockHour_CallbackRender
 .text.ClockHour_ActionCallback
                0x0000274e       0x48 MENU/menu_items.o
                0x0000274e                ClockHour_ActionCallback
 .text.SwitchOnOutdoorTempMin_ActionCallback
                0x00002796       0x8a MENU/menu_items.o
                0x00002796                SwitchOnOutdoorTempMin_ActionCallback
 .text.DHWMinTime_ActionCallback
                0x00002820       0x86 MENU/menu_items.o
                0x00002820                DHWMinTime_ActionCallback
 .text.DHWMaxTime_ActionCallback
                0x000028a6       0x86 MENU/menu_items.o
                0x000028a6                DHWMaxTime_ActionCallback
 .text.PumpPlusTime_ActionCallback
                0x0000292c       0x5e MENU/menu_items.o
                0x0000292c                PumpPlusTime_ActionCallback
 .text.DHWTempActual_CallbackRender
                0x0000298a       0x36 MENU/menu_items.o
                0x0000298a                DHWTempActual_CallbackRender
 .text.DHWTempActual_Callback
                0x000029c0       0x16 MENU/menu_items.o
                0x000029c0                DHWTempActual_Callback
 .text.BufferTempActual_CallbackRender
                0x000029d6       0x36 MENU/menu_items.o
                0x000029d6                BufferTempActual_CallbackRender
 .text.BufferTempActual_Callback
                0x00002a0c       0x16 MENU/menu_items.o
                0x00002a0c                BufferTempActual_Callback
 .text.GarageTempActual_CallbackRender
                0x00002a22       0x36 MENU/menu_items.o
                0x00002a22                GarageTempActual_CallbackRender
 .text.GarageTempActual_Callback
                0x00002a58       0x16 MENU/menu_items.o
                0x00002a58                GarageTempActual_Callback
 .text.DHWRelay_CallbackRender
                0x00002a6e       0x30 MENU/menu_items.o
                0x00002a6e                DHWRelay_CallbackRender
 .text.ZoneValve1_CallbackRender
                0x00002a9e       0x30 MENU/menu_items.o
                0x00002a9e                ZoneValve1_CallbackRender
 .text.ZoneValve2_CallbackRender
                0x00002ace       0x30 MENU/menu_items.o
                0x00002ace                ZoneValve2_CallbackRender
 .text.BufferValve_CallbackRender
                0x00002afe       0x30 MENU/menu_items.o
                0x00002afe                BufferValve_CallbackRender
 .text.BufferPump_CallbackRender
                0x00002b2e       0x30 MENU/menu_items.o
                0x00002b2e                BufferPump_CallbackRender
 .text.GasRelay_CallbackRender
                0x00002b5e       0x30 MENU/menu_items.o
                0x00002b5e                GasRelay_CallbackRender
 .text.ClockMinute_CallbackRender
                0x00002b8e       0x46 MENU/menu_items.o
                0x00002b8e                ClockMinute_CallbackRender
 .text.ClockMinute_ActionCallback
                0x00002bd4       0x48 MENU/menu_items.o
                0x00002bd4                ClockMinute_ActionCallback
 .text.DHWTempDesired_ActionCallback
                0x00002c1c       0x56 MENU/menu_items.o
                0x00002c1c                DHWTempDesired_ActionCallback
 .text.DHWTempMin_ActionCallback
                0x00002c72       0x56 MENU/menu_items.o
                0x00002c72                DHWTempMin_ActionCallback
 .text.DHWSensor_ActionCallback
                0x00002cc8       0x64 MENU/menu_items.o
                0x00002cc8                DHWSensor_ActionCallback
 .text.ForwardHeatTemp_ActionCallback
                0x00002d2c       0x52 MENU/menu_items.o
                0x00002d2c                ForwardHeatTemp_ActionCallback
 .text.BufferSensor_ActionCallback
                0x00002d7e       0x64 MENU/menu_items.o
                0x00002d7e                BufferSensor_ActionCallback
 .text.GarageTempMin_ActionCallback
                0x00002de2       0x56 MENU/menu_items.o
                0x00002de2                GarageTempMin_ActionCallback
 .text.GarageTempDesired_ActionCallback
                0x00002e38       0x56 MENU/menu_items.o
                0x00002e38                GarageTempDesired_ActionCallback
 .text.GarageSensor_ActionCallback
                0x00002e8e       0x64 MENU/menu_items.o
                0x00002e8e                GarageSensor_ActionCallback
 .text.DebugMode_ActionCallback
                0x00002ef2       0x4a MENU/menu_items.o
                0x00002ef2                DebugMode_ActionCallback
 .text.MenuTimer_ActionCallback
                0x00002f3c       0x4a MENU/menu_items.o
                0x00002f3c                MenuTimer_ActionCallback
 .text.LCDBackLight_ActionCallback
                0x00002f86       0x5c MENU/menu_items.o
                0x00002f86                LCDBackLight_ActionCallback
 .text.DHWRelay_ActionCallback
                0x00002fe2       0x3c MENU/menu_items.o
                0x00002fe2                DHWRelay_ActionCallback
 .text.ZoneValve1_ActionCallback
                0x0000301e       0x32 MENU/menu_items.o
                0x0000301e                ZoneValve1_ActionCallback
 .text.ZoneValve2_ActionCallback
                0x00003050       0x32 MENU/menu_items.o
                0x00003050                ZoneValve2_ActionCallback
 .text.BufferValve_ActionCallback
                0x00003082       0x32 MENU/menu_items.o
                0x00003082                BufferValve_ActionCallback
 .text.BufferPump_ActionCallback
                0x000030b4       0x32 MENU/menu_items.o
                0x000030b4                BufferPump_ActionCallback
 .text.GasRelay_ActionCallback
                0x000030e6       0x30 MENU/menu_items.o
                0x000030e6                GasRelay_ActionCallback
 .text.menuItemsGetHomeMenu
                0x00003116        0x6 MENU/menu_items.o
                0x00003116                menuItemsGetHomeMenu
 .text.menuItemsGetHomeMenuSize
                0x0000311c        0x4 MENU/menu_items.o
                0x0000311c                menuItemsGetHomeMenuSize
 .text.menuPortsioInit
                0x00003120        0xe MENU/menu_portsio.o
                0x00003120                menuPortsioInit
 .text.SPIInit  0x0000312e       0x1e SPI/spi.o
                0x0000312e                SPIInit
 .text.SPIClose
                0x0000314c        0xa SPI/spi.o
                0x0000314c                SPIClose
 .text.SPIWrite
                0x00003156       0x2c SPI/spi.o
                0x00003156                SPIWrite
 .text.__vector_18
                0x00003182       0x58 UART/UART.o
                0x00003182                __vector_18
 .text.__vector_19
                0x000031da       0x4a UART/UART.o
                0x000031da                __vector_19
 .text.uart_init
                0x00003224       0x2c UART/UART.o
                0x00003224                uart_init
 .text.uart_putc
                0x00003250       0x22 UART/UART.o
                0x00003250                uart_putc
 .text.uart_puts
                0x00003272       0x1e UART/UART.o
                0x00003272                uart_puts
 .text.uart_puts_p
                0x00003290       0x24 UART/UART.o
                0x00003290                uart_puts_p
 .text.__vector_30
                0x000032b4       0x5c UART/UART.o
                0x000032b4                __vector_30
 .text.__vector_31
                0x00003310       0x54 UART/UART.o
                0x00003310                __vector_31
 .text.uart_puti
                0x00003364       0x36 UART/UART.o
                0x00003364                uart_puti
 .text.ftoa     0x0000339a      0x112 Utils/ftoa.o
                0x0000339a                ftoa
 .text.avr-libc.fplib
                0x000034ac        0xe c:/program files (x86)/atmel/studio/7.0/toolchain/avr8/avr8-gnu-toolchain/bin/../lib/gcc/avr/5.4.0/../../../../avr/lib/avr5\libm.a(addsf3.o)
                0x000034ac                __subsf3
                0x000034ae                __addsf3
 .text.avr-libc.fplib
                0x000034ba       0xcc c:/program files (x86)/atmel/studio/7.0/toolchain/avr8/avr8-gnu-toolchain/bin/../lib/gcc/avr/5.4.0/../../../../avr/lib/avr5\libm.a(addsf3x.o)
                0x000034dc                __addsf3x
 .text.avr-libc.fplib
                0x00003586        0x8 c:/program files (x86)/atmel/studio/7.0/toolchain/avr8/avr8-gnu-toolchain/bin/../lib/gcc/avr/5.4.0/../../../../avr/lib/avr5\libm.a(divsf3.o)
                0x00003586                __divsf3
 .text.avr-libc.fplib
                0x0000358e       0xdc c:/program files (x86)/atmel/studio/7.0/toolchain/avr8/avr8-gnu-toolchain/bin/../lib/gcc/avr/5.4.0/../../../../avr/lib/avr5\libm.a(divsf3x.o)
                0x000035ae                __divsf3x
                0x000035b4                __divsf3_pse
 .text.avr-libc.fplib
                0x0000366a        0xe c:/program files (x86)/atmel/studio/7.0/toolchain/avr8/avr8-gnu-toolchain/bin/../lib/gcc/avr/5.4.0/../../../../avr/lib/avr5\libm.a(fixsfsi.o)
                0x0000366a                __fixsfsi
 .text.avr-libc.fplib
                0x00003678       0x5e c:/program files (x86)/atmel/studio/7.0/toolchain/avr8/avr8-gnu-toolchain/bin/../lib/gcc/avr/5.4.0/../../../../avr/lib/avr5\libm.a(fixunssfsi.o)
                0x00003678                __fixunssfsi
 .text.avr-libc.fplib
                0x000036d6       0x7a c:/program files (x86)/atmel/studio/7.0/toolchain/avr8/avr8-gnu-toolchain/bin/../lib/gcc/avr/5.4.0/../../../../avr/lib/avr5\libm.a(floatsisf.o)
                0x000036d6                __floatunsisf
                0x000036da                __floatsisf
 .text.avr-libc.fplib
                0x00003750        0xc c:/program files (x86)/atmel/studio/7.0/toolchain/avr8/avr8-gnu-toolchain/bin/../lib/gcc/avr/5.4.0/../../../../avr/lib/avr5\libm.a(fp_inf.o)
                0x00003750                __fp_inf
 .text.avr-libc.fplib
                0x0000375c        0x6 c:/program files (x86)/atmel/studio/7.0/toolchain/avr8/avr8-gnu-toolchain/bin/../lib/gcc/avr/5.4.0/../../../../avr/lib/avr5\libm.a(fp_nan.o)
                0x0000375c                __fp_nan
 .text.avr-libc.fplib
                0x00003762        0xe c:/program files (x86)/atmel/studio/7.0/toolchain/avr8/avr8-gnu-toolchain/bin/../lib/gcc/avr/5.4.0/../../../../avr/lib/avr5\libm.a(fp_pscA.o)
                0x00003762                __fp_pscA
 .text.avr-libc.fplib
                0x00003770        0xe c:/program files (x86)/atmel/studio/7.0/toolchain/avr8/avr8-gnu-toolchain/bin/../lib/gcc/avr/5.4.0/../../../../avr/lib/avr5\libm.a(fp_pscB.o)
                0x00003770                __fp_pscB
 .text.avr-libc.fplib
                0x0000377e       0x22 c:/program files (x86)/atmel/studio/7.0/toolchain/avr8/avr8-gnu-toolchain/bin/../lib/gcc/avr/5.4.0/../../../../avr/lib/avr5\libm.a(fp_round.o)
                0x0000377e                __fp_round
 .text.avr-libc.fplib
                0x000037a0       0x44 c:/program files (x86)/atmel/studio/7.0/toolchain/avr8/avr8-gnu-toolchain/bin/../lib/gcc/avr/5.4.0/../../../../avr/lib/avr5\libm.a(fp_split3.o)
                0x000037a0                __fp_split3
                0x000037b0                __fp_splitA
 .text.avr-libc.fplib
                0x000037e4        0xe c:/program files (x86)/atmel/studio/7.0/toolchain/avr8/avr8-gnu-toolchain/bin/../lib/gcc/avr/5.4.0/../../../../avr/lib/avr5\libm.a(fp_zero.o)
                0x000037e4                __fp_zero
                0x000037e6                __fp_szero
 .text.avr-libc.fplib
                0x000037f2        0x8 c:/program files (x86)/atmel/studio/7.0/toolchain/avr8/avr8-gnu-toolchain/bin/../lib/gcc/avr/5.4.0/../../../../avr/lib/avr5\libm.a(mulsf3.o)
                0x000037f2                __mulsf3
 .text.avr-libc.fplib
                0x000037fa       0xd2 c:/program files (x86)/atmel/studio/7.0/toolchain/avr8/avr8-gnu-toolchain/bin/../lib/gcc/avr/5.4.0/../../../../avr/lib/avr5\libm.a(mulsf3x.o)
                0x00003818                __mulsf3x
                0x0000381e                __mulsf3_pse
 .text.libgcc.mul
                0x000038cc       0x20 c:/program files (x86)/atmel/studio/7.0/toolchain/avr8/avr8-gnu-toolchain/bin/../lib/gcc/avr/5.4.0/avr5\libgcc.a(_mulsi3.o)
                0x000038cc                __mulsi3
 .text.libgcc   0x000038ec        0xc c:/program files (x86)/atmel/studio/7.0/toolchain/avr8/avr8-gnu-toolchain/bin/../lib/gcc/avr/5.4.0/avr5\libgcc.a(_tablejump2.o)
                0x000038ec                __tablejump2__
 .text.libgcc.mul
                0x000038f8       0x16 c:/program files (x86)/atmel/studio/7.0/toolchain/avr8/avr8-gnu-toolchain/bin/../lib/gcc/avr/5.4.0/avr5\libgcc.a(_muluhisi3.o)
                0x000038f8                __muluhisi3
 .text.libgcc.mul
                0x0000390e       0x10 c:/program files (x86)/atmel/studio/7.0/toolchain/avr8/avr8-gnu-toolchain/bin/../lib/gcc/avr/5.4.0/avr5\libgcc.a(_mulshisi3.o)
                0x0000390e                __mulshisi3
                0x00003914                __mulohisi3
 .text.libgcc.mul
                0x0000391e       0x1e c:/program files (x86)/atmel/studio/7.0/toolchain/avr8/avr8-gnu-toolchain/bin/../lib/gcc/avr/5.4.0/avr5\libgcc.a(_umulhisi3.o)
                0x0000391e                __umulhisi3
 .text.avr-libc
                0x0000393c       0x16 c:/program files (x86)/atmel/studio/7.0/toolchain/avr8/avr8-gnu-toolchain/bin/../lib/gcc/avr/5.4.0/../../../../avr/lib/avr5\libc.a(itoa_ncheck.o)
                0x0000393c                __itoa_ncheck
 .text.avr-libc
                0x00003952       0x34 c:/program files (x86)/atmel/studio/7.0/toolchain/avr8/avr8-gnu-toolchain/bin/../lib/gcc/avr/5.4.0/../../../../avr/lib/avr5\libc.a(utoa_ncheck.o)
                0x00003952                __utoa_ncheck
                0x00003954                __utoa_common
 .text.avr-libc
                0x00003986       0x20 c:/program files (x86)/atmel/studio/7.0/toolchain/avr8/avr8-gnu-toolchain/bin/../lib/gcc/avr/5.4.0/../../../../avr/lib/avr5\libc.a(strrev.o)
                0x00003986                strrev
 .text.avr-libc
                0x000039a6       0x10 C:/Program Files (x86)/Atmel/Studio/7.0/Packs/atmel/ATmega_DFP/1.2.209/gcc/dev/atmega64a/avr5\libatmega64a.a(eerd_byte.o)
                0x000039a6                eeprom_read_byte
 .text.avr-libc
                0x000039b6        0xc C:/Program Files (x86)/Atmel/Studio/7.0/Packs/atmel/ATmega_DFP/1.2.209/gcc/dev/atmega64a/avr5\libatmega64a.a(eerd_word.o)
                0x000039b6                eeprom_read_word
 .text.avr-libc
                0x000039c2       0x22 C:/Program Files (x86)/Atmel/Studio/7.0/Packs/atmel/ATmega_DFP/1.2.209/gcc/dev/atmega64a/avr5\libatmega64a.a(eeupd_byte.o)
                0x000039c2                eeprom_update_byte
                0x000039c4                eeprom_update_r18
 .text.avr-libc
                0x000039e4        0xc C:/Program Files (x86)/Atmel/Studio/7.0/Packs/atmel/ATmega_DFP/1.2.209/gcc/dev/atmega64a/avr5\libatmega64a.a(eeupd_word.o)
                0x000039e4                eeprom_update_word
 .text.avr-libc
                0x000039f0       0x20 C:/Program Files (x86)/Atmel/Studio/7.0/Packs/atmel/ATmega_DFP/1.2.209/gcc/dev/atmega64a/avr5\libatmega64a.a(eerd_block.o)
                0x000039f0                eeprom_read_block
                0x000039f4                eeprom_read_blraw
                0x00003a10                . = ALIGN (0x2)
 *(.fini9)
 .fini9         0x00003a10        0x0 c:/program files (x86)/atmel/studio/7.0/toolchain/avr8/avr8-gnu-toolchain/bin/../lib/gcc/avr/5.4.0/avr5\libgcc.a(_exit.o)
                0x00003a10                _exit
                0x00003a10                exit
 *(.fini9)
 *(.fini8)
 *(.fini8)
 *(.fini7)
 *(.fini7)
 *(.fini6)
 *(.fini6)
 *(.fini5)
 *(.fini5)
 *(.fini4)
 *(.fini4)
 *(.fini3)
 *(.fini3)
 *(.fini2)
 *(.fini2)
 *(.fini1)
 *(.fini1)
 *(.fini0)
 .fini0         0x00003a10        0x4 c:/program files (x86)/atmel/studio/7.0/toolchain/avr8/avr8-gnu-toolchain/bin/../lib/gcc/avr/5.4.0/avr5\libgcc.a(_exit.o)
 *(.fini0)
                0x00003a14                _etext = .

.data           0x00800100      0x36a load address 0x00003a14
                0x00800100                PROVIDE (__data_start, .)
 *(.data)
 *(.data*)
 .data.display.2858
                0x00800100        0x1 main.o
 .data.GarageSensorID
                0x00800101        0x1 main.o
                0x00800101                GarageSensorID
 .data.BufferSensorID
                0x00800102        0x1 main.o
                0x00800102                BufferSensorID
 .data.ForwardHeatTemp
                0x00800103        0x1 main.o
                0x00800103                ForwardHeatTemp
 .data.PumpPlusTime
                0x00800104        0x2 main.o
                0x00800104                PumpPlusTime
 .data.MenuTimer
                0x00800106        0x1 main.o
                0x00800106                MenuTimer
 .data.menu_buttons
                0x00800107       0x14 MENU/menu.o
 .data.current_state
                0x0080011b        0x2 MENU/menu.o
 .data.menu_states
                0x0080011d       0x23 MENU/menu.o
 .data.home_items
                0x00800140       0x36 MENU/menu_items.o
 .data.SYSPARAM_submenu
                0x00800176       0x2d MENU/menu_items.o
 .data.CLOCK_submenu
                0x008001a3       0x12 MENU/menu_items.o
 .data.RELAYS_submenu
                0x008001b5       0x36 MENU/menu_items.o
 .data.GARAGE_submenu
                0x008001eb       0x24 MENU/menu_items.o
 .data.BUFFER_submenu
                0x0080020f       0x1b MENU/menu_items.o
 .data.DHW_submenu
                0x0080022a       0x2d MENU/menu_items.o
 .data.DHWHOURS_submenu
                0x00800257       0x12 MENU/menu_items.o
 .data.BME280_submenu
                0x00800269       0x1b MENU/menu_items.o
 *(.gnu.linkonce.d*)
 *(.rodata)
 .rodata        0x00800284       0x24 Utils/ftoa.o
 *(.rodata*)
 .rodata.str1.1
                0x008002a8      0x1c1 MENU/menu_items.o
 *(.gnu.linkonce.r*)
                0x0080046a                . = ALIGN (0x2)
 *fill*         0x00800469        0x1 
                0x0080046a                _edata = .
                0x0080046a                PROVIDE (__data_end, .)

.bss            0x0080046a      0x127
                0x0080046a                PROVIDE (__bss_start, .)
 *(.bss)
 *(.bss*)
 .bss.pumpplustime.2920
                0x0080046a        0x2 main.o
 .bss.timerstate.2859
                0x0080046c        0x1 main.o
 .bss.Seconds   0x0080046d        0x1 main.o
                0x0080046d                Seconds
 .bss.Minute    0x0080046e        0x1 main.o
                0x0080046e                Minute
 .bss.Hour      0x0080046f        0x1 main.o
                0x0080046f                Hour
 .bss.DHWSensorID
                0x00800470        0x1 main.o
                0x00800470                DHWSensorID
 .bss.Relays    0x00800471        0x1 main.o
                0x00800471                Relays
 .bss.LCDBackLight
                0x00800472        0x1 main.o
                0x00800472                LCDBackLight
 .bss.DebugMode
                0x00800473        0x1 main.o
                0x00800473                DebugMode
 .bss.TimerElapsed
                0x00800474        0x1 main.o
                0x00800474                TimerElapsed
 .bss.UART1_LastRxError
                0x00800475        0x1 UART/UART.o
 .bss.UART1_RxTail
                0x00800476        0x1 UART/UART.o
 .bss.UART1_RxHead
                0x00800477        0x1 UART/UART.o
 .bss.UART1_TxTail
                0x00800478        0x1 UART/UART.o
 .bss.UART1_TxHead
                0x00800479        0x1 UART/UART.o
 .bss.UART1_RxBuf
                0x0080047a       0x20 UART/UART.o
 .bss.UART1_TxBuf
                0x0080049a       0x20 UART/UART.o
 .bss.UART_LastRxError
                0x008004ba        0x1 UART/UART.o
 .bss.UART_RxTail
                0x008004bb        0x1 UART/UART.o
 .bss.UART_RxHead
                0x008004bc        0x1 UART/UART.o
 .bss.UART_TxTail
                0x008004bd        0x1 UART/UART.o
 .bss.UART_TxHead
                0x008004be        0x1 UART/UART.o
 .bss.UART_RxBuf
                0x008004bf       0x20 UART/UART.o
 .bss.UART_TxBuf
                0x008004df       0x20 UART/UART.o
 *(COMMON)
 COMMON         0x008004ff       0x25 BME280/bme280.o
                0x008004ff                _bme280_calib
                0x00800520                t_fine
 COMMON         0x00800524        0x7 DS18B20/onewire.o
                0x00800524                OW_OUT
                0x00800526                OW_PIN_MASK
                0x00800527                OW_IN
                0x00800529                OW_DDR
 COMMON         0x0080052b       0x66 main.o
                0x0080052b                GarageTempDesired
                0x0080052c                BME280Temp
                0x00800530                BME280Humid
                0x00800534                SwitchOnOutdoorTempMin
                0x00800536                GarageTempActualFracBuf
                0x00800539                nSensors
                0x0080053a                DHWTempMin
                0x0080053b                DHWTempActualBuf
                0x0080053e                DHWTempDesired
                0x0080053f                GarageTempActual
                0x00800540                GarageTempMin
                0x00800541                DHWTempActual
                0x00800542                BufferTempActualBuf
                0x00800545                DHWMinTime
                0x00800547                BME280TempBuf
                0x0080054d                BufferTempActualFracBuf
                0x00800550                DHWMaxTime
                0x00800552                DHWTempActualFracBuf
                0x00800555                BME280HumidBuf
                0x0080055b                gSensorIDs
                0x0080058b                BME280TempUint
                0x0080058d                BufferTempActual
                0x0080058e                GarageTempActualBuf
                0x00800591                PROVIDE (__bss_end, .)
                0x00003a14                __data_load_start = LOADADDR (.data)
                0x00003d7e                __data_load_end = (__data_load_start + SIZEOF (.data))

.noinit         0x00800591        0x0
                [!provide]                PROVIDE (__noinit_start, .)
 *(.noinit*)
                [!provide]                PROVIDE (__noinit_end, .)
                0x00800591                _end = .
                [!provide]                PROVIDE (__heap_start, .)

.eeprom         0x00810000       0x13
 *(.eeprom*)
 .eeprom        0x00810000       0x13 main.o
                0x00810000                eeGarageSensorID
                0x00810001                eeBufferSensorID
                0x00810002                eeDHWSensorID
                0x00810003                eeSwitchOnOutdoorTempMin
                0x00810005                eeGarageTempMin
                0x00810006                eeGarageTempDesired
                0x00810007                eeForwardHeatTemp
                0x00810008                eeDHWMaxTime
                0x0081000a                eeDHWMinTime
                0x0081000c                eeDHWTempMin
                0x0081000d                eeDHWTempDesired
                0x0081000e                eePumpPlusTime
                0x00810010                eeLCDBackLight
                0x00810011                eeMenuTimer
                0x00810012                eeDebugMode
                0x00810013                __eeprom_end = .

.fuse
 *(.fuse)
 *(.lfuse)
 *(.hfuse)
 *(.efuse)

.lock
 *(.lock*)

.signature
 *(.signature*)

.user_signatures
 *(.user_signatures*)

.stab
 *(.stab)

.stabstr
 *(.stabstr)

.stab.excl
 *(.stab.excl)

.stab.exclstr
 *(.stab.exclstr)

.stab.index
 *(.stab.index)

.stab.indexstr
 *(.stab.indexstr)

.comment        0x00000000       0x30
 *(.comment)
 .comment       0x00000000       0x30 BME280/bme280.o
                                 0x31 (size before relaxing)
 .comment       0x00000030       0x31 DS18B20/crc8.o
 .comment       0x00000030       0x31 DS18B20/ds18x20.o
 .comment       0x00000030       0x31 DS18B20/onewire.o
 .comment       0x00000030       0x31 I2C/i2c_master.o
 .comment       0x00000030       0x31 LCD/lcd.o
 .comment       0x00000030       0x31 main.o
 .comment       0x00000030       0x31 MENU/menu.o
 .comment       0x00000030       0x31 MENU/menu_items.o
 .comment       0x00000030       0x31 MENU/menu_portsio.o
 .comment       0x00000030       0x31 SPI/spi.o
 .comment       0x00000030       0x31 UART/UART.o
 .comment       0x00000030       0x31 Utils/ftoa.o

.note.gnu.avr.deviceinfo
                0x00000000       0x3c
 .note.gnu.avr.deviceinfo
                0x00000000       0x3c C:/Program Files (x86)/Atmel/Studio/7.0/Packs/atmel/ATmega_DFP/1.2.209/gcc/dev/atmega64a/avr5/crtatmega64a.o

.note.gnu.build-id
 *(.note.gnu.build-id)

.debug
 *(.debug)

.line
 *(.line)

.debug_srcinfo
 *(.debug_srcinfo)

.debug_sfnames
 *(.debug_sfnames)

.debug_aranges  0x00000000      0x6b8
 *(.debug_aranges)
 .debug_aranges
                0x00000000       0x78 BME280/bme280.o
 .debug_aranges
                0x00000078       0x20 DS18B20/crc8.o
 .debug_aranges
                0x00000098       0x60 DS18B20/ds18x20.o
 .debug_aranges
                0x000000f8       0x68 DS18B20/onewire.o
 .debug_aranges
                0x00000160       0x68 I2C/i2c_master.o
 .debug_aranges
                0x000001c8       0xc8 LCD/lcd.o
 .debug_aranges
                0x00000290       0x58 main.o
 .debug_aranges
                0x000002e8       0x38 MENU/menu.o
 .debug_aranges
                0x00000320      0x1e8 MENU/menu_items.o
 .debug_aranges
                0x00000508       0x20 MENU/menu_portsio.o
 .debug_aranges
                0x00000528       0x30 SPI/spi.o
 .debug_aranges
                0x00000558       0xa0 UART/UART.o
 .debug_aranges
                0x000005f8       0x20 Utils/ftoa.o
 .debug_aranges
                0x00000618       0x20 C:/Program Files (x86)/Atmel/Studio/7.0/Packs/atmel/ATmega_DFP/1.2.209/gcc/dev/atmega64a/avr5\libatmega64a.a(eerd_byte.o)
 .debug_aranges
                0x00000638       0x20 C:/Program Files (x86)/Atmel/Studio/7.0/Packs/atmel/ATmega_DFP/1.2.209/gcc/dev/atmega64a/avr5\libatmega64a.a(eerd_word.o)
 .debug_aranges
                0x00000658       0x20 C:/Program Files (x86)/Atmel/Studio/7.0/Packs/atmel/ATmega_DFP/1.2.209/gcc/dev/atmega64a/avr5\libatmega64a.a(eeupd_byte.o)
 .debug_aranges
                0x00000678       0x20 C:/Program Files (x86)/Atmel/Studio/7.0/Packs/atmel/ATmega_DFP/1.2.209/gcc/dev/atmega64a/avr5\libatmega64a.a(eeupd_word.o)
 .debug_aranges
                0x00000698       0x20 C:/Program Files (x86)/Atmel/Studio/7.0/Packs/atmel/ATmega_DFP/1.2.209/gcc/dev/atmega64a/avr5\libatmega64a.a(eerd_block.o)

.debug_pubnames
 *(.debug_pubnames)

.debug_info     0x00000000     0x7f48
 *(.debug_info .gnu.linkonce.wi.*)
 .debug_info    0x00000000      0x780 C:/Program Files (x86)/Atmel/Studio/7.0/Packs/atmel/ATmega_DFP/1.2.209/gcc/dev/atmega64a/avr5/crtatmega64a.o
 .debug_info    0x00000780      0xb20 BME280/bme280.o
 .debug_info    0x000012a0      0x106 DS18B20/crc8.o
 .debug_info    0x000013a6      0x60f DS18B20/ds18x20.o
 .debug_info    0x000019b5      0x499 DS18B20/onewire.o
 .debug_info    0x00001e4e      0x3fe I2C/i2c_master.o
 .debug_info    0x0000224c      0x9f7 LCD/lcd.o
 .debug_info    0x00002c43     0x181b main.o
 .debug_info    0x0000445e      0x77e MENU/menu.o
 .debug_info    0x00004bdc     0x251c MENU/menu_items.o
 .debug_info    0x000070f8       0x9a MENU/menu_portsio.o
 .debug_info    0x00007192       0xce SPI/spi.o
 .debug_info    0x00007260      0x753 UART/UART.o
 .debug_info    0x000079b3      0x23b Utils/ftoa.o
 .debug_info    0x00007bee       0xab C:/Program Files (x86)/Atmel/Studio/7.0/Packs/atmel/ATmega_DFP/1.2.209/gcc/dev/atmega64a/avr5\libatmega64a.a(eerd_byte.o)
 .debug_info    0x00007c99       0xab C:/Program Files (x86)/Atmel/Studio/7.0/Packs/atmel/ATmega_DFP/1.2.209/gcc/dev/atmega64a/avr5\libatmega64a.a(eerd_word.o)
 .debug_info    0x00007d44       0xac C:/Program Files (x86)/Atmel/Studio/7.0/Packs/atmel/ATmega_DFP/1.2.209/gcc/dev/atmega64a/avr5\libatmega64a.a(eeupd_byte.o)
 .debug_info    0x00007df0       0xac C:/Program Files (x86)/Atmel/Studio/7.0/Packs/atmel/ATmega_DFP/1.2.209/gcc/dev/atmega64a/avr5\libatmega64a.a(eeupd_word.o)
 .debug_info    0x00007e9c       0xac C:/Program Files (x86)/Atmel/Studio/7.0/Packs/atmel/ATmega_DFP/1.2.209/gcc/dev/atmega64a/avr5\libatmega64a.a(eerd_block.o)

.debug_abbrev   0x00000000     0x1dca
 *(.debug_abbrev)
 .debug_abbrev  0x00000000      0x718 C:/Program Files (x86)/Atmel/Studio/7.0/Packs/atmel/ATmega_DFP/1.2.209/gcc/dev/atmega64a/avr5/crtatmega64a.o
 .debug_abbrev  0x00000718      0x1fb BME280/bme280.o
 .debug_abbrev  0x00000913       0x8b DS18B20/crc8.o
 .debug_abbrev  0x0000099e      0x186 DS18B20/ds18x20.o
 .debug_abbrev  0x00000b24      0x1b9 DS18B20/onewire.o
 .debug_abbrev  0x00000cdd      0x14c I2C/i2c_master.o
 .debug_abbrev  0x00000e29      0x2c6 LCD/lcd.o
 .debug_abbrev  0x000010ef      0x2f5 main.o
 .debug_abbrev  0x000013e4      0x23f MENU/menu.o
 .debug_abbrev  0x00001623      0x2f6 MENU/menu_items.o
 .debug_abbrev  0x00001919       0x6b MENU/menu_portsio.o
 .debug_abbrev  0x00001984       0x87 SPI/spi.o
 .debug_abbrev  0x00001a0b      0x1e1 UART/UART.o
 .debug_abbrev  0x00001bec      0x17a Utils/ftoa.o
 .debug_abbrev  0x00001d66       0x14 C:/Program Files (x86)/Atmel/Studio/7.0/Packs/atmel/ATmega_DFP/1.2.209/gcc/dev/atmega64a/avr5\libatmega64a.a(eerd_byte.o)
 .debug_abbrev  0x00001d7a       0x14 C:/Program Files (x86)/Atmel/Studio/7.0/Packs/atmel/ATmega_DFP/1.2.209/gcc/dev/atmega64a/avr5\libatmega64a.a(eerd_word.o)
 .debug_abbrev  0x00001d8e       0x14 C:/Program Files (x86)/Atmel/Studio/7.0/Packs/atmel/ATmega_DFP/1.2.209/gcc/dev/atmega64a/avr5\libatmega64a.a(eeupd_byte.o)
 .debug_abbrev  0x00001da2       0x14 C:/Program Files (x86)/Atmel/Studio/7.0/Packs/atmel/ATmega_DFP/1.2.209/gcc/dev/atmega64a/avr5\libatmega64a.a(eeupd_word.o)
 .debug_abbrev  0x00001db6       0x14 C:/Program Files (x86)/Atmel/Studio/7.0/Packs/atmel/ATmega_DFP/1.2.209/gcc/dev/atmega64a/avr5\libatmega64a.a(eerd_block.o)

.debug_line     0x00000000     0x3d51
 *(.debug_line .debug_line.* .debug_line_end)
 .debug_line    0x00000000      0x169 C:/Program Files (x86)/Atmel/Studio/7.0/Packs/atmel/ATmega_DFP/1.2.209/gcc/dev/atmega64a/avr5/crtatmega64a.o
 .debug_line    0x00000169      0x463 BME280/bme280.o
 .debug_line    0x000005cc       0xf1 DS18B20/crc8.o
 .debug_line    0x000006bd      0x397 DS18B20/ds18x20.o
 .debug_line    0x00000a54      0x36e DS18B20/onewire.o
 .debug_line    0x00000dc2      0x318 I2C/i2c_master.o
 .debug_line    0x000010da      0x71d LCD/lcd.o
 .debug_line    0x000017f7      0x895 main.o
 .debug_line    0x0000208c      0x3b5 MENU/menu.o
 .debug_line    0x00002441      0xf78 MENU/menu_items.o
 .debug_line    0x000033b9       0xb2 MENU/menu_portsio.o
 .debug_line    0x0000346b      0x10c SPI/spi.o
 .debug_line    0x00003577      0x451 UART/UART.o
 .debug_line    0x000039c8       0xeb Utils/ftoa.o
 .debug_line    0x00003ab3       0x7a C:/Program Files (x86)/Atmel/Studio/7.0/Packs/atmel/ATmega_DFP/1.2.209/gcc/dev/atmega64a/avr5\libatmega64a.a(eerd_byte.o)
 .debug_line    0x00003b2d       0x67 C:/Program Files (x86)/Atmel/Studio/7.0/Packs/atmel/ATmega_DFP/1.2.209/gcc/dev/atmega64a/avr5\libatmega64a.a(eerd_word.o)
 .debug_line    0x00003b94       0xb0 C:/Program Files (x86)/Atmel/Studio/7.0/Packs/atmel/ATmega_DFP/1.2.209/gcc/dev/atmega64a/avr5\libatmega64a.a(eeupd_byte.o)
 .debug_line    0x00003c44       0x62 C:/Program Files (x86)/Atmel/Studio/7.0/Packs/atmel/ATmega_DFP/1.2.209/gcc/dev/atmega64a/avr5\libatmega64a.a(eeupd_word.o)
 .debug_line    0x00003ca6       0xab C:/Program Files (x86)/Atmel/Studio/7.0/Packs/atmel/ATmega_DFP/1.2.209/gcc/dev/atmega64a/avr5\libatmega64a.a(eerd_block.o)

.debug_frame    0x00000000     0x11a8
 *(.debug_frame)
 .debug_frame   0x00000000      0x1f8 BME280/bme280.o
 .debug_frame   0x000001f8       0x24 DS18B20/crc8.o
 .debug_frame   0x0000021c      0x194 DS18B20/ds18x20.o
 .debug_frame   0x000003b0      0x100 DS18B20/onewire.o
 .debug_frame   0x000004b0      0x15c I2C/i2c_master.o
 .debug_frame   0x0000060c      0x20c LCD/lcd.o
 .debug_frame   0x00000818       0xfc main.o
 .debug_frame   0x00000914       0xc0 MENU/menu.o
 .debug_frame   0x000009d4      0x4f4 MENU/menu_items.o
 .debug_frame   0x00000ec8       0x24 MENU/menu_portsio.o
 .debug_frame   0x00000eec       0x44 SPI/spi.o
 .debug_frame   0x00000f30      0x1f4 UART/UART.o
 .debug_frame   0x00001124       0x84 Utils/ftoa.o

.debug_str      0x00000000     0x1b1d
 *(.debug_str)
 .debug_str     0x00000000      0x27e C:/Program Files (x86)/Atmel/Studio/7.0/Packs/atmel/ATmega_DFP/1.2.209/gcc/dev/atmega64a/avr5/crtatmega64a.o
 .debug_str     0x0000027e      0x5ae BME280/bme280.o
                                0x5fe (size before relaxing)
 .debug_str     0x0000082c       0x5b DS18B20/crc8.o
                                0x1a4 (size before relaxing)
 .debug_str     0x00000887      0x19d DS18B20/ds18x20.o
                                0x2ff (size before relaxing)
 .debug_str     0x00000a24       0x7a DS18B20/onewire.o
                                0x22e (size before relaxing)
 .debug_str     0x00000a9e       0x6c I2C/i2c_master.o
                                0x1f4 (size before relaxing)
 .debug_str     0x00000b0a      0x18e LCD/lcd.o
                                0x2ea (size before relaxing)
 .debug_str     0x00000c98      0x3b7 main.o
                                0x7e7 (size before relaxing)
 .debug_str     0x0000104f      0x218 MENU/menu.o
                                0x43c (size before relaxing)
 .debug_str     0x00001267      0x6c5 MENU/menu_items.o
                                0xbee (size before relaxing)
 .debug_str     0x0000192c       0x33 MENU/menu_portsio.o
                                0x17e (size before relaxing)
 .debug_str     0x0000195f        0xd SPI/spi.o
                                0x16f (size before relaxing)
 .debug_str     0x0000196c      0x187 UART/UART.o
                                0x356 (size before relaxing)
 .debug_str     0x00001af3       0x2a Utils/ftoa.o
                                0x1a5 (size before relaxing)

.debug_loc      0x00000000     0x5e0a
 *(.debug_loc)
 .debug_loc     0x00000000      0x949 BME280/bme280.o
 .debug_loc     0x00000949      0x1c0 DS18B20/crc8.o
 .debug_loc     0x00000b09      0x83d DS18B20/ds18x20.o
 .debug_loc     0x00001346      0x4cc DS18B20/onewire.o
 .debug_loc     0x00001812      0x6b8 I2C/i2c_master.o
 .debug_loc     0x00001eca      0xa81 LCD/lcd.o
 .debug_loc     0x0000294b      0x48a main.o
 .debug_loc     0x00002dd5      0x3b1 MENU/menu.o
 .debug_loc     0x00003186     0x2121 MENU/menu_items.o
 .debug_loc     0x000052a7       0x21 SPI/spi.o
 .debug_loc     0x000052c8      0x770 UART/UART.o
 .debug_loc     0x00005a38      0x3d2 Utils/ftoa.o

.debug_macinfo
 *(.debug_macinfo)

.debug_weaknames
 *(.debug_weaknames)

.debug_funcnames
 *(.debug_funcnames)

.debug_typenames
 *(.debug_typenames)

.debug_varnames
 *(.debug_varnames)

.debug_pubtypes
 *(.debug_pubtypes)

.debug_ranges   0x00000000      0x660
 *(.debug_ranges)
 .debug_ranges  0x00000000       0x68 BME280/bme280.o
 .debug_ranges  0x00000068       0x10 DS18B20/crc8.o
 .debug_ranges  0x00000078       0x50 DS18B20/ds18x20.o
 .debug_ranges  0x000000c8       0x58 DS18B20/onewire.o
 .debug_ranges  0x00000120       0x88 I2C/i2c_master.o
 .debug_ranges  0x000001a8       0xe8 LCD/lcd.o
 .debug_ranges  0x00000290       0x48 main.o
 .debug_ranges  0x000002d8       0xb0 MENU/menu.o
 .debug_ranges  0x00000388      0x1d8 MENU/menu_items.o
 .debug_ranges  0x00000560       0x10 MENU/menu_portsio.o
 .debug_ranges  0x00000570       0x20 SPI/spi.o
 .debug_ranges  0x00000590       0xc0 UART/UART.o
 .debug_ranges  0x00000650       0x10 Utils/ftoa.o

.debug_macro
 *(.debug_macro)
OUTPUT(futes_vezerlo.elf elf32-avr)
LOAD linker stubs
