Archive member included to satisfy reference by file (symbol)

c:/program files (x86)/atmel/studio/7.0/toolchain/avr8/avr8-gnu-toolchain/bin/../lib/gcc/avr/5.4.0/../../../../avr/lib/avr5\libm.a(addsf3.o)
                              BME280/bme280.o (__subsf3)
c:/program files (x86)/atmel/studio/7.0/toolchain/avr8/avr8-gnu-toolchain/bin/../lib/gcc/avr/5.4.0/../../../../avr/lib/avr5\libm.a(addsf3x.o)
                              c:/program files (x86)/atmel/studio/7.0/toolchain/avr8/avr8-gnu-toolchain/bin/../lib/gcc/avr/5.4.0/../../../../avr/lib/avr5\libm.a(addsf3.o) (__addsf3x)
c:/program files (x86)/atmel/studio/7.0/toolchain/avr8/avr8-gnu-toolchain/bin/../lib/gcc/avr/5.4.0/../../../../avr/lib/avr5\libm.a(cmpsf2.o)
                              main.o (__ltsf2)
c:/program files (x86)/atmel/studio/7.0/toolchain/avr8/avr8-gnu-toolchain/bin/../lib/gcc/avr/5.4.0/../../../../avr/lib/avr5\libm.a(divsf3.o)
                              BME280/bme280.o (__divsf3)
c:/program files (x86)/atmel/studio/7.0/toolchain/avr8/avr8-gnu-toolchain/bin/../lib/gcc/avr/5.4.0/../../../../avr/lib/avr5\libm.a(divsf3x.o)
                              c:/program files (x86)/atmel/studio/7.0/toolchain/avr8/avr8-gnu-toolchain/bin/../lib/gcc/avr/5.4.0/../../../../avr/lib/avr5\libm.a(divsf3.o) (__divsf3x)
c:/program files (x86)/atmel/studio/7.0/toolchain/avr8/avr8-gnu-toolchain/bin/../lib/gcc/avr/5.4.0/../../../../avr/lib/avr5\libm.a(fixsfsi.o)
                              main.o (__fixsfsi)
c:/program files (x86)/atmel/studio/7.0/toolchain/avr8/avr8-gnu-toolchain/bin/../lib/gcc/avr/5.4.0/../../../../avr/lib/avr5\libm.a(fixunssfsi.o)
                              c:/program files (x86)/atmel/studio/7.0/toolchain/avr8/avr8-gnu-toolchain/bin/../lib/gcc/avr/5.4.0/../../../../avr/lib/avr5\libm.a(fixsfsi.o) (__fixunssfsi)
c:/program files (x86)/atmel/studio/7.0/toolchain/avr8/avr8-gnu-toolchain/bin/../lib/gcc/avr/5.4.0/../../../../avr/lib/avr5\libm.a(floatdisf.o)
                              BME280/bme280.o (__floatdisf)
c:/program files (x86)/atmel/studio/7.0/toolchain/avr8/avr8-gnu-toolchain/bin/../lib/gcc/avr/5.4.0/../../../../avr/lib/avr5\libm.a(floatsisf.o)
                              BME280/bme280.o (__floatunsisf)
c:/program files (x86)/atmel/studio/7.0/toolchain/avr8/avr8-gnu-toolchain/bin/../lib/gcc/avr/5.4.0/../../../../avr/lib/avr5\libm.a(floatundisf.o)
                              c:/program files (x86)/atmel/studio/7.0/toolchain/avr8/avr8-gnu-toolchain/bin/../lib/gcc/avr/5.4.0/../../../../avr/lib/avr5\libm.a(floatdisf.o) (__fp_di2sf)
c:/program files (x86)/atmel/studio/7.0/toolchain/avr8/avr8-gnu-toolchain/bin/../lib/gcc/avr/5.4.0/../../../../avr/lib/avr5\libm.a(fp_cmp.o)
                              c:/program files (x86)/atmel/studio/7.0/toolchain/avr8/avr8-gnu-toolchain/bin/../lib/gcc/avr/5.4.0/../../../../avr/lib/avr5\libm.a(cmpsf2.o) (__fp_cmp)
c:/program files (x86)/atmel/studio/7.0/toolchain/avr8/avr8-gnu-toolchain/bin/../lib/gcc/avr/5.4.0/../../../../avr/lib/avr5\libm.a(fp_inf.o)
                              c:/program files (x86)/atmel/studio/7.0/toolchain/avr8/avr8-gnu-toolchain/bin/../lib/gcc/avr/5.4.0/../../../../avr/lib/avr5\libm.a(addsf3x.o) (__fp_inf)
c:/program files (x86)/atmel/studio/7.0/toolchain/avr8/avr8-gnu-toolchain/bin/../lib/gcc/avr/5.4.0/../../../../avr/lib/avr5\libm.a(fp_nan.o)
                              c:/program files (x86)/atmel/studio/7.0/toolchain/avr8/avr8-gnu-toolchain/bin/../lib/gcc/avr/5.4.0/../../../../avr/lib/avr5\libm.a(addsf3x.o) (__fp_nan)
c:/program files (x86)/atmel/studio/7.0/toolchain/avr8/avr8-gnu-toolchain/bin/../lib/gcc/avr/5.4.0/../../../../avr/lib/avr5\libm.a(fp_negdi.o)
                              c:/program files (x86)/atmel/studio/7.0/toolchain/avr8/avr8-gnu-toolchain/bin/../lib/gcc/avr/5.4.0/../../../../avr/lib/avr5\libm.a(floatdisf.o) (__fp_negdi)
c:/program files (x86)/atmel/studio/7.0/toolchain/avr8/avr8-gnu-toolchain/bin/../lib/gcc/avr/5.4.0/../../../../avr/lib/avr5\libm.a(fp_pscA.o)
                              c:/program files (x86)/atmel/studio/7.0/toolchain/avr8/avr8-gnu-toolchain/bin/../lib/gcc/avr/5.4.0/../../../../avr/lib/avr5\libm.a(addsf3x.o) (__fp_pscA)
c:/program files (x86)/atmel/studio/7.0/toolchain/avr8/avr8-gnu-toolchain/bin/../lib/gcc/avr/5.4.0/../../../../avr/lib/avr5\libm.a(fp_pscB.o)
                              c:/program files (x86)/atmel/studio/7.0/toolchain/avr8/avr8-gnu-toolchain/bin/../lib/gcc/avr/5.4.0/../../../../avr/lib/avr5\libm.a(addsf3x.o) (__fp_pscB)
c:/program files (x86)/atmel/studio/7.0/toolchain/avr8/avr8-gnu-toolchain/bin/../lib/gcc/avr/5.4.0/../../../../avr/lib/avr5\libm.a(fp_round.o)
                              c:/program files (x86)/atmel/studio/7.0/toolchain/avr8/avr8-gnu-toolchain/bin/../lib/gcc/avr/5.4.0/../../../../avr/lib/avr5\libm.a(addsf3.o) (__fp_round)
c:/program files (x86)/atmel/studio/7.0/toolchain/avr8/avr8-gnu-toolchain/bin/../lib/gcc/avr/5.4.0/../../../../avr/lib/avr5\libm.a(fp_split3.o)
[...]
Memory Configuration

Name             Origin             Length             Attributes
text             0x00000000         0x00020000         xr
data             0x00800060         0x0000ffa0         rw !x
eeprom           0x00810000         0x00010000         rw !x
fuse             0x00820000         0x00000003         rw !x
lock             0x00830000         0x00000400         rw !x
signature        0x00840000         0x00000400         rw !x
user_signatures  0x00850000         0x00000400         rw !x
*default*        0x00000000         0xffffffff

Linker script and memory map

Address of section .data set to 0x800100
LOAD C:/Program Files (x86)/Atmel/Studio/7.0/Packs/atmel/ATmega_DFP/1.2.209/gcc/dev/atmega64a/avr5/crtatmega64a.o
LOAD BME280/bme280.o
LOAD DS18B20/crc8.o
LOAD DS18B20/delay.o
LOAD DS18B20/ds18x20.o
LOAD DS18B20/onewire.o
LOAD I2C/i2c_master.o
LOAD LCD/lcd.o
LOAD main.o
LOAD MAX31865/max31865.o
LOAD MENU/menu.o
LOAD MENU/menu_items.o
LOAD MENU/menu_portsio.o
LOAD SPI/spi.o
LOAD UART/UART.o
LOAD Utils/ftoa.o
START GROUP
LOAD c:/program files (x86)/atmel/studio/7.0/toolchain/avr8/avr8-gnu-toolchain/bin/../lib/gcc/avr/5.4.0/../../../../avr/lib/avr5\libm.a
END GROUP
START GROUP
LOAD c:/program files (x86)/atmel/studio/7.0/toolchain/avr8/avr8-gnu-toolchain/bin/../lib/gcc/avr/5.4.0/avr5\libgcc.a
LOAD c:/program files (x86)/atmel/studio/7.0/toolchain/avr8/avr8-gnu-toolchain/bin/../lib/gcc/avr/5.4.0/../../../../avr/lib/avr5\libm.a
LOAD c:/program files (x86)/atmel/studio/7.0/toolchain/avr8/avr8-gnu-toolchain/bin/../lib/gcc/avr/5.4.0/../../../../avr/lib/avr5\libc.a
LOAD C:/Program Files (x86)/Atmel/Studio/7.0/Packs/atmel/ATmega_DFP/1.2.209/gcc/dev/atmega64a/avr5\libatmega64a.a
END GROUP
                0x00020000                __TEXT_REGION_LENGTH__ = DEFINED (__TEXT_REGION_LENGTH__)?__TEXT_REGION_LENGTH__:0x20000
                0x0000ffa0                __DATA_REGION_LENGTH__ = DEFINED (__DATA_REGION_LENGTH__)?__DATA_REGION_LENGTH__:0xffa0
                0x00010000                __EEPROM_REGION_LENGTH__ = DEFINED (__EEPROM_REGION_LENGTH__)?__EEPROM_REGION_LENGTH__:0x10000
                [0x00000003]                __FUSE_REGION_LENGTH__ = DEFINED (__FUSE_REGION_LENGTH__)?__FUSE_REGION_LENGTH__:0x400
                0x00000400                __LOCK_REGION_LENGTH__ = DEFINED (__LOCK_REGION_LENGTH__)?__LOCK_REGION_LENGTH__:0x400
                0x00000400                __SIGNATURE_REGION_LENGTH__ = DEFINED (__SIGNATURE_REGION_LENGTH__)?__SIGNATURE_REGION_LENGTH__:0x400
                0x00000400                __USER_SIGNATURE_REGION_LENGTH__ = DEFINED (__USER_SIGNATURE_REGION_LENGTH__)?__USER_SIGNATURE_REGION_LENGTH__:0x400

.hash
 *(.hash)

.dynsym
 *(.dynsym)

.dynstr
 *(.dynstr)

.gnu.version
 *(.gnu.version)

.gnu.version_d
 *(.gnu.version_d)

.gnu.version_r
 *(.gnu.version_r)

.rel.init
 *(.rel.init)

.rela.init
 *(.rela.init)

.rel.text
 *(.rel.text)
 *(.rel.text.*)
 *(.rel.gnu.linkonce.t*)

.rela.text
 *(.rela.text)
 *(.rela.text.*)
 *(.rela.gnu.linkonce.t*)

.rel.fini
 *(.rel.fini)

.rela.fini
 *(.rela.fini)

.rel.rodata
 *(.rel.rodata)
 *(.rel.rodata.*)
 *(.rel.gnu.linkonce.r*)

.rela.rodata
 *(.rela.rodata)
 *(.rela.rodata.*)
 *(.rela.gnu.linkonce.r*)

.rel.data
 *(.rel.data)
 *(.rel.data.*)
 *(.rel.gnu.linkonce.d*)

.rela.data
 *(.rela.data)
 *(.rela.data.*)
 *(.rela.gnu.linkonce.d*)

.rel.ctors
 *(.rel.ctors)

.rela.ctors
 *(.rela.ctors)

.rel.dtors
 *(.rel.dtors)

.rela.dtors
 *(.rela.dtors)

.rel.got
 *(.rel.got)

.rela.got
 *(.rela.got)

.rel.bss
 *(.rel.bss)

.rela.bss
 *(.rela.bss)

.rel.plt
 *(.rel.plt)

.rela.plt
 *(.rela.plt)

.text           0x00000000     0x4bf4
 *(.vectors)
 .vectors       0x00000000       0x8c C:/Program Files (x86)/Atmel/Studio/7.0/Packs/atmel/ATmega_DFP/1.2.209/gcc/dev/atmega64a/avr5/crtatmega64a.o
                0x00000000                __vector_default
                0x00000000                __vectors
 *(.vectors)
 *(.progmem.gcc*)
 .progmem.gcc_sw_table.lcd_putc_hu
                0x0000008c       0x78 LCD/lcd.o
 .progmem.gcc_sw_table.main
                0x00000104       0x18 main.o
 .progmem.gcc_sw_table.ClockDayName_CallbackRender
                0x0000011c        0xe MENU/menu_items.o
                0x0000012a                . = ALIGN (0x2)
                0x0000012a                __trampolines_start = .
 *(.trampolines)
 .trampolines   0x0000012a        0x0 linker stubs
 *(.trampolines*)
                0x0000012a                __trampolines_end = .
 *libprintf_flt.a:*(.progmem.data)
 *libc.a:*(.progmem.data)
 *(.progmem*)
 .progmem.data.__c.2398
                0x0000012a       0x1c BME280/bme280.o
 .progmem.data.magyar_betuk
                0x00000146       0x38 LCD/lcd.o
 .progmem.data.__c.3173
                0x0000017e        0x4 main.o
 .progmem.data.__c.3171
                0x00000182        0xa main.o
 .progmem.data.__c.3169
                0x0000018c       0x12 main.o
 .progmem.data.__c.3167
                0x0000019e        0x7 main.o
 .progmem.data.__c.3165
                0x000001a5       0x13 main.o
 .progmem.data.__c.3163
                0x000001b8        0xf main.o
 .progmem.data.__c.3161
                0x000001c7        0xc main.o
 .progmem.data.__c.3155
                0x000001d3       0x14 main.o
 .progmem.data.__c.3153
                0x000001e7       0x14 main.o
 .progmem.data.__c.3139
                0x000001fb        0xb main.o
 .progmem.data.__c.3136
                0x00000206       0x11 main.o
 .progmem.data.__c.3134
                0x00000217       0x12 main.o
 .progmem.data.__c.3125
                0x00000229       0x41 main.o
 .progmem.data.__c.3123
                0x0000026a       0x1a main.o
 .progmem.data.__c.3121
                0x00000284       0x18 main.o
 .progmem.data.__c.3119
                0x0000029c       0x19 main.o
 .progmem.data.__c.3117
                0x000002b5       0x17 main.o
 .progmem.data.__c.3115
                0x000002cc       0x30 main.o
 .progmem.data.__c.3113
                0x000002fc       0x2e main.o
 .progmem.data.__c.3111
                0x0000032a       0x17 main.o
 .progmem.data.__c.3109
                0x00000341       0x21 main.o
 .progmem.data.__c.3107
                0x00000362       0x1e main.o
 .progmem.data.__c.3100
                0x00000380        0xb main.o
 .progmem.data.__c.3098
                0x0000038b        0xd main.o
 .progmem.data.__c.3096
                0x00000398        0xa main.o
 .progmem.data.__c.3094
                0x000003a2        0x2 main.o
 .progmem.data.__c.3092
                0x000003a4        0xc main.o
 .progmem.data.__c.3050
                0x000003b0        0x3 main.o
 .progmem.data.__c.3048
                0x000003b3        0x2 main.o
 .progmem.data.__c.3046
                0x000003b5        0x7 main.o
 .progmem.data.__c.3044
                0x000003bc        0x3 main.o
 .progmem.data.__c.3042
                0x000003bf        0x2 main.o
 .progmem.data.__c.3040
                0x000003c1        0x9 main.o
 .progmem.data.__c.3038
                0x000003ca        0x3 main.o
 .progmem.data.__c.3036
                0x000003cd        0x2 main.o
 .progmem.data.__c.3034
                0x000003cf        0x8 main.o
 .progmem.data.__c.3032
                0x000003d7        0x3 main.o
 .progmem.data.__c.3030
                0x000003da        0x7 main.o
 .progmem.data.__c.3028
                0x000003e1        0x3 main.o
 .progmem.data.__c.3026
                0x000003e4        0x2 main.o
 .progmem.data.__c.3024
                0x000003e6        0x8 main.o
 .progmem.data.__c.3022
                0x000003ee        0x3 main.o
 .progmem.data.__c.3020
                0x000003f1        0x2 main.o
 .progmem.data.__c.3018
                0x000003f3        0x8 main.o
 .progmem.data.__c.3016
                0x000003fb        0x3 main.o
 .progmem.data.__c.3014
                0x000003fe        0x2 main.o
 .progmem.data.__c.3012
                0x00000400        0x5 main.o
 .progmem.data.__c.2982
                0x00000405        0x2 main.o
 .progmem.data.__c.2980
                0x00000407        0x2 main.o
 .progmem.data.__c.2976
                0x00000409        0x4 main.o
 .progmem.data.__c.2974
                0x0000040d       0x12 main.o
 .progmem.data.__c.2970
                0x0000041f        0x4 main.o
 .progmem.data.__c.2968
                0x00000423       0x15 main.o
 .progmem.data.magyar_betuk
                0x00000438       0x38 main.o
 .progmem.data.__c.3083
                0x00000470       0x12 MENU/menu_items.o
 .progmem.data.__c.3068
                0x00000482        0xc MENU/menu_items.o
 .progmem.data.__c.3053
                0x0000048e        0xc MENU/menu_items.o
 .progmem.data.__c.3038
                0x0000049a        0x9 MENU/menu_items.o
 .progmem.data.__c.3035
                0x000004a3        0x8 MENU/menu_items.o
 .progmem.data.__c.3032
                0x000004ab        0x7 MENU/menu_items.o
 .progmem.data.__c.3029
                0x000004b2        0xa MENU/menu_items.o
 .progmem.data.__c.3026
                0x000004bc        0x7 MENU/menu_items.o
 .progmem.data.__c.3023
                0x000004c3        0x5 MENU/menu_items.o
 .progmem.data.__c.3019
                0x000004c8        0x6 MENU/menu_items.o
 .progmem.data.__c.3016
                0x000004ce        0x8 MENU/menu_items.o
 .progmem.data.__c.3001
                0x000004d6        0x4 MENU/menu_items.o
 .progmem.data.__c.2986
                0x000004da        0x6 MENU/menu_items.o
 .progmem.data.__c.2971
                0x000004e0        0x3 MENU/menu_items.o
 .progmem.data.__c.2956
                0x000004e3        0x5 MENU/menu_items.o
 .progmem.data.__c.2941
                0x000004e8        0x4 MENU/menu_items.o
 .progmem.data.__c.2926
                0x000004ec       0x14 MENU/menu_items.o
 .progmem.data.__c.2911
                0x00000500        0xb MENU/menu_items.o
 .progmem.data.__c.2896
                0x0000050b       0x12 MENU/menu_items.o
 .progmem.data.__c.2881
                0x0000051d        0xa MENU/menu_items.o
 .progmem.data.__c.2865
                0x00000527       0x12 MENU/menu_items.o
 .progmem.data.__c.2860
                0x00000539        0x3 MENU/menu_items.o
 .progmem.data.__c.2858
                0x0000053c        0x2 MENU/menu_items.o
 .progmem.data.__c.2856
                0x0000053e       0x13 MENU/menu_items.o
 .progmem.data.__c.2841
                0x00000551       0x11 MENU/menu_items.o
 .progmem.data.__c.2836
                0x00000562        0x3 MENU/menu_items.o
 .progmem.data.__c.2834
                0x00000565        0x2 MENU/menu_items.o
 .progmem.data.__c.2832
                0x00000567        0xe MENU/menu_items.o
 .progmem.data.__c.2817
                0x00000575       0x11 MENU/menu_items.o
 .progmem.data.__c.2812
                0x00000586        0x3 MENU/menu_items.o
 .progmem.data.__c.2810
                0x00000589        0x2 MENU/menu_items.o
 .progmem.data.__c.2807
                0x0000058b        0x3 MENU/menu_items.o
 .progmem.data.__c.2805
                0x0000058e        0x2 MENU/menu_items.o
 .progmem.data.__c.2803
                0x00000590        0xe MENU/menu_items.o
 .progmem.data.__c.2788
                0x0000059e       0x13 MENU/menu_items.o
 .progmem.data.__c.2783
                0x000005b1        0x3 MENU/menu_items.o
 .progmem.data.__c.2781
                0x000005b4        0x2 MENU/menu_items.o
 .progmem.data.__c.2778
                0x000005b6        0x3 MENU/menu_items.o
 .progmem.data.__c.2776
                0x000005b9        0x2 MENU/menu_items.o
 .progmem.data.__c.2774
                0x000005bb       0x10 MENU/menu_items.o
 .progmem.data.__c.2759
                0x000005cb       0x12 MENU/menu_items.o
 .progmem.data.__c.2746
                0x000005dd        0x3 MENU/menu_items.o
 .progmem.data.__c.2744
                0x000005e0        0x2 MENU/menu_items.o
 .progmem.data.__c.2741
                0x000005e2        0x3 MENU/menu_items.o
 .progmem.data.__c.2739
                0x000005e5        0x2 MENU/menu_items.o
 .progmem.data.__c.2737
                0x000005e7        0xf MENU/menu_items.o
 .progmem.data.__c.2722
                0x000005f6        0x3 MENU/menu_items.o
 .progmem.data.__c.2720
                0x000005f9        0x3 MENU/menu_items.o
 .progmem.data.__c.2718
                0x000005fc        0xc MENU/menu_items.o
 .progmem.data.__c.2704
                0x00000608        0x3 MENU/menu_items.o
 .progmem.data.__c.2702
                0x0000060b        0x3 MENU/menu_items.o
 .progmem.data.__c.2700
                0x0000060e       0x11 MENU/menu_items.o
 .progmem.data.__c.2686
                0x0000061f        0x4 MENU/menu_items.o
 .progmem.data.__c.2684
                0x00000623        0x7 MENU/menu_items.o
 .progmem.data.__c.2682
                0x0000062a       0x14 MENU/menu_items.o
 .progmem.data.__c.2668
                0x0000063e        0x3 MENU/menu_items.o
 .progmem.data.__c.2666
                0x00000641        0x3 MENU/menu_items.o
 .progmem.data.__c.2664
                0x00000644        0xf MENU/menu_items.o
 .progmem.data.__c.2650
                0x00000653        0x3 MENU/menu_items.o
 .progmem.data.__c.2648
                0x00000656        0x3 MENU/menu_items.o
 .progmem.data.__c.2646
                0x00000659       0x12 MENU/menu_items.o
 .progmem.data.__c.2632
                0x0000066b        0x3 MENU/menu_items.o
 .progmem.data.__c.2630
                0x0000066e        0x3 MENU/menu_items.o
 .progmem.data.__c.2628
                0x00000671       0x13 MENU/menu_items.o
 .progmem.data.__c.2612
                0x00000684       0x12 MENU/menu_items.o
 .progmem.data.__c.2598
                0x00000696       0x12 MENU/menu_items.o
 .progmem.data.__c.2583
                0x000006a8        0xf MENU/menu_items.o
 .progmem.data.__c.2569
                0x000006b7        0x3 MENU/menu_items.o
 .progmem.data.__c.2567
                0x000006ba        0x2 MENU/menu_items.o
 .progmem.data.__c.2564
                0x000006bc        0x3 MENU/menu_items.o
 .progmem.data.__c.2562
                0x000006bf        0x2 MENU/menu_items.o
 .progmem.data.__c.2560
                0x000006c1        0xf MENU/menu_items.o
 .progmem.data.__c.2544
                0x000006d0       0x12 MENU/menu_items.o
 .progmem.data.__c.2530
                0x000006e2        0xe MENU/menu_items.o
 .progmem.data.__c.2516
                0x000006f0        0x3 MENU/menu_items.o
 .progmem.data.__c.2514
                0x000006f3        0x2 MENU/menu_items.o
 .progmem.data.__c.2511
                0x000006f5        0x3 MENU/menu_items.o
 .progmem.data.__c.2509
                0x000006f8        0x2 MENU/menu_items.o
 .progmem.data.__c.2507
                0x000006fa        0xf MENU/menu_items.o
 .progmem.data.__c.2490
                0x00000709        0x8 MENU/menu_items.o
 .progmem.data.__c.2475
                0x00000711        0x8 MENU/menu_items.o
 .progmem.data.__c.2460
                0x00000719        0xf MENU/menu_items.o
 .progmem.data.__c.2446
                0x00000728        0xc MENU/menu_items.o
 .progmem.data.__c.2431
                0x00000734        0xf MENU/menu_items.o
 .progmem.data.__c.2417
                0x00000743        0x3 MENU/menu_items.o
 .progmem.data.__c.2415
                0x00000746        0x2 MENU/menu_items.o
 .progmem.data.__c.2412
                0x00000748        0x3 MENU/menu_items.o
 .progmem.data.__c.2410
                0x0000074b        0x2 MENU/menu_items.o
 .progmem.data.__c.2408
                0x0000074d        0xc MENU/menu_items.o
 .progmem.data.__c.2392
                0x00000759        0xe MENU/menu_items.o
 .progmem.data.__c.2379
                0x00000767        0xc MENU/menu_items.o
 .progmem.data.__c.2366
                0x00000773        0xb MENU/menu_items.o
                0x0000077e                . = ALIGN (0x2)
 *(.jumptables)
 *(.jumptables*)
 *(.lowtext)
 *(.lowtext*)
                0x0000077e                __ctors_start = .
 *(.ctors)
                0x0000077e                __ctors_end = .
                0x0000077e                __dtors_start = .
 *(.dtors)
                0x0000077e                __dtors_end = .
 SORT(*)(.ctors)
 SORT(*)(.dtors)
 *(.init0)
 .init0         0x0000077e        0x0 C:/Program Files (x86)/Atmel/Studio/7.0/Packs/atmel/ATmega_DFP/1.2.209/gcc/dev/atmega64a/avr5/crtatmega64a.o
                0x0000077e                __init
 *(.init0)
 *(.init1)
 *(.init1)
 *(.init2)
 .init2         0x0000077e        0xc C:/Program Files (x86)/Atmel/Studio/7.0/Packs/atmel/ATmega_DFP/1.2.209/gcc/dev/atmega64a/avr5/crtatmega64a.o
 *(.init2)
 *(.init3)
 *(.init3)
 *(.init4)
 .init4         0x0000078a       0x16 c:/program files (x86)/atmel/studio/7.0/toolchain/avr8/avr8-gnu-toolchain/bin/../lib/gcc/avr/5.4.0/avr5\libgcc.a(_copy_data.o)
                0x0000078a                __do_copy_data
 .init4         0x000007a0       0x10 c:/program files (x86)/atmel/studio/7.0/toolchain/avr8/avr8-gnu-toolchain/bin/../lib/gcc/avr/5.4.0/avr5\libgcc.a(_clear_bss.o)
                0x000007a0                __do_clear_bss
 *(.init4)
 *(.init5)
 *(.init5)
 *(.init6)
 *(.init6)
 *(.init7)
 *(.init7)
 *(.init8)
 *(.init8)
 *(.init9)
 .init9         0x000007b0        0x8 C:/Program Files (x86)/Atmel/Studio/7.0/Packs/atmel/ATmega_DFP/1.2.209/gcc/dev/atmega64a/avr5/crtatmega64a.o
 *(.init9)
 *(.text)
 .text          0x000007b8        0x4 C:/Program Files (x86)/Atmel/Studio/7.0/Packs/atmel/ATmega_DFP/1.2.209/gcc/dev/atmega64a/avr5/crtatmega64a.o
                0x000007b8                __vector_22
                0x000007b8                __vector_28
                0x000007b8                __vector_1
                0x000007b8                __vector_32
                0x000007b8                __vector_34
                0x000007b8                __vector_24
                0x000007b8                __bad_interrupt
                0x000007b8                __vector_6
                0x000007b8                __vector_3
                0x000007b8                __vector_23
                0x000007b8                __vector_25
                0x000007b8                __vector_11
                0x000007b8                __vector_13
                0x000007b8                __vector_17
                0x000007b8                __vector_7
                0x000007b8                __vector_27
                0x000007b8                __vector_5
                0x000007b8                __vector_33
                0x000007b8                __vector_4
                0x000007b8                __vector_9
                0x000007b8                __vector_2
                0x000007b8                __vector_15
                0x000007b8                __vector_29
                0x000007b8                __vector_8
                0x000007b8                __vector_26
                0x000007b8                __vector_14
                0x000007b8                __vector_10
                0x000007b8                __vector_16
                0x000007b8                __vector_20
                0x000007bc                . = ALIGN (0x2)
 *(.text.*)
 .text.read8    0x000007bc       0x44 BME280/bme280.o
                0x000007bc                read8
 .text.read16   0x00000800       0x50 BME280/bme280.o
                0x00000800                read16
 .text.read16_LE
                0x00000850        0xc BME280/bme280.o
                0x00000850                read16_LE
 .text.read24   0x0000085c       0x82 BME280/bme280.o
                0x0000085c                read24
 .text.bme280_readCoefficients
                0x000008de      0x104 BME280/bme280.o
                0x000008de                bme280_readCoefficients
 .text.init_BME280
                0x000009e2       0x48 BME280/bme280.o
                0x000009e2                init_BME280
 .text.bme280_readTemperature
                0x00000a2a      0x12e BME280/bme280.o
                0x00000a2a                bme280_readTemperature
 .text.bme280_readHumidity
                0x00000b58      0x208 BME280/bme280.o
                0x00000b58                bme280_readHumidity
 .text.crc8     0x00000d60       0x38 DS18B20/crc8.o
                0x00000d60                crc8
 .text.DS18X20_meas_to_cel
                0x00000d98       0x96 DS18B20/ds18x20.o
                0x00000d98                DS18X20_meas_to_cel
 .text.DS18X20_find_sensor
                0x00000e2e       0x32 DS18B20/ds18x20.o
                0x00000e2e                DS18X20_find_sensor
 .text.DS18X20_start_meas
                0x00000e60       0x38 DS18B20/ds18x20.o
                0x00000e60                DS18X20_start_meas
 .text.DS18X20_read_meas
                0x00000e98       0xba DS18B20/ds18x20.o
                0x00000e98                DS18X20_read_meas
 .text.ow_input_pin_state
                0x00000f52       0x12 DS18B20/onewire.o
                0x00000f52                ow_input_pin_state
 .text.ow_parasite_enable
                0x00000f64       0x26 DS18B20/onewire.o
                0x00000f64                ow_parasite_enable
 .text.ow_reset
                0x00000f8a       0x92 DS18B20/onewire.o
                0x00000f8a                ow_reset
 .text.ow_set_bus
                0x0000101c       0x2c DS18B20/onewire.o
                0x0000101c                ow_set_bus
 .text.ow_bit_io
                0x00001048       0x80 DS18B20/onewire.o
                0x00001048                ow_bit_io
 .text.ow_byte_wr
                0x000010c8       0x22 DS18B20/onewire.o
                0x000010c8                ow_byte_wr
 .text.ow_byte_rd
                0x000010ea        0x8 DS18B20/onewire.o
                0x000010ea                ow_byte_rd
 .text.ow_rom_search
                0x000010f2       0xb4 DS18B20/onewire.o
                0x000010f2                ow_rom_search
 .text.ow_command
                0x000011a6       0x48 DS18B20/onewire.o
                0x000011a6                ow_command
 .text.i2c_init
                0x000011ee        0x8 I2C/i2c_master.o
                0x000011ee                i2c_init
 .text.i2c_start
                0x000011f6       0x4a I2C/i2c_master.o
                0x000011f6                i2c_start
 .text.i2c_write
                0x00001240       0x24 I2C/i2c_master.o
                0x00001240                i2c_write
 .text.i2c_read_ack
                0x00001264       0x16 I2C/i2c_master.o
                0x00001264                i2c_read_ack
 .text.i2c_read_nack
                0x0000127a       0x16 I2C/i2c_master.o
                0x0000127a                i2c_read_nack
 .text.i2c_stop
                0x00001290        0x8 I2C/i2c_master.o
                0x00001290                i2c_stop
 .text.toggle_e
                0x00001298        0xa LCD/lcd.o
 .text.lcd_write
                0x000012a2       0x5e LCD/lcd.o
 .text.lcd_read
                0x00001300       0x50 LCD/lcd.o
 .text.lcd_waitbusy
                0x00001350       0x1a LCD/lcd.o
 .text.lcd_command
                0x0000136a       0x14 LCD/lcd.o
                0x0000136a                lcd_command
 .text.lcd_data
                0x0000137e       0x14 LCD/lcd.o
                0x0000137e                lcd_data
 .text.lcd_gotoxy
                0x00001392       0x2c LCD/lcd.o
                0x00001392                lcd_gotoxy
 .text.lcd_clrscr
                0x000013be        0x8 LCD/lcd.o
                0x000013be                lcd_clrscr
 .text.lcd_putc
                0x000013c6       0x40 LCD/lcd.o
                0x000013c6                lcd_putc
 .text.lcd_puts_p
                0x00001406       0x24 LCD/lcd.o
                0x00001406                lcd_puts_p
 .text.lcd_init
                0x0000142a       0x74 LCD/lcd.o
                0x0000142a                lcd_init
 .text.lcd_defc
                0x0000149e       0x30 LCD/lcd.o
                0x0000149e                lcd_defc
 .text.lcd_putbit
                0x000014ce       0x22 LCD/lcd.o
                0x000014ce                lcd_putbit
 .text.lcd_putc_hu
                0x000014f0       0x40 LCD/lcd.o
                0x000014f0                lcd_putc_hu
 .text.lcd_puts
                0x00001530       0x20 LCD/lcd.o
                0x00001530                lcd_puts
 .text.lcd_puti
                0x00001550       0x44 LCD/lcd.o
                0x00001550                lcd_puti
 .text.lcd_puts_hu
                0x00001594       0x24 LCD/lcd.o
                0x00001594                lcd_puts_hu
 .text.__vector_21
                0x000015b8       0x3e main.o
                0x000015b8                __vector_21
 .text.__vector_12
                0x000015f6       0x26 main.o
                0x000015f6                __vector_12
 .text.SensorRead
                0x0000161c      0x6dc main.o
                0x0000161c                SensorRead
 .text.search_sensors
                0x00001cf8       0xca main.o
                0x00001cf8                search_sensors
 .text.SwitchRelays
                0x00001dc2       0x14 main.o
                0x00001dc2                SwitchRelays
 .text.CheckConditions
                0x00001dd6      0x314 main.o
                0x00001dd6                CheckConditions
 .text.read_from_eeprom
                0x000020ea      0x10e main.o
                0x000020ea                read_from_eeprom
 .text.main     0x000021f8      0x26c main.o
                0x000021f8                main
 .text.renderMenu
                0x00002464       0xd6 MENU/menu.o
 .text.menuReset
                0x0000253a       0x1e MENU/menu.o
                0x0000253a                menuReset
 .text.menuInit
                0x00002558        0xa MENU/menu.o
                0x00002558                menuInit
 .text.menuPollButtons
                0x00002562      0x2f6 MENU/menu.o
                0x00002562                menuPollButtons
 .text.BME280Temp_Callback
                0x00002858       0x10 MENU/menu_items.o
                0x00002858                BME280Temp_Callback
 .text.BME280Humidity_Callback
                0x00002868       0x10 MENU/menu_items.o
                0x00002868                BME280Humidity_Callback
 .text.DHWTempActual_Callback
                0x00002878       0x10 MENU/menu_items.o
                0x00002878                DHWTempActual_Callback
 .text.BufferTempActual_Callback
                0x00002888       0x10 MENU/menu_items.o
                0x00002888                BufferTempActual_Callback
 .text.EngineeringTempActual_Callback
                0x00002898       0x10 MENU/menu_items.o
                0x00002898                EngineeringTempActual_Callback
 .text.Universal_Callback
                0x000028a8       0x10 MENU/menu_items.o
                0x000028a8                Universal_Callback
 .text.ClockDayName_CallbackRender
                0x000028b8       0x74 MENU/menu_items.o
                0x000028b8                ClockDayName_CallbackRender
 .text.ClockDayName_ActionCallback
                0x0000292c       0x4a MENU/menu_items.o
                0x0000292c                ClockDayName_ActionCallback
 .text.BME280Temp_CallbackRender
                0x00002976       0x1e MENU/menu_items.o
                0x00002976                BME280Temp_CallbackRender
 .text.BME280Humidity_CallbackRender
                0x00002994       0x1e MENU/menu_items.o
                0x00002994                BME280Humidity_CallbackRender
 .text.SwitchOnOutdoorTempMin_CallbackRender
                0x000029b2       0x4e MENU/menu_items.o
                0x000029b2                SwitchOnOutdoorTempMin_CallbackRender
 .text.DHWTempDesired_CallbackRender
                0x00002a00       0x48 MENU/menu_items.o
                0x00002a00                DHWTempDesired_CallbackRender
 .text.DHWTempMin_CallbackRender
                0x00002a48       0x48 MENU/menu_items.o
                0x00002a48                DHWTempMin_CallbackRender
 .text.DHWSensor_CallbackRender
                0x00002a90       0x48 MENU/menu_items.o
                0x00002a90                DHWSensor_CallbackRender
 .text.DHWMinTime_CallbackRender
                0x00002ad8       0x4e MENU/menu_items.o
                0x00002ad8                DHWMinTime_CallbackRender
 .text.DHWMaxTime_CallbackRender
                0x00002b26       0x4e MENU/menu_items.o
                0x00002b26                DHWMaxTime_CallbackRender
 .text.ForwardHeatTemp_CallbackRender
                0x00002b74       0x48 MENU/menu_items.o
                0x00002b74                ForwardHeatTemp_CallbackRender
 .text.BufferSensor_CallbackRender
                0x00002bbc       0x48 MENU/menu_items.o
                0x00002bbc                BufferSensor_CallbackRender
 .text.EngineeringTempMin_CallbackRender
                0x00002c04       0x48 MENU/menu_items.o
                0x00002c04                EngineeringTempMin_CallbackRender
 .text.EngineeringTempDesired_CallbackRender
                0x00002c4c       0x54 MENU/menu_items.o
                0x00002c4c                EngineeringTempDesired_CallbackRender
 .text.EngineeringSensor_CallbackRender
                0x00002ca0       0x48 MENU/menu_items.o
                0x00002ca0                EngineeringSensor_CallbackRender
 .text.GarageSensor_CallbackRender
                0x00002ce8       0x48 MENU/menu_items.o
                0x00002ce8                GarageSensor_CallbackRender
 .text.LivingRoomSensor_CallbackRender
                0x00002d30       0x48 MENU/menu_items.o
                0x00002d30                LivingRoomSensor_CallbackRender
 .text.FloorSensor_CallbackRender
                0x00002d78       0x48 MENU/menu_items.o
                0x00002d78                FloorSensor_CallbackRender
 .text.ForwardSensor_CallbackRender
                0x00002dc0       0x48 MENU/menu_items.o
                0x00002dc0                ForwardSensor_CallbackRender
 .text.ReturnSensor_CallbackRender
                0x00002e08       0x48 MENU/menu_items.o
                0x00002e08                ReturnSensor_CallbackRender
 .text.DebugMode_CallbackRender
                0x00002e50       0x48 MENU/menu_items.o
                0x00002e50                DebugMode_CallbackRender
 .text.MenuTimer_CallbackRender
                0x00002e98       0x40 MENU/menu_items.o
                0x00002e98                MenuTimer_CallbackRender
 .text.LCDBackLight_CallbackRender
                0x00002ed8       0x48 MENU/menu_items.o
                0x00002ed8                LCDBackLight_CallbackRender
 .text.PumpPlusTime_CallbackRender
                0x00002f20       0x4a MENU/menu_items.o
                0x00002f20                PumpPlusTime_CallbackRender
 .text.ClockHour_CallbackRender
                0x00002f6a       0x46 MENU/menu_items.o
                0x00002f6a                ClockHour_CallbackRender
 .text.ClockHour_ActionCallback
                0x00002fb0       0x56 MENU/menu_items.o
                0x00002fb0                ClockHour_ActionCallback
 .text.ClockYear_CallbackRender
                0x00003006       0x4e MENU/menu_items.o
                0x00003006                ClockYear_CallbackRender
 .text.ClockYear_ActionCallback
                0x00003054       0x44 MENU/menu_items.o
                0x00003054                ClockYear_ActionCallback
 .text.ClockMonth_CallbackRender
                0x00003098       0x46 MENU/menu_items.o
                0x00003098                ClockMonth_CallbackRender
 .text.ClockMonth_ActionCallback
                0x000030de       0x4a MENU/menu_items.o
                0x000030de                ClockMonth_ActionCallback
 .text.ClockDay_CallbackRender
                0x00003128       0x46 MENU/menu_items.o
                0x00003128                ClockDay_CallbackRender
 .text.ClockDay_ActionCallback
                0x0000316e       0x4a MENU/menu_items.o
                0x0000316e                ClockDay_ActionCallback
 .text.ComfortMode_CallbackRender
                0x000031b8       0x42 MENU/menu_items.o
                0x000031b8                ComfortMode_CallbackRender
 .text.ComfortTemp_CallbackRender
                0x000031fa       0x48 MENU/menu_items.o
                0x000031fa                ComfortTemp_CallbackRender
 .text.ComfortForwardTemp_CallbackRender
                0x00003242       0x48 MENU/menu_items.o
                0x00003242                ComfortForwardTemp_CallbackRender
 .text.SwitchOnOutdoorTempMin_ActionCallback
                0x0000328a       0x8a MENU/menu_items.o
                0x0000328a                SwitchOnOutdoorTempMin_ActionCallback
 .text.DHWMinTime_ActionCallback
                0x00003314       0x86 MENU/menu_items.o
                0x00003314                DHWMinTime_ActionCallback
 .text.DHWMaxTime_ActionCallback
                0x0000339a       0x86 MENU/menu_items.o
                0x0000339a                DHWMaxTime_ActionCallback
 .text.PumpPlusTime_ActionCallback
                0x00003420       0x5e MENU/menu_items.o
                0x00003420                PumpPlusTime_ActionCallback
 .text.DHWTempActual_CallbackRender
                0x0000347e       0xa6 MENU/menu_items.o
                0x0000347e                DHWTempActual_CallbackRender
 .text.BufferTempActual_CallbackRender
                0x00003524       0xa6 MENU/menu_items.o
                0x00003524                BufferTempActual_CallbackRender
 .text.EngineeringTempActual_CallbackRender
                0x000035ca       0xa6 MENU/menu_items.o
                0x000035ca                EngineeringTempActual_CallbackRender
 .text.DHWRelay_CallbackRender
                0x00003670       0x30 MENU/menu_items.o
                0x00003670                DHWRelay_CallbackRender
 .text.ZoneValve1_CallbackRender
                0x000036a0       0x30 MENU/menu_items.o
                0x000036a0                ZoneValve1_CallbackRender
 .text.ZoneValve2_CallbackRender
                0x000036d0       0x30 MENU/menu_items.o
                0x000036d0                ZoneValve2_CallbackRender
 .text.BufferValve_CallbackRender
                0x00003700       0x30 MENU/menu_items.o
                0x00003700                BufferValve_CallbackRender
 .text.BufferPump_CallbackRender
                0x00003730       0x30 MENU/menu_items.o
                0x00003730                BufferPump_CallbackRender
 .text.GasRelay_CallbackRender
                0x00003760       0x30 MENU/menu_items.o
                0x00003760                GasRelay_CallbackRender
 .text.GarageTemp_CallbackRender
                0x00003790       0xa6 MENU/menu_items.o
                0x00003790                GarageTemp_CallbackRender
 .text.LivingRoomTemp_CallbackRender
                0x00003836       0xa6 MENU/menu_items.o
                0x00003836                LivingRoomTemp_CallbackRender
 .text.FloorTemp_CallbackRender
                0x000038dc       0xa6 MENU/menu_items.o
                0x000038dc                FloorTemp_CallbackRender
 .text.ForwardTemp_CallbackRender
                0x00003982       0x36 MENU/menu_items.o
                0x00003982                ForwardTemp_CallbackRender
 .text.ReturnTemp_CallbackRender
                0x000039b8       0x36 MENU/menu_items.o
                0x000039b8                ReturnTemp_CallbackRender
 .text.ClockMinute_CallbackRender
                0x000039ee       0x46 MENU/menu_items.o
                0x000039ee                ClockMinute_CallbackRender
 .text.ClockMinute_ActionCallback
                0x00003a34       0x56 MENU/menu_items.o
                0x00003a34                ClockMinute_ActionCallback
 .text.DHWTempDesired_ActionCallback
                0x00003a8a       0x56 MENU/menu_items.o
                0x00003a8a                DHWTempDesired_ActionCallback
 .text.DHWTempMin_ActionCallback
                0x00003ae0       0x56 MENU/menu_items.o
                0x00003ae0                DHWTempMin_ActionCallback
 .text.DHWSensor_ActionCallback
                0x00003b36       0x64 MENU/menu_items.o
                0x00003b36                DHWSensor_ActionCallback
 .text.ForwardHeatTemp_ActionCallback
                0x00003b9a       0x52 MENU/menu_items.o
                0x00003b9a                ForwardHeatTemp_ActionCallback
 .text.BufferSensor_ActionCallback
                0x00003bec       0x64 MENU/menu_items.o
                0x00003bec                BufferSensor_ActionCallback
 .text.EngineeringTempMin_ActionCallback
                0x00003c50       0x56 MENU/menu_items.o
                0x00003c50                EngineeringTempMin_ActionCallback
 .text.EngineeringTempDesired_ActionCallback
                0x00003ca6       0x56 MENU/menu_items.o
                0x00003ca6                EngineeringTempDesired_ActionCallback
 .text.EngineeringSensor_ActionCallback
                0x00003cfc       0x64 MENU/menu_items.o
                0x00003cfc                EngineeringSensor_ActionCallback
 .text.GarageSensor_ActionCallback
                0x00003d60       0x64 MENU/menu_items.o
                0x00003d60                GarageSensor_ActionCallback
 .text.LivingRoomSensor_ActionCallback
                0x00003dc4       0x64 MENU/menu_items.o
                0x00003dc4                LivingRoomSensor_ActionCallback
 .text.FloorSensor_ActionCallback
                0x00003e28       0x64 MENU/menu_items.o
                0x00003e28                FloorSensor_ActionCallback
 .text.ForwardSensor_ActionCallback
                0x00003e8c       0x64 MENU/menu_items.o
                0x00003e8c                ForwardSensor_ActionCallback
 .text.ReturnSensor_ActionCallback
                0x00003ef0       0x64 MENU/menu_items.o
                0x00003ef0                ReturnSensor_ActionCallback
 .text.DebugMode_ActionCallback
                0x00003f54       0x4a MENU/menu_items.o
                0x00003f54                DebugMode_ActionCallback
 .text.MenuTimer_ActionCallback
                0x00003f9e       0x4a MENU/menu_items.o
                0x00003f9e                MenuTimer_ActionCallback
 .text.LCDBackLight_ActionCallback
                0x00003fe8       0x5c MENU/menu_items.o
                0x00003fe8                LCDBackLight_ActionCallback
 .text.ComfortMode_ActionCallback
                0x00004044       0x5e MENU/menu_items.o
                0x00004044                ComfortMode_ActionCallback
 .text.ComfortTemp_ActionCallback
                0x000040a2       0x60 MENU/menu_items.o
                0x000040a2                ComfortTemp_ActionCallback
 .text.ComfortForwardTemp_ActionCallback
                0x00004102       0x64 MENU/menu_items.o
                0x00004102                ComfortForwardTemp_ActionCallback
 .text.DHWRelay_ActionCallback
                0x00004166       0x3c MENU/menu_items.o
                0x00004166                DHWRelay_ActionCallback
 .text.ZoneValve1_ActionCallback
                0x000041a2       0x32 MENU/menu_items.o
                0x000041a2                ZoneValve1_ActionCallback
 .text.ZoneValve2_ActionCallback
                0x000041d4       0x32 MENU/menu_items.o
                0x000041d4                ZoneValve2_ActionCallback
 .text.BufferValve_ActionCallback
                0x00004206       0x32 MENU/menu_items.o
                0x00004206                BufferValve_ActionCallback
 .text.BufferPump_ActionCallback
                0x00004238       0x32 MENU/menu_items.o
                0x00004238                BufferPump_ActionCallback
 .text.GasRelay_ActionCallback
                0x0000426a       0x30 MENU/menu_items.o
                0x0000426a                GasRelay_ActionCallback
 .text.menuItemsGetHomeMenu
                0x0000429a        0x6 MENU/menu_items.o
                0x0000429a                menuItemsGetHomeMenu
 .text.menuItemsGetHomeMenuSize
                0x000042a0        0x4 MENU/menu_items.o
                0x000042a0                menuItemsGetHomeMenuSize
 .text.menuPortsioInit
                0x000042a4        0xe MENU/menu_portsio.o
                0x000042a4                menuPortsioInit
 .text.SPIInit  0x000042b2       0x1e SPI/spi.o
                0x000042b2                SPIInit
 .text.SPIClose
                0x000042d0        0xa SPI/spi.o
                0x000042d0                SPIClose
 .text.SPIWrite
                0x000042da       0x2c SPI/spi.o
                0x000042da                SPIWrite
 .text.__vector_18
                0x00004306       0x58 UART/UART.o
                0x00004306                __vector_18
 .text.__vector_19
                0x0000435e       0x4a UART/UART.o
                0x0000435e                __vector_19
 .text.uart_init
                0x000043a8       0x2c UART/UART.o
                0x000043a8                uart_init
 .text.uart_putc
                0x000043d4       0x22 UART/UART.o
                0x000043d4                uart_putc
 .text.uart_puts
                0x000043f6       0x1e UART/UART.o
                0x000043f6                uart_puts
 .text.uart_puts_p
                0x00004414       0x24 UART/UART.o
                0x00004414                uart_puts_p
 .text.__vector_30
                0x00004438       0x5c UART/UART.o
                0x00004438                __vector_30
 .text.__vector_31
                0x00004494       0x54 UART/UART.o
                0x00004494                __vector_31
 .text.uart_puti
                0x000044e8       0x36 UART/UART.o
                0x000044e8                uart_puti
 .text.ftoa     0x0000451e      0x112 Utils/ftoa.o
                0x0000451e                ftoa
 .text.avr-libc.fplib
                0x00004630        0xe c:/program files (x86)/atmel/studio/7.0/toolchain/avr8/avr8-gnu-toolchain/bin/../lib/gcc/avr/5.4.0/../../../../avr/lib/avr5\libm.a(addsf3.o)
                0x00004630                __subsf3
                0x00004632                __addsf3
 .text.avr-libc.fplib
                0x0000463e       0xcc c:/program files (x86)/atmel/studio/7.0/toolchain/avr8/avr8-gnu-toolchain/bin/../lib/gcc/avr/5.4.0/../../../../avr/lib/avr5\libm.a(addsf3x.o)
                0x00004660                __addsf3x
 .text.avr-libc.fplib
                0x0000470a        0xa c:/program files (x86)/atmel/studio/7.0/toolchain/avr8/avr8-gnu-toolchain/bin/../lib/gcc/avr/5.4.0/../../../../avr/lib/avr5\libm.a(cmpsf2.o)
                0x0000470a                __nesf2
                0x0000470a                __eqsf2
                0x0000470a                __cmpsf2
                0x0000470a                __ltsf2
                0x0000470a                __lesf2
 .text.avr-libc.fplib
                0x00004714        0x8 c:/program files (x86)/atmel/studio/7.0/toolchain/avr8/avr8-gnu-toolchain/bin/../lib/gcc/avr/5.4.0/../../../../avr/lib/avr5\libm.a(divsf3.o)
                0x00004714                __divsf3
 .text.avr-libc.fplib
                0x0000471c       0xdc c:/program files (x86)/atmel/studio/7.0/toolchain/avr8/avr8-gnu-toolchain/bin/../lib/gcc/avr/5.4.0/../../../../avr/lib/avr5\libm.a(divsf3x.o)
                0x0000473c                __divsf3x
                0x00004742                __divsf3_pse
 .text.avr-libc.fplib
                0x000047f8        0xe c:/program files (x86)/atmel/studio/7.0/toolchain/avr8/avr8-gnu-toolchain/bin/../lib/gcc/avr/5.4.0/../../../../avr/lib/avr5\libm.a(fixsfsi.o)
                0x000047f8                __fixsfsi
 .text.avr-libc.fplib
                0x00004806       0x5e c:/program files (x86)/atmel/studio/7.0/toolchain/avr8/avr8-gnu-toolchain/bin/../lib/gcc/avr/5.4.0/../../../../avr/lib/avr5\libm.a(fixunssfsi.o)
                0x00004806                __fixunssfsi
 .text.avr-libc.fplib
                0x00004864       0x7a c:/program files (x86)/atmel/studio/7.0/toolchain/avr8/avr8-gnu-toolchain/bin/../lib/gcc/avr/5.4.0/../../../../avr/lib/avr5\libm.a(floatsisf.o)
                0x00004864                __floatunsisf
                0x00004868                __floatsisf
 .text.avr-libc.fplib
                0x000048de       0x48 c:/program files (x86)/atmel/studio/7.0/toolchain/avr8/avr8-gnu-toolchain/bin/../lib/gcc/avr/5.4.0/../../../../avr/lib/avr5\libm.a(fp_cmp.o)
                0x000048de                __fp_cmp
 .text.avr-libc.fplib
                0x00004926        0xc c:/program files (x86)/atmel/studio/7.0/toolchain/avr8/avr8-gnu-toolchain/bin/../lib/gcc/avr/5.4.0/../../../../avr/lib/avr5\libm.a(fp_inf.o)
                0x00004926                __fp_inf
 .text.avr-libc.fplib
                0x00004932        0x6 c:/program files (x86)/atmel/studio/7.0/toolchain/avr8/avr8-gnu-toolchain/bin/../lib/gcc/avr/5.4.0/../../../../avr/lib/avr5\libm.a(fp_nan.o)
                0x00004932                __fp_nan
 .text.avr-libc.fplib
                0x00004938        0xe c:/program files (x86)/atmel/studio/7.0/toolchain/avr8/avr8-gnu-toolchain/bin/../lib/gcc/avr/5.4.0/../../../../avr/lib/avr5\libm.a(fp_pscA.o)
                0x00004938                __fp_pscA
 .text.avr-libc.fplib
                0x00004946        0xe c:/program files (x86)/atmel/studio/7.0/toolchain/avr8/avr8-gnu-toolchain/bin/../lib/gcc/avr/5.4.0/../../../../avr/lib/avr5\libm.a(fp_pscB.o)
                0x00004946                __fp_pscB
 .text.avr-libc.fplib
                0x00004954       0x22 c:/program files (x86)/atmel/studio/7.0/toolchain/avr8/avr8-gnu-toolchain/bin/../lib/gcc/avr/5.4.0/../../../../avr/lib/avr5\libm.a(fp_round.o)
                0x00004954                __fp_round
 .text.avr-libc.fplib
                0x00004976       0x44 c:/program files (x86)/atmel/studio/7.0/toolchain/avr8/avr8-gnu-toolchain/bin/../lib/gcc/avr/5.4.0/../../../../avr/lib/avr5\libm.a(fp_split3.o)
                0x00004976                __fp_split3
                0x00004986                __fp_splitA
 .text.avr-libc.fplib
                0x000049ba        0xe c:/program files (x86)/atmel/studio/7.0/toolchain/avr8/avr8-gnu-toolchain/bin/../lib/gcc/avr/5.4.0/../../../../avr/lib/avr5\libm.a(fp_zero.o)
                0x000049ba                __fp_zero
                0x000049bc                __fp_szero
 .text.avr-libc.fplib
                0x000049c8        0xa c:/program files (x86)/atmel/studio/7.0/toolchain/avr8/avr8-gnu-toolchain/bin/../lib/gcc/avr/5.4.0/../../../../avr/lib/avr5\libm.a(gesf2.o)
                0x000049c8                __gesf2
                0x000049c8                __gtsf2
 .text.avr-libc.fplib
                0x000049d2        0x8 c:/program files (x86)/atmel/studio/7.0/toolchain/avr8/avr8-gnu-toolchain/bin/../lib/gcc/avr/5.4.0/../../../../avr/lib/avr5\libm.a(mulsf3.o)
                0x000049d2                __mulsf3
 .text.avr-libc.fplib
                0x000049da       0xd2 c:/program files (x86)/atmel/studio/7.0/toolchain/avr8/avr8-gnu-toolchain/bin/../lib/gcc/avr/5.4.0/../../../../avr/lib/avr5\libm.a(mulsf3x.o)
                0x000049f8                __mulsf3x
                0x000049fe                __mulsf3_pse
 .text.libgcc.mul
                0x00004aac       0x20 c:/program files (x86)/atmel/studio/7.0/toolchain/avr8/avr8-gnu-toolchain/bin/../lib/gcc/avr/5.4.0/avr5\libgcc.a(_mulsi3.o)
                0x00004aac                __mulsi3
 .text.libgcc   0x00004acc        0xc c:/program files (x86)/atmel/studio/7.0/toolchain/avr8/avr8-gnu-toolchain/bin/../lib/gcc/avr/5.4.0/avr5\libgcc.a(_tablejump2.o)
                0x00004acc                __tablejump2__
 .text.libgcc.mul
                0x00004ad8       0x16 c:/program files (x86)/atmel/studio/7.0/toolchain/avr8/avr8-gnu-toolchain/bin/../lib/gcc/avr/5.4.0/avr5\libgcc.a(_muluhisi3.o)
                0x00004ad8                __muluhisi3
 .text.libgcc.mul
                0x00004aee       0x10 c:/program files (x86)/atmel/studio/7.0/toolchain/avr8/avr8-gnu-toolchain/bin/../lib/gcc/avr/5.4.0/avr5\libgcc.a(_mulshisi3.o)
                0x00004aee                __mulshisi3
                0x00004af4                __mulohisi3
 .text.libgcc.mul
                0x00004afe       0x1e c:/program files (x86)/atmel/studio/7.0/toolchain/avr8/avr8-gnu-toolchain/bin/../lib/gcc/avr/5.4.0/avr5\libgcc.a(_umulhisi3.o)
                0x00004afe                __umulhisi3
 .text.avr-libc
                0x00004b1c       0x16 c:/program files (x86)/atmel/studio/7.0/toolchain/avr8/avr8-gnu-toolchain/bin/../lib/gcc/avr/5.4.0/../../../../avr/lib/avr5\libc.a(itoa_ncheck.o)
                0x00004b1c                __itoa_ncheck
 .text.avr-libc
                0x00004b32       0x34 c:/program files (x86)/atmel/studio/7.0/toolchain/avr8/avr8-gnu-toolchain/bin/../lib/gcc/avr/5.4.0/../../../../avr/lib/avr5\libc.a(utoa_ncheck.o)
                0x00004b32                __utoa_ncheck
                0x00004b34                __utoa_common
 .text.avr-libc
                0x00004b66       0x20 c:/program files (x86)/atmel/studio/7.0/toolchain/avr8/avr8-gnu-toolchain/bin/../lib/gcc/avr/5.4.0/../../../../avr/lib/avr5\libc.a(strrev.o)
                0x00004b66                strrev
 .text.avr-libc
                0x00004b86       0x10 C:/Program Files (x86)/Atmel/Studio/7.0/Packs/atmel/ATmega_DFP/1.2.209/gcc/dev/atmega64a/avr5\libatmega64a.a(eerd_byte.o)
                0x00004b86                eeprom_read_byte
 .text.avr-libc
                0x00004b96        0xc C:/Program Files (x86)/Atmel/Studio/7.0/Packs/atmel/ATmega_DFP/1.2.209/gcc/dev/atmega64a/avr5\libatmega64a.a(eerd_word.o)
                0x00004b96                eeprom_read_word
 .text.avr-libc
                0x00004ba2       0x22 C:/Program Files (x86)/Atmel/Studio/7.0/Packs/atmel/ATmega_DFP/1.2.209/gcc/dev/atmega64a/avr5\libatmega64a.a(eeupd_byte.o)
                0x00004ba2                eeprom_update_byte
                0x00004ba4                eeprom_update_r18
 .text.avr-libc
                0x00004bc4        0xc C:/Program Files (x86)/Atmel/Studio/7.0/Packs/atmel/ATmega_DFP/1.2.209/gcc/dev/atmega64a/avr5\libatmega64a.a(eeupd_word.o)
                0x00004bc4                eeprom_update_word
 .text.avr-libc
                0x00004bd0       0x20 C:/Program Files (x86)/Atmel/Studio/7.0/Packs/atmel/ATmega_DFP/1.2.209/gcc/dev/atmega64a/avr5\libatmega64a.a(eerd_block.o)
                0x00004bd0                eeprom_read_block
                0x00004bd4                eeprom_read_blraw
                0x00004bf0                . = ALIGN (0x2)
 *(.fini9)
 .fini9         0x00004bf0        0x0 c:/program files (x86)/atmel/studio/7.0/toolchain/avr8/avr8-gnu-toolchain/bin/../lib/gcc/avr/5.4.0/avr5\libgcc.a(_exit.o)
                0x00004bf0                _exit
                0x00004bf0                exit
 *(.fini9)
 *(.fini8)
 *(.fini8)
 *(.fini7)
 *(.fini7)
 *(.fini6)
 *(.fini6)
 *(.fini5)
 *(.fini5)
 *(.fini4)
 *(.fini4)
 *(.fini3)
 *(.fini3)
 *(.fini2)
 *(.fini2)
 *(.fini1)
 *(.fini1)
 *(.fini0)
 .fini0         0x00004bf0        0x4 c:/program files (x86)/atmel/studio/7.0/toolchain/avr8/avr8-gnu-toolchain/bin/../lib/gcc/avr/5.4.0/avr5\libgcc.a(_exit.o)
 *(.fini0)
                0x00004bf4                _etext = .

.data           0x00800100      0x4fe load address 0x00004bf4
                0x00800100                PROVIDE (__data_start, .)
 *(.data)
 *(.data*)
 .data.display.2965
                0x00800100        0x1 main.o
 .data.Day      0x00800101        0x1 main.o
                0x00800101                Day
 .data.Month    0x00800102        0x1 main.o
                0x00800102                Month
 .data.Year     0x00800103        0x2 main.o
                0x00800103                Year
 .data.ReturnTempSensorID
                0x00800105        0x1 main.o
                0x00800105                ReturnTempSensorID
 .data.ForwardTempSensorID
                0x00800106        0x1 main.o
                0x00800106                ForwardTempSensorID
 .data.FloorSensorID
                0x00800107        0x1 main.o
                0x00800107                FloorSensorID
 .data.LivingRoomSensorID
                0x00800108        0x1 main.o
                0x00800108                LivingRoomSensorID
 .data.EngineeringSensorID
                0x00800109        0x1 main.o
                0x00800109                EngineeringSensorID
 .data.GarageSensorID
                0x0080010a        0x1 main.o
                0x0080010a                GarageSensorID
 .data.BufferSensorID
                0x0080010b        0x1 main.o
                0x0080010b                BufferSensorID
 .data.ForwardHeatTemp
                0x0080010c        0x1 main.o
                0x0080010c                ForwardHeatTemp
 .data.ComfortForwardTemp
                0x0080010d        0x1 main.o
                0x0080010d                ComfortForwardTemp
 .data.ComfortTemp
                0x0080010e        0x1 main.o
                0x0080010e                ComfortTemp
 .data.PumpPlusTime
                0x0080010f        0x2 main.o
                0x0080010f                PumpPlusTime
 .data.MenuTimer
                0x00800111        0x1 main.o
                0x00800111                MenuTimer
 .data.menu_buttons
                0x00800112       0x14 MENU/menu.o
 .data.current_state
                0x00800126        0x2 MENU/menu.o
 .data.menu_states
                0x00800128       0x23 MENU/menu.o
 .data.home_items
                0x0080014b       0x3f MENU/menu_items.o
 .data.SYSPARAM_submenu
                0x0080018a       0x36 MENU/menu_items.o
 .data.COMFORT_submenu
                0x008001c0       0x1b MENU/menu_items.o
 .data.CLOCK_submenu
                0x008001db       0x36 MENU/menu_items.o
 .data.SENSORS_submenu
                0x00800211       0x5a MENU/menu_items.o
 .data.RELAYS_submenu
                0x0080026b       0x36 MENU/menu_items.o
 .data.ENGINEERING_submenu
                0x008002a1       0x24 MENU/menu_items.o
 .data.BUFFER_submenu
                0x008002c5       0x1b MENU/menu_items.o
 .data.DHW_submenu
                0x008002e0       0x2d MENU/menu_items.o
 .data.DHWHOURS_submenu
                0x0080030d       0x12 MENU/menu_items.o
 .data.BME280_submenu
                0x0080031f       0x1b MENU/menu_items.o
 *(.gnu.linkonce.d*)
 *(.rodata)
 .rodata        0x0080033a       0x24 Utils/ftoa.o
 *(.rodata*)
 .rodata.str1.1
                0x0080035e      0x2a0 MENU/menu_items.o
                                0x2a4 (size before relaxing)
 *(.gnu.linkonce.r*)
                0x008005fe                . = ALIGN (0x2)
                0x008005fe                _edata = .
                0x008005fe                PROVIDE (__data_end, .)

.bss            0x008005fe      0x17b
                0x008005fe                PROVIDE (__bss_start, .)
 *(.bss)
 *(.bss*)
 .bss.pumpplustime.3104
                0x008005fe        0x2 main.o
 .bss.timerstate.2966
                0x00800600        0x1 main.o
 .bss.DayName   0x00800601        0x1 main.o
                0x00800601                DayName
 .bss.ClockInitialized
                0x00800602        0x1 main.o
                0x00800602                ClockInitialized
 .bss.Seconds   0x00800603        0x1 main.o
                0x00800603                Seconds
 .bss.Minute    0x00800604        0x1 main.o
                0x00800604                Minute
 .bss.Hour      0x00800605        0x1 main.o
                0x00800605                Hour
 .bss.DHWSensorID
                0x00800606        0x1 main.o
                0x00800606                DHWSensorID
 .bss.Relays    0x00800607        0x1 main.o
                0x00800607                Relays
 .bss.ComfortMode
                0x00800608        0x1 main.o
                0x00800608                ComfortMode
 .bss.LCDBackLight
                0x00800609        0x1 main.o
                0x00800609                LCDBackLight
 .bss.DebugMode
                0x0080060a        0x1 main.o
                0x0080060a                DebugMode
 .bss.TimerElapsed
                0x0080060b        0x1 main.o
                0x0080060b                TimerElapsed
 .bss.UART1_LastRxError
                0x0080060c        0x1 UART/UART.o
 .bss.UART1_RxTail
                0x0080060d        0x1 UART/UART.o
 .bss.UART1_RxHead
                0x0080060e        0x1 UART/UART.o
 .bss.UART1_TxTail
                0x0080060f        0x1 UART/UART.o
 .bss.UART1_TxHead
                0x00800610        0x1 UART/UART.o
 .bss.UART1_RxBuf
                0x00800611       0x20 UART/UART.o
 .bss.UART1_TxBuf
                0x00800631       0x20 UART/UART.o
 .bss.UART_LastRxError
                0x00800651        0x1 UART/UART.o
 .bss.UART_RxTail
                0x00800652        0x1 UART/UART.o
 .bss.UART_RxHead
                0x00800653        0x1 UART/UART.o
 .bss.UART_TxTail
                0x00800654        0x1 UART/UART.o
 .bss.UART_TxHead
                0x00800655        0x1 UART/UART.o
 .bss.UART_RxBuf
                0x00800656       0x20 UART/UART.o
 .bss.UART_TxBuf
                0x00800676       0x20 UART/UART.o
 *(COMMON)
 COMMON         0x00800696       0x25 BME280/bme280.o
                0x00800696                _bme280_calib
                0x008006b7                t_fine
 COMMON         0x008006bb        0x7 DS18B20/onewire.o
                0x008006bb                OW_OUT
                0x008006bd                OW_PIN_MASK
                0x008006be                OW_IN
                0x008006c0                OW_DDR
 COMMON         0x008006c2       0xb7 main.o
                0x008006c2                EngineeringTempMinMeasured
                0x008006c3                LivingRoomTemp
                0x008006c4                BufferTempMax
                0x008006c5                ForwardTemp
                0x008006c6                EngineeringTempDesired
                0x008006c7                LivingRoomTempBuf
                0x008006cb                BME280Temp
                0x008006cf                BME280Humid
                0x008006d3                FloorTempBuf
                0x008006d7                SwitchOnOutdoorTempMin
                0x008006d9                EngineeringTempActualBuf
                0x008006dd                ReturnTempBuf
                0x008006e1                ReturnTempFracBuf
                0x008006e4                nSensors
                0x008006e5                DHWTempMin
                0x008006e6                DHWTempMax
                0x008006e7                EngineeringTempActual
                0x008006e8                BME280TempMax
                0x008006ec                BME280TempMin
                0x008006f0                DHWTempActualBuf
                0x008006f4                ForwardTempBuf
                0x008006f8                EngineeringTempActualFracBuf
                0x008006fb                DHWTempDesired
                0x008006fc                ReturnTemp
                0x008006fd                FloorTempMin
                0x008006fe                GarageTemp
                0x008006ff                GarageTempMin
                0x00800700                DHWTempActual
                0x00800701                BufferTempActualBuf
                0x00800705                BME280TempInt
                0x00800707                FloorTempFracBuf
                0x0080070a                GarageTempFracBuf
                0x0080070d                DHWMinTime
                0x0080070f                BME280TempBuf
                0x00800717                ForwardTempFracBuf
                0x0080071a                BufferTempMin
                0x0080071b                BufferTempActualFracBuf
                0x0080071e                DHWTempMinMeasured
                0x0080071f                EngineeringTempMax
                0x00800720                DHWMaxTime
                0x00800722                LivingRoomTempFracBuf
                0x00800725                LivingRoomTempMin
                0x00800726                EngineeringTempMin
                0x00800727                FloorTemp
                0x00800728                DHWTempActualFracBuf
                0x0080072b                BME280HumidBuf
                0x00800731                GarageTempMax
                0x00800732                gSensorIDs
                0x00800772                LivingRoomTempMax
                0x00800773                FloorTempMax
                0x00800774                GarageTempBuf
                0x00800778                BufferTempActual
                0x00800779                PROVIDE (__bss_end, .)
                0x00004bf4                __data_load_start = LOADADDR (.data)
                0x000050f2                __data_load_end = (__data_load_start + SIZEOF (.data))

.noinit         0x00800779        0x0
                [!provide]                PROVIDE (__noinit_start, .)
 *(.noinit*)
                [!provide]                PROVIDE (__noinit_end, .)
                0x00800779                _end = .
                [!provide]                PROVIDE (__heap_start, .)

.eeprom         0x00810000       0x1b
 *(.eeprom*)
 .eeprom        0x00810000       0x1b main.o
                0x00810000                eeReturnTempSensorID
                0x00810001                eeForwardTempSensorID
                0x00810002                eeFloorSensorID
                0x00810003                eeLivingRoomSensorID
                0x00810004                eeEngineeringSensorID
                0x00810005                eeGarageSensorID
                0x00810006                eeBufferSensorID
                0x00810007                eeDHWSensorID
                0x00810008                eeSwitchOnOutdoorTempMin
                0x0081000a                eeEngineeringTempMin
                0x0081000b                eeEngineeringTempDesired
                0x0081000c                eeForwardHeatTemp
                0x0081000d                eeDHWMaxTime
                0x0081000f                eeDHWMinTime
                0x00810011                eeDHWTempMin
                0x00810012                eeDHWTempDesired
                0x00810013                eeComfortForwardTemp
                0x00810014                eeComfortTemp
                0x00810015                eeComfortMode
                0x00810016                eePumpPlusTime
                0x00810018                eeLCDBackLight
                0x00810019                eeMenuTimer
                0x0081001a                eeDebugMode
                0x0081001b                __eeprom_end = .

.fuse
 *(.fuse)
 *(.lfuse)
 *(.hfuse)
 *(.efuse)

.lock
 *(.lock*)

.signature
 *(.signature*)

.user_signatures
 *(.user_signatures*)

.stab
 *(.stab)

.stabstr
 *(.stabstr)

.stab.excl
 *(.stab.excl)

.stab.exclstr
 *(.stab.exclstr)

.stab.index
 *(.stab.index)

.stab.indexstr
 *(.stab.indexstr)

.comment        0x00000000       0x30
 *(.comment)
 .comment       0x00000000       0x30 BME280/bme280.o
                                 0x31 (size before relaxing)
 .comment       0x00000030       0x31 DS18B20/crc8.o
 .comment       0x00000030       0x31 DS18B20/ds18x20.o
 .comment       0x00000030       0x31 DS18B20/onewire.o
 .comment       0x00000030       0x31 I2C/i2c_master.o
 .comment       0x00000030       0x31 LCD/lcd.o
 .comment       0x00000030       0x31 main.o
 .comment       0x00000030       0x31 MENU/menu.o
 .comment       0x00000030       0x31 MENU/menu_items.o
 .comment       0x00000030       0x31 MENU/menu_portsio.o
 .comment       0x00000030       0x31 SPI/spi.o
 .comment       0x00000030       0x31 UART/UART.o
 .comment       0x00000030       0x31 Utils/ftoa.o

.note.gnu.avr.deviceinfo
                0x00000000       0x3c
 .note.gnu.avr.deviceinfo
                0x00000000       0x3c C:/Program Files (x86)/Atmel/Studio/7.0/Packs/atmel/ATmega_DFP/1.2.209/gcc/dev/atmega64a/avr5/crtatmega64a.o

.note.gnu.build-id
 *(.note.gnu.build-id)

.debug
 *(.debug)

.line
 *(.line)

.debug_srcinfo
 *(.debug_srcinfo)

.debug_sfnames
 *(.debug_sfnames)

.debug_aranges  0x00000000      0x7a8
 *(.debug_aranges)
 .debug_aranges
                0x00000000       0x78 BME280/bme280.o
 .debug_aranges
                0x00000078       0x20 DS18B20/crc8.o
 .debug_aranges
                0x00000098       0x60 DS18B20/ds18x20.o
 .debug_aranges
                0x000000f8       0x68 DS18B20/onewire.o
 .debug_aranges
                0x00000160       0x68 I2C/i2c_master.o
 .debug_aranges
                0x000001c8       0xc8 LCD/lcd.o
 .debug_aranges
                0x00000290       0x58 main.o
 .debug_aranges
                0x000002e8       0x38 MENU/menu.o
 .debug_aranges
                0x00000320      0x2d8 MENU/menu_items.o
 .debug_aranges
                0x000005f8       0x20 MENU/menu_portsio.o
 .debug_aranges
                0x00000618       0x30 SPI/spi.o
 .debug_aranges
                0x00000648       0xa0 UART/UART.o
 .debug_aranges
                0x000006e8       0x20 Utils/ftoa.o
 .debug_aranges
                0x00000708       0x20 C:/Program Files (x86)/Atmel/Studio/7.0/Packs/atmel/ATmega_DFP/1.2.209/gcc/dev/atmega64a/avr5\libatmega64a.a(eerd_byte.o)
 .debug_aranges
                0x00000728       0x20 C:/Program Files (x86)/Atmel/Studio/7.0/Packs/atmel/ATmega_DFP/1.2.209/gcc/dev/atmega64a/avr5\libatmega64a.a(eerd_word.o)
 .debug_aranges
                0x00000748       0x20 C:/Program Files (x86)/Atmel/Studio/7.0/Packs/atmel/ATmega_DFP/1.2.209/gcc/dev/atmega64a/avr5\libatmega64a.a(eeupd_byte.o)
 .debug_aranges
                0x00000768       0x20 C:/Program Files (x86)/Atmel/Studio/7.0/Packs/atmel/ATmega_DFP/1.2.209/gcc/dev/atmega64a/avr5\libatmega64a.a(eeupd_word.o)
 .debug_aranges
                0x00000788       0x20 C:/Program Files (x86)/Atmel/Studio/7.0/Packs/atmel/ATmega_DFP/1.2.209/gcc/dev/atmega64a/avr5\libatmega64a.a(eerd_block.o)

.debug_pubnames
 *(.debug_pubnames)

.debug_info     0x00000000     0xa49f
 *(.debug_info .gnu.linkonce.wi.*)
 .debug_info    0x00000000      0x780 C:/Program Files (x86)/Atmel/Studio/7.0/Packs/atmel/ATmega_DFP/1.2.209/gcc/dev/atmega64a/avr5/crtatmega64a.o
 .debug_info    0x00000780      0xb20 BME280/bme280.o
 .debug_info    0x000012a0      0x106 DS18B20/crc8.o
 .debug_info    0x000013a6      0x60f DS18B20/ds18x20.o
 .debug_info    0x000019b5      0x499 DS18B20/onewire.o
 .debug_info    0x00001e4e      0x3fe I2C/i2c_master.o
 .debug_info    0x0000224c      0x9f7 LCD/lcd.o
 .debug_info    0x00002c43     0x21d0 main.o
 .debug_info    0x00004e13      0x77e MENU/menu.o
 .debug_info    0x00005591     0x40be MENU/menu_items.o
 .debug_info    0x0000964f       0x9a MENU/menu_portsio.o
 .debug_info    0x000096e9       0xce SPI/spi.o
 .debug_info    0x000097b7      0x753 UART/UART.o
 .debug_info    0x00009f0a      0x23b Utils/ftoa.o
 .debug_info    0x0000a145       0xab C:/Program Files (x86)/Atmel/Studio/7.0/Packs/atmel/ATmega_DFP/1.2.209/gcc/dev/atmega64a/avr5\libatmega64a.a(eerd_byte.o)
 .debug_info    0x0000a1f0       0xab C:/Program Files (x86)/Atmel/Studio/7.0/Packs/atmel/ATmega_DFP/1.2.209/gcc/dev/atmega64a/avr5\libatmega64a.a(eerd_word.o)
 .debug_info    0x0000a29b       0xac C:/Program Files (x86)/Atmel/Studio/7.0/Packs/atmel/ATmega_DFP/1.2.209/gcc/dev/atmega64a/avr5\libatmega64a.a(eeupd_byte.o)
 .debug_info    0x0000a347       0xac C:/Program Files (x86)/Atmel/Studio/7.0/Packs/atmel/ATmega_DFP/1.2.209/gcc/dev/atmega64a/avr5\libatmega64a.a(eeupd_word.o)
 .debug_info    0x0000a3f3       0xac C:/Program Files (x86)/Atmel/Studio/7.0/Packs/atmel/ATmega_DFP/1.2.209/gcc/dev/atmega64a/avr5\libatmega64a.a(eerd_block.o)

.debug_abbrev   0x00000000     0x1dee
 *(.debug_abbrev)
 .debug_abbrev  0x00000000      0x718 C:/Program Files (x86)/Atmel/Studio/7.0/Packs/atmel/ATmega_DFP/1.2.209/gcc/dev/atmega64a/avr5/crtatmega64a.o
 .debug_abbrev  0x00000718      0x1fb BME280/bme280.o
 .debug_abbrev  0x00000913       0x8b DS18B20/crc8.o
 .debug_abbrev  0x0000099e      0x186 DS18B20/ds18x20.o
 .debug_abbrev  0x00000b24      0x1b9 DS18B20/onewire.o
 .debug_abbrev  0x00000cdd      0x14c I2C/i2c_master.o
 .debug_abbrev  0x00000e29      0x2c6 LCD/lcd.o
 .debug_abbrev  0x000010ef      0x2ea main.o
 .debug_abbrev  0x000013d9      0x23f MENU/menu.o
 .debug_abbrev  0x00001618      0x325 MENU/menu_items.o
 .debug_abbrev  0x0000193d       0x6b MENU/menu_portsio.o
 .debug_abbrev  0x000019a8       0x87 SPI/spi.o
 .debug_abbrev  0x00001a2f      0x1e1 UART/UART.o
 .debug_abbrev  0x00001c10      0x17a Utils/ftoa.o
 .debug_abbrev  0x00001d8a       0x14 C:/Program Files (x86)/Atmel/Studio/7.0/Packs/atmel/ATmega_DFP/1.2.209/gcc/dev/atmega64a/avr5\libatmega64a.a(eerd_byte.o)
 .debug_abbrev  0x00001d9e       0x14 C:/Program Files (x86)/Atmel/Studio/7.0/Packs/atmel/ATmega_DFP/1.2.209/gcc/dev/atmega64a/avr5\libatmega64a.a(eerd_word.o)
 .debug_abbrev  0x00001db2       0x14 C:/Program Files (x86)/Atmel/Studio/7.0/Packs/atmel/ATmega_DFP/1.2.209/gcc/dev/atmega64a/avr5\libatmega64a.a(eeupd_byte.o)
 .debug_abbrev  0x00001dc6       0x14 C:/Program Files (x86)/Atmel/Studio/7.0/Packs/atmel/ATmega_DFP/1.2.209/gcc/dev/atmega64a/avr5\libatmega64a.a(eeupd_word.o)
 .debug_abbrev  0x00001dda       0x14 C:/Program Files (x86)/Atmel/Studio/7.0/Packs/atmel/ATmega_DFP/1.2.209/gcc/dev/atmega64a/avr5\libatmega64a.a(eerd_block.o)

.debug_line     0x00000000     0x48ea
 *(.debug_line .debug_line.* .debug_line_end)
 .debug_line    0x00000000      0x169 C:/Program Files (x86)/Atmel/Studio/7.0/Packs/atmel/ATmega_DFP/1.2.209/gcc/dev/atmega64a/avr5/crtatmega64a.o
 .debug_line    0x00000169      0x463 BME280/bme280.o
 .debug_line    0x000005cc       0xf1 DS18B20/crc8.o
 .debug_line    0x000006bd      0x397 DS18B20/ds18x20.o
 .debug_line    0x00000a54      0x36e DS18B20/onewire.o
 .debug_line    0x00000dc2      0x318 I2C/i2c_master.o
 .debug_line    0x000010da      0x71d LCD/lcd.o
 .debug_line    0x000017f7      0xb38 main.o
 .debug_line    0x0000232f      0x3b5 MENU/menu.o
 .debug_line    0x000026e4     0x186e MENU/menu_items.o
 .debug_line    0x00003f52       0xb2 MENU/menu_portsio.o
 .debug_line    0x00004004      0x10c SPI/spi.o
 .debug_line    0x00004110      0x451 UART/UART.o
 .debug_line    0x00004561       0xeb Utils/ftoa.o
 .debug_line    0x0000464c       0x7a C:/Program Files (x86)/Atmel/Studio/7.0/Packs/atmel/ATmega_DFP/1.2.209/gcc/dev/atmega64a/avr5\libatmega64a.a(eerd_byte.o)
 .debug_line    0x000046c6       0x67 C:/Program Files (x86)/Atmel/Studio/7.0/Packs/atmel/ATmega_DFP/1.2.209/gcc/dev/atmega64a/avr5\libatmega64a.a(eerd_word.o)
 .debug_line    0x0000472d       0xb0 C:/Program Files (x86)/Atmel/Studio/7.0/Packs/atmel/ATmega_DFP/1.2.209/gcc/dev/atmega64a/avr5\libatmega64a.a(eeupd_byte.o)
 .debug_line    0x000047dd       0x62 C:/Program Files (x86)/Atmel/Studio/7.0/Packs/atmel/ATmega_DFP/1.2.209/gcc/dev/atmega64a/avr5\libatmega64a.a(eeupd_word.o)
 .debug_line    0x0000483f       0xab C:/Program Files (x86)/Atmel/Studio/7.0/Packs/atmel/ATmega_DFP/1.2.209/gcc/dev/atmega64a/avr5\libatmega64a.a(eerd_block.o)

.debug_frame    0x00000000     0x14ac
 *(.debug_frame)
 .debug_frame   0x00000000      0x1f8 BME280/bme280.o
 .debug_frame   0x000001f8       0x24 DS18B20/crc8.o
 .debug_frame   0x0000021c      0x194 DS18B20/ds18x20.o
 .debug_frame   0x000003b0      0x100 DS18B20/onewire.o
 .debug_frame   0x000004b0      0x15c I2C/i2c_master.o
 .debug_frame   0x0000060c      0x20c LCD/lcd.o
 .debug_frame   0x00000818      0x110 main.o
 .debug_frame   0x00000928       0xc0 MENU/menu.o
 .debug_frame   0x000009e8      0x7e4 MENU/menu_items.o
 .debug_frame   0x000011cc       0x24 MENU/menu_portsio.o
 .debug_frame   0x000011f0       0x44 SPI/spi.o
 .debug_frame   0x00001234      0x1f4 UART/UART.o
 .debug_frame   0x00001428       0x84 Utils/ftoa.o

.debug_str      0x00000000     0x2178
 *(.debug_str)
 .debug_str     0x00000000      0x27e C:/Program Files (x86)/Atmel/Studio/7.0/Packs/atmel/ATmega_DFP/1.2.209/gcc/dev/atmega64a/avr5/crtatmega64a.o
 .debug_str     0x0000027e      0x5ae BME280/bme280.o
                                0x5fe (size before relaxing)
 .debug_str     0x0000082c       0x5b DS18B20/crc8.o
                                0x1a4 (size before relaxing)
 .debug_str     0x00000887      0x19d DS18B20/ds18x20.o
                                0x2ff (size before relaxing)
 .debug_str     0x00000a24       0x7a DS18B20/onewire.o
                                0x22e (size before relaxing)
 .debug_str     0x00000a9e       0x6c I2C/i2c_master.o
                                0x1f4 (size before relaxing)
 .debug_str     0x00000b0a      0x18e LCD/lcd.o
                                0x2ea (size before relaxing)
 .debug_str     0x00000c98      0x6a9 main.o
                                0xb68 (size before relaxing)
 .debug_str     0x00001341      0x218 MENU/menu.o
                                0x43c (size before relaxing)
 .debug_str     0x00001559      0xa35 MENU/menu_items.o
                               0x1243 (size before relaxing)
 .debug_str     0x00001f8e       0x33 MENU/menu_portsio.o
                                0x17e (size before relaxing)
 .debug_str     0x00001fc1        0xd SPI/spi.o
                                0x16f (size before relaxing)
 .debug_str     0x00001fce      0x180 UART/UART.o
                                0x356 (size before relaxing)
 .debug_str     0x0000214e       0x2a Utils/ftoa.o
                                0x1a5 (size before relaxing)

.debug_loc      0x00000000     0x7346
 *(.debug_loc)
 .debug_loc     0x00000000      0x949 BME280/bme280.o
 .debug_loc     0x00000949      0x1c0 DS18B20/crc8.o
 .debug_loc     0x00000b09      0x83d DS18B20/ds18x20.o
 .debug_loc     0x00001346      0x4cc DS18B20/onewire.o
 .debug_loc     0x00001812      0x6b8 I2C/i2c_master.o
 .debug_loc     0x00001eca      0xa81 LCD/lcd.o
 .debug_loc     0x0000294b      0x6bc main.o
 .debug_loc     0x00003007      0x3b1 MENU/menu.o
 .debug_loc     0x000033b8     0x342b MENU/menu_items.o
 .debug_loc     0x000067e3       0x21 SPI/spi.o
 .debug_loc     0x00006804      0x770 UART/UART.o
 .debug_loc     0x00006f74      0x3d2 Utils/ftoa.o

.debug_macinfo
 *(.debug_macinfo)

.debug_weaknames
 *(.debug_weaknames)

.debug_funcnames
 *(.debug_funcnames)

.debug_typenames
 *(.debug_typenames)

.debug_varnames
 *(.debug_varnames)

.debug_pubtypes
 *(.debug_pubtypes)

.debug_ranges   0x00000000      0x770
 *(.debug_ranges)
 .debug_ranges  0x00000000       0x68 BME280/bme280.o
 .debug_ranges  0x00000068       0x10 DS18B20/crc8.o
 .debug_ranges  0x00000078       0x50 DS18B20/ds18x20.o
 .debug_ranges  0x000000c8       0x58 DS18B20/onewire.o
 .debug_ranges  0x00000120       0x88 I2C/i2c_master.o
 .debug_ranges  0x000001a8       0xe8 LCD/lcd.o
 .debug_ranges  0x00000290       0x68 main.o
 .debug_ranges  0x000002f8       0xb0 MENU/menu.o
 .debug_ranges  0x000003a8      0x2c8 MENU/menu_items.o
 .debug_ranges  0x00000670       0x10 MENU/menu_portsio.o
 .debug_ranges  0x00000680       0x20 SPI/spi.o
 .debug_ranges  0x000006a0       0xc0 UART/UART.o
 .debug_ranges  0x00000760       0x10 Utils/ftoa.o

.debug_macro
 *(.debug_macro)
OUTPUT(futes_vezerlo.elf elf32-avr)
LOAD linker stubs
