Archive member included to satisfy reference by file (symbol)

c:/program files (x86)/atmel/studio/7.0/toolchain/avr8/avr8-gnu-toolchain/bin/../lib/gcc/avr/5.4.0/../../../../avr/lib/avr5\libm.a(addsf3.o)
                              BME280/bme280.o (__subsf3)
c:/program files (x86)/atmel/studio/7.0/toolchain/avr8/avr8-gnu-toolchain/bin/../lib/gcc/avr/5.4.0/../../../../avr/lib/avr5\libm.a(addsf3x.o)
                              c:/program files (x86)/atmel/studio/7.0/toolchain/avr8/avr8-gnu-toolchain/bin/../lib/gcc/avr/5.4.0/../../../../avr/lib/avr5\libm.a(addsf3.o) (__addsf3x)
c:/program files (x86)/atmel/studio/7.0/toolchain/avr8/avr8-gnu-toolchain/bin/../lib/gcc/avr/5.4.0/../../../../avr/lib/avr5\libm.a(cmpsf2.o)
                              main.o (__ltsf2)
c:/program files (x86)/atmel/studio/7.0/toolchain/avr8/avr8-gnu-toolchain/bin/../lib/gcc/avr/5.4.0/../../../../avr/lib/avr5\libm.a(divsf3.o)
                              BME280/bme280.o (__divsf3)
c:/program files (x86)/atmel/studio/7.0/toolchain/avr8/avr8-gnu-toolchain/bin/../lib/gcc/avr/5.4.0/../../../../avr/lib/avr5\libm.a(divsf3x.o)
                              c:/program files (x86)/atmel/studio/7.0/toolchain/avr8/avr8-gnu-toolchain/bin/../lib/gcc/avr/5.4.0/../../../../avr/lib/avr5\libm.a(divsf3.o) (__divsf3x)
c:/program files (x86)/atmel/studio/7.0/toolchain/avr8/avr8-gnu-toolchain/bin/../lib/gcc/avr/5.4.0/../../../../avr/lib/avr5\libm.a(fixsfsi.o)
                              main.o (__fixsfsi)
c:/program files (x86)/atmel/studio/7.0/toolchain/avr8/avr8-gnu-toolchain/bin/../lib/gcc/avr/5.4.0/../../../../avr/lib/avr5\libm.a(fixunssfsi.o)
                              c:/program files (x86)/atmel/studio/7.0/toolchain/avr8/avr8-gnu-toolchain/bin/../lib/gcc/avr/5.4.0/../../../../avr/lib/avr5\libm.a(fixsfsi.o) (__fixunssfsi)
c:/program files (x86)/atmel/studio/7.0/toolchain/avr8/avr8-gnu-toolchain/bin/../lib/gcc/avr/5.4.0/../../../../avr/lib/avr5\libm.a(floatdisf.o)
                              BME280/bme280.o (__floatdisf)
c:/program files (x86)/atmel/studio/7.0/toolchain/avr8/avr8-gnu-toolchain/bin/../lib/gcc/avr/5.4.0/../../../../avr/lib/avr5\libm.a(floatsisf.o)
                              BME280/bme280.o (__floatunsisf)
c:/program files (x86)/atmel/studio/7.0/toolchain/avr8/avr8-gnu-toolchain/bin/../lib/gcc/avr/5.4.0/../../../../avr/lib/avr5\libm.a(floatundisf.o)
                              c:/program files (x86)/atmel/studio/7.0/toolchain/avr8/avr8-gnu-toolchain/bin/../lib/gcc/avr/5.4.0/../../../../avr/lib/avr5\libm.a(floatdisf.o) (__fp_di2sf)
c:/program files (x86)/atmel/studio/7.0/toolchain/avr8/avr8-gnu-toolchain/bin/../lib/gcc/avr/5.4.0/../../../../avr/lib/avr5\libm.a(fp_cmp.o)
                              c:/program files (x86)/atmel/studio/7.0/toolchain/avr8/avr8-gnu-toolchain/bin/../lib/gcc/avr/5.4.0/../../../../avr/lib/avr5\libm.a(cmpsf2.o) (__fp_cmp)
c:/program files (x86)/atmel/studio/7.0/toolchain/avr8/avr8-gnu-toolchain/bin/../lib/gcc/avr/5.4.0/../../../../avr/lib/avr5\libm.a(fp_inf.o)
                              c:/program files (x86)/atmel/studio/7.0/toolchain/avr8/avr8-gnu-toolchain/bin/../lib/gcc/avr/5.4.0/../../../../avr/lib/avr5\libm.a(addsf3x.o) (__fp_inf)
c:/program files (x86)/atmel/studio/7.0/toolchain/avr8/avr8-gnu-toolchain/bin/../lib/gcc/avr/5.4.0/../../../../avr/lib/avr5\libm.a(fp_nan.o)
                              c:/program files (x86)/atmel/studio/7.0/toolchain/avr8/avr8-gnu-toolchain/bin/../lib/gcc/avr/5.4.0/../../../../avr/lib/avr5\libm.a(addsf3x.o) (__fp_nan)
c:/program files (x86)/atmel/studio/7.0/toolchain/avr8/avr8-gnu-toolchain/bin/../lib/gcc/avr/5.4.0/../../../../avr/lib/avr5\libm.a(fp_negdi.o)
                              c:/program files (x86)/atmel/studio/7.0/toolchain/avr8/avr8-gnu-toolchain/bin/../lib/gcc/avr/5.4.0/../../../../avr/lib/avr5\libm.a(floatdisf.o) (__fp_negdi)
c:/program files (x86)/atmel/studio/7.0/toolchain/avr8/avr8-gnu-toolchain/bin/../lib/gcc/avr/5.4.0/../../../../avr/lib/avr5\libm.a(fp_pscA.o)
                              c:/program files (x86)/atmel/studio/7.0/toolchain/avr8/avr8-gnu-toolchain/bin/../lib/gcc/avr/5.4.0/../../../../avr/lib/avr5\libm.a(addsf3x.o) (__fp_pscA)
c:/program files (x86)/atmel/studio/7.0/toolchain/avr8/avr8-gnu-toolchain/bin/../lib/gcc/avr/5.4.0/../../../../avr/lib/avr5\libm.a(fp_pscB.o)
                              c:/program files (x86)/atmel/studio/7.0/toolchain/avr8/avr8-gnu-toolchain/bin/../lib/gcc/avr/5.4.0/../../../../avr/lib/avr5\libm.a(addsf3x.o) (__fp_pscB)
c:/program files (x86)/atmel/studio/7.0/toolchain/avr8/avr8-gnu-toolchain/bin/../lib/gcc/avr/5.4.0/../../../../avr/lib/avr5\libm.a(fp_round.o)
                              c:/program files (x86)/atmel/studio/7.0/toolchain/avr8/avr8-gnu-toolchain/bin/../lib/gcc/avr/5.4.0/../../../../avr/lib/avr5\libm.a(addsf3.o) (__fp_round)
c:/program files (x86)/atmel/studio/7.0/toolchain/avr8/avr8-gnu-toolchain/bin/../lib/gcc/avr/5.4.0/../../../../avr/lib/avr5\libm.a(fp_split3.o)
[...]
Memory Configuration

Name             Origin             Length             Attributes
text             0x00000000         0x00020000         xr
data             0x00800060         0x0000ffa0         rw !x
eeprom           0x00810000         0x00010000         rw !x
fuse             0x00820000         0x00000003         rw !x
lock             0x00830000         0x00000400         rw !x
signature        0x00840000         0x00000400         rw !x
user_signatures  0x00850000         0x00000400         rw !x
*default*        0x00000000         0xffffffff

Linker script and memory map

Address of section .data set to 0x800100
LOAD C:/Program Files (x86)/Atmel/Studio/7.0/Packs/atmel/ATmega_DFP/1.2.209/gcc/dev/atmega64a/avr5/crtatmega64a.o
LOAD BME280/bme280.o
LOAD DS18B20/crc8.o
LOAD DS18B20/delay.o
LOAD DS18B20/ds18x20.o
LOAD DS18B20/onewire.o
LOAD I2C/i2c_master.o
LOAD LCD/lcd.o
LOAD main.o
LOAD MAX31865/max31865.o
LOAD MENU/menu.o
LOAD MENU/menu_items.o
LOAD MENU/menu_portsio.o
LOAD SPI/spi.o
LOAD UART/UART.o
LOAD Utils/ftoa.o
START GROUP
LOAD c:/program files (x86)/atmel/studio/7.0/toolchain/avr8/avr8-gnu-toolchain/bin/../lib/gcc/avr/5.4.0/../../../../avr/lib/avr5\libm.a
END GROUP
START GROUP
LOAD c:/program files (x86)/atmel/studio/7.0/toolchain/avr8/avr8-gnu-toolchain/bin/../lib/gcc/avr/5.4.0/avr5\libgcc.a
LOAD c:/program files (x86)/atmel/studio/7.0/toolchain/avr8/avr8-gnu-toolchain/bin/../lib/gcc/avr/5.4.0/../../../../avr/lib/avr5\libm.a
LOAD c:/program files (x86)/atmel/studio/7.0/toolchain/avr8/avr8-gnu-toolchain/bin/../lib/gcc/avr/5.4.0/../../../../avr/lib/avr5\libc.a
LOAD C:/Program Files (x86)/Atmel/Studio/7.0/Packs/atmel/ATmega_DFP/1.2.209/gcc/dev/atmega64a/avr5\libatmega64a.a
END GROUP
                0x00020000                __TEXT_REGION_LENGTH__ = DEFINED (__TEXT_REGION_LENGTH__)?__TEXT_REGION_LENGTH__:0x20000
                0x0000ffa0                __DATA_REGION_LENGTH__ = DEFINED (__DATA_REGION_LENGTH__)?__DATA_REGION_LENGTH__:0xffa0
                0x00010000                __EEPROM_REGION_LENGTH__ = DEFINED (__EEPROM_REGION_LENGTH__)?__EEPROM_REGION_LENGTH__:0x10000
                [0x00000003]                __FUSE_REGION_LENGTH__ = DEFINED (__FUSE_REGION_LENGTH__)?__FUSE_REGION_LENGTH__:0x400
                0x00000400                __LOCK_REGION_LENGTH__ = DEFINED (__LOCK_REGION_LENGTH__)?__LOCK_REGION_LENGTH__:0x400
                0x00000400                __SIGNATURE_REGION_LENGTH__ = DEFINED (__SIGNATURE_REGION_LENGTH__)?__SIGNATURE_REGION_LENGTH__:0x400
                0x00000400                __USER_SIGNATURE_REGION_LENGTH__ = DEFINED (__USER_SIGNATURE_REGION_LENGTH__)?__USER_SIGNATURE_REGION_LENGTH__:0x400

.hash
 *(.hash)

.dynsym
 *(.dynsym)

.dynstr
 *(.dynstr)

.gnu.version
 *(.gnu.version)

.gnu.version_d
 *(.gnu.version_d)

.gnu.version_r
 *(.gnu.version_r)

.rel.init
 *(.rel.init)

.rela.init
 *(.rela.init)

.rel.text
 *(.rel.text)
 *(.rel.text.*)
 *(.rel.gnu.linkonce.t*)

.rela.text
 *(.rela.text)
 *(.rela.text.*)
 *(.rela.gnu.linkonce.t*)

.rel.fini
 *(.rel.fini)

.rela.fini
 *(.rela.fini)

.rel.rodata
 *(.rel.rodata)
 *(.rel.rodata.*)
 *(.rel.gnu.linkonce.r*)

.rela.rodata
 *(.rela.rodata)
 *(.rela.rodata.*)
 *(.rela.gnu.linkonce.r*)

.rel.data
 *(.rel.data)
 *(.rel.data.*)
 *(.rel.gnu.linkonce.d*)

.rela.data
 *(.rela.data)
 *(.rela.data.*)
 *(.rela.gnu.linkonce.d*)

.rel.ctors
 *(.rel.ctors)

.rela.ctors
 *(.rela.ctors)

.rel.dtors
 *(.rel.dtors)

.rela.dtors
 *(.rela.dtors)

.rel.got
 *(.rel.got)

.rela.got
 *(.rela.got)

.rel.bss
 *(.rel.bss)

.rela.bss
 *(.rela.bss)

.rel.plt
 *(.rel.plt)

.rela.plt
 *(.rela.plt)

.text           0x00000000     0x5bf6
 *(.vectors)
 .vectors       0x00000000       0x8c C:/Program Files (x86)/Atmel/Studio/7.0/Packs/atmel/ATmega_DFP/1.2.209/gcc/dev/atmega64a/avr5/crtatmega64a.o
                0x00000000                __vector_default
                0x00000000                __vectors
 *(.vectors)
 *(.progmem.gcc*)
 .progmem.gcc_sw_table.lcd_putc_hu
                0x0000008c       0x78 LCD/lcd.o
 .progmem.gcc_sw_table.SensorRead
                0x00000104        0xe main.o
 .progmem.gcc_sw_table.main
                0x00000112       0x28 main.o
 .progmem.gcc_sw_table.ClockDayName_CallbackRender
                0x0000013a        0xe MENU/menu_items.o
                0x00000148                . = ALIGN (0x2)
                0x00000148                __trampolines_start = .
 *(.trampolines)
 .trampolines   0x00000148        0x0 linker stubs
 *(.trampolines*)
                0x00000148                __trampolines_end = .
 *libprintf_flt.a:*(.progmem.data)
 *libc.a:*(.progmem.data)
 *(.progmem*)
 .progmem.data.__c.2398
                0x00000148       0x1c BME280/bme280.o
 .progmem.data.magyar_betuk
                0x00000164       0x38 LCD/lcd.o
 .progmem.data.__c.3305
                0x0000019c        0x2 main.o
 .progmem.data.__c.3302
                0x0000019e        0x2 main.o
 .progmem.data.__c.3299
                0x000001a0        0x2 main.o
 .progmem.data.__c.3296
                0x000001a2        0x2 main.o
 .progmem.data.__c.3293
                0x000001a4        0x2 main.o
 .progmem.data.__c.3290
                0x000001a6        0x2 main.o
 .progmem.data.__c.3286
                0x000001a8        0x2 main.o
 .progmem.data.__c.3263
                0x000001aa        0x4 main.o
 .progmem.data.__c.3261
                0x000001ae        0xa main.o
 .progmem.data.__c.3259
                0x000001b8       0x12 main.o
 .progmem.data.__c.3257
                0x000001ca        0x7 main.o
 .progmem.data.__c.3255
                0x000001d1       0x13 main.o
 .progmem.data.__c.3253
                0x000001e4        0xf main.o
 .progmem.data.__c.3251
                0x000001f3        0xc main.o
 .progmem.data.__c.3245
                0x000001ff       0x14 main.o
 .progmem.data.__c.3243
                0x00000213       0x14 main.o
 .progmem.data.__c.3228
                0x00000227        0xb main.o
 .progmem.data.__c.3225
                0x00000232       0x11 main.o
 .progmem.data.__c.3223
                0x00000243       0x12 main.o
 .progmem.data.__c.3214
                0x00000255        0x2 main.o
 .progmem.data.__c.3212
                0x00000257        0x5 main.o
 .progmem.data.__c.3204
                0x0000025c        0xb main.o
 .progmem.data.__c.3202
                0x00000267        0xd main.o
 .progmem.data.__c.3200
                0x00000274        0xa main.o
 .progmem.data.__c.3198
                0x0000027e        0xc main.o
 .progmem.data.__c.3196
                0x0000028a        0x9 main.o
 .progmem.data.__c.3193
                0x00000293        0x8 main.o
 .progmem.data.__c.3190
                0x0000029b        0x7 main.o
 .progmem.data.__c.3187
                0x000002a2        0x5 main.o
 .progmem.data.__c.3184
                0x000002a7        0x7 main.o
 .progmem.data.__c.3181
                0x000002ae        0x5 main.o
 .progmem.data.__c.3177
                0x000002b3        0x6 main.o
 .progmem.data.__c.3174
                0x000002b9        0x2 main.o
 .progmem.data.__c.3172
                0x000002bb        0x2 main.o
 .progmem.data.__c.3170
                0x000002bd        0x2 main.o
 .progmem.data.__c.3168
                0x000002bf        0x3 main.o
 .progmem.data.__c.3166
                0x000002c2        0x2 main.o
 .progmem.data.__c.3164
                0x000002c4        0xc main.o
 .progmem.data.__c.3162
                0x000002d0        0x3 main.o
 .progmem.data.__c.3160
                0x000002d3        0x2 main.o
 .progmem.data.__c.3158
                0x000002d5        0xb main.o
 .progmem.data.__c.3156
                0x000002e0        0x3 main.o
 .progmem.data.__c.3154
                0x000002e3        0x2 main.o
 .progmem.data.__c.3152
                0x000002e5        0x7 main.o
 .progmem.data.__c.3150
                0x000002ec        0x3 main.o
 .progmem.data.__c.3148
                0x000002ef        0x2 main.o
 .progmem.data.__c.3146
                0x000002f1        0x9 main.o
 .progmem.data.__c.3144
                0x000002fa        0x3 main.o
 .progmem.data.__c.3142
                0x000002fd        0x2 main.o
 .progmem.data.__c.3140
                0x000002ff        0x8 main.o
 .progmem.data.__c.3138
                0x00000307        0x3 main.o
 .progmem.data.__c.3136
                0x0000030a        0x7 main.o
 .progmem.data.__c.3134
                0x00000311        0x3 main.o
 .progmem.data.__c.3132
                0x00000314        0x2 main.o
 .progmem.data.__c.3130
                0x00000316        0x8 main.o
 .progmem.data.__c.3128
                0x0000031e        0x3 main.o
 .progmem.data.__c.3126
                0x00000321        0x2 main.o
 .progmem.data.__c.3124
                0x00000323        0x8 main.o
 .progmem.data.__c.3122
                0x0000032b        0x3 main.o
 .progmem.data.__c.3120
                0x0000032e        0x2 main.o
 .progmem.data.__c.3118
                0x00000330        0x5 main.o
 .progmem.data.__c.3115
                0x00000335        0x2 main.o
 .progmem.data.__c.3113
                0x00000337        0x5 main.o
 .progmem.data.__c.3111
                0x0000033c        0x2 main.o
 .progmem.data.__c.3109
                0x0000033e        0x5 main.o
 .progmem.data.__c.3107
                0x00000343        0x2 main.o
 .progmem.data.__c.3105
                0x00000345        0x2 main.o
 .progmem.data.__c.3103
                0x00000347        0x5 main.o
 .progmem.data.__c.3101
                0x0000034c        0x2 main.o
 .progmem.data.__c.3099
                0x0000034e        0x2 main.o
 .progmem.data.__c.3097
                0x00000350        0x4 main.o
 .progmem.data.__c.3095
                0x00000354        0x2 main.o
 .progmem.data.__c.3093
                0x00000356        0x2 main.o
 .progmem.data.__c.3091
                0x00000358        0x4 main.o
 .progmem.data.__c.3088
                0x0000035c        0x2 main.o
 .progmem.data.__c.3086
                0x0000035e        0x2 main.o
 .progmem.data.__c.3084
                0x00000360        0x4 main.o
 .progmem.data.__c.3082
                0x00000364        0x2 main.o
 .progmem.data.__c.3080
                0x00000366        0x2 main.o
 .progmem.data.__c.3078
                0x00000368        0x4 main.o
 .progmem.data.__c.3076
                0x0000036c        0x2 main.o
 .progmem.data.__c.3074
                0x0000036e        0x2 main.o
 .progmem.data.__c.3072
                0x00000370        0x4 main.o
 .progmem.data.__c.3070
                0x00000374        0x2 main.o
 .progmem.data.__c.3068
                0x00000376        0x2 main.o
 .progmem.data.__c.3066
                0x00000378        0x4 main.o
 .progmem.data.__c.3064
                0x0000037c        0x2 main.o
 .progmem.data.__c.3062
                0x0000037e        0x2 main.o
 .progmem.data.__c.3060
                0x00000380        0x4 main.o
 .progmem.data.__c.3054
                0x00000384        0x2 main.o
 .progmem.data.__c.3052
                0x00000386        0x3 main.o
 .progmem.data.__c.3050
                0x00000389        0x2 main.o
 .progmem.data.__c.3048
                0x0000038b        0x3 main.o
 .progmem.data.__c.3046
                0x0000038e        0x2 main.o
 .progmem.data.__c.3044
                0x00000390        0x3 main.o
 .progmem.data.__c.3042
                0x00000393        0x2 main.o
 .progmem.data.__c.3040
                0x00000395        0x3 main.o
 .progmem.data.__c.3038
                0x00000398        0x2 main.o
 .progmem.data.__c.3036
                0x0000039a        0x3 main.o
 .progmem.data.__c.3034
                0x0000039d        0x2 main.o
 .progmem.data.__c.3032
                0x0000039f        0x3 main.o
 .progmem.data.__c.3030
                0x000003a2        0x2 main.o
 .progmem.data.__c.3028
                0x000003a4        0x3 main.o
 .progmem.data.__c.3026
                0x000003a7        0x2 main.o
 .progmem.data.__c.3024
                0x000003a9        0x3 main.o
 .progmem.data.__c.3021
                0x000003ac        0x2 main.o
 .progmem.data.__c.3019
                0x000003ae        0x2 main.o
 .progmem.data.__c.3017
                0x000003b0        0x2 main.o
 .progmem.data.__c.3015
                0x000003b2        0x2 main.o
 .progmem.data.__c.3011
                0x000003b4        0x2 main.o
 .progmem.data.__c.3009
                0x000003b6        0x5 main.o
 .progmem.data.__c.3005
                0x000003bb        0x2 main.o
 .progmem.data.__c.3003
                0x000003bd        0x5 main.o
 .progmem.data.fraccel_lookup
                0x000003c2       0x10 main.o
 .progmem.data.magyar_betuk
                0x000003d2       0x38 main.o
 .progmem.data.__c.3174
                0x0000040a        0xe MENU/menu_items.o
 .progmem.data.__c.3158
                0x00000418        0x8 MENU/menu_items.o
 .progmem.data.__c.3143
                0x00000420        0x8 MENU/menu_items.o
 .progmem.data.__c.3128
                0x00000428       0x12 MENU/menu_items.o
 .progmem.data.__c.3113
                0x0000043a        0xc MENU/menu_items.o
 .progmem.data.__c.3099
                0x00000446        0x3 MENU/menu_items.o
 .progmem.data.__c.3097
                0x00000449        0x3 MENU/menu_items.o
 .progmem.data.__c.3095
                0x0000044c        0xc MENU/menu_items.o
 .progmem.data.__c.3080
                0x00000458        0x9 MENU/menu_items.o
 .progmem.data.__c.3077
                0x00000461        0x8 MENU/menu_items.o
 .progmem.data.__c.3074
                0x00000469        0x7 MENU/menu_items.o
 .progmem.data.__c.3071
                0x00000470        0xa MENU/menu_items.o
 .progmem.data.__c.3068
                0x0000047a        0x7 MENU/menu_items.o
 .progmem.data.__c.3065
                0x00000481        0x5 MENU/menu_items.o
 .progmem.data.__c.3061
                0x00000486        0x6 MENU/menu_items.o
 .progmem.data.__c.3058
                0x0000048c        0x8 MENU/menu_items.o
 .progmem.data.__c.3043
                0x00000494        0x4 MENU/menu_items.o
 .progmem.data.__c.3028
                0x00000498        0x6 MENU/menu_items.o
 .progmem.data.__c.3013
                0x0000049e        0x3 MENU/menu_items.o
 .progmem.data.__c.2998
                0x000004a1        0x5 MENU/menu_items.o
 .progmem.data.__c.2983
                0x000004a6        0x4 MENU/menu_items.o
 .progmem.data.__c.2968
                0x000004aa       0x14 MENU/menu_items.o
 .progmem.data.__c.2953
                0x000004be        0xb MENU/menu_items.o
 .progmem.data.__c.2938
                0x000004c9       0x12 MENU/menu_items.o
 .progmem.data.__c.2924
                0x000004db        0xc MENU/menu_items.o
 .progmem.data.__c.2921
                0x000004e7        0x9 MENU/menu_items.o
 .progmem.data.__c.2917
                0x000004f0        0xc MENU/menu_items.o
 .progmem.data.__c.2914
                0x000004fc        0xa MENU/menu_items.o
 .progmem.data.__c.2898
                0x00000506       0x12 MENU/menu_items.o
 .progmem.data.__c.2893
                0x00000518        0x3 MENU/menu_items.o
 .progmem.data.__c.2891
                0x0000051b        0x2 MENU/menu_items.o
 .progmem.data.__c.2889
                0x0000051d       0x13 MENU/menu_items.o
 .progmem.data.__c.2874
                0x00000530       0x11 MENU/menu_items.o
 .progmem.data.__c.2869
                0x00000541        0x3 MENU/menu_items.o
 .progmem.data.__c.2867
                0x00000544        0x2 MENU/menu_items.o
 .progmem.data.__c.2865
                0x00000546        0xe MENU/menu_items.o
 .progmem.data.__c.2850
                0x00000554       0x11 MENU/menu_items.o
 .progmem.data.__c.2845
                0x00000565        0x3 MENU/menu_items.o
 .progmem.data.__c.2843
                0x00000568        0x2 MENU/menu_items.o
 .progmem.data.__c.2840
                0x0000056a        0x3 MENU/menu_items.o
 .progmem.data.__c.2838
                0x0000056d        0x2 MENU/menu_items.o
 .progmem.data.__c.2836
                0x0000056f        0xe MENU/menu_items.o
 .progmem.data.__c.2821
                0x0000057d       0x13 MENU/menu_items.o
 .progmem.data.__c.2816
                0x00000590        0x3 MENU/menu_items.o
 .progmem.data.__c.2814
                0x00000593        0x2 MENU/menu_items.o
 .progmem.data.__c.2811
                0x00000595        0x3 MENU/menu_items.o
 .progmem.data.__c.2809
                0x00000598        0x2 MENU/menu_items.o
 .progmem.data.__c.2807
                0x0000059a       0x10 MENU/menu_items.o
 .progmem.data.__c.2792
                0x000005aa       0x12 MENU/menu_items.o
 .progmem.data.__c.2779
                0x000005bc        0x3 MENU/menu_items.o
 .progmem.data.__c.2777
                0x000005bf        0x2 MENU/menu_items.o
 .progmem.data.__c.2774
                0x000005c1        0x3 MENU/menu_items.o
 .progmem.data.__c.2772
                0x000005c4        0x2 MENU/menu_items.o
 .progmem.data.__c.2770
                0x000005c6        0xf MENU/menu_items.o
 .progmem.data.__c.2755
                0x000005d5        0x3 MENU/menu_items.o
 .progmem.data.__c.2753
                0x000005d8        0x3 MENU/menu_items.o
 .progmem.data.__c.2751
                0x000005db        0xc MENU/menu_items.o
 .progmem.data.__c.2737
                0x000005e7        0x3 MENU/menu_items.o
 .progmem.data.__c.2735
                0x000005ea        0x3 MENU/menu_items.o
 .progmem.data.__c.2733
                0x000005ed       0x11 MENU/menu_items.o
 .progmem.data.__c.2719
                0x000005fe        0x4 MENU/menu_items.o
 .progmem.data.__c.2717
                0x00000602        0x7 MENU/menu_items.o
 .progmem.data.__c.2715
                0x00000609       0x14 MENU/menu_items.o
 .progmem.data.__c.2701
                0x0000061d        0x3 MENU/menu_items.o
 .progmem.data.__c.2699
                0x00000620        0x3 MENU/menu_items.o
 .progmem.data.__c.2697
                0x00000623        0xf MENU/menu_items.o
 .progmem.data.__c.2683
                0x00000632        0x3 MENU/menu_items.o
 .progmem.data.__c.2681
                0x00000635        0x3 MENU/menu_items.o
 .progmem.data.__c.2679
                0x00000638       0x12 MENU/menu_items.o
 .progmem.data.__c.2665
                0x0000064a        0x3 MENU/menu_items.o
 .progmem.data.__c.2663
                0x0000064d        0x3 MENU/menu_items.o
 .progmem.data.__c.2661
                0x00000650       0x13 MENU/menu_items.o
 .progmem.data.__c.2645
                0x00000663       0x12 MENU/menu_items.o
 .progmem.data.__c.2631
                0x00000675       0x12 MENU/menu_items.o
 .progmem.data.__c.2616
                0x00000687        0xf MENU/menu_items.o
 .progmem.data.__c.2602
                0x00000696        0x3 MENU/menu_items.o
 .progmem.data.__c.2600
                0x00000699        0x2 MENU/menu_items.o
 .progmem.data.__c.2597
                0x0000069b        0x3 MENU/menu_items.o
 .progmem.data.__c.2595
                0x0000069e        0x2 MENU/menu_items.o
 .progmem.data.__c.2593
                0x000006a0        0xf MENU/menu_items.o
 .progmem.data.__c.2577
                0x000006af       0x12 MENU/menu_items.o
 .progmem.data.__c.2563
                0x000006c1        0xf MENU/menu_items.o
 .progmem.data.__c.2548
                0x000006d0        0xe MENU/menu_items.o
 .progmem.data.__c.2534
                0x000006de        0x3 MENU/menu_items.o
 .progmem.data.__c.2532
                0x000006e1        0x2 MENU/menu_items.o
 .progmem.data.__c.2529
                0x000006e3        0x3 MENU/menu_items.o
 .progmem.data.__c.2527
                0x000006e6        0x2 MENU/menu_items.o
 .progmem.data.__c.2525
                0x000006e8        0xf MENU/menu_items.o
 .progmem.data.__c.2508
                0x000006f7        0x8 MENU/menu_items.o
 .progmem.data.__c.2493
                0x000006ff        0x8 MENU/menu_items.o
 .progmem.data.__c.2478
                0x00000707        0xf MENU/menu_items.o
 .progmem.data.__c.2464
                0x00000716        0xc MENU/menu_items.o
 .progmem.data.__c.2449
                0x00000722        0xf MENU/menu_items.o
 .progmem.data.__c.2435
                0x00000731        0x3 MENU/menu_items.o
 .progmem.data.__c.2433
                0x00000734        0x2 MENU/menu_items.o
 .progmem.data.__c.2430
                0x00000736        0x3 MENU/menu_items.o
 .progmem.data.__c.2428
                0x00000739        0x2 MENU/menu_items.o
 .progmem.data.__c.2426
                0x0000073b        0xc MENU/menu_items.o
 .progmem.data.__c.2410
                0x00000747        0xe MENU/menu_items.o
 .progmem.data.__c.2397
                0x00000755        0xc MENU/menu_items.o
 .progmem.data.__c.2384
                0x00000761        0xb MENU/menu_items.o
                0x0000076c                . = ALIGN (0x2)
 *(.jumptables)
 *(.jumptables*)
 *(.lowtext)
 *(.lowtext*)
                0x0000076c                __ctors_start = .
 *(.ctors)
                0x0000076c                __ctors_end = .
                0x0000076c                __dtors_start = .
 *(.dtors)
                0x0000076c                __dtors_end = .
 SORT(*)(.ctors)
 SORT(*)(.dtors)
 *(.init0)
 .init0         0x0000076c        0x0 C:/Program Files (x86)/Atmel/Studio/7.0/Packs/atmel/ATmega_DFP/1.2.209/gcc/dev/atmega64a/avr5/crtatmega64a.o
                0x0000076c                __init
 *(.init0)
 *(.init1)
 *(.init1)
 *(.init2)
 .init2         0x0000076c        0xc C:/Program Files (x86)/Atmel/Studio/7.0/Packs/atmel/ATmega_DFP/1.2.209/gcc/dev/atmega64a/avr5/crtatmega64a.o
 *(.init2)
 *(.init3)
 *(.init3)
 *(.init4)
 .init4         0x00000778       0x16 c:/program files (x86)/atmel/studio/7.0/toolchain/avr8/avr8-gnu-toolchain/bin/../lib/gcc/avr/5.4.0/avr5\libgcc.a(_copy_data.o)
                0x00000778                __do_copy_data
 .init4         0x0000078e       0x10 c:/program files (x86)/atmel/studio/7.0/toolchain/avr8/avr8-gnu-toolchain/bin/../lib/gcc/avr/5.4.0/avr5\libgcc.a(_clear_bss.o)
                0x0000078e                __do_clear_bss
 *(.init4)
 *(.init5)
 *(.init5)
 *(.init6)
 *(.init6)
 *(.init7)
 *(.init7)
 *(.init8)
 *(.init8)
 *(.init9)
 .init9         0x0000079e        0x8 C:/Program Files (x86)/Atmel/Studio/7.0/Packs/atmel/ATmega_DFP/1.2.209/gcc/dev/atmega64a/avr5/crtatmega64a.o
 *(.init9)
 *(.text)
 .text          0x000007a6        0x4 C:/Program Files (x86)/Atmel/Studio/7.0/Packs/atmel/ATmega_DFP/1.2.209/gcc/dev/atmega64a/avr5/crtatmega64a.o
                0x000007a6                __vector_22
                0x000007a6                __vector_28
                0x000007a6                __vector_1
                0x000007a6                __vector_32
                0x000007a6                __vector_34
                0x000007a6                __vector_24
                0x000007a6                __bad_interrupt
                0x000007a6                __vector_6
                0x000007a6                __vector_3
                0x000007a6                __vector_23
                0x000007a6                __vector_25
                0x000007a6                __vector_11
                0x000007a6                __vector_13
                0x000007a6                __vector_17
                0x000007a6                __vector_7
                0x000007a6                __vector_27
                0x000007a6                __vector_5
                0x000007a6                __vector_33
                0x000007a6                __vector_4
                0x000007a6                __vector_9
                0x000007a6                __vector_2
                0x000007a6                __vector_15
                0x000007a6                __vector_29
                0x000007a6                __vector_8
                0x000007a6                __vector_26
                0x000007a6                __vector_14
                0x000007a6                __vector_10
                0x000007a6                __vector_16
                0x000007a6                __vector_20
                0x000007aa                . = ALIGN (0x2)
 *(.text.*)
 .text.read8    0x000007aa       0x40 BME280/bme280.o
                0x000007aa                read8
 .text.read16   0x000007ea       0x50 BME280/bme280.o
                0x000007ea                read16
 .text.read16_LE
                0x0000083a        0xc BME280/bme280.o
                0x0000083a                read16_LE
 .text.read24   0x00000846       0x82 BME280/bme280.o
                0x00000846                read24
 .text.bme280_readCoefficients
                0x000008c8      0x104 BME280/bme280.o
                0x000008c8                bme280_readCoefficients
 .text.init_BME280
                0x000009cc       0x48 BME280/bme280.o
                0x000009cc                init_BME280
 .text.bme280_readTemperature
                0x00000a14      0x12e BME280/bme280.o
                0x00000a14                bme280_readTemperature
 .text.bme280_readHumidity
                0x00000b42      0x208 BME280/bme280.o
                0x00000b42                bme280_readHumidity
 .text.crc8     0x00000d4a       0x38 DS18B20/crc8.o
                0x00000d4a                crc8
 .text.DS18X20_meas_to_cel
                0x00000d82       0x96 DS18B20/ds18x20.o
                0x00000d82                DS18X20_meas_to_cel
 .text.DS18X20_find_sensor
                0x00000e18       0x32 DS18B20/ds18x20.o
                0x00000e18                DS18X20_find_sensor
 .text.DS18X20_start_meas
                0x00000e4a       0x38 DS18B20/ds18x20.o
                0x00000e4a                DS18X20_start_meas
 .text.DS18X20_read_meas
                0x00000e82       0xba DS18B20/ds18x20.o
                0x00000e82                DS18X20_read_meas
 .text.ow_input_pin_state
                0x00000f3c       0x12 DS18B20/onewire.o
                0x00000f3c                ow_input_pin_state
 .text.ow_parasite_enable
                0x00000f4e       0x26 DS18B20/onewire.o
                0x00000f4e                ow_parasite_enable
 .text.ow_reset
                0x00000f74       0x92 DS18B20/onewire.o
                0x00000f74                ow_reset
 .text.ow_set_bus
                0x00001006       0x2c DS18B20/onewire.o
                0x00001006                ow_set_bus
 .text.ow_bit_io
                0x00001032       0x80 DS18B20/onewire.o
                0x00001032                ow_bit_io
 .text.ow_byte_wr
                0x000010b2       0x22 DS18B20/onewire.o
                0x000010b2                ow_byte_wr
 .text.ow_byte_rd
                0x000010d4        0x8 DS18B20/onewire.o
                0x000010d4                ow_byte_rd
 .text.ow_rom_search
                0x000010dc       0xb4 DS18B20/onewire.o
                0x000010dc                ow_rom_search
 .text.ow_command
                0x00001190       0x48 DS18B20/onewire.o
                0x00001190                ow_command
 .text.i2c_init
                0x000011d8        0x8 I2C/i2c_master.o
                0x000011d8                i2c_init
 .text.i2c_start
                0x000011e0       0x4a I2C/i2c_master.o
                0x000011e0                i2c_start
 .text.i2c_write
                0x0000122a       0x24 I2C/i2c_master.o
                0x0000122a                i2c_write
 .text.i2c_read_ack
                0x0000124e       0x16 I2C/i2c_master.o
                0x0000124e                i2c_read_ack
 .text.i2c_read_nack
                0x00001264       0x16 I2C/i2c_master.o
                0x00001264                i2c_read_nack
 .text.i2c_stop
                0x0000127a        0x8 I2C/i2c_master.o
                0x0000127a                i2c_stop
 .text.toggle_e
                0x00001282        0xa LCD/lcd.o
 .text.lcd_write
                0x0000128c       0x5e LCD/lcd.o
 .text.lcd_read
                0x000012ea       0x50 LCD/lcd.o
 .text.lcd_waitbusy
                0x0000133a       0x1a LCD/lcd.o
 .text.lcd_command
                0x00001354       0x14 LCD/lcd.o
                0x00001354                lcd_command
 .text.lcd_data
                0x00001368       0x14 LCD/lcd.o
                0x00001368                lcd_data
 .text.lcd_gotoxy
                0x0000137c       0x2c LCD/lcd.o
                0x0000137c                lcd_gotoxy
 .text.lcd_clrscr
                0x000013a8        0x8 LCD/lcd.o
                0x000013a8                lcd_clrscr
 .text.lcd_putc
                0x000013b0       0x40 LCD/lcd.o
                0x000013b0                lcd_putc
 .text.lcd_puts_p
                0x000013f0       0x24 LCD/lcd.o
                0x000013f0                lcd_puts_p
 .text.lcd_init
                0x00001414       0x74 LCD/lcd.o
                0x00001414                lcd_init
 .text.lcd_defc
                0x00001488       0x30 LCD/lcd.o
                0x00001488                lcd_defc
 .text.lcd_putbit
                0x000014b8       0x22 LCD/lcd.o
                0x000014b8                lcd_putbit
 .text.lcd_putc_hu
                0x000014da       0x40 LCD/lcd.o
                0x000014da                lcd_putc_hu
 .text.lcd_puts
                0x0000151a       0x20 LCD/lcd.o
                0x0000151a                lcd_puts
 .text.lcd_puti
                0x0000153a       0x44 LCD/lcd.o
                0x0000153a                lcd_puti
 .text.lcd_puts_hu
                0x0000157e       0x24 LCD/lcd.o
                0x0000157e                lcd_puts_hu
 .text.__vector_21
                0x000015a2       0x3e main.o
                0x000015a2                __vector_21
 .text.__vector_12
                0x000015e0       0x26 main.o
                0x000015e0                __vector_12
 .text.search_sensors
                0x00001606       0xca main.o
                0x00001606                search_sensors
 .text.SensorRead
                0x000016d0      0xade main.o
                0x000016d0                SensorRead
 .text.SwitchRelays
                0x000021ae       0x14 main.o
                0x000021ae                SwitchRelays
 .text.CheckConditions
                0x000021c2      0x2a4 main.o
                0x000021c2                CheckConditions
 .text.read_from_eeprom
                0x00002466      0x166 main.o
                0x00002466                read_from_eeprom
 .text.main     0x000025cc      0x4dc main.o
                0x000025cc                main
 .text.renderMenu
                0x00002aa8       0xd6 MENU/menu.o
 .text.menuReset
                0x00002b7e       0x1e MENU/menu.o
                0x00002b7e                menuReset
 .text.menuInit
                0x00002b9c        0xa MENU/menu.o
                0x00002b9c                menuInit
 .text.menuPollButtons
                0x00002ba6      0x2f6 MENU/menu.o
                0x00002ba6                menuPollButtons
 .text.BME280Temp_Callback
                0x00002e9c       0x10 MENU/menu_items.o
                0x00002e9c                BME280Temp_Callback
 .text.BME280Humidity_Callback
                0x00002eac       0x10 MENU/menu_items.o
                0x00002eac                BME280Humidity_Callback
 .text.DHWTempActual_Callback
                0x00002ebc       0x10 MENU/menu_items.o
                0x00002ebc                DHWTempActual_Callback
 .text.BufferTempActual_Callback
                0x00002ecc       0x10 MENU/menu_items.o
                0x00002ecc                BufferTempActual_Callback
 .text.EngineeringTempActual_Callback
                0x00002edc       0x10 MENU/menu_items.o
                0x00002edc                EngineeringTempActual_Callback
 .text.Universal_Callback
                0x00002eec       0x10 MENU/menu_items.o
                0x00002eec                Universal_Callback
 .text.Mode_CallbackRender
                0x00002efc       0x42 MENU/menu_items.o
                0x00002efc                Mode_CallbackRender
 .text.ClockDayName_CallbackRender
                0x00002f3e       0x74 MENU/menu_items.o
                0x00002f3e                ClockDayName_CallbackRender
 .text.ClockDayName_ActionCallback
                0x00002fb2       0x4a MENU/menu_items.o
                0x00002fb2                ClockDayName_ActionCallback
 .text.BME280Temp_CallbackRender
                0x00002ffc       0x1e MENU/menu_items.o
                0x00002ffc                BME280Temp_CallbackRender
 .text.BME280Humidity_CallbackRender
                0x0000301a       0x1e MENU/menu_items.o
                0x0000301a                BME280Humidity_CallbackRender
 .text.SwitchOnOutdoorTempMin_CallbackRender
                0x00003038       0x4e MENU/menu_items.o
                0x00003038                SwitchOnOutdoorTempMin_CallbackRender
 .text.DHWTempDesired_CallbackRender
                0x00003086       0x48 MENU/menu_items.o
                0x00003086                DHWTempDesired_CallbackRender
 .text.DHWTempMin_CallbackRender
                0x000030ce       0x48 MENU/menu_items.o
                0x000030ce                DHWTempMin_CallbackRender
 .text.DHWSensor_CallbackRender
                0x00003116       0x48 MENU/menu_items.o
                0x00003116                DHWSensor_CallbackRender
 .text.DHWMinTime_CallbackRender
                0x0000315e       0x4e MENU/menu_items.o
                0x0000315e                DHWMinTime_CallbackRender
 .text.DHWMaxTime_CallbackRender
                0x000031ac       0x4e MENU/menu_items.o
                0x000031ac                DHWMaxTime_CallbackRender
 .text.ForwardHeatTemp_CallbackRender
                0x000031fa       0x48 MENU/menu_items.o
                0x000031fa                ForwardHeatTemp_CallbackRender
 .text.BufferMaxTemp_CallbackRender
                0x00003242       0x48 MENU/menu_items.o
                0x00003242                BufferMaxTemp_CallbackRender
 .text.BufferSensor_CallbackRender
                0x0000328a       0x48 MENU/menu_items.o
                0x0000328a                BufferSensor_CallbackRender
 .text.EngineeringTempMin_CallbackRender
                0x000032d2       0x48 MENU/menu_items.o
                0x000032d2                EngineeringTempMin_CallbackRender
 .text.EngineeringTempDesired_CallbackRender
                0x0000331a       0x54 MENU/menu_items.o
                0x0000331a                EngineeringTempDesired_CallbackRender
 .text.EngineeringSensor_CallbackRender
                0x0000336e       0x48 MENU/menu_items.o
                0x0000336e                EngineeringSensor_CallbackRender
 .text.GarageSensor_CallbackRender
                0x000033b6       0x48 MENU/menu_items.o
                0x000033b6                GarageSensor_CallbackRender
 .text.LivingRoomSensor_CallbackRender
                0x000033fe       0x48 MENU/menu_items.o
                0x000033fe                LivingRoomSensor_CallbackRender
 .text.FloorSensor_CallbackRender
                0x00003446       0x48 MENU/menu_items.o
                0x00003446                FloorSensor_CallbackRender
 .text.ForwardSensor_CallbackRender
                0x0000348e       0x48 MENU/menu_items.o
                0x0000348e                ForwardSensor_CallbackRender
 .text.ReturnSensor_CallbackRender
                0x000034d6       0x48 MENU/menu_items.o
                0x000034d6                ReturnSensor_CallbackRender
 .text.MenuTimer_CallbackRender
                0x0000351e       0x40 MENU/menu_items.o
                0x0000351e                MenuTimer_CallbackRender
 .text.LCDBackLight_CallbackRender
                0x0000355e       0x48 MENU/menu_items.o
                0x0000355e                LCDBackLight_CallbackRender
 .text.PumpPlusTime_CallbackRender
                0x000035a6       0x4a MENU/menu_items.o
                0x000035a6                PumpPlusTime_CallbackRender
 .text.ClockHour_CallbackRender
                0x000035f0       0x46 MENU/menu_items.o
                0x000035f0                ClockHour_CallbackRender
 .text.ClockHour_ActionCallback
                0x00003636       0x56 MENU/menu_items.o
                0x00003636                ClockHour_ActionCallback
 .text.ClockYear_CallbackRender
                0x0000368c       0x4e MENU/menu_items.o
                0x0000368c                ClockYear_CallbackRender
 .text.ClockYear_ActionCallback
                0x000036da       0x44 MENU/menu_items.o
                0x000036da                ClockYear_ActionCallback
 .text.ClockMonth_CallbackRender
                0x0000371e       0x46 MENU/menu_items.o
                0x0000371e                ClockMonth_CallbackRender
 .text.ClockMonth_ActionCallback
                0x00003764       0x4a MENU/menu_items.o
                0x00003764                ClockMonth_ActionCallback
 .text.ClockDay_CallbackRender
                0x000037ae       0x46 MENU/menu_items.o
                0x000037ae                ClockDay_CallbackRender
 .text.ClockDay_ActionCallback
                0x000037f4       0x4a MENU/menu_items.o
                0x000037f4                ClockDay_ActionCallback
 .text.ComfortTemp_CallbackRender
                0x0000383e       0x4e MENU/menu_items.o
                0x0000383e                ComfortTemp_CallbackRender
 .text.ComfortForwardTemp_CallbackRender
                0x0000388c       0x4c MENU/menu_items.o
                0x0000388c                ComfortForwardTemp_CallbackRender
 .text.ComfortMinTime_CallbackRender
                0x000038d8       0x4e MENU/menu_items.o
                0x000038d8                ComfortMinTime_CallbackRender
 .text.ComfortMaxTime_CallbackRender
                0x00003926       0x4e MENU/menu_items.o
                0x00003926                ComfortMaxTime_CallbackRender
 .text.Restarts_CallbackRender
                0x00003974       0x50 MENU/menu_items.o
                0x00003974                Restarts_CallbackRender
 .text.SwitchOnOutdoorTempMin_ActionCallback
                0x000039c4       0x8a MENU/menu_items.o
                0x000039c4                SwitchOnOutdoorTempMin_ActionCallback
 .text.DHWMinTime_ActionCallback
                0x00003a4e       0x86 MENU/menu_items.o
                0x00003a4e                DHWMinTime_ActionCallback
 .text.DHWMaxTime_ActionCallback
                0x00003ad4       0x86 MENU/menu_items.o
                0x00003ad4                DHWMaxTime_ActionCallback
 .text.PumpPlusTime_ActionCallback
                0x00003b5a       0x5e MENU/menu_items.o
                0x00003b5a                PumpPlusTime_ActionCallback
 .text.ComfortTemp_ActionCallback
                0x00003bb8       0x8a MENU/menu_items.o
                0x00003bb8                ComfortTemp_ActionCallback
 .text.ComfortMinTime_ActionCallback
                0x00003c42       0x86 MENU/menu_items.o
                0x00003c42                ComfortMinTime_ActionCallback
 .text.ComfortMaxTime_ActionCallback
                0x00003cc8       0x86 MENU/menu_items.o
                0x00003cc8                ComfortMaxTime_ActionCallback
 .text.Restarts_ActionCallback
                0x00003d4e       0x2c MENU/menu_items.o
                0x00003d4e                Restarts_ActionCallback
 .text.DHWTempActual_CallbackRender
                0x00003d7a       0xa6 MENU/menu_items.o
                0x00003d7a                DHWTempActual_CallbackRender
 .text.BufferTempActual_CallbackRender
                0x00003e20       0xa6 MENU/menu_items.o
                0x00003e20                BufferTempActual_CallbackRender
 .text.EngineeringTempActual_CallbackRender
                0x00003ec6       0xa6 MENU/menu_items.o
                0x00003ec6                EngineeringTempActual_CallbackRender
 .text.DHWRelay_CallbackRender
                0x00003f6c       0x30 MENU/menu_items.o
                0x00003f6c                DHWRelay_CallbackRender
 .text.ZoneValve1_CallbackRender
                0x00003f9c       0x30 MENU/menu_items.o
                0x00003f9c                ZoneValve1_CallbackRender
 .text.ZoneValve2_CallbackRender
                0x00003fcc       0x30 MENU/menu_items.o
                0x00003fcc                ZoneValve2_CallbackRender
 .text.BufferValve_CallbackRender
                0x00003ffc       0x30 MENU/menu_items.o
                0x00003ffc                BufferValve_CallbackRender
 .text.BufferPump_CallbackRender
                0x0000402c       0x30 MENU/menu_items.o
                0x0000402c                BufferPump_CallbackRender
 .text.GasRelay_CallbackRender
                0x0000405c       0x30 MENU/menu_items.o
                0x0000405c                GasRelay_CallbackRender
 .text.GarageTemp_CallbackRender
                0x0000408c       0xa6 MENU/menu_items.o
                0x0000408c                GarageTemp_CallbackRender
 .text.LivingRoomTemp_CallbackRender
                0x00004132       0xaa MENU/menu_items.o
                0x00004132                LivingRoomTemp_CallbackRender
 .text.FloorTemp_CallbackRender
                0x000041dc       0xa6 MENU/menu_items.o
                0x000041dc                FloorTemp_CallbackRender
 .text.ForwardTemp_CallbackRender
                0x00004282       0x36 MENU/menu_items.o
                0x00004282                ForwardTemp_CallbackRender
 .text.ReturnTemp_CallbackRender
                0x000042b8       0x36 MENU/menu_items.o
                0x000042b8                ReturnTemp_CallbackRender
 .text.ClockMinute_CallbackRender
                0x000042ee       0x46 MENU/menu_items.o
                0x000042ee                ClockMinute_CallbackRender
 .text.ClockMinute_ActionCallback
                0x00004334       0x56 MENU/menu_items.o
                0x00004334                ClockMinute_ActionCallback
 .text.ComfortMode_CallbackRender
                0x0000438a       0x30 MENU/menu_items.o
                0x0000438a                ComfortMode_CallbackRender
 .text.DHWTempDesired_ActionCallback
                0x000043ba       0x56 MENU/menu_items.o
                0x000043ba                DHWTempDesired_ActionCallback
 .text.DHWTempMin_ActionCallback
                0x00004410       0x56 MENU/menu_items.o
                0x00004410                DHWTempMin_ActionCallback
 .text.DHWSensor_ActionCallback
                0x00004466       0x64 MENU/menu_items.o
                0x00004466                DHWSensor_ActionCallback
 .text.ForwardHeatTemp_ActionCallback
                0x000044ca       0x52 MENU/menu_items.o
                0x000044ca                ForwardHeatTemp_ActionCallback
 .text.BufferMaxTemp_ActionCallback
                0x0000451c       0x52 MENU/menu_items.o
                0x0000451c                BufferMaxTemp_ActionCallback
 .text.BufferSensor_ActionCallback
                0x0000456e       0x64 MENU/menu_items.o
                0x0000456e                BufferSensor_ActionCallback
 .text.EngineeringTempMin_ActionCallback
                0x000045d2       0x56 MENU/menu_items.o
                0x000045d2                EngineeringTempMin_ActionCallback
 .text.EngineeringTempDesired_ActionCallback
                0x00004628       0x56 MENU/menu_items.o
                0x00004628                EngineeringTempDesired_ActionCallback
 .text.EngineeringSensor_ActionCallback
                0x0000467e       0x64 MENU/menu_items.o
                0x0000467e                EngineeringSensor_ActionCallback
 .text.GarageSensor_ActionCallback
                0x000046e2       0x64 MENU/menu_items.o
                0x000046e2                GarageSensor_ActionCallback
 .text.LivingRoomSensor_ActionCallback
                0x00004746       0x64 MENU/menu_items.o
                0x00004746                LivingRoomSensor_ActionCallback
 .text.FloorSensor_ActionCallback
                0x000047aa       0x64 MENU/menu_items.o
                0x000047aa                FloorSensor_ActionCallback
 .text.ForwardSensor_ActionCallback
                0x0000480e       0x64 MENU/menu_items.o
                0x0000480e                ForwardSensor_ActionCallback
 .text.ReturnSensor_ActionCallback
                0x00004872       0x64 MENU/menu_items.o
                0x00004872                ReturnSensor_ActionCallback
 .text.Mode_ActionCallback
                0x000048d6       0x5e MENU/menu_items.o
                0x000048d6                Mode_ActionCallback
 .text.MenuTimer_ActionCallback
                0x00004934       0x4a MENU/menu_items.o
                0x00004934                MenuTimer_ActionCallback
 .text.LCDBackLight_ActionCallback
                0x0000497e       0x5c MENU/menu_items.o
                0x0000497e                LCDBackLight_ActionCallback
 .text.ComfortMode_ActionCallback
                0x000049da       0x3c MENU/menu_items.o
                0x000049da                ComfortMode_ActionCallback
 .text.ComfortForwardTemp_ActionCallback
                0x00004a16       0x5c MENU/menu_items.o
                0x00004a16                ComfortForwardTemp_ActionCallback
 .text.DHWRelay_ActionCallback
                0x00004a72       0x32 MENU/menu_items.o
                0x00004a72                DHWRelay_ActionCallback
 .text.ZoneValve1_ActionCallback
                0x00004aa4       0x30 MENU/menu_items.o
                0x00004aa4                ZoneValve1_ActionCallback
 .text.ZoneValve2_ActionCallback
                0x00004ad4       0x32 MENU/menu_items.o
                0x00004ad4                ZoneValve2_ActionCallback
 .text.BufferValve_ActionCallback
                0x00004b06       0x32 MENU/menu_items.o
                0x00004b06                BufferValve_ActionCallback
 .text.BufferPump_ActionCallback
                0x00004b38       0x32 MENU/menu_items.o
                0x00004b38                BufferPump_ActionCallback
 .text.GasRelay_ActionCallback
                0x00004b6a       0x32 MENU/menu_items.o
                0x00004b6a                GasRelay_ActionCallback
 .text.menuItemsGetHomeMenu
                0x00004b9c        0x6 MENU/menu_items.o
                0x00004b9c                menuItemsGetHomeMenu
 .text.menuItemsGetHomeMenuSize
                0x00004ba2        0x4 MENU/menu_items.o
                0x00004ba2                menuItemsGetHomeMenuSize
 .text.menuPortsioInit
                0x00004ba6        0xe MENU/menu_portsio.o
                0x00004ba6                menuPortsioInit
 .text.SPIInit  0x00004bb4       0x1e SPI/spi.o
                0x00004bb4                SPIInit
 .text.SPIClose
                0x00004bd2        0xa SPI/spi.o
                0x00004bd2                SPIClose
 .text.SPIWrite
                0x00004bdc       0x2c SPI/spi.o
                0x00004bdc                SPIWrite
 .text.__vector_18
                0x00004c08       0x58 UART/UART.o
                0x00004c08                __vector_18
 .text.__vector_19
                0x00004c60       0x4a UART/UART.o
                0x00004c60                __vector_19
 .text.uart_init
                0x00004caa       0x2c UART/UART.o
                0x00004caa                uart_init
 .text.uart_getc
                0x00004cd6       0x3c UART/UART.o
                0x00004cd6                uart_getc
 .text.uart_putc
                0x00004d12       0x22 UART/UART.o
                0x00004d12                uart_putc
 .text.uart_puts
                0x00004d34       0x1e UART/UART.o
                0x00004d34                uart_puts
 .text.uart_puts_p
                0x00004d52       0x24 UART/UART.o
                0x00004d52                uart_puts_p
 .text.__vector_30
                0x00004d76       0x5c UART/UART.o
                0x00004d76                __vector_30
 .text.__vector_31
                0x00004dd2       0x54 UART/UART.o
                0x00004dd2                __vector_31
 .text.uart_puthex_nibble
                0x00004e26       0x12 UART/UART.o
                0x00004e26                uart_puthex_nibble
 .text.uart_puthex_byte
                0x00004e38       0x16 UART/UART.o
                0x00004e38                uart_puthex_byte
 .text.uart_puti
                0x00004e4e       0x36 UART/UART.o
                0x00004e4e                uart_puti
 .text.ftoa     0x00004e84      0x116 Utils/ftoa.o
                0x00004e84                ftoa
 .text.avr-libc.fplib
                0x00004f9a        0xe c:/program files (x86)/atmel/studio/7.0/toolchain/avr8/avr8-gnu-toolchain/bin/../lib/gcc/avr/5.4.0/../../../../avr/lib/avr5\libm.a(addsf3.o)
                0x00004f9a                __subsf3
                0x00004f9c                __addsf3
 .text.avr-libc.fplib
                0x00004fa8       0xcc c:/program files (x86)/atmel/studio/7.0/toolchain/avr8/avr8-gnu-toolchain/bin/../lib/gcc/avr/5.4.0/../../../../avr/lib/avr5\libm.a(addsf3x.o)
                0x00004fca                __addsf3x
 .text.avr-libc.fplib
                0x00005074        0xa c:/program files (x86)/atmel/studio/7.0/toolchain/avr8/avr8-gnu-toolchain/bin/../lib/gcc/avr/5.4.0/../../../../avr/lib/avr5\libm.a(cmpsf2.o)
                0x00005074                __nesf2
                0x00005074                __eqsf2
                0x00005074                __cmpsf2
                0x00005074                __ltsf2
                0x00005074                __lesf2
 .text.avr-libc.fplib
                0x0000507e        0x8 c:/program files (x86)/atmel/studio/7.0/toolchain/avr8/avr8-gnu-toolchain/bin/../lib/gcc/avr/5.4.0/../../../../avr/lib/avr5\libm.a(divsf3.o)
                0x0000507e                __divsf3
 .text.avr-libc.fplib
                0x00005086       0xdc c:/program files (x86)/atmel/studio/7.0/toolchain/avr8/avr8-gnu-toolchain/bin/../lib/gcc/avr/5.4.0/../../../../avr/lib/avr5\libm.a(divsf3x.o)
                0x000050a6                __divsf3x
                0x000050ac                __divsf3_pse
 .text.avr-libc.fplib
                0x00005162        0xe c:/program files (x86)/atmel/studio/7.0/toolchain/avr8/avr8-gnu-toolchain/bin/../lib/gcc/avr/5.4.0/../../../../avr/lib/avr5\libm.a(fixsfsi.o)
                0x00005162                __fixsfsi
 .text.avr-libc.fplib
                0x00005170       0x5e c:/program files (x86)/atmel/studio/7.0/toolchain/avr8/avr8-gnu-toolchain/bin/../lib/gcc/avr/5.4.0/../../../../avr/lib/avr5\libm.a(fixunssfsi.o)
                0x00005170                __fixunssfsi
 .text.avr-libc.fplib
                0x000051ce       0x7a c:/program files (x86)/atmel/studio/7.0/toolchain/avr8/avr8-gnu-toolchain/bin/../lib/gcc/avr/5.4.0/../../../../avr/lib/avr5\libm.a(floatsisf.o)
                0x000051ce                __floatunsisf
                0x000051d2                __floatsisf
 .text.avr-libc.fplib
                0x00005248       0x48 c:/program files (x86)/atmel/studio/7.0/toolchain/avr8/avr8-gnu-toolchain/bin/../lib/gcc/avr/5.4.0/../../../../avr/lib/avr5\libm.a(fp_cmp.o)
                0x00005248                __fp_cmp
 .text.avr-libc.fplib
                0x00005290        0xc c:/program files (x86)/atmel/studio/7.0/toolchain/avr8/avr8-gnu-toolchain/bin/../lib/gcc/avr/5.4.0/../../../../avr/lib/avr5\libm.a(fp_inf.o)
                0x00005290                __fp_inf
 .text.avr-libc.fplib
                0x0000529c        0x6 c:/program files (x86)/atmel/studio/7.0/toolchain/avr8/avr8-gnu-toolchain/bin/../lib/gcc/avr/5.4.0/../../../../avr/lib/avr5\libm.a(fp_nan.o)
                0x0000529c                __fp_nan
 .text.avr-libc.fplib
                0x000052a2        0xe c:/program files (x86)/atmel/studio/7.0/toolchain/avr8/avr8-gnu-toolchain/bin/../lib/gcc/avr/5.4.0/../../../../avr/lib/avr5\libm.a(fp_pscA.o)
                0x000052a2                __fp_pscA
 .text.avr-libc.fplib
                0x000052b0        0xe c:/program files (x86)/atmel/studio/7.0/toolchain/avr8/avr8-gnu-toolchain/bin/../lib/gcc/avr/5.4.0/../../../../avr/lib/avr5\libm.a(fp_pscB.o)
                0x000052b0                __fp_pscB
 .text.avr-libc.fplib
                0x000052be       0x22 c:/program files (x86)/atmel/studio/7.0/toolchain/avr8/avr8-gnu-toolchain/bin/../lib/gcc/avr/5.4.0/../../../../avr/lib/avr5\libm.a(fp_round.o)
                0x000052be                __fp_round
 .text.avr-libc.fplib
                0x000052e0       0x44 c:/program files (x86)/atmel/studio/7.0/toolchain/avr8/avr8-gnu-toolchain/bin/../lib/gcc/avr/5.4.0/../../../../avr/lib/avr5\libm.a(fp_split3.o)
                0x000052e0                __fp_split3
                0x000052f0                __fp_splitA
 .text.avr-libc.fplib
                0x00005324        0xe c:/program files (x86)/atmel/studio/7.0/toolchain/avr8/avr8-gnu-toolchain/bin/../lib/gcc/avr/5.4.0/../../../../avr/lib/avr5\libm.a(fp_zero.o)
                0x00005324                __fp_zero
                0x00005326                __fp_szero
 .text.avr-libc.fplib
                0x00005332        0xa c:/program files (x86)/atmel/studio/7.0/toolchain/avr8/avr8-gnu-toolchain/bin/../lib/gcc/avr/5.4.0/../../../../avr/lib/avr5\libm.a(gesf2.o)
                0x00005332                __gesf2
                0x00005332                __gtsf2
 .text.avr-libc.fplib
                0x0000533c        0x8 c:/program files (x86)/atmel/studio/7.0/toolchain/avr8/avr8-gnu-toolchain/bin/../lib/gcc/avr/5.4.0/../../../../avr/lib/avr5\libm.a(mulsf3.o)
                0x0000533c                __mulsf3
 .text.avr-libc.fplib
                0x00005344       0xd2 c:/program files (x86)/atmel/studio/7.0/toolchain/avr8/avr8-gnu-toolchain/bin/../lib/gcc/avr/5.4.0/../../../../avr/lib/avr5\libm.a(mulsf3x.o)
                0x00005362                __mulsf3x
                0x00005368                __mulsf3_pse
 .text.libgcc.mul
                0x00005416       0x20 c:/program files (x86)/atmel/studio/7.0/toolchain/avr8/avr8-gnu-toolchain/bin/../lib/gcc/avr/5.4.0/avr5\libgcc.a(_mulsi3.o)
                0x00005416                __mulsi3
 .text.libgcc   0x00005436        0xc c:/program files (x86)/atmel/studio/7.0/toolchain/avr8/avr8-gnu-toolchain/bin/../lib/gcc/avr/5.4.0/avr5\libgcc.a(_tablejump2.o)
                0x00005436                __tablejump2__
 .text.libgcc.mul
                0x00005442       0x16 c:/program files (x86)/atmel/studio/7.0/toolchain/avr8/avr8-gnu-toolchain/bin/../lib/gcc/avr/5.4.0/avr5\libgcc.a(_muluhisi3.o)
                0x00005442                __muluhisi3
 .text.libgcc.mul
                0x00005458       0x10 c:/program files (x86)/atmel/studio/7.0/toolchain/avr8/avr8-gnu-toolchain/bin/../lib/gcc/avr/5.4.0/avr5\libgcc.a(_mulshisi3.o)
                0x00005458                __mulshisi3
                0x0000545e                __mulohisi3
 .text.libgcc.prologue
                0x00005468       0x38 c:/program files (x86)/atmel/studio/7.0/toolchain/avr8/avr8-gnu-toolchain/bin/../lib/gcc/avr/5.4.0/avr5\libgcc.a(_prologue.o)
                0x00005468                __prologue_saves__
 .text.libgcc.prologue
                0x000054a0       0x36 c:/program files (x86)/atmel/studio/7.0/toolchain/avr8/avr8-gnu-toolchain/bin/../lib/gcc/avr/5.4.0/avr5\libgcc.a(_epilogue.o)
                0x000054a0                __epilogue_restores__
 .text.libgcc.mul
                0x000054d6       0x1e c:/program files (x86)/atmel/studio/7.0/toolchain/avr8/avr8-gnu-toolchain/bin/../lib/gcc/avr/5.4.0/avr5\libgcc.a(_umulhisi3.o)
                0x000054d6                __umulhisi3
 .text.avr-libc
                0x000054f4       0x3c c:/program files (x86)/atmel/studio/7.0/toolchain/avr8/avr8-gnu-toolchain/bin/../lib/gcc/avr/5.4.0/../../../../avr/lib/avr5\libc.a(atoi.o)
                0x000054f4                atoi
 .text.avr-libc
                0x00005530        0xe c:/program files (x86)/atmel/studio/7.0/toolchain/avr8/avr8-gnu-toolchain/bin/../lib/gcc/avr/5.4.0/../../../../avr/lib/avr5\libc.a(strcpy_P.o)
                0x00005530                strcpy_P
 .text.avr-libc
                0x0000553e       0x16 c:/program files (x86)/atmel/studio/7.0/toolchain/avr8/avr8-gnu-toolchain/bin/../lib/gcc/avr/5.4.0/../../../../avr/lib/avr5\libc.a(strchr.o)
                0x0000553e                strchr
 .text.avr-libc
                0x00005554        0xe c:/program files (x86)/atmel/studio/7.0/toolchain/avr8/avr8-gnu-toolchain/bin/../lib/gcc/avr/5.4.0/../../../../avr/lib/avr5\libc.a(strcpy.o)
                0x00005554                strcpy
 .text.avr-libc
                0x00005562       0x28 c:/program files (x86)/atmel/studio/7.0/toolchain/avr8/avr8-gnu-toolchain/bin/../lib/gcc/avr/5.4.0/../../../../avr/lib/avr5\libc.a(strlcpy.o)
                0x00005562                strlcpy
 .text.avr-libc
                0x0000558a       0x16 c:/program files (x86)/atmel/studio/7.0/toolchain/avr8/avr8-gnu-toolchain/bin/../lib/gcc/avr/5.4.0/../../../../avr/lib/avr5\libc.a(itoa_ncheck.o)
                0x0000558a                __itoa_ncheck
 .text.avr-libc
                0x000055a0       0x1e c:/program files (x86)/atmel/studio/7.0/toolchain/avr8/avr8-gnu-toolchain/bin/../lib/gcc/avr/5.4.0/../../../../avr/lib/avr5\libc.a(ltoa_ncheck.o)
                0x000055a0                __ltoa_ncheck
 .text.avr-libc
                0x000055be       0x10 c:/program files (x86)/atmel/studio/7.0/toolchain/avr8/avr8-gnu-toolchain/bin/../lib/gcc/avr/5.4.0/../../../../avr/lib/avr5\libc.a(mul10.o)
                0x000055be                __mulhi_const_10
 .text.avr-libc
                0x000055ce       0x44 c:/program files (x86)/atmel/studio/7.0/toolchain/avr8/avr8-gnu-toolchain/bin/../lib/gcc/avr/5.4.0/../../../../avr/lib/avr5\libc.a(ultoa_ncheck.o)
                0x000055ce                __ultoa_ncheck
                0x000055d0                __ultoa_common
 .text.avr-libc
                0x00005612       0x34 c:/program files (x86)/atmel/studio/7.0/toolchain/avr8/avr8-gnu-toolchain/bin/../lib/gcc/avr/5.4.0/../../../../avr/lib/avr5\libc.a(utoa_ncheck.o)
                0x00005612                __utoa_ncheck
                0x00005614                __utoa_common
 .text.avr-libc
                0x00005646      0x3c2 c:/program files (x86)/atmel/studio/7.0/toolchain/avr8/avr8-gnu-toolchain/bin/../lib/gcc/avr/5.4.0/../../../../avr/lib/avr5\libc.a(vfprintf_std.o)
                0x00005646                vfprintf
 .text.avr-libc
                0x00005a08       0x16 c:/program files (x86)/atmel/studio/7.0/toolchain/avr8/avr8-gnu-toolchain/bin/../lib/gcc/avr/5.4.0/../../../../avr/lib/avr5\libc.a(strnlen_P.o)
                0x00005a08                strnlen_P
 .text.avr-libc
                0x00005a1e       0x16 c:/program files (x86)/atmel/studio/7.0/toolchain/avr8/avr8-gnu-toolchain/bin/../lib/gcc/avr/5.4.0/../../../../avr/lib/avr5\libc.a(strnlen.o)
                0x00005a1e                strnlen
 .text.avr-libc
                0x00005a34       0x20 c:/program files (x86)/atmel/studio/7.0/toolchain/avr8/avr8-gnu-toolchain/bin/../lib/gcc/avr/5.4.0/../../../../avr/lib/avr5\libc.a(strrev.o)
                0x00005a34                strrev
 .text.avr-libc
                0x00005a54       0x78 c:/program files (x86)/atmel/studio/7.0/toolchain/avr8/avr8-gnu-toolchain/bin/../lib/gcc/avr/5.4.0/../../../../avr/lib/avr5\libc.a(fputc.o)
                0x00005a54                fputc
 .text.avr-libc
                0x00005acc       0xbc c:/program files (x86)/atmel/studio/7.0/toolchain/avr8/avr8-gnu-toolchain/bin/../lib/gcc/avr/5.4.0/../../../../avr/lib/avr5\libc.a(ultoa_invert.o)
                0x00005acc                __ultoa_invert
 .text.avr-libc
                0x00005b88       0x10 C:/Program Files (x86)/Atmel/Studio/7.0/Packs/atmel/ATmega_DFP/1.2.209/gcc/dev/atmega64a/avr5\libatmega64a.a(eerd_byte.o)
                0x00005b88                eeprom_read_byte
 .text.avr-libc
                0x00005b98        0xc C:/Program Files (x86)/Atmel/Studio/7.0/Packs/atmel/ATmega_DFP/1.2.209/gcc/dev/atmega64a/avr5\libatmega64a.a(eerd_word.o)
                0x00005b98                eeprom_read_word
 .text.avr-libc
                0x00005ba4       0x22 C:/Program Files (x86)/Atmel/Studio/7.0/Packs/atmel/ATmega_DFP/1.2.209/gcc/dev/atmega64a/avr5\libatmega64a.a(eeupd_byte.o)
                0x00005ba4                eeprom_update_byte
                0x00005ba6                eeprom_update_r18
 .text.avr-libc
                0x00005bc6        0xc C:/Program Files (x86)/Atmel/Studio/7.0/Packs/atmel/ATmega_DFP/1.2.209/gcc/dev/atmega64a/avr5\libatmega64a.a(eeupd_word.o)
                0x00005bc6                eeprom_update_word
 .text.avr-libc
                0x00005bd2       0x20 C:/Program Files (x86)/Atmel/Studio/7.0/Packs/atmel/ATmega_DFP/1.2.209/gcc/dev/atmega64a/avr5\libatmega64a.a(eerd_block.o)
                0x00005bd2                eeprom_read_block
                0x00005bd6                eeprom_read_blraw
                0x00005bf2                . = ALIGN (0x2)
 *(.fini9)
 .fini9         0x00005bf2        0x0 c:/program files (x86)/atmel/studio/7.0/toolchain/avr8/avr8-gnu-toolchain/bin/../lib/gcc/avr/5.4.0/avr5\libgcc.a(_exit.o)
                0x00005bf2                _exit
                0x00005bf2                exit
 *(.fini9)
 *(.fini8)
 *(.fini8)
 *(.fini7)
 *(.fini7)
 *(.fini6)
 *(.fini6)
 *(.fini5)
 *(.fini5)
 *(.fini4)
 *(.fini4)
 *(.fini3)
 *(.fini3)
 *(.fini2)
 *(.fini2)
 *(.fini1)
 *(.fini1)
 *(.fini0)
 .fini0         0x00005bf2        0x4 c:/program files (x86)/atmel/studio/7.0/toolchain/avr8/avr8-gnu-toolchain/bin/../lib/gcc/avr/5.4.0/avr5\libgcc.a(_exit.o)
 *(.fini0)
                0x00005bf6                _etext = .

.data           0x00800100      0x564 load address 0x00005bf6
                0x00800100                PROVIDE (__data_start, .)
 *(.data)
 *(.data*)
 .data.display.2998
                0x00800100        0x1 main.o
 .data.DayName  0x00800101        0x1 main.o
                0x00800101                DayName
 .data.Day      0x00800102        0x1 main.o
                0x00800102                Day
 .data.Month    0x00800103        0x1 main.o
                0x00800103                Month
 .data.Year     0x00800104        0x2 main.o
                0x00800104                Year
 .data.ReturnTempSensorID
                0x00800106        0x1 main.o
                0x00800106                ReturnTempSensorID
 .data.ForwardTempSensorID
                0x00800107        0x1 main.o
                0x00800107                ForwardTempSensorID
 .data.FloorSensorID
                0x00800108        0x1 main.o
                0x00800108                FloorSensorID
 .data.LivingRoomSensorID
                0x00800109        0x1 main.o
                0x00800109                LivingRoomSensorID
 .data.GarageSensorID
                0x0080010a        0x1 main.o
                0x0080010a                GarageSensorID
 .data.BufferSensorID
                0x0080010b        0x1 main.o
                0x0080010b                BufferSensorID
 .data.DHWSensorID
                0x0080010c        0x1 main.o
                0x0080010c                DHWSensorID
 .data.BufferMaxTemp
                0x0080010d        0x1 main.o
                0x0080010d                BufferMaxTemp
 .data.ForwardHeatTemp
                0x0080010e        0x1 main.o
                0x0080010e                ForwardHeatTemp
 .data.ComfortMinTime
                0x0080010f        0x2 main.o
                0x0080010f                ComfortMinTime
 .data.ComfortMaxTime
                0x00800111        0x2 main.o
                0x00800111                ComfortMaxTime
 .data.ComfortForwardTemp
                0x00800113        0x1 main.o
                0x00800113                ComfortForwardTemp
 .data.ComfortTemp
                0x00800114        0x2 main.o
                0x00800114                ComfortTemp
 .data.PumpPlusTime
                0x00800116        0x2 main.o
                0x00800116                PumpPlusTime
 .data.MenuTimer
                0x00800118        0x1 main.o
                0x00800118                MenuTimer
 .data.menu_buttons
                0x00800119       0x14 MENU/menu.o
 .data.current_state
                0x0080012d        0x2 MENU/menu.o
 .data.menu_states
                0x0080012f       0x23 MENU/menu.o
 .data.home_items
                0x00800152       0x3f MENU/menu_items.o
 .data.SYSPARAM_submenu
                0x00800191       0x3f MENU/menu_items.o
 .data.COMFORT_submenu
                0x008001d0       0x2d MENU/menu_items.o
 .data.CLOCK_submenu
                0x008001fd       0x36 MENU/menu_items.o
 .data.SENSORS_submenu
                0x00800233       0x5a MENU/menu_items.o
 .data.RELAYS_submenu
                0x0080028d       0x36 MENU/menu_items.o
 .data.ENGINEERING_submenu
                0x008002c3       0x24 MENU/menu_items.o
 .data.BUFFER_submenu
                0x008002e7       0x24 MENU/menu_items.o
 .data.DHW_submenu
                0x0080030b       0x2d MENU/menu_items.o
 .data.DHWHOURS_submenu
                0x00800338       0x12 MENU/menu_items.o
 .data.BME280_submenu
                0x0080034a       0x1b MENU/menu_items.o
 *(.gnu.linkonce.d*)
 *(.rodata)
 .rodata        0x00800365       0x24 Utils/ftoa.o
 *(.rodata*)
 .rodata.str1.1
                0x00800389      0x2db MENU/menu_items.o
                                0x2df (size before relaxing)
 *(.gnu.linkonce.r*)
                0x00800664                . = ALIGN (0x2)
                0x00800664                _edata = .
                0x00800664                PROVIDE (__data_end, .)

.bss            0x00800664      0x189
                0x00800664                PROVIDE (__bss_start, .)
 *(.bss)
 *(.bss*)
 .bss.pumpplustime.3208
                0x00800664        0x2 main.o
 .bss.web.3001  0x00800666        0x1 main.o
 .bss.timerstate.2999
                0x00800667        0x1 main.o
 .bss.isInitialized
                0x00800668        0x1 main.o
                0x00800668                isInitialized
 .bss.ClockInitialized
                0x00800669        0x1 main.o
                0x00800669                ClockInitialized
 .bss.Seconds   0x0080066a        0x1 main.o
                0x0080066a                Seconds
 .bss.Minute    0x0080066b        0x1 main.o
                0x0080066b                Minute
 .bss.Hour      0x0080066c        0x1 main.o
                0x0080066c                Hour
 .bss.EngineeringSensorID
                0x0080066d        0x1 main.o
                0x0080066d                EngineeringSensorID
 .bss.Relays    0x0080066e        0x1 main.o
                0x0080066e                Relays
 .bss.Restarts  0x0080066f        0x2 main.o
                0x0080066f                Restarts
 .bss.ComfortMode
                0x00800671        0x1 main.o
                0x00800671                ComfortMode
 .bss.LCDBackLight
                0x00800672        0x1 main.o
                0x00800672                LCDBackLight
 .bss.Mode      0x00800673        0x1 main.o
                0x00800673                Mode
 .bss.TimerElapsed
                0x00800674        0x1 main.o
                0x00800674                TimerElapsed
 .bss.UART1_LastRxError
                0x00800675        0x1 UART/UART.o
 .bss.UART1_RxTail
                0x00800676        0x1 UART/UART.o
 .bss.UART1_RxHead
                0x00800677        0x1 UART/UART.o
 .bss.UART1_TxTail
                0x00800678        0x1 UART/UART.o
 .bss.UART1_TxHead
                0x00800679        0x1 UART/UART.o
 .bss.UART1_RxBuf
                0x0080067a       0x20 UART/UART.o
 .bss.UART1_TxBuf
                0x0080069a       0x20 UART/UART.o
 .bss.UART_LastRxError
                0x008006ba        0x1 UART/UART.o
 .bss.UART_RxTail
                0x008006bb        0x1 UART/UART.o
 .bss.UART_RxHead
                0x008006bc        0x1 UART/UART.o
 .bss.UART_TxTail
                0x008006bd        0x1 UART/UART.o
 .bss.UART_TxHead
                0x008006be        0x1 UART/UART.o
 .bss.UART_RxBuf
                0x008006bf       0x20 UART/UART.o
 .bss.UART_TxBuf
                0x008006df       0x20 UART/UART.o
 *(COMMON)
 COMMON         0x008006ff       0x25 BME280/bme280.o
                0x008006ff                _bme280_calib
                0x00800720                t_fine
 COMMON         0x00800724        0x7 DS18B20/onewire.o
                0x00800724                OW_OUT
                0x00800726                OW_PIN_MASK
                0x00800727                OW_IN
                0x00800729                OW_DDR
 COMMON         0x0080072b       0xc2 main.o
                0x0080072b                EngineeringTempMinMeasured
                0x0080072c                LivingRoomTemp
                0x0080072e                BufferTempMax
                0x0080072f                ForwardTemp
                0x00800730                uartdata_in
                0x0080073f                EngineeringTempDesired
                0x00800740                LivingRoomTempBuf
                0x00800744                BME280Temp
                0x00800748                BME280Humid
                0x0080074c                FloorTempBuf
                0x00800750                SwitchOnOutdoorTempMin
                0x00800752                EngineeringTempActualBuf
                0x00800756                ReturnTempBuf
                0x0080075a                ReturnTempFracBuf
                0x0080075c                nSensors
                0x0080075d                DHWTempMin
                0x0080075e                DHWTempMax
                0x0080075f                EngineeringTempActual
                0x00800760                BME280TempMax
                0x00800764                BME280TempMin
                0x00800768                DHWTempActualBuf
                0x0080076c                ForwardTempBuf
                0x00800770                EngineeringTempActualFracBuf
                0x00800772                DHWTempDesired
                0x00800773                ReturnTemp
                0x00800774                FloorTempMin
                0x00800775                GarageTemp
                0x00800776                GarageTempMin
                0x00800777                DHWTempActual
                0x00800778                BufferTempActualBuf
                0x0080077c                BME280TempInt
                0x0080077e                FloorTempFracBuf
                0x00800780                GarageTempFracBuf
                0x00800782                uartdata_count
                0x00800783                DHWMinTime
                0x00800785                BME280TempBuf
                0x0080078d                ForwardTempFracBuf
                0x0080078f                BufferTempMin
                0x00800790                BufferTempActualFracBuf
                0x00800792                DHWTempMinMeasured
                0x00800793                EngineeringTempMax
                0x00800794                DHWMaxTime
                0x00800796                LivingRoomTempFracBuf
                0x00800798                LivingRoomTempMin
                0x0080079a                EngineeringTempMin
                0x0080079b                FloorTemp
                0x0080079c                DHWTempActualFracBuf
                0x0080079e                BME280HumidBuf
                0x008007a4                GarageTempMax
                0x008007a5                gSensorIDs
                0x008007e5                LivingRoomTempMax
                0x008007e7                FloorTempMax
                0x008007e8                GarageTempBuf
                0x008007ec                BufferTempActual
                0x008007ed                PROVIDE (__bss_end, .)
                0x00005bf6                __data_load_start = LOADADDR (.data)
                0x0000615a                __data_load_end = (__data_load_start + SIZEOF (.data))

.noinit         0x008007ed        0x0
                [!provide]                PROVIDE (__noinit_start, .)
 *(.noinit*)
                [!provide]                PROVIDE (__noinit_end, .)
                0x008007ed                _end = .
                [!provide]                PROVIDE (__heap_start, .)

.eeprom         0x00810000       0x23
 *(.eeprom*)
 .eeprom        0x00810000       0x23 main.o
                0x00810000                eeReturnTempSensorID
                0x00810001                eeForwardTempSensorID
                0x00810002                eeFloorSensorID
                0x00810003                eeLivingRoomSensorID
                0x00810004                eeEngineeringSensorID
                0x00810005                eeGarageSensorID
                0x00810006                eeBufferSensorID
                0x00810007                eeDHWSensorID
                0x00810008                eeSwitchOnOutdoorTempMin
                0x0081000a                eeEngineeringTempMin
                0x0081000b                eeEngineeringTempDesired
                0x0081000c                eeBufferMaxTemp
                0x0081000d                eeForwardHeatTemp
                0x0081000e                eeDHWMaxTime
                0x00810010                eeDHWMinTime
                0x00810012                eeDHWTempMin
                0x00810013                eeDHWTempDesired
                0x00810014                eeRestarts
                0x00810016                eeComfortMinTime
                0x00810018                eeComfortMaxTime
                0x0081001a                eeComfortForwardTemp
                0x0081001b                eeComfortTemp
                0x0081001d                eeComfortMode
                0x0081001e                eePumpPlusTime
                0x00810020                eeLCDBackLight
                0x00810021                eeMenuTimer
                0x00810022                eeMode
                0x00810023                __eeprom_end = .

.fuse
 *(.fuse)
 *(.lfuse)
 *(.hfuse)
 *(.efuse)

.lock
 *(.lock*)

.signature
 *(.signature*)

.user_signatures
 *(.user_signatures*)

.stab
 *(.stab)

.stabstr
 *(.stabstr)

.stab.excl
 *(.stab.excl)

.stab.exclstr
 *(.stab.exclstr)

.stab.index
 *(.stab.index)

.stab.indexstr
 *(.stab.indexstr)

.comment        0x00000000       0x5c
 *(.comment)
 .comment       0x00000000       0x30 BME280/bme280.o
                                 0x31 (size before relaxing)
 .comment       0x00000030       0x31 DS18B20/crc8.o
 .comment       0x00000030       0x31 DS18B20/ds18x20.o
 .comment       0x00000030       0x31 DS18B20/onewire.o
 .comment       0x00000030       0x31 I2C/i2c_master.o
 .comment       0x00000030       0x31 LCD/lcd.o
 .comment       0x00000030       0x31 main.o
 .comment       0x00000030       0x31 MENU/menu.o
 .comment       0x00000030       0x31 MENU/menu_items.o
 .comment       0x00000030       0x31 MENU/menu_portsio.o
 .comment       0x00000030       0x31 SPI/spi.o
 .comment       0x00000030       0x31 UART/UART.o
 .comment       0x00000030       0x31 Utils/ftoa.o
 .comment       0x00000030       0x2c c:/program files (x86)/atmel/studio/7.0/toolchain/avr8/avr8-gnu-toolchain/bin/../lib/gcc/avr/5.4.0/../../../../avr/lib/avr5\libc.a(vfprintf_std.o)
                                 0x2d (size before relaxing)
 .comment       0x0000005c       0x31 c:/program files (x86)/atmel/studio/7.0/toolchain/avr8/avr8-gnu-toolchain/bin/../lib/gcc/avr/5.4.0/../../../../avr/lib/avr5\libc.a(fputc.o)

.note.gnu.avr.deviceinfo
                0x00000000       0x3c
 .note.gnu.avr.deviceinfo
                0x00000000       0x3c C:/Program Files (x86)/Atmel/Studio/7.0/Packs/atmel/ATmega_DFP/1.2.209/gcc/dev/atmega64a/avr5/crtatmega64a.o

.note.gnu.build-id
 *(.note.gnu.build-id)

.debug
 *(.debug)

.line
 *(.line)

.debug_srcinfo
 *(.debug_srcinfo)

.debug_sfnames
 *(.debug_sfnames)

.debug_aranges  0x00000000      0x7f8
 *(.debug_aranges)
 .debug_aranges
                0x00000000       0x78 BME280/bme280.o
 .debug_aranges
                0x00000078       0x20 DS18B20/crc8.o
 .debug_aranges
                0x00000098       0x60 DS18B20/ds18x20.o
 .debug_aranges
                0x000000f8       0x68 DS18B20/onewire.o
 .debug_aranges
                0x00000160       0x68 I2C/i2c_master.o
 .debug_aranges
                0x000001c8       0xd0 LCD/lcd.o
 .debug_aranges
                0x00000298       0x60 main.o
 .debug_aranges
                0x000002f8       0x38 MENU/menu.o
 .debug_aranges
                0x00000330      0x318 MENU/menu_items.o
 .debug_aranges
                0x00000648       0x20 MENU/menu_portsio.o
 .debug_aranges
                0x00000668       0x30 SPI/spi.o
 .debug_aranges
                0x00000698       0xa0 UART/UART.o
 .debug_aranges
                0x00000738       0x20 Utils/ftoa.o
 .debug_aranges
                0x00000758       0x20 C:/Program Files (x86)/Atmel/Studio/7.0/Packs/atmel/ATmega_DFP/1.2.209/gcc/dev/atmega64a/avr5\libatmega64a.a(eerd_byte.o)
 .debug_aranges
                0x00000778       0x20 C:/Program Files (x86)/Atmel/Studio/7.0/Packs/atmel/ATmega_DFP/1.2.209/gcc/dev/atmega64a/avr5\libatmega64a.a(eerd_word.o)
 .debug_aranges
                0x00000798       0x20 C:/Program Files (x86)/Atmel/Studio/7.0/Packs/atmel/ATmega_DFP/1.2.209/gcc/dev/atmega64a/avr5\libatmega64a.a(eeupd_byte.o)
 .debug_aranges
                0x000007b8       0x20 C:/Program Files (x86)/Atmel/Studio/7.0/Packs/atmel/ATmega_DFP/1.2.209/gcc/dev/atmega64a/avr5\libatmega64a.a(eeupd_word.o)
 .debug_aranges
                0x000007d8       0x20 C:/Program Files (x86)/Atmel/Studio/7.0/Packs/atmel/ATmega_DFP/1.2.209/gcc/dev/atmega64a/avr5\libatmega64a.a(eerd_block.o)

.debug_pubnames
 *(.debug_pubnames)

.debug_info     0x00000000     0xbd8c
 *(.debug_info .gnu.linkonce.wi.*)
 .debug_info    0x00000000      0x780 C:/Program Files (x86)/Atmel/Studio/7.0/Packs/atmel/ATmega_DFP/1.2.209/gcc/dev/atmega64a/avr5/crtatmega64a.o
 .debug_info    0x00000780      0xb20 BME280/bme280.o
 .debug_info    0x000012a0      0x106 DS18B20/crc8.o
 .debug_info    0x000013a6      0x60f DS18B20/ds18x20.o
 .debug_info    0x000019b5      0x499 DS18B20/onewire.o
 .debug_info    0x00001e4e      0x3fe I2C/i2c_master.o
 .debug_info    0x0000224c      0xab5 LCD/lcd.o
 .debug_info    0x00002d01     0x351f main.o
 .debug_info    0x00006220      0x77e MENU/menu.o
 .debug_info    0x0000699e     0x4598 MENU/menu_items.o
 .debug_info    0x0000af36       0x9a MENU/menu_portsio.o
 .debug_info    0x0000afd0       0xce SPI/spi.o
 .debug_info    0x0000b09e      0x753 UART/UART.o
 .debug_info    0x0000b7f1      0x241 Utils/ftoa.o
 .debug_info    0x0000ba32       0xab C:/Program Files (x86)/Atmel/Studio/7.0/Packs/atmel/ATmega_DFP/1.2.209/gcc/dev/atmega64a/avr5\libatmega64a.a(eerd_byte.o)
 .debug_info    0x0000badd       0xab C:/Program Files (x86)/Atmel/Studio/7.0/Packs/atmel/ATmega_DFP/1.2.209/gcc/dev/atmega64a/avr5\libatmega64a.a(eerd_word.o)
 .debug_info    0x0000bb88       0xac C:/Program Files (x86)/Atmel/Studio/7.0/Packs/atmel/ATmega_DFP/1.2.209/gcc/dev/atmega64a/avr5\libatmega64a.a(eeupd_byte.o)
 .debug_info    0x0000bc34       0xac C:/Program Files (x86)/Atmel/Studio/7.0/Packs/atmel/ATmega_DFP/1.2.209/gcc/dev/atmega64a/avr5\libatmega64a.a(eeupd_word.o)
 .debug_info    0x0000bce0       0xac C:/Program Files (x86)/Atmel/Studio/7.0/Packs/atmel/ATmega_DFP/1.2.209/gcc/dev/atmega64a/avr5\libatmega64a.a(eerd_block.o)

.debug_abbrev   0x00000000     0x1e34
 *(.debug_abbrev)
 .debug_abbrev  0x00000000      0x718 C:/Program Files (x86)/Atmel/Studio/7.0/Packs/atmel/ATmega_DFP/1.2.209/gcc/dev/atmega64a/avr5/crtatmega64a.o
 .debug_abbrev  0x00000718      0x1fb BME280/bme280.o
 .debug_abbrev  0x00000913       0x8b DS18B20/crc8.o
 .debug_abbrev  0x0000099e      0x186 DS18B20/ds18x20.o
 .debug_abbrev  0x00000b24      0x1b9 DS18B20/onewire.o
 .debug_abbrev  0x00000cdd      0x14c I2C/i2c_master.o
 .debug_abbrev  0x00000e29      0x2c6 LCD/lcd.o
 .debug_abbrev  0x000010ef      0x330 main.o
 .debug_abbrev  0x0000141f      0x23f MENU/menu.o
 .debug_abbrev  0x0000165e      0x325 MENU/menu_items.o
 .debug_abbrev  0x00001983       0x6b MENU/menu_portsio.o
 .debug_abbrev  0x000019ee       0x87 SPI/spi.o
 .debug_abbrev  0x00001a75      0x1e1 UART/UART.o
 .debug_abbrev  0x00001c56      0x17a Utils/ftoa.o
 .debug_abbrev  0x00001dd0       0x14 C:/Program Files (x86)/Atmel/Studio/7.0/Packs/atmel/ATmega_DFP/1.2.209/gcc/dev/atmega64a/avr5\libatmega64a.a(eerd_byte.o)
 .debug_abbrev  0x00001de4       0x14 C:/Program Files (x86)/Atmel/Studio/7.0/Packs/atmel/ATmega_DFP/1.2.209/gcc/dev/atmega64a/avr5\libatmega64a.a(eerd_word.o)
 .debug_abbrev  0x00001df8       0x14 C:/Program Files (x86)/Atmel/Studio/7.0/Packs/atmel/ATmega_DFP/1.2.209/gcc/dev/atmega64a/avr5\libatmega64a.a(eeupd_byte.o)
 .debug_abbrev  0x00001e0c       0x14 C:/Program Files (x86)/Atmel/Studio/7.0/Packs/atmel/ATmega_DFP/1.2.209/gcc/dev/atmega64a/avr5\libatmega64a.a(eeupd_word.o)
 .debug_abbrev  0x00001e20       0x14 C:/Program Files (x86)/Atmel/Studio/7.0/Packs/atmel/ATmega_DFP/1.2.209/gcc/dev/atmega64a/avr5\libatmega64a.a(eerd_block.o)

.debug_line     0x00000000     0x4e09
 *(.debug_line .debug_line.* .debug_line_end)
 .debug_line    0x00000000      0x169 C:/Program Files (x86)/Atmel/Studio/7.0/Packs/atmel/ATmega_DFP/1.2.209/gcc/dev/atmega64a/avr5/crtatmega64a.o
 .debug_line    0x00000169      0x463 BME280/bme280.o
 .debug_line    0x000005cc       0xf1 DS18B20/crc8.o
 .debug_line    0x000006bd      0x397 DS18B20/ds18x20.o
 .debug_line    0x00000a54      0x36e DS18B20/onewire.o
 .debug_line    0x00000dc2      0x318 I2C/i2c_master.o
 .debug_line    0x000010da      0x746 LCD/lcd.o
 .debug_line    0x00001820      0xe08 main.o
 .debug_line    0x00002628      0x3b5 MENU/menu.o
 .debug_line    0x000029dd     0x1a94 MENU/menu_items.o
 .debug_line    0x00004471       0xb2 MENU/menu_portsio.o
 .debug_line    0x00004523      0x10c SPI/spi.o
 .debug_line    0x0000462f      0x451 UART/UART.o
 .debug_line    0x00004a80       0xeb Utils/ftoa.o
 .debug_line    0x00004b6b       0x7a C:/Program Files (x86)/Atmel/Studio/7.0/Packs/atmel/ATmega_DFP/1.2.209/gcc/dev/atmega64a/avr5\libatmega64a.a(eerd_byte.o)
 .debug_line    0x00004be5       0x67 C:/Program Files (x86)/Atmel/Studio/7.0/Packs/atmel/ATmega_DFP/1.2.209/gcc/dev/atmega64a/avr5\libatmega64a.a(eerd_word.o)
 .debug_line    0x00004c4c       0xb0 C:/Program Files (x86)/Atmel/Studio/7.0/Packs/atmel/ATmega_DFP/1.2.209/gcc/dev/atmega64a/avr5\libatmega64a.a(eeupd_byte.o)
 .debug_line    0x00004cfc       0x62 C:/Program Files (x86)/Atmel/Studio/7.0/Packs/atmel/ATmega_DFP/1.2.209/gcc/dev/atmega64a/avr5\libatmega64a.a(eeupd_word.o)
 .debug_line    0x00004d5e       0xab C:/Program Files (x86)/Atmel/Studio/7.0/Packs/atmel/ATmega_DFP/1.2.209/gcc/dev/atmega64a/avr5\libatmega64a.a(eerd_block.o)

.debug_frame    0x00000000     0x1590
 *(.debug_frame)
 .debug_frame   0x00000000      0x1f4 BME280/bme280.o
 .debug_frame   0x000001f4       0x24 DS18B20/crc8.o
 .debug_frame   0x00000218      0x194 DS18B20/ds18x20.o
 .debug_frame   0x000003ac      0x100 DS18B20/onewire.o
 .debug_frame   0x000004ac      0x15c I2C/i2c_master.o
 .debug_frame   0x00000608      0x22c LCD/lcd.o
 .debug_frame   0x00000834      0x138 main.o
 .debug_frame   0x0000096c       0xc0 MENU/menu.o
 .debug_frame   0x00000a2c      0x884 MENU/menu_items.o
 .debug_frame   0x000012b0       0x24 MENU/menu_portsio.o
 .debug_frame   0x000012d4       0x44 SPI/spi.o
 .debug_frame   0x00001318      0x1f4 UART/UART.o
 .debug_frame   0x0000150c       0x84 Utils/ftoa.o

.debug_str      0x00000000     0x236a
 *(.debug_str)
 .debug_str     0x00000000      0x27e C:/Program Files (x86)/Atmel/Studio/7.0/Packs/atmel/ATmega_DFP/1.2.209/gcc/dev/atmega64a/avr5/crtatmega64a.o
 .debug_str     0x0000027e      0x5ae BME280/bme280.o
                                0x5fe (size before relaxing)
 .debug_str     0x0000082c       0x53 DS18B20/crc8.o
                                0x1a4 (size before relaxing)
 .debug_str     0x0000087f      0x19d DS18B20/ds18x20.o
                                0x2ff (size before relaxing)
 .debug_str     0x00000a1c       0x7a DS18B20/onewire.o
                                0x22e (size before relaxing)
 .debug_str     0x00000a96       0x6c I2C/i2c_master.o
                                0x1f4 (size before relaxing)
 .debug_str     0x00000b02      0x199 LCD/lcd.o
                                0x2f5 (size before relaxing)
 .debug_str     0x00000c9b      0x814 main.o
                                0xd27 (size before relaxing)
 .debug_str     0x000014af      0x218 MENU/menu.o
                                0x43c (size before relaxing)
 .debug_str     0x000016c7      0xabf MENU/menu_items.o
                               0x1383 (size before relaxing)
 .debug_str     0x00002186       0x33 MENU/menu_portsio.o
                                0x17e (size before relaxing)
 .debug_str     0x000021b9        0xd SPI/spi.o
                                0x16f (size before relaxing)
 .debug_str     0x000021c6      0x165 UART/UART.o
                                0x356 (size before relaxing)
 .debug_str     0x0000232b       0x3f Utils/ftoa.o
                                0x1a5 (size before relaxing)

.debug_loc      0x00000000     0x7bc0
 *(.debug_loc)
 .debug_loc     0x00000000      0x929 BME280/bme280.o
 .debug_loc     0x00000929      0x1c0 DS18B20/crc8.o
 .debug_loc     0x00000ae9      0x83d DS18B20/ds18x20.o
 .debug_loc     0x00001326      0x4cc DS18B20/onewire.o
 .debug_loc     0x000017f2      0x6b8 I2C/i2c_master.o
 .debug_loc     0x00001eaa      0xb3e LCD/lcd.o
 .debug_loc     0x000029e8      0xa09 main.o
 .debug_loc     0x000033f1      0x3b1 MENU/menu.o
 .debug_loc     0x000037a2     0x38ce MENU/menu_items.o
 .debug_loc     0x00007070       0x21 SPI/spi.o
 .debug_loc     0x00007091      0x770 UART/UART.o
 .debug_loc     0x00007801      0x3bf Utils/ftoa.o

.debug_macinfo
 *(.debug_macinfo)

.debug_weaknames
 *(.debug_weaknames)

.debug_funcnames
 *(.debug_funcnames)

.debug_typenames
 *(.debug_typenames)

.debug_varnames
 *(.debug_varnames)

.debug_pubtypes
 *(.debug_pubtypes)

.debug_ranges   0x00000000      0x7d8
 *(.debug_ranges)
 .debug_ranges  0x00000000       0x68 BME280/bme280.o
 .debug_ranges  0x00000068       0x10 DS18B20/crc8.o
 .debug_ranges  0x00000078       0x50 DS18B20/ds18x20.o
 .debug_ranges  0x000000c8       0x58 DS18B20/onewire.o
 .debug_ranges  0x00000120       0x88 I2C/i2c_master.o
 .debug_ranges  0x000001a8       0xf0 LCD/lcd.o
 .debug_ranges  0x00000298       0x88 main.o
 .debug_ranges  0x00000320       0xb0 MENU/menu.o
 .debug_ranges  0x000003d0      0x308 MENU/menu_items.o
 .debug_ranges  0x000006d8       0x10 MENU/menu_portsio.o
 .debug_ranges  0x000006e8       0x20 SPI/spi.o
 .debug_ranges  0x00000708       0xc0 UART/UART.o
 .debug_ranges  0x000007c8       0x10 Utils/ftoa.o

.debug_macro
 *(.debug_macro)
OUTPUT(futes_vezerlo.elf elf32-avr)
LOAD linker stubs
