Archive member included to satisfy reference by file (symbol)

c:/program files (x86)/atmel/studio/7.0/toolchain/avr8/avr8-gnu-toolchain/bin/../lib/gcc/avr/5.4.0/../../../../avr/lib/avr5\libm.a(addsf3.o)
                              BME280/bme280.o (__subsf3)
c:/program files (x86)/atmel/studio/7.0/toolchain/avr8/avr8-gnu-toolchain/bin/../lib/gcc/avr/5.4.0/../../../../avr/lib/avr5\libm.a(addsf3x.o)
                              c:/program files (x86)/atmel/studio/7.0/toolchain/avr8/avr8-gnu-toolchain/bin/../lib/gcc/avr/5.4.0/../../../../avr/lib/avr5\libm.a(addsf3.o) (__addsf3x)
c:/program files (x86)/atmel/studio/7.0/toolchain/avr8/avr8-gnu-toolchain/bin/../lib/gcc/avr/5.4.0/../../../../avr/lib/avr5\libm.a(divsf3.o)
                              BME280/bme280.o (__divsf3)
c:/program files (x86)/atmel/studio/7.0/toolchain/avr8/avr8-gnu-toolchain/bin/../lib/gcc/avr/5.4.0/../../../../avr/lib/avr5\libm.a(divsf3x.o)
                              c:/program files (x86)/atmel/studio/7.0/toolchain/avr8/avr8-gnu-toolchain/bin/../lib/gcc/avr/5.4.0/../../../../avr/lib/avr5\libm.a(divsf3.o) (__divsf3x)
c:/program files (x86)/atmel/studio/7.0/toolchain/avr8/avr8-gnu-toolchain/bin/../lib/gcc/avr/5.4.0/../../../../avr/lib/avr5\libm.a(fixsfsi.o)
                              MAX31865/max31865.o (__fixsfsi)
c:/program files (x86)/atmel/studio/7.0/toolchain/avr8/avr8-gnu-toolchain/bin/../lib/gcc/avr/5.4.0/../../../../avr/lib/avr5\libm.a(fixunssfsi.o)
                              c:/program files (x86)/atmel/studio/7.0/toolchain/avr8/avr8-gnu-toolchain/bin/../lib/gcc/avr/5.4.0/../../../../avr/lib/avr5\libm.a(fixsfsi.o) (__fixunssfsi)
c:/program files (x86)/atmel/studio/7.0/toolchain/avr8/avr8-gnu-toolchain/bin/../lib/gcc/avr/5.4.0/../../../../avr/lib/avr5\libm.a(floatdisf.o)
                              BME280/bme280.o (__floatdisf)
c:/program files (x86)/atmel/studio/7.0/toolchain/avr8/avr8-gnu-toolchain/bin/../lib/gcc/avr/5.4.0/../../../../avr/lib/avr5\libm.a(floatsisf.o)
                              BME280/bme280.o (__floatunsisf)
c:/program files (x86)/atmel/studio/7.0/toolchain/avr8/avr8-gnu-toolchain/bin/../lib/gcc/avr/5.4.0/../../../../avr/lib/avr5\libm.a(floatundisf.o)
                              c:/program files (x86)/atmel/studio/7.0/toolchain/avr8/avr8-gnu-toolchain/bin/../lib/gcc/avr/5.4.0/../../../../avr/lib/avr5\libm.a(floatdisf.o) (__fp_di2sf)
c:/program files (x86)/atmel/studio/7.0/toolchain/avr8/avr8-gnu-toolchain/bin/../lib/gcc/avr/5.4.0/../../../../avr/lib/avr5\libm.a(fp_inf.o)
                              c:/program files (x86)/atmel/studio/7.0/toolchain/avr8/avr8-gnu-toolchain/bin/../lib/gcc/avr/5.4.0/../../../../avr/lib/avr5\libm.a(addsf3x.o) (__fp_inf)
c:/program files (x86)/atmel/studio/7.0/toolchain/avr8/avr8-gnu-toolchain/bin/../lib/gcc/avr/5.4.0/../../../../avr/lib/avr5\libm.a(fp_nan.o)
                              c:/program files (x86)/atmel/studio/7.0/toolchain/avr8/avr8-gnu-toolchain/bin/../lib/gcc/avr/5.4.0/../../../../avr/lib/avr5\libm.a(addsf3x.o) (__fp_nan)
c:/program files (x86)/atmel/studio/7.0/toolchain/avr8/avr8-gnu-toolchain/bin/../lib/gcc/avr/5.4.0/../../../../avr/lib/avr5\libm.a(fp_negdi.o)
                              c:/program files (x86)/atmel/studio/7.0/toolchain/avr8/avr8-gnu-toolchain/bin/../lib/gcc/avr/5.4.0/../../../../avr/lib/avr5\libm.a(floatdisf.o) (__fp_negdi)
c:/program files (x86)/atmel/studio/7.0/toolchain/avr8/avr8-gnu-toolchain/bin/../lib/gcc/avr/5.4.0/../../../../avr/lib/avr5\libm.a(fp_pscA.o)
                              c:/program files (x86)/atmel/studio/7.0/toolchain/avr8/avr8-gnu-toolchain/bin/../lib/gcc/avr/5.4.0/../../../../avr/lib/avr5\libm.a(addsf3x.o) (__fp_pscA)
c:/program files (x86)/atmel/studio/7.0/toolchain/avr8/avr8-gnu-toolchain/bin/../lib/gcc/avr/5.4.0/../../../../avr/lib/avr5\libm.a(fp_pscB.o)
                              c:/program files (x86)/atmel/studio/7.0/toolchain/avr8/avr8-gnu-toolchain/bin/../lib/gcc/avr/5.4.0/../../../../avr/lib/avr5\libm.a(addsf3x.o) (__fp_pscB)
c:/program files (x86)/atmel/studio/7.0/toolchain/avr8/avr8-gnu-toolchain/bin/../lib/gcc/avr/5.4.0/../../../../avr/lib/avr5\libm.a(fp_round.o)
                              c:/program files (x86)/atmel/studio/7.0/toolchain/avr8/avr8-gnu-toolchain/bin/../lib/gcc/avr/5.4.0/../../../../avr/lib/avr5\libm.a(addsf3.o) (__fp_round)
c:/program files (x86)/atmel/studio/7.0/toolchain/avr8/avr8-gnu-toolchain/bin/../lib/gcc/avr/5.4.0/../../../../avr/lib/avr5\libm.a(fp_split3.o)
                              c:/program files (x86)/atmel/studio/7.0/toolchain/avr8/avr8-gnu-toolchain/bin/../lib/gcc/avr/5.4.0/../../../../avr/lib/avr5\libm.a(addsf3x.o) (__fp_split3)
c:/program files (x86)/atmel/studio/7.0/toolchain/avr8/avr8-gnu-toolchain/bin/../lib/gcc/avr/5.4.0/../../../../avr/lib/avr5\libm.a(fp_zero.o)
[...]
Memory Configuration

Name             Origin             Length             Attributes
text             0x00000000         0x00020000         xr
data             0x00800060         0x0000ffa0         rw !x
eeprom           0x00810000         0x00010000         rw !x
fuse             0x00820000         0x00000003         rw !x
lock             0x00830000         0x00000400         rw !x
signature        0x00840000         0x00000400         rw !x
user_signatures  0x00850000         0x00000400         rw !x
*default*        0x00000000         0xffffffff

Linker script and memory map

Address of section .data set to 0x800100
LOAD C:/Program Files (x86)/Atmel/Studio/7.0/Packs/atmel/ATmega_DFP/1.2.150/gcc/dev/atmega64a/avr5/crtatmega64a.o
LOAD BME280/bme280.o
LOAD DS18B20/crc8.o
LOAD DS18B20/delay.o
LOAD DS18B20/ds18x20.o
LOAD DS18B20/onewire.o
LOAD I2C/i2c_master.o
LOAD LCD/lcd.o
LOAD main.o
LOAD MAX31865/max31865.o
LOAD MENU/menu.o
LOAD MENU/menu_items.o
LOAD MENU/menu_portsio.o
LOAD SPI/spi.o
LOAD UART/UART.o
LOAD Utils/ftoa.o
START GROUP
LOAD c:/program files (x86)/atmel/studio/7.0/toolchain/avr8/avr8-gnu-toolchain/bin/../lib/gcc/avr/5.4.0/../../../../avr/lib/avr5\libm.a
END GROUP
START GROUP
LOAD c:/program files (x86)/atmel/studio/7.0/toolchain/avr8/avr8-gnu-toolchain/bin/../lib/gcc/avr/5.4.0/avr5\libgcc.a
LOAD c:/program files (x86)/atmel/studio/7.0/toolchain/avr8/avr8-gnu-toolchain/bin/../lib/gcc/avr/5.4.0/../../../../avr/lib/avr5\libm.a
LOAD c:/program files (x86)/atmel/studio/7.0/toolchain/avr8/avr8-gnu-toolchain/bin/../lib/gcc/avr/5.4.0/../../../../avr/lib/avr5\libc.a
LOAD C:/Program Files (x86)/Atmel/Studio/7.0/Packs/atmel/ATmega_DFP/1.2.150/gcc/dev/atmega64a/avr5\libatmega64a.a
END GROUP
                0x00020000                __TEXT_REGION_LENGTH__ = DEFINED (__TEXT_REGION_LENGTH__)?__TEXT_REGION_LENGTH__:0x20000
                0x0000ffa0                __DATA_REGION_LENGTH__ = DEFINED (__DATA_REGION_LENGTH__)?__DATA_REGION_LENGTH__:0xffa0
                0x00010000                __EEPROM_REGION_LENGTH__ = DEFINED (__EEPROM_REGION_LENGTH__)?__EEPROM_REGION_LENGTH__:0x10000
                [0x00000003]                __FUSE_REGION_LENGTH__ = DEFINED (__FUSE_REGION_LENGTH__)?__FUSE_REGION_LENGTH__:0x400
                0x00000400                __LOCK_REGION_LENGTH__ = DEFINED (__LOCK_REGION_LENGTH__)?__LOCK_REGION_LENGTH__:0x400
                0x00000400                __SIGNATURE_REGION_LENGTH__ = DEFINED (__SIGNATURE_REGION_LENGTH__)?__SIGNATURE_REGION_LENGTH__:0x400
                0x00000400                __USER_SIGNATURE_REGION_LENGTH__ = DEFINED (__USER_SIGNATURE_REGION_LENGTH__)?__USER_SIGNATURE_REGION_LENGTH__:0x400

.hash
 *(.hash)

.dynsym
 *(.dynsym)

.dynstr
 *(.dynstr)

.gnu.version
 *(.gnu.version)

.gnu.version_d
 *(.gnu.version_d)

.gnu.version_r
 *(.gnu.version_r)

.rel.init
 *(.rel.init)

.rela.init
 *(.rela.init)

.rel.text
 *(.rel.text)
 *(.rel.text.*)
 *(.rel.gnu.linkonce.t*)

.rela.text
 *(.rela.text)
 *(.rela.text.*)
 *(.rela.gnu.linkonce.t*)

.rel.fini
 *(.rel.fini)

.rela.fini
 *(.rela.fini)

.rel.rodata
 *(.rel.rodata)
 *(.rel.rodata.*)
 *(.rel.gnu.linkonce.r*)

.rela.rodata
 *(.rela.rodata)
 *(.rela.rodata.*)
 *(.rela.gnu.linkonce.r*)

.rel.data
 *(.rel.data)
 *(.rel.data.*)
 *(.rel.gnu.linkonce.d*)

.rela.data
 *(.rela.data)
 *(.rela.data.*)
 *(.rela.gnu.linkonce.d*)

.rel.ctors
 *(.rel.ctors)

.rela.ctors
 *(.rela.ctors)

.rel.dtors
 *(.rel.dtors)

.rela.dtors
 *(.rela.dtors)

.rel.got
 *(.rel.got)

.rela.got
 *(.rela.got)

.rel.bss
 *(.rel.bss)

.rela.bss
 *(.rela.bss)

.rel.plt
 *(.rel.plt)

.rela.plt
 *(.rela.plt)

.text           0x00000000     0x3122
 *(.vectors)
 .vectors       0x00000000       0x8c C:/Program Files (x86)/Atmel/Studio/7.0/Packs/atmel/ATmega_DFP/1.2.150/gcc/dev/atmega64a/avr5/crtatmega64a.o
                0x00000000                __vector_default
                0x00000000                __vectors
 *(.vectors)
 *(.progmem.gcc*)
 .progmem.gcc_sw_table.lcd_putc_hu
                0x0000008c       0x78 LCD/lcd.o
                0x00000104                . = ALIGN (0x2)
                0x00000104                __trampolines_start = .
 *(.trampolines)
 .trampolines   0x00000104        0x0 linker stubs
 *(.trampolines*)
                0x00000104                __trampolines_end = .
 *libprintf_flt.a:*(.progmem.data)
 *libc.a:*(.progmem.data)
 *(.progmem*)
 .progmem.data.__c.2398
                0x00000104       0x1c BME280/bme280.o
 .progmem.data.__c.2895
                0x00000120       0x12 main.o
 .progmem.data.__c.2893
                0x00000132        0x7 main.o
 .progmem.data.__c.2891
                0x00000139       0x13 main.o
 .progmem.data.__c.2871
                0x0000014c        0xb main.o
 .progmem.data.__c.2868
                0x00000157       0x11 main.o
 .progmem.data.__c.2866
                0x00000168       0x12 main.o
 .progmem.data.__c.2854
                0x0000017a        0x9 main.o
 .progmem.data.__c.2852
                0x00000183        0xb main.o
 .progmem.data.__c.2850
                0x0000018e        0x9 main.o
 .progmem.data.__c.2848
                0x00000197        0xe main.o
 .progmem.data.__c.2842
                0x000001a5        0x2 main.o
 .progmem.data.__c.2840
                0x000001a7        0x2 main.o
 .progmem.data.__c.2833
                0x000001a9        0x4 main.o
 .progmem.data.__c.2831
                0x000001ad       0x12 main.o
 .progmem.data.__c.2827
                0x000001bf        0x4 main.o
 .progmem.data.__c.2825
                0x000001c3       0x15 main.o
 .progmem.data.magyar_betuk
                0x000001d8       0x3a main.o
 .progmem.data.__c.2614
                0x00000212        0xb MENU/menu_items.o
 .progmem.data.__c.2598
                0x0000021d       0x12 MENU/menu_items.o
 .progmem.data.__c.2583
                0x0000022f        0xc MENU/menu_items.o
 .progmem.data.__c.2581
                0x0000023b        0xc MENU/menu_items.o
 .progmem.data.__c.2579
                0x00000247        0xa MENU/menu_items.o
 .progmem.data.__c.2573
                0x00000251       0x11 MENU/menu_items.o
 .progmem.data.__c.2571
                0x00000262       0x11 MENU/menu_items.o
 .progmem.data.__c.2560
                0x00000273       0x11 MENU/menu_items.o
 .progmem.data.__c.2558
                0x00000284       0x11 MENU/menu_items.o
 .progmem.data.__c.2547
                0x00000295       0x11 MENU/menu_items.o
 .progmem.data.__c.2545
                0x000002a6       0x11 MENU/menu_items.o
 .progmem.data.__c.2534
                0x000002b7       0x11 MENU/menu_items.o
 .progmem.data.__c.2532
                0x000002c8       0x11 MENU/menu_items.o
 .progmem.data.__c.2521
                0x000002d9       0x11 MENU/menu_items.o
 .progmem.data.__c.2519
                0x000002ea       0x11 MENU/menu_items.o
 .progmem.data.__c.2517
                0x000002fb       0x13 MENU/menu_items.o
 .progmem.data.__c.2512
                0x0000030e       0x11 MENU/menu_items.o
 .progmem.data.__c.2510
                0x0000031f       0x11 MENU/menu_items.o
 .progmem.data.__c.2508
                0x00000330       0x13 MENU/menu_items.o
 .progmem.data.__c.2503
                0x00000343       0x11 MENU/menu_items.o
 .progmem.data.__c.2501
                0x00000354       0x11 MENU/menu_items.o
 .progmem.data.__c.2499
                0x00000365       0x15 MENU/menu_items.o
 .progmem.data.__c.2494
                0x0000037a       0x11 MENU/menu_items.o
 .progmem.data.__c.2492
                0x0000038b       0x11 MENU/menu_items.o
 .progmem.data.__c.2490
                0x0000039c       0x15 MENU/menu_items.o
 .progmem.data.__c.2483
                0x000003b1        0x6 MENU/menu_items.o
 .progmem.data.__c.2480
                0x000003b7       0x11 MENU/menu_items.o
 .progmem.data.__c.2478
                0x000003c8       0x11 MENU/menu_items.o
 .progmem.data.__c.2467
                0x000003d9        0x4 MENU/menu_items.o
 .progmem.data.__c.2465
                0x000003dd        0x5 MENU/menu_items.o
 .progmem.data.__c.2424
                0x000003e2        0x6 MENU/menu_items.o
 .progmem.data.__c.2421
                0x000003e8       0x11 MENU/menu_items.o
 .progmem.data.__c.2419
                0x000003f9       0x11 MENU/menu_items.o
 .progmem.data.__c.2417
                0x0000040a       0x12 MENU/menu_items.o
 .progmem.data.__c.2412
                0x0000041c        0x4 MENU/menu_items.o
 .progmem.data.__c.2410
                0x00000420        0x5 MENU/menu_items.o
 .progmem.data.__c.2408
                0x00000425       0x10 MENU/menu_items.o
 .progmem.data.__c.2402
                0x00000435        0xf MENU/menu_items.o
 .progmem.data.__c.2397
                0x00000444        0xc MENU/menu_items.o
 .progmem.data.__c.2391
                0x00000450        0xf MENU/menu_items.o
 .progmem.data.__c.2376
                0x0000045f        0xc MENU/menu_items.o
 .progmem.data.__c.2331
                0x0000046b       0x12 MENU/menu_items.o
 .progmem.data.__c.2325
                0x0000047d        0xf MENU/menu_items.o
 .progmem.data.__c.2319
                0x0000048c        0xc MENU/menu_items.o
 .progmem.data.__c.2314
                0x00000498        0xb MENU/menu_items.o
 .progmem.data.__c.2309
                0x000004a3       0x12 MENU/menu_items.o
 .progmem.data.__c.2307
                0x000004b5       0x13 MENU/menu_items.o
                0x000004c8                . = ALIGN (0x2)
 *(.jumptables)
 *(.jumptables*)
 *(.lowtext)
 *(.lowtext*)
                0x000004c8                __ctors_start = .
 *(.ctors)
                0x000004c8                __ctors_end = .
                0x000004c8                __dtors_start = .
 *(.dtors)
                0x000004c8                __dtors_end = .
 SORT(*)(.ctors)
 SORT(*)(.dtors)
 *(.init0)
 .init0         0x000004c8        0x0 C:/Program Files (x86)/Atmel/Studio/7.0/Packs/atmel/ATmega_DFP/1.2.150/gcc/dev/atmega64a/avr5/crtatmega64a.o
                0x000004c8                __init
 *(.init0)
 *(.init1)
 *(.init1)
 *(.init2)
 .init2         0x000004c8        0xc C:/Program Files (x86)/Atmel/Studio/7.0/Packs/atmel/ATmega_DFP/1.2.150/gcc/dev/atmega64a/avr5/crtatmega64a.o
 *(.init2)
 *(.init3)
 *(.init3)
 *(.init4)
 .init4         0x000004d4       0x16 c:/program files (x86)/atmel/studio/7.0/toolchain/avr8/avr8-gnu-toolchain/bin/../lib/gcc/avr/5.4.0/avr5\libgcc.a(_copy_data.o)
                0x000004d4                __do_copy_data
 .init4         0x000004ea       0x10 c:/program files (x86)/atmel/studio/7.0/toolchain/avr8/avr8-gnu-toolchain/bin/../lib/gcc/avr/5.4.0/avr5\libgcc.a(_clear_bss.o)
                0x000004ea                __do_clear_bss
 *(.init4)
 *(.init5)
 *(.init5)
 *(.init6)
 *(.init6)
 *(.init7)
 *(.init7)
 *(.init8)
 *(.init8)
 *(.init9)
 .init9         0x000004fa        0x8 C:/Program Files (x86)/Atmel/Studio/7.0/Packs/atmel/ATmega_DFP/1.2.150/gcc/dev/atmega64a/avr5/crtatmega64a.o
 *(.init9)
 *(.text)
 .text          0x00000502        0x4 C:/Program Files (x86)/Atmel/Studio/7.0/Packs/atmel/ATmega_DFP/1.2.150/gcc/dev/atmega64a/avr5/crtatmega64a.o
                0x00000502                __vector_22
                0x00000502                __vector_28
                0x00000502                __vector_1
                0x00000502                __vector_32
                0x00000502                __vector_34
                0x00000502                __vector_24
                0x00000502                __bad_interrupt
                0x00000502                __vector_6
                0x00000502                __vector_3
                0x00000502                __vector_23
                0x00000502                __vector_25
                0x00000502                __vector_11
                0x00000502                __vector_13
                0x00000502                __vector_17
                0x00000502                __vector_7
                0x00000502                __vector_27
                0x00000502                __vector_5
                0x00000502                __vector_33
                0x00000502                __vector_4
                0x00000502                __vector_9
                0x00000502                __vector_2
                0x00000502                __vector_15
                0x00000502                __vector_29
                0x00000502                __vector_8
                0x00000502                __vector_26
                0x00000502                __vector_14
                0x00000502                __vector_10
                0x00000502                __vector_16
                0x00000502                __vector_20
                0x00000506                . = ALIGN (0x2)
 *(.text.*)
 .text.read8    0x00000506       0x44 BME280/bme280.o
                0x00000506                read8
 .text.read16   0x0000054a       0x50 BME280/bme280.o
                0x0000054a                read16
 .text.read16_LE
                0x0000059a        0xc BME280/bme280.o
                0x0000059a                read16_LE
 .text.read24   0x000005a6       0x82 BME280/bme280.o
                0x000005a6                read24
 .text.bme280_readCoefficients
                0x00000628      0x104 BME280/bme280.o
                0x00000628                bme280_readCoefficients
 .text.init_BME280
                0x0000072c       0x48 BME280/bme280.o
                0x0000072c                init_BME280
 .text.bme280_readTemperature
                0x00000774      0x12e BME280/bme280.o
                0x00000774                bme280_readTemperature
 .text.bme280_readHumidity
                0x000008a2      0x208 BME280/bme280.o
                0x000008a2                bme280_readHumidity
 .text.crc8     0x00000aaa       0x38 DS18B20/crc8.o
                0x00000aaa                crc8
 .text.DS18X20_meas_to_cel
                0x00000ae2       0x96 DS18B20/ds18x20.o
                0x00000ae2                DS18X20_meas_to_cel
 .text.DS18X20_find_sensor
                0x00000b78       0x32 DS18B20/ds18x20.o
                0x00000b78                DS18X20_find_sensor
 .text.DS18X20_start_meas
                0x00000baa       0x38 DS18B20/ds18x20.o
                0x00000baa                DS18X20_start_meas
 .text.DS18X20_read_meas
                0x00000be2       0xba DS18B20/ds18x20.o
                0x00000be2                DS18X20_read_meas
 .text.ow_input_pin_state
                0x00000c9c       0x12 DS18B20/onewire.o
                0x00000c9c                ow_input_pin_state
 .text.ow_parasite_enable
                0x00000cae       0x26 DS18B20/onewire.o
                0x00000cae                ow_parasite_enable
 .text.ow_reset
                0x00000cd4       0x92 DS18B20/onewire.o
                0x00000cd4                ow_reset
 .text.ow_set_bus
                0x00000d66       0x2c DS18B20/onewire.o
                0x00000d66                ow_set_bus
 .text.ow_bit_io
                0x00000d92       0x80 DS18B20/onewire.o
                0x00000d92                ow_bit_io
 .text.ow_byte_wr
                0x00000e12       0x22 DS18B20/onewire.o
                0x00000e12                ow_byte_wr
 .text.ow_byte_rd
                0x00000e34        0x8 DS18B20/onewire.o
                0x00000e34                ow_byte_rd
 .text.ow_rom_search
                0x00000e3c       0xb4 DS18B20/onewire.o
                0x00000e3c                ow_rom_search
 .text.ow_command
                0x00000ef0       0x48 DS18B20/onewire.o
                0x00000ef0                ow_command
 .text.i2c_init
                0x00000f38        0x8 I2C/i2c_master.o
                0x00000f38                i2c_init
 .text.i2c_start
                0x00000f40       0x4a I2C/i2c_master.o
                0x00000f40                i2c_start
 .text.i2c_write
                0x00000f8a       0x24 I2C/i2c_master.o
                0x00000f8a                i2c_write
 .text.i2c_read_ack
                0x00000fae       0x16 I2C/i2c_master.o
                0x00000fae                i2c_read_ack
 .text.i2c_read_nack
                0x00000fc4       0x16 I2C/i2c_master.o
                0x00000fc4                i2c_read_nack
 .text.i2c_stop
                0x00000fda        0x8 I2C/i2c_master.o
                0x00000fda                i2c_stop
 .text.toggle_e
                0x00000fe2        0xa LCD/lcd.o
 .text.lcd_write
                0x00000fec       0x5e LCD/lcd.o
 .text.lcd_read
                0x0000104a       0x50 LCD/lcd.o
 .text.lcd_waitbusy
                0x0000109a       0x1a LCD/lcd.o
 .text.lcd_command
                0x000010b4       0x14 LCD/lcd.o
                0x000010b4                lcd_command
 .text.lcd_gotoxy
                0x000010c8       0x2c LCD/lcd.o
                0x000010c8                lcd_gotoxy
 .text.lcd_clrscr
                0x000010f4        0x8 LCD/lcd.o
                0x000010f4                lcd_clrscr
 .text.lcd_putc
                0x000010fc       0x40 LCD/lcd.o
                0x000010fc                lcd_putc
 .text.lcd_puts
                0x0000113c       0x20 LCD/lcd.o
                0x0000113c                lcd_puts
 .text.lcd_puts_p
                0x0000115c       0x24 LCD/lcd.o
                0x0000115c                lcd_puts_p
 .text.lcd_init
                0x00001180       0x74 LCD/lcd.o
                0x00001180                lcd_init
 .text.lcd_defc
                0x000011f4       0x46 LCD/lcd.o
                0x000011f4                lcd_defc
 .text.lcd_putbyte_bin
                0x0000123a       0x26 LCD/lcd.o
                0x0000123a                lcd_putbyte_bin
 .text.lcd_putc_hu
                0x00001260       0x40 LCD/lcd.o
                0x00001260                lcd_putc_hu
 .text.lcd_puts_hu
                0x000012a0       0x24 LCD/lcd.o
                0x000012a0                lcd_puts_hu
 .text.__vector_21
                0x000012c4       0x3e main.o
                0x000012c4                __vector_21
 .text.sensor_read
                0x00001302      0x27e main.o
                0x00001302                sensor_read
 .text.search_sensors
                0x00001580       0xa8 main.o
                0x00001580                search_sensors
 .text.switch_on_PWM_for_DHW_pump
                0x00001628        0x2 main.o
                0x00001628                switch_on_PWM_for_DHW_pump
 .text.switch_off_PWM_for_DHW_pump
                0x0000162a        0x2 main.o
                0x0000162a                switch_off_PWM_for_DHW_pump
 .text.SwitchValve
                0x0000162c       0x14 main.o
                0x0000162c                SwitchValve
 .text.SwitchPump
                0x00001640       0x14 main.o
                0x00001640                SwitchPump
 .text.check_conditions
                0x00001654      0x14c main.o
                0x00001654                check_conditions
 .text.__vector_12
                0x000017a0       0x5c main.o
                0x000017a0                __vector_12
 .text.read_from_eeprom
                0x000017fc       0x7a main.o
                0x000017fc                read_from_eeprom
 .text.main     0x00001876       0xe4 main.o
                0x00001876                main
 .text.renderMenu
                0x0000195a       0xd6 MENU/menu.o
 .text.menuReset
                0x00001a30       0x1e MENU/menu.o
                0x00001a30                menuReset
 .text.menuInit
                0x00001a4e        0xa MENU/menu.o
                0x00001a4e                menuInit
 .text.menuPollButtons
                0x00001a58      0x2dc MENU/menu.o
                0x00001a58                menuPollButtons
 .text.DHW_PWM_CallbackRender
                0x00001d34       0x30 MENU/menu_items.o
                0x00001d34                DHW_PWM_CallbackRender
 .text.ZoneValve1_CallbackRender
                0x00001d64       0x30 MENU/menu_items.o
                0x00001d64                ZoneValve1_CallbackRender
 .text.ZoneValve2_CallbackRender
                0x00001d94       0x30 MENU/menu_items.o
                0x00001d94                ZoneValve2_CallbackRender
 .text.ThreeWayValve1_CallbackRender
                0x00001dc4       0x30 MENU/menu_items.o
                0x00001dc4                ThreeWayValve1_CallbackRender
 .text.ThreeWayValve2_CallbackRender
                0x00001df4       0x30 MENU/menu_items.o
                0x00001df4                ThreeWayValve2_CallbackRender
 .text.DebugMode_CallbackRender
                0x00001e24       0x30 MENU/menu_items.o
                0x00001e24                DebugMode_CallbackRender
 .text.BME280_temp_CallbackRender
                0x00001e54       0x1e MENU/menu_items.o
                0x00001e54                BME280_temp_CallbackRender
 .text.BME280_temp_Callback
                0x00001e72       0x16 MENU/menu_items.o
                0x00001e72                BME280_temp_Callback
 .text.BME280_humidity_CallbackRender
                0x00001e88       0x1e MENU/menu_items.o
                0x00001e88                BME280_humidity_CallbackRender
 .text.BME280_humidity_Callback
                0x00001ea6       0x16 MENU/menu_items.o
                0x00001ea6                BME280_humidity_Callback
 .text.DHW_switch_CallbackRender
                0x00001ebc       0x70 MENU/menu_items.o
                0x00001ebc                DHW_switch_CallbackRender
 .text.BME280_min_CallbackRender
                0x00001f2c       0x54 MENU/menu_items.o
                0x00001f2c                BME280_min_CallbackRender
 .text.BME280_desired_CallbackRender
                0x00001f80       0x54 MENU/menu_items.o
                0x00001f80                BME280_desired_CallbackRender
 .text.DHW_temp_actual_CallbackRender
                0x00001fd4       0x54 MENU/menu_items.o
                0x00001fd4                DHW_temp_actual_CallbackRender
 .text.DHW_temp_actual_Callback
                0x00002028       0x16 MENU/menu_items.o
                0x00002028                DHW_temp_actual_Callback
 .text.DHW_temp_desired_CallbackRender
                0x0000203e       0x54 MENU/menu_items.o
                0x0000203e                DHW_temp_desired_CallbackRender
 .text.DHW_temp_min_CallbackRender
                0x00002092       0x54 MENU/menu_items.o
                0x00002092                DHW_temp_min_CallbackRender
 .text.DHW_sensor_CallbackRender
                0x000020e6       0x48 MENU/menu_items.o
                0x000020e6                DHW_sensor_CallbackRender
 .text.MenuTimer_CallbackRender
                0x0000212e       0x40 MENU/menu_items.o
                0x0000212e                MenuTimer_CallbackRender
 .text.LCDBackLight_CallbackRender
                0x0000216e       0x48 MENU/menu_items.o
                0x0000216e                LCDBackLight_CallbackRender
 .text.ChangeMsg
                0x000021b6       0x26 MENU/menu_items.o
                0x000021b6                ChangeMsg
 .text.BME280_min_ActionCallback
                0x000021dc       0x7e MENU/menu_items.o
                0x000021dc                BME280_min_ActionCallback
 .text.BME280_desired_ActionCallback
                0x0000225a       0x7e MENU/menu_items.o
                0x0000225a                BME280_desired_ActionCallback
 .text.DHW_temp_desired_ActionCallback
                0x000022d8       0x7e MENU/menu_items.o
                0x000022d8                DHW_temp_desired_ActionCallback
 .text.DHW_temp_min_ActionCallback
                0x00002356       0x7e MENU/menu_items.o
                0x00002356                DHW_temp_min_ActionCallback
 .text.DHW_sensor_ActionCallback
                0x000023d4       0x9c MENU/menu_items.o
                0x000023d4                DHW_sensor_ActionCallback
 .text.DHW_PWM_ActionCallback
                0x00002470       0x56 MENU/menu_items.o
                0x00002470                DHW_PWM_ActionCallback
 .text.DHW_switch_ActionCallback
                0x000024c6       0xac MENU/menu_items.o
                0x000024c6                DHW_switch_ActionCallback
 .text.ZoneValve1_ActionCallback
                0x00002572       0x46 MENU/menu_items.o
                0x00002572                ZoneValve1_ActionCallback
 .text.ZoneValve2_ActionCallback
                0x000025b8       0x46 MENU/menu_items.o
                0x000025b8                ZoneValve2_ActionCallback
 .text.ThreeWayValve1_ActionCallback
                0x000025fe       0x46 MENU/menu_items.o
                0x000025fe                ThreeWayValve1_ActionCallback
 .text.ThreeWayValve2_ActionCallback
                0x00002644       0x46 MENU/menu_items.o
                0x00002644                ThreeWayValve2_ActionCallback
 .text.DebugMode_ActionCallback
                0x0000268a       0x7a MENU/menu_items.o
                0x0000268a                DebugMode_ActionCallback
 .text.MenuTimer_ActionCallback
                0x00002704       0x7a MENU/menu_items.o
                0x00002704                MenuTimer_ActionCallback
 .text.LCDBackLight_ActionCallback
                0x0000277e       0x8c MENU/menu_items.o
                0x0000277e                LCDBackLight_ActionCallback
 .text.menuItemsGetHomeMenu
                0x0000280a        0x6 MENU/menu_items.o
                0x0000280a                menuItemsGetHomeMenu
 .text.menuItemsGetHomeMenuSize
                0x00002810        0x4 MENU/menu_items.o
                0x00002810                menuItemsGetHomeMenuSize
 .text.menuPortsioInit
                0x00002814        0xe MENU/menu_portsio.o
                0x00002814                menuPortsioInit
 .text.SPIInit  0x00002822       0x1e SPI/spi.o
                0x00002822                SPIInit
 .text.SPIClose
                0x00002840        0xa SPI/spi.o
                0x00002840                SPIClose
 .text.SPIWrite
                0x0000284a       0x2c SPI/spi.o
                0x0000284a                SPIWrite
 .text.__vector_18
                0x00002876       0x58 UART/UART.o
                0x00002876                __vector_18
 .text.__vector_19
                0x000028ce       0x4a UART/UART.o
                0x000028ce                __vector_19
 .text.uart_init
                0x00002918       0x2c UART/UART.o
                0x00002918                uart_init
 .text.uart_putc
                0x00002944       0x22 UART/UART.o
                0x00002944                uart_putc
 .text.uart_puts
                0x00002966       0x1e UART/UART.o
                0x00002966                uart_puts
 .text.uart_puts_p
                0x00002984       0x24 UART/UART.o
                0x00002984                uart_puts_p
 .text.__vector_30
                0x000029a8       0x5c UART/UART.o
                0x000029a8                __vector_30
 .text.__vector_31
                0x00002a04       0x54 UART/UART.o
                0x00002a04                __vector_31
 .text.uart_puti
                0x00002a58       0x36 UART/UART.o
                0x00002a58                uart_puti
 .text.ftoa     0x00002a8e      0x112 Utils/ftoa.o
                0x00002a8e                ftoa
 .text.avr-libc.fplib
                0x00002ba0        0xe c:/program files (x86)/atmel/studio/7.0/toolchain/avr8/avr8-gnu-toolchain/bin/../lib/gcc/avr/5.4.0/../../../../avr/lib/avr5\libm.a(addsf3.o)
                0x00002ba0                __subsf3
                0x00002ba2                __addsf3
 .text.avr-libc.fplib
                0x00002bae       0xcc c:/program files (x86)/atmel/studio/7.0/toolchain/avr8/avr8-gnu-toolchain/bin/../lib/gcc/avr/5.4.0/../../../../avr/lib/avr5\libm.a(addsf3x.o)
                0x00002bd0                __addsf3x
 .text.avr-libc.fplib
                0x00002c7a        0x8 c:/program files (x86)/atmel/studio/7.0/toolchain/avr8/avr8-gnu-toolchain/bin/../lib/gcc/avr/5.4.0/../../../../avr/lib/avr5\libm.a(divsf3.o)
                0x00002c7a                __divsf3
 .text.avr-libc.fplib
                0x00002c82       0xdc c:/program files (x86)/atmel/studio/7.0/toolchain/avr8/avr8-gnu-toolchain/bin/../lib/gcc/avr/5.4.0/../../../../avr/lib/avr5\libm.a(divsf3x.o)
                0x00002ca2                __divsf3x
                0x00002ca8                __divsf3_pse
 .text.avr-libc.fplib
                0x00002d5e        0xe c:/program files (x86)/atmel/studio/7.0/toolchain/avr8/avr8-gnu-toolchain/bin/../lib/gcc/avr/5.4.0/../../../../avr/lib/avr5\libm.a(fixsfsi.o)
                0x00002d5e                __fixsfsi
 .text.avr-libc.fplib
                0x00002d6c       0x5e c:/program files (x86)/atmel/studio/7.0/toolchain/avr8/avr8-gnu-toolchain/bin/../lib/gcc/avr/5.4.0/../../../../avr/lib/avr5\libm.a(fixunssfsi.o)
                0x00002d6c                __fixunssfsi
 .text.avr-libc.fplib
                0x00002dca       0x7a c:/program files (x86)/atmel/studio/7.0/toolchain/avr8/avr8-gnu-toolchain/bin/../lib/gcc/avr/5.4.0/../../../../avr/lib/avr5\libm.a(floatsisf.o)
                0x00002dca                __floatunsisf
                0x00002dce                __floatsisf
 .text.avr-libc.fplib
                0x00002e44        0xc c:/program files (x86)/atmel/studio/7.0/toolchain/avr8/avr8-gnu-toolchain/bin/../lib/gcc/avr/5.4.0/../../../../avr/lib/avr5\libm.a(fp_inf.o)
                0x00002e44                __fp_inf
 .text.avr-libc.fplib
                0x00002e50        0x6 c:/program files (x86)/atmel/studio/7.0/toolchain/avr8/avr8-gnu-toolchain/bin/../lib/gcc/avr/5.4.0/../../../../avr/lib/avr5\libm.a(fp_nan.o)
                0x00002e50                __fp_nan
 .text.avr-libc.fplib
                0x00002e56        0xe c:/program files (x86)/atmel/studio/7.0/toolchain/avr8/avr8-gnu-toolchain/bin/../lib/gcc/avr/5.4.0/../../../../avr/lib/avr5\libm.a(fp_pscA.o)
                0x00002e56                __fp_pscA
 .text.avr-libc.fplib
                0x00002e64        0xe c:/program files (x86)/atmel/studio/7.0/toolchain/avr8/avr8-gnu-toolchain/bin/../lib/gcc/avr/5.4.0/../../../../avr/lib/avr5\libm.a(fp_pscB.o)
                0x00002e64                __fp_pscB
 .text.avr-libc.fplib
                0x00002e72       0x22 c:/program files (x86)/atmel/studio/7.0/toolchain/avr8/avr8-gnu-toolchain/bin/../lib/gcc/avr/5.4.0/../../../../avr/lib/avr5\libm.a(fp_round.o)
                0x00002e72                __fp_round
 .text.avr-libc.fplib
                0x00002e94       0x44 c:/program files (x86)/atmel/studio/7.0/toolchain/avr8/avr8-gnu-toolchain/bin/../lib/gcc/avr/5.4.0/../../../../avr/lib/avr5\libm.a(fp_split3.o)
                0x00002e94                __fp_split3
                0x00002ea4                __fp_splitA
 .text.avr-libc.fplib
                0x00002ed8        0xe c:/program files (x86)/atmel/studio/7.0/toolchain/avr8/avr8-gnu-toolchain/bin/../lib/gcc/avr/5.4.0/../../../../avr/lib/avr5\libm.a(fp_zero.o)
                0x00002ed8                __fp_zero
                0x00002eda                __fp_szero
 .text.avr-libc.fplib
                0x00002ee6        0xa c:/program files (x86)/atmel/studio/7.0/toolchain/avr8/avr8-gnu-toolchain/bin/../lib/gcc/avr/5.4.0/../../../../avr/lib/avr5\libm.a(gesf2.o)
                0x00002ee6                __gesf2
                0x00002ee6                __gtsf2
 .text.avr-libc.fplib
                0x00002ef0        0x8 c:/program files (x86)/atmel/studio/7.0/toolchain/avr8/avr8-gnu-toolchain/bin/../lib/gcc/avr/5.4.0/../../../../avr/lib/avr5\libm.a(mulsf3.o)
                0x00002ef0                __mulsf3
 .text.avr-libc.fplib
                0x00002ef8       0xd2 c:/program files (x86)/atmel/studio/7.0/toolchain/avr8/avr8-gnu-toolchain/bin/../lib/gcc/avr/5.4.0/../../../../avr/lib/avr5\libm.a(mulsf3x.o)
                0x00002f16                __mulsf3x
                0x00002f1c                __mulsf3_pse
 .text.avr-libc.fplib
                0x00002fca       0x48 c:/program files (x86)/atmel/studio/7.0/toolchain/avr8/avr8-gnu-toolchain/bin/../lib/gcc/avr/5.4.0/../../../../avr/lib/avr5\libm.a(fp_cmp.o)
                0x00002fca                __fp_cmp
 .text.libgcc.mul
                0x00003012       0x20 c:/program files (x86)/atmel/studio/7.0/toolchain/avr8/avr8-gnu-toolchain/bin/../lib/gcc/avr/5.4.0/avr5\libgcc.a(_mulsi3.o)
                0x00003012                __mulsi3
 .text.libgcc   0x00003032        0xc c:/program files (x86)/atmel/studio/7.0/toolchain/avr8/avr8-gnu-toolchain/bin/../lib/gcc/avr/5.4.0/avr5\libgcc.a(_tablejump2.o)
                0x00003032                __tablejump2__
 .text.libgcc.mul
                0x0000303e       0x16 c:/program files (x86)/atmel/studio/7.0/toolchain/avr8/avr8-gnu-toolchain/bin/../lib/gcc/avr/5.4.0/avr5\libgcc.a(_muluhisi3.o)
                0x0000303e                __muluhisi3
 .text.libgcc.mul
                0x00003054       0x10 c:/program files (x86)/atmel/studio/7.0/toolchain/avr8/avr8-gnu-toolchain/bin/../lib/gcc/avr/5.4.0/avr5\libgcc.a(_mulshisi3.o)
                0x00003054                __mulshisi3
                0x0000305a                __mulohisi3
 .text.libgcc.mul
                0x00003064       0x1e c:/program files (x86)/atmel/studio/7.0/toolchain/avr8/avr8-gnu-toolchain/bin/../lib/gcc/avr/5.4.0/avr5\libgcc.a(_umulhisi3.o)
                0x00003064                __umulhisi3
 .text.avr-libc
                0x00003082       0x16 c:/program files (x86)/atmel/studio/7.0/toolchain/avr8/avr8-gnu-toolchain/bin/../lib/gcc/avr/5.4.0/../../../../avr/lib/avr5\libc.a(itoa_ncheck.o)
                0x00003082                __itoa_ncheck
 .text.avr-libc
                0x00003098       0x34 c:/program files (x86)/atmel/studio/7.0/toolchain/avr8/avr8-gnu-toolchain/bin/../lib/gcc/avr/5.4.0/../../../../avr/lib/avr5\libc.a(utoa_ncheck.o)
                0x00003098                __utoa_ncheck
                0x0000309a                __utoa_common
 .text.avr-libc
                0x000030cc       0x20 c:/program files (x86)/atmel/studio/7.0/toolchain/avr8/avr8-gnu-toolchain/bin/../lib/gcc/avr/5.4.0/../../../../avr/lib/avr5\libc.a(strrev.o)
                0x000030cc                strrev
 .text.avr-libc
                0x000030ec       0x10 C:/Program Files (x86)/Atmel/Studio/7.0/Packs/atmel/ATmega_DFP/1.2.150/gcc/dev/atmega64a/avr5\libatmega64a.a(eerd_byte.o)
                0x000030ec                eeprom_read_byte
 .text.avr-libc
                0x000030fc       0x22 C:/Program Files (x86)/Atmel/Studio/7.0/Packs/atmel/ATmega_DFP/1.2.150/gcc/dev/atmega64a/avr5\libatmega64a.a(eeupd_byte.o)
                0x000030fc                eeprom_update_byte
                0x000030fe                eeprom_update_r18
                0x0000311e                . = ALIGN (0x2)
 *(.fini9)
 .fini9         0x0000311e        0x0 c:/program files (x86)/atmel/studio/7.0/toolchain/avr8/avr8-gnu-toolchain/bin/../lib/gcc/avr/5.4.0/avr5\libgcc.a(_exit.o)
                0x0000311e                _exit
                0x0000311e                exit
 *(.fini9)
 *(.fini8)
 *(.fini8)
 *(.fini7)
 *(.fini7)
 *(.fini6)
 *(.fini6)
 *(.fini5)
 *(.fini5)
 *(.fini4)
 *(.fini4)
 *(.fini3)
 *(.fini3)
 *(.fini2)
 *(.fini2)
 *(.fini1)
 *(.fini1)
 *(.fini0)
 .fini0         0x0000311e        0x4 c:/program files (x86)/atmel/studio/7.0/toolchain/avr8/avr8-gnu-toolchain/bin/../lib/gcc/avr/5.4.0/avr5\libgcc.a(_exit.o)
 *(.fini0)
                0x00003122                _etext = .

.data           0x00800100      0x236 load address 0x00003122
                0x00800100                PROVIDE (__data_start, .)
 *(.data)
 *(.data*)
 .data.BME280_temp_desired
                0x00800100        0x1 main.o
                0x00800100                BME280_temp_desired
 .data.BME280_temp_min
                0x00800101        0x1 main.o
                0x00800101                BME280_temp_min
 .data.MenuTimer
                0x00800102        0x1 main.o
                0x00800102                MenuTimer
 .data.menu_buttons
                0x00800103       0x14 MENU/menu.o
 .data.current_state
                0x00800117        0x2 MENU/menu.o
 .data.menu_states
                0x00800119       0x23 MENU/menu.o
 .data.home_items
                0x0080013c       0x24 MENU/menu_items.o
 .data.SYSPARAM_submenu
                0x00800160       0x1b MENU/menu_items.o
 .data.VALVES_submenu
                0x0080017b       0x24 MENU/menu_items.o
 .data.DHW_submenu
                0x0080019f       0x2d MENU/menu_items.o
 .data.DHW_pump_submenu
                0x008001cc       0x12 MENU/menu_items.o
 .data.BME280_submenu
                0x008001de       0x24 MENU/menu_items.o
 *(.gnu.linkonce.d*)
 *(.rodata)
 .rodata        0x00800202       0x24 Utils/ftoa.o
 *(.rodata*)
 .rodata.str1.1
                0x00800226        0x5 main.o
 .rodata.str1.1
                0x0080022b      0x10a MENU/menu_items.o
 *(.gnu.linkonce.r*)
                0x00800336                . = ALIGN (0x2)
 *fill*         0x00800335        0x1 
                0x00800336                _edata = .
                0x00800336                PROVIDE (__data_end, .)

.bss            0x00800336      0x114
                0x00800336                PROVIDE (__bss_start, .)
 *(.bss)
 *(.bss*)
 .bss.timer_state.2819
                0x00800336        0x1 main.o
 .bss.DHW_sensor_ID
                0x00800337        0x1 main.o
                0x00800337                DHW_sensor_ID
 .bss.LCDBackLight
                0x00800338        0x1 main.o
                0x00800338                LCDBackLight
 .bss.DebugMode
                0x00800339        0x1 main.o
                0x00800339                DebugMode
 .bss.UART1_LastRxError
                0x0080033a        0x1 UART/UART.o
 .bss.UART1_RxTail
                0x0080033b        0x1 UART/UART.o
 .bss.UART1_RxHead
                0x0080033c        0x1 UART/UART.o
 .bss.UART1_TxTail
                0x0080033d        0x1 UART/UART.o
 .bss.UART1_TxHead
                0x0080033e        0x1 UART/UART.o
 .bss.UART1_RxBuf
                0x0080033f       0x20 UART/UART.o
 .bss.UART1_TxBuf
                0x0080035f       0x20 UART/UART.o
 .bss.UART_LastRxError
                0x0080037f        0x1 UART/UART.o
 .bss.UART_RxTail
                0x00800380        0x1 UART/UART.o
 .bss.UART_RxHead
                0x00800381        0x1 UART/UART.o
 .bss.UART_TxTail
                0x00800382        0x1 UART/UART.o
 .bss.UART_TxHead
                0x00800383        0x1 UART/UART.o
 .bss.UART_RxBuf
                0x00800384       0x20 UART/UART.o
 .bss.UART_TxBuf
                0x008003a4       0x20 UART/UART.o
 *(COMMON)
 COMMON         0x008003c4       0x25 BME280/bme280.o
                0x008003c4                _bme280_calib
                0x008003e5                t_fine
 COMMON         0x008003e9        0x7 DS18B20/onewire.o
                0x008003e9                OW_OUT
                0x008003eb                OW_PIN_MASK
                0x008003ec                OW_IN
                0x008003ee                OW_DDR
 COMMON         0x008003f0       0x5a main.o
                0x008003f0                DHW_temp_desired
                0x008003f1                Valve_relays
                0x008003f2                Solar_temp_desired
                0x008003f3                nSensors
                0x008003f4                BME280_temp_buf
                0x008003fa                DHW_temp_actual_frac_buf
                0x008003fd                Forward_heat_temp
                0x008003fe                DHW_temp_actual_buf
                0x00800402                DHW_temp_actual
                0x00800403                Relay_or_PWM
                0x00800404                BME280_temp
                0x00800408                Pump_relays
                0x00800409                Solar_temp_actual
                0x0080040a                DHW_temp_min
                0x0080040b                Initialized
                0x0080040c                Solar_temp_up_threshold
                0x0080040d                menutimer
                0x0080040e                Buffer_temp_actual
                0x0080040f                gSensorIDs
                0x0080043f                DHW_temp_max
                0x00800440                BME280_humid
                0x00800444                BME280_humid_buf
                0x0080044a                PROVIDE (__bss_end, .)
                0x00003122                __data_load_start = LOADADDR (.data)
                0x00003358                __data_load_end = (__data_load_start + SIZEOF (.data))

.noinit         0x0080044a        0x0
                [!provide]                PROVIDE (__noinit_start, .)
 *(.noinit*)
                [!provide]                PROVIDE (__noinit_end, .)
                0x0080044a                _end = .
                [!provide]                PROVIDE (__heap_start, .)

.eeprom         0x00810000        0xa
 *(.eeprom*)
 .eeprom        0x00810000        0xa main.o
                0x00810000                eeDHW_sensor_ID
                0x00810001                eeRelay_or_PWM
                0x00810002                eeDHW_temp_min
                0x00810003                eeDHW_temp_max
                0x00810004                eeDHW_temp_desired
                0x00810005                eeBME280_temp_desired
                0x00810006                eeBME280_temp_min
                0x00810007                eeLCDBackLight
                0x00810008                eeMenuTimer
                0x00810009                eeDebugMode
                0x0081000a                __eeprom_end = .

.fuse
 *(.fuse)
 *(.lfuse)
 *(.hfuse)
 *(.efuse)

.lock
 *(.lock*)

.signature
 *(.signature*)

.user_signatures
 *(.user_signatures*)

.stab
 *(.stab)

.stabstr
 *(.stabstr)

.stab.excl
 *(.stab.excl)

.stab.exclstr
 *(.stab.exclstr)

.stab.index
 *(.stab.index)

.stab.indexstr
 *(.stab.indexstr)

.comment        0x00000000       0x30
 *(.comment)
 .comment       0x00000000       0x30 BME280/bme280.o
                                 0x31 (size before relaxing)
 .comment       0x00000030       0x31 DS18B20/crc8.o
 .comment       0x00000030       0x31 DS18B20/ds18x20.o
 .comment       0x00000030       0x31 DS18B20/onewire.o
 .comment       0x00000030       0x31 I2C/i2c_master.o
 .comment       0x00000030       0x31 LCD/lcd.o
 .comment       0x00000030       0x31 main.o
 .comment       0x00000030       0x31 MENU/menu.o
 .comment       0x00000030       0x31 MENU/menu_items.o
 .comment       0x00000030       0x31 MENU/menu_portsio.o
 .comment       0x00000030       0x31 SPI/spi.o
 .comment       0x00000030       0x31 UART/UART.o
 .comment       0x00000030       0x31 Utils/ftoa.o

.note.gnu.avr.deviceinfo
                0x00000000       0x3c
 .note.gnu.avr.deviceinfo
                0x00000000       0x3c C:/Program Files (x86)/Atmel/Studio/7.0/Packs/atmel/ATmega_DFP/1.2.150/gcc/dev/atmega64a/avr5/crtatmega64a.o

.note.gnu.build-id
 *(.note.gnu.build-id)

.debug
 *(.debug)

.line
 *(.line)

.debug_srcinfo
 *(.debug_srcinfo)

.debug_sfnames
 *(.debug_sfnames)

.debug_aranges  0x00000000      0x5b8
 *(.debug_aranges)
 .debug_aranges
                0x00000000       0x78 BME280/bme280.o
 .debug_aranges
                0x00000078       0x20 DS18B20/crc8.o
 .debug_aranges
                0x00000098       0x60 DS18B20/ds18x20.o
 .debug_aranges
                0x000000f8       0x68 DS18B20/onewire.o
 .debug_aranges
                0x00000160       0x68 I2C/i2c_master.o
 .debug_aranges
                0x000001c8       0xb8 LCD/lcd.o
 .debug_aranges
                0x00000280       0x70 main.o
 .debug_aranges
                0x000002f0       0x38 MENU/menu.o
 .debug_aranges
                0x00000328      0x140 MENU/menu_items.o
 .debug_aranges
                0x00000468       0x20 MENU/menu_portsio.o
 .debug_aranges
                0x00000488       0x30 SPI/spi.o
 .debug_aranges
                0x000004b8       0xa0 UART/UART.o
 .debug_aranges
                0x00000558       0x20 Utils/ftoa.o
 .debug_aranges
                0x00000578       0x20 C:/Program Files (x86)/Atmel/Studio/7.0/Packs/atmel/ATmega_DFP/1.2.150/gcc/dev/atmega64a/avr5\libatmega64a.a(eerd_byte.o)
 .debug_aranges
                0x00000598       0x20 C:/Program Files (x86)/Atmel/Studio/7.0/Packs/atmel/ATmega_DFP/1.2.150/gcc/dev/atmega64a/avr5\libatmega64a.a(eeupd_byte.o)

.debug_pubnames
 *(.debug_pubnames)

.debug_info     0x00000000     0x6d5b
 *(.debug_info .gnu.linkonce.wi.*)
 .debug_info    0x00000000      0x780 C:/Program Files (x86)/Atmel/Studio/7.0/Packs/atmel/ATmega_DFP/1.2.150/gcc/dev/atmega64a/avr5/crtatmega64a.o
 .debug_info    0x00000780      0xb20 BME280/bme280.o
 .debug_info    0x000012a0      0x106 DS18B20/crc8.o
 .debug_info    0x000013a6      0x71f DS18B20/ds18x20.o
 .debug_info    0x00001ac5      0x499 DS18B20/onewire.o
 .debug_info    0x00001f5e      0x3fe I2C/i2c_master.o
 .debug_info    0x0000235c      0x89a LCD/lcd.o
 .debug_info    0x00002bf6     0x1031 main.o
 .debug_info    0x00003c27      0x76b MENU/menu.o
 .debug_info    0x00004392     0x1d7c MENU/menu_items.o
 .debug_info    0x0000610e       0x9a MENU/menu_portsio.o
 .debug_info    0x000061a8       0xce SPI/spi.o
 .debug_info    0x00006276      0x753 UART/UART.o
 .debug_info    0x000069c9      0x23b Utils/ftoa.o
 .debug_info    0x00006c04       0xab C:/Program Files (x86)/Atmel/Studio/7.0/Packs/atmel/ATmega_DFP/1.2.150/gcc/dev/atmega64a/avr5\libatmega64a.a(eerd_byte.o)
 .debug_info    0x00006caf       0xac C:/Program Files (x86)/Atmel/Studio/7.0/Packs/atmel/ATmega_DFP/1.2.150/gcc/dev/atmega64a/avr5\libatmega64a.a(eeupd_byte.o)

.debug_abbrev   0x00000000     0x1d68
 *(.debug_abbrev)
 .debug_abbrev  0x00000000      0x718 C:/Program Files (x86)/Atmel/Studio/7.0/Packs/atmel/ATmega_DFP/1.2.150/gcc/dev/atmega64a/avr5/crtatmega64a.o
 .debug_abbrev  0x00000718      0x1fb BME280/bme280.o
 .debug_abbrev  0x00000913       0x8b DS18B20/crc8.o
 .debug_abbrev  0x0000099e      0x198 DS18B20/ds18x20.o
 .debug_abbrev  0x00000b36      0x1b9 DS18B20/onewire.o
 .debug_abbrev  0x00000cef      0x14c I2C/i2c_master.o
 .debug_abbrev  0x00000e3b      0x24a LCD/lcd.o
 .debug_abbrev  0x00001085      0x2e3 main.o
 .debug_abbrev  0x00001368      0x246 MENU/menu.o
 .debug_abbrev  0x000015ae      0x345 MENU/menu_items.o
 .debug_abbrev  0x000018f3       0x6b MENU/menu_portsio.o
 .debug_abbrev  0x0000195e       0x87 SPI/spi.o
 .debug_abbrev  0x000019e5      0x1e1 UART/UART.o
 .debug_abbrev  0x00001bc6      0x17a Utils/ftoa.o
 .debug_abbrev  0x00001d40       0x14 C:/Program Files (x86)/Atmel/Studio/7.0/Packs/atmel/ATmega_DFP/1.2.150/gcc/dev/atmega64a/avr5\libatmega64a.a(eerd_byte.o)
 .debug_abbrev  0x00001d54       0x14 C:/Program Files (x86)/Atmel/Studio/7.0/Packs/atmel/ATmega_DFP/1.2.150/gcc/dev/atmega64a/avr5\libatmega64a.a(eeupd_byte.o)

.debug_line     0x00000000     0x3547
 *(.debug_line .debug_line.* .debug_line_end)
 .debug_line    0x00000000      0x169 C:/Program Files (x86)/Atmel/Studio/7.0/Packs/atmel/ATmega_DFP/1.2.150/gcc/dev/atmega64a/avr5/crtatmega64a.o
 .debug_line    0x00000169      0x463 BME280/bme280.o
 .debug_line    0x000005cc       0xf1 DS18B20/crc8.o
 .debug_line    0x000006bd      0x3fd DS18B20/ds18x20.o
 .debug_line    0x00000aba      0x36e DS18B20/onewire.o
 .debug_line    0x00000e28      0x318 I2C/i2c_master.o
 .debug_line    0x00001140      0x6bd LCD/lcd.o
 .debug_line    0x000017fd      0x644 main.o
 .debug_line    0x00001e41      0x33a MENU/menu.o
 .debug_line    0x0000217b      0xba8 MENU/menu_items.o
 .debug_line    0x00002d23       0xb2 MENU/menu_portsio.o
 .debug_line    0x00002dd5      0x10c SPI/spi.o
 .debug_line    0x00002ee1      0x451 UART/UART.o
 .debug_line    0x00003332       0xeb Utils/ftoa.o
 .debug_line    0x0000341d       0x7a C:/Program Files (x86)/Atmel/Studio/7.0/Packs/atmel/ATmega_DFP/1.2.150/gcc/dev/atmega64a/avr5\libatmega64a.a(eerd_byte.o)
 .debug_line    0x00003497       0xb0 C:/Program Files (x86)/Atmel/Studio/7.0/Packs/atmel/ATmega_DFP/1.2.150/gcc/dev/atmega64a/avr5\libatmega64a.a(eeupd_byte.o)

.debug_frame    0x00000000     0x1090
 *(.debug_frame)
 .debug_frame   0x00000000      0x1f8 BME280/bme280.o
 .debug_frame   0x000001f8       0x24 DS18B20/crc8.o
 .debug_frame   0x0000021c      0x1bc DS18B20/ds18x20.o
 .debug_frame   0x000003d8      0x100 DS18B20/onewire.o
 .debug_frame   0x000004d8      0x15c I2C/i2c_master.o
 .debug_frame   0x00000634      0x1c8 LCD/lcd.o
 .debug_frame   0x000007fc      0x178 main.o
 .debug_frame   0x00000974       0xb8 MENU/menu.o
 .debug_frame   0x00000a2c      0x384 MENU/menu_items.o
 .debug_frame   0x00000db0       0x24 MENU/menu_portsio.o
 .debug_frame   0x00000dd4       0x44 SPI/spi.o
 .debug_frame   0x00000e18      0x1f4 UART/UART.o
 .debug_frame   0x0000100c       0x84 Utils/ftoa.o

.debug_str      0x00000000     0x1810
 *(.debug_str)
 .debug_str     0x00000000      0x27e C:/Program Files (x86)/Atmel/Studio/7.0/Packs/atmel/ATmega_DFP/1.2.150/gcc/dev/atmega64a/avr5/crtatmega64a.o
 .debug_str     0x0000027e      0x5a9 BME280/bme280.o
                                0x5fe (size before relaxing)
 .debug_str     0x00000827       0x5b DS18B20/crc8.o
                                0x1a4 (size before relaxing)
 .debug_str     0x00000882      0x1a6 DS18B20/ds18x20.o
                                0x308 (size before relaxing)
 .debug_str     0x00000a28       0x7a DS18B20/onewire.o
                                0x22e (size before relaxing)
 .debug_str     0x00000aa2       0x6c I2C/i2c_master.o
                                0x1f4 (size before relaxing)
 .debug_str     0x00000b0e      0x14e LCD/lcd.o
                                0x2ae (size before relaxing)
 .debug_str     0x00000c5c      0x374 main.o
                                0x71e (size before relaxing)
 .debug_str     0x00000fd0      0x218 MENU/menu.o
                                0x429 (size before relaxing)
 .debug_str     0x000011e8      0x430 MENU/menu_items.o
                                0x895 (size before relaxing)
 .debug_str     0x00001618       0x33 MENU/menu_portsio.o
                                0x17e (size before relaxing)
 .debug_str     0x0000164b        0xd SPI/spi.o
                                0x16f (size before relaxing)
 .debug_str     0x00001658      0x187 UART/UART.o
                                0x356 (size before relaxing)
 .debug_str     0x000017df       0x31 Utils/ftoa.o
                                0x1a5 (size before relaxing)

.debug_loc      0x00000000     0x5262
 *(.debug_loc)
 .debug_loc     0x00000000      0x949 BME280/bme280.o
 .debug_loc     0x00000949      0x1c0 DS18B20/crc8.o
 .debug_loc     0x00000b09      0x966 DS18B20/ds18x20.o
 .debug_loc     0x0000146f      0x4cc DS18B20/onewire.o
 .debug_loc     0x0000193b      0x6b8 I2C/i2c_master.o
 .debug_loc     0x00001ff3      0x9aa LCD/lcd.o
 .debug_loc     0x0000299d      0x38a main.o
 .debug_loc     0x00002d27      0x397 MENU/menu.o
 .debug_loc     0x000030be     0x1641 MENU/menu_items.o
 .debug_loc     0x000046ff       0x21 SPI/spi.o
 .debug_loc     0x00004720      0x770 UART/UART.o
 .debug_loc     0x00004e90      0x3d2 Utils/ftoa.o

.debug_macinfo
 *(.debug_macinfo)

.debug_weaknames
 *(.debug_weaknames)

.debug_funcnames
 *(.debug_funcnames)

.debug_typenames
 *(.debug_typenames)

.debug_varnames
 *(.debug_varnames)

.debug_pubtypes
 *(.debug_pubtypes)

.debug_ranges   0x00000000      0x5d8
 *(.debug_ranges)
 .debug_ranges  0x00000000       0x68 BME280/bme280.o
 .debug_ranges  0x00000068       0x10 DS18B20/crc8.o
 .debug_ranges  0x00000078       0x50 DS18B20/ds18x20.o
 .debug_ranges  0x000000c8       0x58 DS18B20/onewire.o
 .debug_ranges  0x00000120       0x88 I2C/i2c_master.o
 .debug_ranges  0x000001a8       0xf0 LCD/lcd.o
 .debug_ranges  0x00000298       0x60 main.o
 .debug_ranges  0x000002f8       0xb0 MENU/menu.o
 .debug_ranges  0x000003a8      0x130 MENU/menu_items.o
 .debug_ranges  0x000004d8       0x10 MENU/menu_portsio.o
 .debug_ranges  0x000004e8       0x20 SPI/spi.o
 .debug_ranges  0x00000508       0xc0 UART/UART.o
 .debug_ranges  0x000005c8       0x10 Utils/ftoa.o

.debug_macro
 *(.debug_macro)
OUTPUT(futes_vezerlo.elf elf32-avr)
LOAD linker stubs
