Archive member included to satisfy reference by file (symbol)

c:/program files (x86)/atmel/studio/7.0/toolchain/avr8/avr8-gnu-toolchain/bin/../lib/gcc/avr/5.4.0/../../../../avr/lib/avr5\libm.a(addsf3.o)
                              BME280/bme280.o (__subsf3)
c:/program files (x86)/atmel/studio/7.0/toolchain/avr8/avr8-gnu-toolchain/bin/../lib/gcc/avr/5.4.0/../../../../avr/lib/avr5\libm.a(addsf3x.o)
                              c:/program files (x86)/atmel/studio/7.0/toolchain/avr8/avr8-gnu-toolchain/bin/../lib/gcc/avr/5.4.0/../../../../avr/lib/avr5\libm.a(addsf3.o) (__addsf3x)
c:/program files (x86)/atmel/studio/7.0/toolchain/avr8/avr8-gnu-toolchain/bin/../lib/gcc/avr/5.4.0/../../../../avr/lib/avr5\libm.a(divsf3.o)
                              BME280/bme280.o (__divsf3)
c:/program files (x86)/atmel/studio/7.0/toolchain/avr8/avr8-gnu-toolchain/bin/../lib/gcc/avr/5.4.0/../../../../avr/lib/avr5\libm.a(divsf3x.o)
                              c:/program files (x86)/atmel/studio/7.0/toolchain/avr8/avr8-gnu-toolchain/bin/../lib/gcc/avr/5.4.0/../../../../avr/lib/avr5\libm.a(divsf3.o) (__divsf3x)
c:/program files (x86)/atmel/studio/7.0/toolchain/avr8/avr8-gnu-toolchain/bin/../lib/gcc/avr/5.4.0/../../../../avr/lib/avr5\libm.a(fixsfsi.o)
                              MAX31865/max31865.o (__fixsfsi)
c:/program files (x86)/atmel/studio/7.0/toolchain/avr8/avr8-gnu-toolchain/bin/../lib/gcc/avr/5.4.0/../../../../avr/lib/avr5\libm.a(fixunssfsi.o)
                              c:/program files (x86)/atmel/studio/7.0/toolchain/avr8/avr8-gnu-toolchain/bin/../lib/gcc/avr/5.4.0/../../../../avr/lib/avr5\libm.a(fixsfsi.o) (__fixunssfsi)
c:/program files (x86)/atmel/studio/7.0/toolchain/avr8/avr8-gnu-toolchain/bin/../lib/gcc/avr/5.4.0/../../../../avr/lib/avr5\libm.a(floatdisf.o)
                              BME280/bme280.o (__floatdisf)
c:/program files (x86)/atmel/studio/7.0/toolchain/avr8/avr8-gnu-toolchain/bin/../lib/gcc/avr/5.4.0/../../../../avr/lib/avr5\libm.a(floatsisf.o)
                              BME280/bme280.o (__floatunsisf)
c:/program files (x86)/atmel/studio/7.0/toolchain/avr8/avr8-gnu-toolchain/bin/../lib/gcc/avr/5.4.0/../../../../avr/lib/avr5\libm.a(floatundisf.o)
                              c:/program files (x86)/atmel/studio/7.0/toolchain/avr8/avr8-gnu-toolchain/bin/../lib/gcc/avr/5.4.0/../../../../avr/lib/avr5\libm.a(floatdisf.o) (__fp_di2sf)
c:/program files (x86)/atmel/studio/7.0/toolchain/avr8/avr8-gnu-toolchain/bin/../lib/gcc/avr/5.4.0/../../../../avr/lib/avr5\libm.a(fp_inf.o)
                              c:/program files (x86)/atmel/studio/7.0/toolchain/avr8/avr8-gnu-toolchain/bin/../lib/gcc/avr/5.4.0/../../../../avr/lib/avr5\libm.a(addsf3x.o) (__fp_inf)
c:/program files (x86)/atmel/studio/7.0/toolchain/avr8/avr8-gnu-toolchain/bin/../lib/gcc/avr/5.4.0/../../../../avr/lib/avr5\libm.a(fp_nan.o)
                              c:/program files (x86)/atmel/studio/7.0/toolchain/avr8/avr8-gnu-toolchain/bin/../lib/gcc/avr/5.4.0/../../../../avr/lib/avr5\libm.a(addsf3x.o) (__fp_nan)
c:/program files (x86)/atmel/studio/7.0/toolchain/avr8/avr8-gnu-toolchain/bin/../lib/gcc/avr/5.4.0/../../../../avr/lib/avr5\libm.a(fp_negdi.o)
                              c:/program files (x86)/atmel/studio/7.0/toolchain/avr8/avr8-gnu-toolchain/bin/../lib/gcc/avr/5.4.0/../../../../avr/lib/avr5\libm.a(floatdisf.o) (__fp_negdi)
c:/program files (x86)/atmel/studio/7.0/toolchain/avr8/avr8-gnu-toolchain/bin/../lib/gcc/avr/5.4.0/../../../../avr/lib/avr5\libm.a(fp_pscA.o)
                              c:/program files (x86)/atmel/studio/7.0/toolchain/avr8/avr8-gnu-toolchain/bin/../lib/gcc/avr/5.4.0/../../../../avr/lib/avr5\libm.a(addsf3x.o) (__fp_pscA)
c:/program files (x86)/atmel/studio/7.0/toolchain/avr8/avr8-gnu-toolchain/bin/../lib/gcc/avr/5.4.0/../../../../avr/lib/avr5\libm.a(fp_pscB.o)
                              c:/program files (x86)/atmel/studio/7.0/toolchain/avr8/avr8-gnu-toolchain/bin/../lib/gcc/avr/5.4.0/../../../../avr/lib/avr5\libm.a(addsf3x.o) (__fp_pscB)
c:/program files (x86)/atmel/studio/7.0/toolchain/avr8/avr8-gnu-toolchain/bin/../lib/gcc/avr/5.4.0/../../../../avr/lib/avr5\libm.a(fp_round.o)
                              c:/program files (x86)/atmel/studio/7.0/toolchain/avr8/avr8-gnu-toolchain/bin/../lib/gcc/avr/5.4.0/../../../../avr/lib/avr5\libm.a(addsf3.o) (__fp_round)
c:/program files (x86)/atmel/studio/7.0/toolchain/avr8/avr8-gnu-toolchain/bin/../lib/gcc/avr/5.4.0/../../../../avr/lib/avr5\libm.a(fp_split3.o)
                              c:/program files (x86)/atmel/studio/7.0/toolchain/avr8/avr8-gnu-toolchain/bin/../lib/gcc/avr/5.4.0/../../../../avr/lib/avr5\libm.a(addsf3x.o) (__fp_split3)
c:/program files (x86)/atmel/studio/7.0/toolchain/avr8/avr8-gnu-toolchain/bin/../lib/gcc/avr/5.4.0/../../../../avr/lib/avr5\libm.a(fp_zero.o)
[...]
Memory Configuration

Name             Origin             Length             Attributes
text             0x00000000         0x00020000         xr
data             0x00800060         0x0000ffa0         rw !x
eeprom           0x00810000         0x00010000         rw !x
fuse             0x00820000         0x00000003         rw !x
lock             0x00830000         0x00000400         rw !x
signature        0x00840000         0x00000400         rw !x
user_signatures  0x00850000         0x00000400         rw !x
*default*        0x00000000         0xffffffff

Linker script and memory map

Address of section .data set to 0x800100
LOAD C:/Program Files (x86)/Atmel/Studio/7.0/Packs/atmel/ATmega_DFP/1.2.209/gcc/dev/atmega64a/avr5/crtatmega64a.o
LOAD BME280/bme280.o
LOAD DS18B20/crc8.o
LOAD DS18B20/delay.o
LOAD DS18B20/ds18x20.o
LOAD DS18B20/onewire.o
LOAD I2C/i2c_master.o
LOAD LCD/lcd.o
LOAD main.o
LOAD MAX31865/max31865.o
LOAD MENU/menu.o
LOAD MENU/menu_items.o
LOAD MENU/menu_portsio.o
LOAD SPI/spi.o
LOAD UART/UART.o
LOAD Utils/ftoa.o
START GROUP
LOAD c:/program files (x86)/atmel/studio/7.0/toolchain/avr8/avr8-gnu-toolchain/bin/../lib/gcc/avr/5.4.0/../../../../avr/lib/avr5\libm.a
END GROUP
START GROUP
LOAD c:/program files (x86)/atmel/studio/7.0/toolchain/avr8/avr8-gnu-toolchain/bin/../lib/gcc/avr/5.4.0/avr5\libgcc.a
LOAD c:/program files (x86)/atmel/studio/7.0/toolchain/avr8/avr8-gnu-toolchain/bin/../lib/gcc/avr/5.4.0/../../../../avr/lib/avr5\libm.a
LOAD c:/program files (x86)/atmel/studio/7.0/toolchain/avr8/avr8-gnu-toolchain/bin/../lib/gcc/avr/5.4.0/../../../../avr/lib/avr5\libc.a
LOAD C:/Program Files (x86)/Atmel/Studio/7.0/Packs/atmel/ATmega_DFP/1.2.209/gcc/dev/atmega64a/avr5\libatmega64a.a
END GROUP
                0x00020000                __TEXT_REGION_LENGTH__ = DEFINED (__TEXT_REGION_LENGTH__)?__TEXT_REGION_LENGTH__:0x20000
                0x0000ffa0                __DATA_REGION_LENGTH__ = DEFINED (__DATA_REGION_LENGTH__)?__DATA_REGION_LENGTH__:0xffa0
                0x00010000                __EEPROM_REGION_LENGTH__ = DEFINED (__EEPROM_REGION_LENGTH__)?__EEPROM_REGION_LENGTH__:0x10000
                [0x00000003]                __FUSE_REGION_LENGTH__ = DEFINED (__FUSE_REGION_LENGTH__)?__FUSE_REGION_LENGTH__:0x400
                0x00000400                __LOCK_REGION_LENGTH__ = DEFINED (__LOCK_REGION_LENGTH__)?__LOCK_REGION_LENGTH__:0x400
                0x00000400                __SIGNATURE_REGION_LENGTH__ = DEFINED (__SIGNATURE_REGION_LENGTH__)?__SIGNATURE_REGION_LENGTH__:0x400
                0x00000400                __USER_SIGNATURE_REGION_LENGTH__ = DEFINED (__USER_SIGNATURE_REGION_LENGTH__)?__USER_SIGNATURE_REGION_LENGTH__:0x400

.hash
 *(.hash)

.dynsym
 *(.dynsym)

.dynstr
 *(.dynstr)

.gnu.version
 *(.gnu.version)

.gnu.version_d
 *(.gnu.version_d)

.gnu.version_r
 *(.gnu.version_r)

.rel.init
 *(.rel.init)

.rela.init
 *(.rela.init)

.rel.text
 *(.rel.text)
 *(.rel.text.*)
 *(.rel.gnu.linkonce.t*)

.rela.text
 *(.rela.text)
 *(.rela.text.*)
 *(.rela.gnu.linkonce.t*)

.rel.fini
 *(.rel.fini)

.rela.fini
 *(.rela.fini)

.rel.rodata
 *(.rel.rodata)
 *(.rel.rodata.*)
 *(.rel.gnu.linkonce.r*)

.rela.rodata
 *(.rela.rodata)
 *(.rela.rodata.*)
 *(.rela.gnu.linkonce.r*)

.rel.data
 *(.rel.data)
 *(.rel.data.*)
 *(.rel.gnu.linkonce.d*)

.rela.data
 *(.rela.data)
 *(.rela.data.*)
 *(.rela.gnu.linkonce.d*)

.rel.ctors
 *(.rel.ctors)

.rela.ctors
 *(.rela.ctors)

.rel.dtors
 *(.rel.dtors)

.rela.dtors
 *(.rela.dtors)

.rel.got
 *(.rel.got)

.rela.got
 *(.rela.got)

.rel.bss
 *(.rel.bss)

.rela.bss
 *(.rela.bss)

.rel.plt
 *(.rel.plt)

.rela.plt
 *(.rela.plt)

.text           0x00000000     0x2aca
 *(.vectors)
 .vectors       0x00000000       0x8c C:/Program Files (x86)/Atmel/Studio/7.0/Packs/atmel/ATmega_DFP/1.2.209/gcc/dev/atmega64a/avr5/crtatmega64a.o
                0x00000000                __vector_default
                0x00000000                __vectors
 *(.vectors)
 *(.progmem.gcc*)
 .progmem.gcc_sw_table.lcd_putc_hu
                0x0000008c       0x78 LCD/lcd.o
                0x00000104                . = ALIGN (0x2)
                0x00000104                __trampolines_start = .
 *(.trampolines)
 .trampolines   0x00000104        0x0 linker stubs
 *(.trampolines*)
                0x00000104                __trampolines_end = .
 *libprintf_flt.a:*(.progmem.data)
 *libc.a:*(.progmem.data)
 *(.progmem*)
 .progmem.data.__c.2398
                0x00000104       0x1c BME280/bme280.o
 .progmem.data.__c.2903
                0x00000120        0x2 main.o
 .progmem.data.__c.2901
                0x00000122        0x6 main.o
 .progmem.data.__c.2897
                0x00000128       0x12 main.o
 .progmem.data.__c.2895
                0x0000013a        0x7 main.o
 .progmem.data.__c.2893
                0x00000141       0x13 main.o
 .progmem.data.__c.2891
                0x00000154       0x11 main.o
 .progmem.data.__c.2871
                0x00000165        0xb main.o
 .progmem.data.__c.2868
                0x00000170       0x11 main.o
 .progmem.data.__c.2866
                0x00000181       0x12 main.o
 .progmem.data.__c.2853
                0x00000193        0x9 main.o
 .progmem.data.__c.2851
                0x0000019c        0xc main.o
 .progmem.data.__c.2848
                0x000001a8        0x2 main.o
 .progmem.data.__c.2846
                0x000001aa        0x7 main.o
 .progmem.data.__c.2838
                0x000001b1        0x2 main.o
 .progmem.data.__c.2836
                0x000001b3        0x2 main.o
 .progmem.data.__c.2834
                0x000001b5       0x12 main.o
 .progmem.data.__c.2827
                0x000001c7        0x4 main.o
 .progmem.data.__c.2825
                0x000001cb       0x12 main.o
 .progmem.data.__c.2821
                0x000001dd        0x4 main.o
 .progmem.data.__c.2819
                0x000001e1       0x15 main.o
 .progmem.data.__c.2477
                0x000001f6        0x6 MENU/menu_items.o
 .progmem.data.__c.2474
                0x000001fc       0x11 MENU/menu_items.o
 .progmem.data.__c.2472
                0x0000020d       0x11 MENU/menu_items.o
 .progmem.data.__c.2461
                0x0000021e        0x6 MENU/menu_items.o
 .progmem.data.__c.2458
                0x00000224       0x11 MENU/menu_items.o
 .progmem.data.__c.2456
                0x00000235       0x11 MENU/menu_items.o
 .progmem.data.__c.2454
                0x00000246       0x12 MENU/menu_items.o
 .progmem.data.__c.2447
                0x00000258        0x6 MENU/menu_items.o
 .progmem.data.__c.2444
                0x0000025e       0x11 MENU/menu_items.o
 .progmem.data.__c.2442
                0x0000026f       0x11 MENU/menu_items.o
 .progmem.data.__c.2431
                0x00000280        0x4 MENU/menu_items.o
 .progmem.data.__c.2429
                0x00000284        0x5 MENU/menu_items.o
 .progmem.data.__c.2389
                0x00000289        0x6 MENU/menu_items.o
 .progmem.data.__c.2386
                0x0000028f       0x11 MENU/menu_items.o
 .progmem.data.__c.2384
                0x000002a0       0x11 MENU/menu_items.o
 .progmem.data.__c.2382
                0x000002b1       0x12 MENU/menu_items.o
 .progmem.data.__c.2377
                0x000002c3        0x4 MENU/menu_items.o
 .progmem.data.__c.2375
                0x000002c7        0x5 MENU/menu_items.o
 .progmem.data.__c.2373
                0x000002cc       0x10 MENU/menu_items.o
 .progmem.data.__c.2368
                0x000002dc        0xf MENU/menu_items.o
 .progmem.data.__c.2363
                0x000002eb        0xc MENU/menu_items.o
 .progmem.data.__c.2357
                0x000002f7        0xf MENU/menu_items.o
 .progmem.data.__c.2351
                0x00000306        0xc MENU/menu_items.o
 .progmem.data.__c.2324
                0x00000312       0x12 MENU/menu_items.o
 .progmem.data.__c.2318
                0x00000324        0xf MENU/menu_items.o
 .progmem.data.__c.2312
                0x00000333        0xc MENU/menu_items.o
 .progmem.data.__c.2306
                0x0000033f        0xb MENU/menu_items.o
 .progmem.data.__c.2300
                0x0000034a       0x12 MENU/menu_items.o
 .progmem.data.__c.2298
                0x0000035c       0x13 MENU/menu_items.o
                0x00000370                . = ALIGN (0x2)
 *fill*         0x0000036f        0x1 
 *(.jumptables)
 *(.jumptables*)
 *(.lowtext)
 *(.lowtext*)
                0x00000370                __ctors_start = .
 *(.ctors)
                0x00000370                __ctors_end = .
                0x00000370                __dtors_start = .
 *(.dtors)
                0x00000370                __dtors_end = .
 SORT(*)(.ctors)
 SORT(*)(.dtors)
 *(.init0)
 .init0         0x00000370        0x0 C:/Program Files (x86)/Atmel/Studio/7.0/Packs/atmel/ATmega_DFP/1.2.209/gcc/dev/atmega64a/avr5/crtatmega64a.o
                0x00000370                __init
 *(.init0)
 *(.init1)
 *(.init1)
 *(.init2)
 .init2         0x00000370        0xc C:/Program Files (x86)/Atmel/Studio/7.0/Packs/atmel/ATmega_DFP/1.2.209/gcc/dev/atmega64a/avr5/crtatmega64a.o
 *(.init2)
 *(.init3)
 *(.init3)
 *(.init4)
 .init4         0x0000037c       0x16 c:/program files (x86)/atmel/studio/7.0/toolchain/avr8/avr8-gnu-toolchain/bin/../lib/gcc/avr/5.4.0/avr5\libgcc.a(_copy_data.o)
                0x0000037c                __do_copy_data
 .init4         0x00000392       0x10 c:/program files (x86)/atmel/studio/7.0/toolchain/avr8/avr8-gnu-toolchain/bin/../lib/gcc/avr/5.4.0/avr5\libgcc.a(_clear_bss.o)
                0x00000392                __do_clear_bss
 *(.init4)
 *(.init5)
 *(.init5)
 *(.init6)
 *(.init6)
 *(.init7)
 *(.init7)
 *(.init8)
 *(.init8)
 *(.init9)
 .init9         0x000003a2        0x8 C:/Program Files (x86)/Atmel/Studio/7.0/Packs/atmel/ATmega_DFP/1.2.209/gcc/dev/atmega64a/avr5/crtatmega64a.o
 *(.init9)
 *(.text)
 .text          0x000003aa        0x4 C:/Program Files (x86)/Atmel/Studio/7.0/Packs/atmel/ATmega_DFP/1.2.209/gcc/dev/atmega64a/avr5/crtatmega64a.o
                0x000003aa                __vector_22
                0x000003aa                __vector_28
                0x000003aa                __vector_1
                0x000003aa                __vector_32
                0x000003aa                __vector_34
                0x000003aa                __vector_24
                0x000003aa                __bad_interrupt
                0x000003aa                __vector_6
                0x000003aa                __vector_3
                0x000003aa                __vector_23
                0x000003aa                __vector_25
                0x000003aa                __vector_11
                0x000003aa                __vector_13
                0x000003aa                __vector_17
                0x000003aa                __vector_7
                0x000003aa                __vector_27
                0x000003aa                __vector_5
                0x000003aa                __vector_33
                0x000003aa                __vector_4
                0x000003aa                __vector_9
                0x000003aa                __vector_2
                0x000003aa                __vector_15
                0x000003aa                __vector_29
                0x000003aa                __vector_8
                0x000003aa                __vector_26
                0x000003aa                __vector_14
                0x000003aa                __vector_10
                0x000003aa                __vector_16
                0x000003aa                __vector_20
                0x000003ae                . = ALIGN (0x2)
 *(.text.*)
 .text.read8    0x000003ae       0x44 BME280/bme280.o
                0x000003ae                read8
 .text.read16   0x000003f2       0x50 BME280/bme280.o
                0x000003f2                read16
 .text.read16_LE
                0x00000442        0xc BME280/bme280.o
                0x00000442                read16_LE
 .text.read24   0x0000044e       0x82 BME280/bme280.o
                0x0000044e                read24
 .text.bme280_readCoefficients
                0x000004d0      0x104 BME280/bme280.o
                0x000004d0                bme280_readCoefficients
 .text.init_BME280
                0x000005d4       0x48 BME280/bme280.o
                0x000005d4                init_BME280
 .text.bme280_readTemperature
                0x0000061c      0x12e BME280/bme280.o
                0x0000061c                bme280_readTemperature
 .text.bme280_readHumidity
                0x0000074a      0x208 BME280/bme280.o
                0x0000074a                bme280_readHumidity
 .text.crc8     0x00000952       0x38 DS18B20/crc8.o
                0x00000952                crc8
 .text.delayloop32
                0x0000098a       0x1a DS18B20/delay.o
                0x0000098a                delayloop32
 .text.DS18X20_meas_to_cel
                0x000009a4       0x96 DS18B20/ds18x20.o
                0x000009a4                DS18X20_meas_to_cel
 .text.DS18X20_find_sensor
                0x00000a3a       0x32 DS18B20/ds18x20.o
                0x00000a3a                DS18X20_find_sensor
 .text.DS18X20_start_meas
                0x00000a6c       0x38 DS18B20/ds18x20.o
                0x00000a6c                DS18X20_start_meas
 .text.DS18X20_read_meas
                0x00000aa4       0xba DS18B20/ds18x20.o
                0x00000aa4                DS18X20_read_meas
 .text.ow_input_pin_state
                0x00000b5e       0x12 DS18B20/onewire.o
                0x00000b5e                ow_input_pin_state
 .text.ow_parasite_enable
                0x00000b70       0x26 DS18B20/onewire.o
                0x00000b70                ow_parasite_enable
 .text.ow_reset
                0x00000b96       0x92 DS18B20/onewire.o
                0x00000b96                ow_reset
 .text.ow_set_bus
                0x00000c28       0x2c DS18B20/onewire.o
                0x00000c28                ow_set_bus
 .text.ow_bit_io
                0x00000c54       0x80 DS18B20/onewire.o
                0x00000c54                ow_bit_io
 .text.ow_byte_wr
                0x00000cd4       0x22 DS18B20/onewire.o
                0x00000cd4                ow_byte_wr
 .text.ow_byte_rd
                0x00000cf6        0x8 DS18B20/onewire.o
                0x00000cf6                ow_byte_rd
 .text.ow_rom_search
                0x00000cfe       0xb4 DS18B20/onewire.o
                0x00000cfe                ow_rom_search
 .text.ow_command
                0x00000db2       0x48 DS18B20/onewire.o
                0x00000db2                ow_command
 .text.i2c_init
                0x00000dfa        0x8 I2C/i2c_master.o
                0x00000dfa                i2c_init
 .text.i2c_start
                0x00000e02       0x4a I2C/i2c_master.o
                0x00000e02                i2c_start
 .text.i2c_write
                0x00000e4c       0x24 I2C/i2c_master.o
                0x00000e4c                i2c_write
 .text.i2c_read_ack
                0x00000e70       0x16 I2C/i2c_master.o
                0x00000e70                i2c_read_ack
 .text.i2c_read_nack
                0x00000e86       0x16 I2C/i2c_master.o
                0x00000e86                i2c_read_nack
 .text.i2c_stop
                0x00000e9c        0x8 I2C/i2c_master.o
                0x00000e9c                i2c_stop
 .text.toggle_e
                0x00000ea4        0xa LCD/lcd.o
 .text.lcd_write
                0x00000eae       0x5e LCD/lcd.o
 .text.lcd_read
                0x00000f0c       0x50 LCD/lcd.o
 .text.lcd_waitbusy
                0x00000f5c       0x1a LCD/lcd.o
 .text.lcd_command
                0x00000f76       0x14 LCD/lcd.o
                0x00000f76                lcd_command
 .text.lcd_gotoxy
                0x00000f8a       0x2c LCD/lcd.o
                0x00000f8a                lcd_gotoxy
 .text.lcd_clrscr
                0x00000fb6        0x8 LCD/lcd.o
                0x00000fb6                lcd_clrscr
 .text.lcd_putc
                0x00000fbe       0x40 LCD/lcd.o
                0x00000fbe                lcd_putc
 .text.lcd_puts
                0x00000ffe       0x20 LCD/lcd.o
                0x00000ffe                lcd_puts
 .text.lcd_puts_p
                0x0000101e       0x24 LCD/lcd.o
                0x0000101e                lcd_puts_p
 .text.lcd_init
                0x00001042       0x74 LCD/lcd.o
                0x00001042                lcd_init
 .text.lcd_putc_hu
                0x000010b6       0x40 LCD/lcd.o
                0x000010b6                lcd_putc_hu
 .text.lcd_puts_hu
                0x000010f6       0x24 LCD/lcd.o
                0x000010f6                lcd_puts_hu
 .text.__vector_21
                0x0000111a       0x3e main.o
                0x0000111a                __vector_21
 .text.sensor_read
                0x00001158      0x25e main.o
                0x00001158                sensor_read
 .text.__vector_12
                0x000013b6       0x48 main.o
                0x000013b6                __vector_12
 .text.search_sensors
                0x000013fe       0xb4 main.o
                0x000013fe                search_sensors
 .text.switch_on_PWM_for_DHW_pump
                0x000014b2        0x2 main.o
                0x000014b2                switch_on_PWM_for_DHW_pump
 .text.switch_off_PWM_for_DHW_pump
                0x000014b4        0x2 main.o
                0x000014b4                switch_off_PWM_for_DHW_pump
 .text.SwitchPump
                0x000014b6       0x14 main.o
                0x000014b6                SwitchPump
 .text.main     0x000014ca      0x132 main.o
                0x000014ca                main
 .text.renderMenu
                0x000015fc       0xd6 MENU/menu.o
 .text.menuReset
                0x000016d2       0x1e MENU/menu.o
                0x000016d2                menuReset
 .text.menuInit
                0x000016f0        0xa MENU/menu.o
                0x000016f0                menuInit
 .text.menuPollButtons
                0x000016fa      0x2e4 MENU/menu.o
                0x000016fa                menuPollButtons
 .text.DHW_PWM_CallbackRender
                0x000019de       0x30 MENU/menu_items.o
                0x000019de                DHW_PWM_CallbackRender
 .text.BME280_temp_CallbackRender
                0x00001a0e       0x5e MENU/menu_items.o
                0x00001a0e                BME280_temp_CallbackRender
 .text.BME280_humidity_CallbackRender
                0x00001a6c       0x56 MENU/menu_items.o
                0x00001a6c                BME280_humidity_CallbackRender
 .text.DHW_sensor_CallbackRender
                0x00001ac2       0x20 MENU/menu_items.o
                0x00001ac2                DHW_sensor_CallbackRender
 .text.DHW_switch_CallbackRender
                0x00001ae2       0x70 MENU/menu_items.o
                0x00001ae2                DHW_switch_CallbackRender
 .text.ZoneValve1_CallbackRender
                0x00001b52       0x70 MENU/menu_items.o
                0x00001b52                ZoneValve1_CallbackRender
 .text.BME280_min_CallbackRender
                0x00001bc2       0x56 MENU/menu_items.o
                0x00001bc2                BME280_min_CallbackRender
 .text.BME280_desired_CallbackRender
                0x00001c18       0x56 MENU/menu_items.o
                0x00001c18                BME280_desired_CallbackRender
 .text.DHW_temp_actual_CallbackRender
                0x00001c6e       0x56 MENU/menu_items.o
                0x00001c6e                DHW_temp_actual_CallbackRender
 .text.DHW_temp_desired_CallbackRender
                0x00001cc4       0x56 MENU/menu_items.o
                0x00001cc4                DHW_temp_desired_CallbackRender
 .text.DHW_temp_min_CallbackRender
                0x00001d1a       0x56 MENU/menu_items.o
                0x00001d1a                DHW_temp_min_CallbackRender
 .text.ChangeMsg
                0x00001d70       0x26 MENU/menu_items.o
                0x00001d70                ChangeMsg
 .text.BME280_min_ActionCallback
                0x00001d96       0x94 MENU/menu_items.o
                0x00001d96                BME280_min_ActionCallback
 .text.BME280_desired_ActionCallback
                0x00001e2a       0x94 MENU/menu_items.o
                0x00001e2a                BME280_desired_ActionCallback
 .text.DHW_temp_desired_ActionCallback
                0x00001ebe       0x94 MENU/menu_items.o
                0x00001ebe                DHW_temp_desired_ActionCallback
 .text.DHW_temp_min_ActionCallback
                0x00001f52       0x94 MENU/menu_items.o
                0x00001f52                DHW_temp_min_ActionCallback
 .text.DHW_sensor_ActionCallback
                0x00001fe6       0x5e MENU/menu_items.o
                0x00001fe6                DHW_sensor_ActionCallback
 .text.DHW_PWM_ActionCallback
                0x00002044       0x66 MENU/menu_items.o
                0x00002044                DHW_PWM_ActionCallback
 .text.DHW_switch_ActionCallback
                0x000020aa       0xac MENU/menu_items.o
                0x000020aa                DHW_switch_ActionCallback
 .text.ZoneValve1_ActionCallback
                0x00002156       0xac MENU/menu_items.o
                0x00002156                ZoneValve1_ActionCallback
 .text.menuItemsGetHomeMenu
                0x00002202        0x6 MENU/menu_items.o
                0x00002202                menuItemsGetHomeMenu
 .text.menuItemsGetHomeMenuSize
                0x00002208        0x4 MENU/menu_items.o
                0x00002208                menuItemsGetHomeMenuSize
 .text.menuPortsioInit
                0x0000220c        0xe MENU/menu_portsio.o
                0x0000220c                menuPortsioInit
 .text.SPIInit  0x0000221a       0x1e SPI/spi.o
                0x0000221a                SPIInit
 .text.SPIClose
                0x00002238        0xa SPI/spi.o
                0x00002238                SPIClose
 .text.SPIWrite
                0x00002242       0x2c SPI/spi.o
                0x00002242                SPIWrite
 .text.__vector_18
                0x0000226e       0x58 UART/UART.o
                0x0000226e                __vector_18
 .text.__vector_19
                0x000022c6       0x4a UART/UART.o
                0x000022c6                __vector_19
 .text.uart_init
                0x00002310       0x2c UART/UART.o
                0x00002310                uart_init
 .text.uart_putc
                0x0000233c       0x22 UART/UART.o
                0x0000233c                uart_putc
 .text.uart_puts
                0x0000235e       0x1e UART/UART.o
                0x0000235e                uart_puts
 .text.uart_puts_p
                0x0000237c       0x24 UART/UART.o
                0x0000237c                uart_puts_p
 .text.__vector_30
                0x000023a0       0x5c UART/UART.o
                0x000023a0                __vector_30
 .text.__vector_31
                0x000023fc       0x54 UART/UART.o
                0x000023fc                __vector_31
 .text.uart_puthex_nibble
                0x00002450       0x12 UART/UART.o
                0x00002450                uart_puthex_nibble
 .text.uart_puti
                0x00002462       0x36 UART/UART.o
                0x00002462                uart_puti
 .text.ftoa     0x00002498      0x112 Utils/ftoa.o
                0x00002498                ftoa
 .text.avr-libc.fplib
                0x000025aa        0xe c:/program files (x86)/atmel/studio/7.0/toolchain/avr8/avr8-gnu-toolchain/bin/../lib/gcc/avr/5.4.0/../../../../avr/lib/avr5\libm.a(addsf3.o)
                0x000025aa                __subsf3
                0x000025ac                __addsf3
 .text.avr-libc.fplib
                0x000025b8       0xcc c:/program files (x86)/atmel/studio/7.0/toolchain/avr8/avr8-gnu-toolchain/bin/../lib/gcc/avr/5.4.0/../../../../avr/lib/avr5\libm.a(addsf3x.o)
                0x000025da                __addsf3x
 .text.avr-libc.fplib
                0x00002684        0x8 c:/program files (x86)/atmel/studio/7.0/toolchain/avr8/avr8-gnu-toolchain/bin/../lib/gcc/avr/5.4.0/../../../../avr/lib/avr5\libm.a(divsf3.o)
                0x00002684                __divsf3
 .text.avr-libc.fplib
                0x0000268c       0xdc c:/program files (x86)/atmel/studio/7.0/toolchain/avr8/avr8-gnu-toolchain/bin/../lib/gcc/avr/5.4.0/../../../../avr/lib/avr5\libm.a(divsf3x.o)
                0x000026ac                __divsf3x
                0x000026b2                __divsf3_pse
 .text.avr-libc.fplib
                0x00002768        0xe c:/program files (x86)/atmel/studio/7.0/toolchain/avr8/avr8-gnu-toolchain/bin/../lib/gcc/avr/5.4.0/../../../../avr/lib/avr5\libm.a(fixsfsi.o)
                0x00002768                __fixsfsi
 .text.avr-libc.fplib
                0x00002776       0x5e c:/program files (x86)/atmel/studio/7.0/toolchain/avr8/avr8-gnu-toolchain/bin/../lib/gcc/avr/5.4.0/../../../../avr/lib/avr5\libm.a(fixunssfsi.o)
                0x00002776                __fixunssfsi
 .text.avr-libc.fplib
                0x000027d4       0x7a c:/program files (x86)/atmel/studio/7.0/toolchain/avr8/avr8-gnu-toolchain/bin/../lib/gcc/avr/5.4.0/../../../../avr/lib/avr5\libm.a(floatsisf.o)
                0x000027d4                __floatunsisf
                0x000027d8                __floatsisf
 .text.avr-libc.fplib
                0x0000284e        0xc c:/program files (x86)/atmel/studio/7.0/toolchain/avr8/avr8-gnu-toolchain/bin/../lib/gcc/avr/5.4.0/../../../../avr/lib/avr5\libm.a(fp_inf.o)
                0x0000284e                __fp_inf
 .text.avr-libc.fplib
                0x0000285a        0x6 c:/program files (x86)/atmel/studio/7.0/toolchain/avr8/avr8-gnu-toolchain/bin/../lib/gcc/avr/5.4.0/../../../../avr/lib/avr5\libm.a(fp_nan.o)
                0x0000285a                __fp_nan
 .text.avr-libc.fplib
                0x00002860        0xe c:/program files (x86)/atmel/studio/7.0/toolchain/avr8/avr8-gnu-toolchain/bin/../lib/gcc/avr/5.4.0/../../../../avr/lib/avr5\libm.a(fp_pscA.o)
                0x00002860                __fp_pscA
 .text.avr-libc.fplib
                0x0000286e        0xe c:/program files (x86)/atmel/studio/7.0/toolchain/avr8/avr8-gnu-toolchain/bin/../lib/gcc/avr/5.4.0/../../../../avr/lib/avr5\libm.a(fp_pscB.o)
                0x0000286e                __fp_pscB
 .text.avr-libc.fplib
                0x0000287c       0x22 c:/program files (x86)/atmel/studio/7.0/toolchain/avr8/avr8-gnu-toolchain/bin/../lib/gcc/avr/5.4.0/../../../../avr/lib/avr5\libm.a(fp_round.o)
                0x0000287c                __fp_round
 .text.avr-libc.fplib
                0x0000289e       0x44 c:/program files (x86)/atmel/studio/7.0/toolchain/avr8/avr8-gnu-toolchain/bin/../lib/gcc/avr/5.4.0/../../../../avr/lib/avr5\libm.a(fp_split3.o)
                0x0000289e                __fp_split3
                0x000028ae                __fp_splitA
 .text.avr-libc.fplib
                0x000028e2        0xe c:/program files (x86)/atmel/studio/7.0/toolchain/avr8/avr8-gnu-toolchain/bin/../lib/gcc/avr/5.4.0/../../../../avr/lib/avr5\libm.a(fp_zero.o)
                0x000028e2                __fp_zero
                0x000028e4                __fp_szero
 .text.avr-libc.fplib
                0x000028f0        0x8 c:/program files (x86)/atmel/studio/7.0/toolchain/avr8/avr8-gnu-toolchain/bin/../lib/gcc/avr/5.4.0/../../../../avr/lib/avr5\libm.a(mulsf3.o)
                0x000028f0                __mulsf3
 .text.avr-libc.fplib
                0x000028f8       0xd2 c:/program files (x86)/atmel/studio/7.0/toolchain/avr8/avr8-gnu-toolchain/bin/../lib/gcc/avr/5.4.0/../../../../avr/lib/avr5\libm.a(mulsf3x.o)
                0x00002916                __mulsf3x
                0x0000291c                __mulsf3_pse
 .text.libgcc.mul
                0x000029ca       0x20 c:/program files (x86)/atmel/studio/7.0/toolchain/avr8/avr8-gnu-toolchain/bin/../lib/gcc/avr/5.4.0/avr5\libgcc.a(_mulsi3.o)
                0x000029ca                __mulsi3
 .text.libgcc   0x000029ea        0xc c:/program files (x86)/atmel/studio/7.0/toolchain/avr8/avr8-gnu-toolchain/bin/../lib/gcc/avr/5.4.0/avr5\libgcc.a(_tablejump2.o)
                0x000029ea                __tablejump2__
 .text.libgcc.mul
                0x000029f6       0x16 c:/program files (x86)/atmel/studio/7.0/toolchain/avr8/avr8-gnu-toolchain/bin/../lib/gcc/avr/5.4.0/avr5\libgcc.a(_muluhisi3.o)
                0x000029f6                __muluhisi3
 .text.libgcc.mul
                0x00002a0c       0x10 c:/program files (x86)/atmel/studio/7.0/toolchain/avr8/avr8-gnu-toolchain/bin/../lib/gcc/avr/5.4.0/avr5\libgcc.a(_mulshisi3.o)
                0x00002a0c                __mulshisi3
                0x00002a12                __mulohisi3
 .text.libgcc.mul
                0x00002a1c       0x1e c:/program files (x86)/atmel/studio/7.0/toolchain/avr8/avr8-gnu-toolchain/bin/../lib/gcc/avr/5.4.0/avr5\libgcc.a(_umulhisi3.o)
                0x00002a1c                __umulhisi3
 .text.avr-libc
                0x00002a3a       0x16 c:/program files (x86)/atmel/studio/7.0/toolchain/avr8/avr8-gnu-toolchain/bin/../lib/gcc/avr/5.4.0/../../../../avr/lib/avr5\libc.a(itoa_ncheck.o)
                0x00002a3a                __itoa_ncheck
 .text.avr-libc
                0x00002a50       0x34 c:/program files (x86)/atmel/studio/7.0/toolchain/avr8/avr8-gnu-toolchain/bin/../lib/gcc/avr/5.4.0/../../../../avr/lib/avr5\libc.a(utoa_ncheck.o)
                0x00002a50                __utoa_ncheck
                0x00002a52                __utoa_common
 .text.avr-libc
                0x00002a84       0x20 c:/program files (x86)/atmel/studio/7.0/toolchain/avr8/avr8-gnu-toolchain/bin/../lib/gcc/avr/5.4.0/../../../../avr/lib/avr5\libc.a(strrev.o)
                0x00002a84                strrev
 .text.avr-libc
                0x00002aa4       0x22 C:/Program Files (x86)/Atmel/Studio/7.0/Packs/atmel/ATmega_DFP/1.2.209/gcc/dev/atmega64a/avr5\libatmega64a.a(eeupd_byte.o)
                0x00002aa4                eeprom_update_byte
                0x00002aa6                eeprom_update_r18
                0x00002ac6                . = ALIGN (0x2)
 *(.fini9)
 .fini9         0x00002ac6        0x0 c:/program files (x86)/atmel/studio/7.0/toolchain/avr8/avr8-gnu-toolchain/bin/../lib/gcc/avr/5.4.0/avr5\libgcc.a(_exit.o)
                0x00002ac6                _exit
                0x00002ac6                exit
 *(.fini9)
 *(.fini8)
 *(.fini8)
 *(.fini7)
 *(.fini7)
 *(.fini6)
 *(.fini6)
 *(.fini5)
 *(.fini5)
 *(.fini4)
 *(.fini4)
 *(.fini3)
 *(.fini3)
 *(.fini2)
 *(.fini2)
 *(.fini1)
 *(.fini1)
 *(.fini0)
 .fini0         0x00002ac6        0x4 c:/program files (x86)/atmel/studio/7.0/toolchain/avr8/avr8-gnu-toolchain/bin/../lib/gcc/avr/5.4.0/avr5\libgcc.a(_exit.o)
 *(.fini0)
                0x00002aca                _etext = .

.data           0x00800100      0x1d4 load address 0x00002aca
                0x00800100                PROVIDE (__data_start, .)
 *(.data)
 *(.data*)
 .data.eeBME280_temp_desired
                0x00800100        0x2 main.o
                0x00800100                eeBME280_temp_desired
 .data.eeBME280_temp_min
                0x00800102        0x2 main.o
                0x00800102                eeBME280_temp_min
 .data.BME280_temp_desired
                0x00800104        0x2 main.o
                0x00800104                BME280_temp_desired
 .data.BME280_temp_min
                0x00800106        0x2 main.o
                0x00800106                BME280_temp_min
 .data.menutimer
                0x00800108        0x1 main.o
                0x00800108                menutimer
 .data.menu_buttons
                0x00800109       0x14 MENU/menu.o
 .data.current_state
                0x0080011d        0x2 MENU/menu.o
 .data.menu_states
                0x0080011f       0x23 MENU/menu.o
 .data.home_items
                0x00800142       0x1b MENU/menu_items.o
 .data.VALVES_submenu
                0x0080015d       0x24 MENU/menu_items.o
 .data.DHW_submenu
                0x00800181       0x2d MENU/menu_items.o
 .data.DHW_pump_submenu
                0x008001ae       0x12 MENU/menu_items.o
 .data.BME280_submenu
                0x008001c0       0x24 MENU/menu_items.o
 *(.gnu.linkonce.d*)
 *(.rodata)
 .rodata        0x008001e4       0x24 Utils/ftoa.o
 *(.rodata*)
 .rodata.str1.1
                0x00800208       0xcb MENU/menu_items.o
 *(.gnu.linkonce.r*)
                0x008002d4                . = ALIGN (0x2)
 *fill*         0x008002d3        0x1 
                0x008002d4                _edata = .
                0x008002d4                PROVIDE (__data_end, .)

.bss            0x008002d4      0x125
                0x008002d4                PROVIDE (__bss_start, .)
 *(.bss)
 *(.bss*)
 .bss.timer_state.2813
                0x008002d4        0x1 main.o
 .bss.DHW_sensor_ID
                0x008002d5        0x2 main.o
                0x008002d5                DHW_sensor_ID
 .bss.UART1_LastRxError
                0x008002d7        0x1 UART/UART.o
 .bss.UART1_RxTail
                0x008002d8        0x1 UART/UART.o
 .bss.UART1_RxHead
                0x008002d9        0x1 UART/UART.o
 .bss.UART1_TxTail
                0x008002da        0x1 UART/UART.o
 .bss.UART1_TxHead
                0x008002db        0x1 UART/UART.o
 .bss.UART1_RxBuf
                0x008002dc       0x20 UART/UART.o
 .bss.UART1_TxBuf
                0x008002fc       0x20 UART/UART.o
 .bss.UART_LastRxError
                0x0080031c        0x1 UART/UART.o
 .bss.UART_RxTail
                0x0080031d        0x1 UART/UART.o
 .bss.UART_RxHead
                0x0080031e        0x1 UART/UART.o
 .bss.UART_TxTail
                0x0080031f        0x1 UART/UART.o
 .bss.UART_TxHead
                0x00800320        0x1 UART/UART.o
 .bss.UART_RxBuf
                0x00800321       0x20 UART/UART.o
 .bss.UART_TxBuf
                0x00800341       0x20 UART/UART.o
 *(COMMON)
 COMMON         0x00800361       0x25 BME280/bme280.o
                0x00800361                _bme280_calib
                0x00800382                t_fine
 COMMON         0x00800386        0x7 DS18B20/onewire.o
                0x00800386                OW_OUT
                0x00800388                OW_PIN_MASK
                0x00800389                OW_IN
                0x0080038b                OW_DDR
 COMMON         0x0080038d       0x6c main.o
                0x0080038d                eeDHW_pump
                0x0080038e                DHW_temp_desired
                0x00800390                Valve_relays
                0x00800391                Solar_temp_desired
                0x00800393                eeDHW_temp_max
                0x00800395                eeDHW_temp_desired
                0x00800397                nSensors
                0x00800398                eeDHW_temp_min
                0x0080039a                BME280_temp_buf
                0x0080039f                Forward_heat_temp
                0x008003a1                DHW_temp_actual_buf
                0x008003a6                DHW_temp_actual
                0x008003a8                BME280_temp
                0x008003ac                Pump_relays
                0x008003ad                Solar_temp_actual
                0x008003af                DHW_temp_min
                0x008003b1                Solar_pump
                0x008003b2                eeSolar_pump
                0x008003b3                DHW_pump
                0x008003b4                Solar_temp_up_threshold
                0x008003b6                Buffer_pump
                0x008003b7                Buffer_temp_actual
                0x008003b9                eeRELAYED_PUMP
                0x008003ba                eeBuffer_pump
                0x008003bb                gSensorIDs
                0x008003eb                DHW_temp_max
                0x008003ed                BME280_humid
                0x008003f1                BME280_humid_buf
                0x008003f6                RELAYED_PUMP
                0x008003f7                DHW_PWM
                0x008003f8                eeDHW_PWM
                0x008003f9                PROVIDE (__bss_end, .)
                0x00002aca                __data_load_start = LOADADDR (.data)
                0x00002c9e                __data_load_end = (__data_load_start + SIZEOF (.data))

.noinit         0x008003f9        0x0
                [!provide]                PROVIDE (__noinit_start, .)
 *(.noinit*)
                [!provide]                PROVIDE (__noinit_end, .)
                0x008003f9                _end = .
                [!provide]                PROVIDE (__heap_start, .)

.eeprom         0x00810000        0x2
 *(.eeprom*)
 .eeprom        0x00810000        0x2 main.o
                0x00810000                eeDHW_sensor_ID
                0x00810002                __eeprom_end = .

.fuse
 *(.fuse)
 *(.lfuse)
 *(.hfuse)
 *(.efuse)

.lock
 *(.lock*)

.signature
 *(.signature*)

.user_signatures
 *(.user_signatures*)

.stab
 *(.stab)

.stabstr
 *(.stabstr)

.stab.excl
 *(.stab.excl)

.stab.exclstr
 *(.stab.exclstr)

.stab.index
 *(.stab.index)

.stab.indexstr
 *(.stab.indexstr)

.comment        0x00000000       0x30
 *(.comment)
 .comment       0x00000000       0x30 BME280/bme280.o
                                 0x31 (size before relaxing)
 .comment       0x00000030       0x31 DS18B20/crc8.o
 .comment       0x00000030       0x31 DS18B20/delay.o
 .comment       0x00000030       0x31 DS18B20/ds18x20.o
 .comment       0x00000030       0x31 DS18B20/onewire.o
 .comment       0x00000030       0x31 I2C/i2c_master.o
 .comment       0x00000030       0x31 LCD/lcd.o
 .comment       0x00000030       0x31 main.o
 .comment       0x00000030       0x31 MENU/menu.o
 .comment       0x00000030       0x31 MENU/menu_items.o
 .comment       0x00000030       0x31 MENU/menu_portsio.o
 .comment       0x00000030       0x31 SPI/spi.o
 .comment       0x00000030       0x31 UART/UART.o
 .comment       0x00000030       0x31 Utils/ftoa.o

.note.gnu.avr.deviceinfo
                0x00000000       0x3c
 .note.gnu.avr.deviceinfo
                0x00000000       0x3c C:/Program Files (x86)/Atmel/Studio/7.0/Packs/atmel/ATmega_DFP/1.2.209/gcc/dev/atmega64a/avr5/crtatmega64a.o

.note.gnu.build-id
 *(.note.gnu.build-id)

.debug
 *(.debug)

.line
 *(.line)

.debug_srcinfo
 *(.debug_srcinfo)

.debug_sfnames
 *(.debug_sfnames)

.debug_aranges  0x00000000      0x540
 *(.debug_aranges)
 .debug_aranges
                0x00000000       0x78 BME280/bme280.o
 .debug_aranges
                0x00000078       0x20 DS18B20/crc8.o
 .debug_aranges
                0x00000098       0x20 DS18B20/delay.o
 .debug_aranges
                0x000000b8       0x60 DS18B20/ds18x20.o
 .debug_aranges
                0x00000118       0x68 DS18B20/onewire.o
 .debug_aranges
                0x00000180       0x68 I2C/i2c_master.o
 .debug_aranges
                0x000001e8       0xb8 LCD/lcd.o
 .debug_aranges
                0x000002a0       0x70 main.o
 .debug_aranges
                0x00000310       0x38 MENU/menu.o
 .debug_aranges
                0x00000348       0xc8 MENU/menu_items.o
 .debug_aranges
                0x00000410       0x20 MENU/menu_portsio.o
 .debug_aranges
                0x00000430       0x30 SPI/spi.o
 .debug_aranges
                0x00000460       0xa0 UART/UART.o
 .debug_aranges
                0x00000500       0x20 Utils/ftoa.o
 .debug_aranges
                0x00000520       0x20 C:/Program Files (x86)/Atmel/Studio/7.0/Packs/atmel/ATmega_DFP/1.2.209/gcc/dev/atmega64a/avr5\libatmega64a.a(eeupd_byte.o)

.debug_pubnames
 *(.debug_pubnames)

.debug_info     0x00000000     0x6372
 *(.debug_info .gnu.linkonce.wi.*)
 .debug_info    0x00000000      0x780 C:/Program Files (x86)/Atmel/Studio/7.0/Packs/atmel/ATmega_DFP/1.2.209/gcc/dev/atmega64a/avr5/crtatmega64a.o
 .debug_info    0x00000780      0xb20 BME280/bme280.o
 .debug_info    0x000012a0      0x106 DS18B20/crc8.o
 .debug_info    0x000013a6       0x93 DS18B20/delay.o
 .debug_info    0x00001439      0x71f DS18B20/ds18x20.o
 .debug_info    0x00001b58      0x499 DS18B20/onewire.o
 .debug_info    0x00001ff1      0x3fe I2C/i2c_master.o
 .debug_info    0x000023ef      0x8d6 LCD/lcd.o
 .debug_info    0x00002cc5      0xf9b main.o
 .debug_info    0x00003c60      0x6fd MENU/menu.o
 .debug_info    0x0000435d     0x1473 MENU/menu_items.o
 .debug_info    0x000057d0       0x9a MENU/menu_portsio.o
 .debug_info    0x0000586a       0xce SPI/spi.o
 .debug_info    0x00005938      0x753 UART/UART.o
 .debug_info    0x0000608b      0x23b Utils/ftoa.o
 .debug_info    0x000062c6       0xac C:/Program Files (x86)/Atmel/Studio/7.0/Packs/atmel/ATmega_DFP/1.2.209/gcc/dev/atmega64a/avr5\libatmega64a.a(eeupd_byte.o)

.debug_abbrev   0x00000000     0x1cff
 *(.debug_abbrev)
 .debug_abbrev  0x00000000      0x718 C:/Program Files (x86)/Atmel/Studio/7.0/Packs/atmel/ATmega_DFP/1.2.209/gcc/dev/atmega64a/avr5/crtatmega64a.o
 .debug_abbrev  0x00000718      0x1fb BME280/bme280.o
 .debug_abbrev  0x00000913       0x8b DS18B20/crc8.o
 .debug_abbrev  0x0000099e       0x60 DS18B20/delay.o
 .debug_abbrev  0x000009fe      0x198 DS18B20/ds18x20.o
 .debug_abbrev  0x00000b96      0x1b9 DS18B20/onewire.o
 .debug_abbrev  0x00000d4f      0x14c I2C/i2c_master.o
 .debug_abbrev  0x00000e9b      0x22e LCD/lcd.o
 .debug_abbrev  0x000010c9      0x2a0 main.o
 .debug_abbrev  0x00001369      0x230 MENU/menu.o
 .debug_abbrev  0x00001599      0x305 MENU/menu_items.o
 .debug_abbrev  0x0000189e       0x6b MENU/menu_portsio.o
 .debug_abbrev  0x00001909       0x87 SPI/spi.o
 .debug_abbrev  0x00001990      0x1e1 UART/UART.o
 .debug_abbrev  0x00001b71      0x17a Utils/ftoa.o
 .debug_abbrev  0x00001ceb       0x14 C:/Program Files (x86)/Atmel/Studio/7.0/Packs/atmel/ATmega_DFP/1.2.209/gcc/dev/atmega64a/avr5\libatmega64a.a(eeupd_byte.o)

.debug_line     0x00000000     0x3306
 *(.debug_line .debug_line.* .debug_line_end)
 .debug_line    0x00000000      0x169 C:/Program Files (x86)/Atmel/Studio/7.0/Packs/atmel/ATmega_DFP/1.2.209/gcc/dev/atmega64a/avr5/crtatmega64a.o
 .debug_line    0x00000169      0x463 BME280/bme280.o
 .debug_line    0x000005cc       0xf1 DS18B20/crc8.o
 .debug_line    0x000006bd       0xa8 DS18B20/delay.o
 .debug_line    0x00000765      0x3fd DS18B20/ds18x20.o
 .debug_line    0x00000b62      0x36e DS18B20/onewire.o
 .debug_line    0x00000ed0      0x318 I2C/i2c_master.o
 .debug_line    0x000011e8      0x6b4 LCD/lcd.o
 .debug_line    0x0000189c      0x774 main.o
 .debug_line    0x00002010      0x340 MENU/menu.o
 .debug_line    0x00002350      0x80c MENU/menu_items.o
 .debug_line    0x00002b5c       0xb2 MENU/menu_portsio.o
 .debug_line    0x00002c0e      0x10c SPI/spi.o
 .debug_line    0x00002d1a      0x451 UART/UART.o
 .debug_line    0x0000316b       0xeb Utils/ftoa.o
 .debug_line    0x00003256       0xb0 C:/Program Files (x86)/Atmel/Studio/7.0/Packs/atmel/ATmega_DFP/1.2.209/gcc/dev/atmega64a/avr5\libatmega64a.a(eeupd_byte.o)

.debug_frame    0x00000000      0xf9c
 *(.debug_frame)
 .debug_frame   0x00000000      0x1f8 BME280/bme280.o
 .debug_frame   0x000001f8       0x24 DS18B20/crc8.o
 .debug_frame   0x0000021c       0x24 DS18B20/delay.o
 .debug_frame   0x00000240      0x1bc DS18B20/ds18x20.o
 .debug_frame   0x000003fc      0x100 DS18B20/onewire.o
 .debug_frame   0x000004fc      0x15c I2C/i2c_master.o
 .debug_frame   0x00000658      0x1c8 LCD/lcd.o
 .debug_frame   0x00000820      0x17c main.o
 .debug_frame   0x0000099c       0xbc MENU/menu.o
 .debug_frame   0x00000a58      0x264 MENU/menu_items.o
 .debug_frame   0x00000cbc       0x24 MENU/menu_portsio.o
 .debug_frame   0x00000ce0       0x44 SPI/spi.o
 .debug_frame   0x00000d24      0x1f4 UART/UART.o
 .debug_frame   0x00000f18       0x84 Utils/ftoa.o

.debug_str      0x00000000     0x16da
 *(.debug_str)
 .debug_str     0x00000000      0x27e C:/Program Files (x86)/Atmel/Studio/7.0/Packs/atmel/ATmega_DFP/1.2.209/gcc/dev/atmega64a/avr5/crtatmega64a.o
 .debug_str     0x0000027e      0x5bd BME280/bme280.o
                                0x612 (size before relaxing)
 .debug_str     0x0000083b       0x5b DS18B20/crc8.o
                                0x1b8 (size before relaxing)
 .debug_str     0x00000896       0x25 DS18B20/delay.o
                                0x175 (size before relaxing)
 .debug_str     0x000008bb      0x1a6 DS18B20/ds18x20.o
                                0x31c (size before relaxing)
 .debug_str     0x00000a61       0x7a DS18B20/onewire.o
                                0x242 (size before relaxing)
 .debug_str     0x00000adb       0x6c I2C/i2c_master.o
                                0x208 (size before relaxing)
 .debug_str     0x00000b47      0x161 LCD/lcd.o
                                0x2d5 (size before relaxing)
 .debug_str     0x00000ca8      0x389 main.o
                                0x72f (size before relaxing)
 .debug_str     0x00001031      0x218 MENU/menu.o
                                0x426 (size before relaxing)
 .debug_str     0x00001249      0x2b3 MENU/menu_items.o
                                0x687 (size before relaxing)
 .debug_str     0x000014fc       0x33 MENU/menu_portsio.o
                                0x192 (size before relaxing)
 .debug_str     0x0000152f        0xd SPI/spi.o
                                0x183 (size before relaxing)
 .debug_str     0x0000153c      0x174 UART/UART.o
                                0x36a (size before relaxing)
 .debug_str     0x000016b0       0x2a Utils/ftoa.o
                                0x1b9 (size before relaxing)

.debug_loc      0x00000000     0x4c8b
 *(.debug_loc)
 .debug_loc     0x00000000      0x949 BME280/bme280.o
 .debug_loc     0x00000949      0x1c0 DS18B20/crc8.o
 .debug_loc     0x00000b09       0x1e DS18B20/delay.o
 .debug_loc     0x00000b27      0x966 DS18B20/ds18x20.o
 .debug_loc     0x0000148d      0x4cc DS18B20/onewire.o
 .debug_loc     0x00001959      0x6b8 I2C/i2c_master.o
 .debug_loc     0x00002011      0x9aa LCD/lcd.o
 .debug_loc     0x000029bb      0x481 main.o
 .debug_loc     0x00002e3c      0x3a4 MENU/menu.o
 .debug_loc     0x000031e0      0xf48 MENU/menu_items.o
 .debug_loc     0x00004128       0x21 SPI/spi.o
 .debug_loc     0x00004149      0x770 UART/UART.o
 .debug_loc     0x000048b9      0x3d2 Utils/ftoa.o

.debug_macinfo
 *(.debug_macinfo)

.debug_weaknames
 *(.debug_weaknames)

.debug_funcnames
 *(.debug_funcnames)

.debug_typenames
 *(.debug_typenames)

.debug_varnames
 *(.debug_varnames)

.debug_pubtypes
 *(.debug_pubtypes)

.debug_ranges   0x00000000      0x570
 *(.debug_ranges)
 .debug_ranges  0x00000000       0x68 BME280/bme280.o
 .debug_ranges  0x00000068       0x10 DS18B20/crc8.o
 .debug_ranges  0x00000078       0x10 DS18B20/delay.o
 .debug_ranges  0x00000088       0x50 DS18B20/ds18x20.o
 .debug_ranges  0x000000d8       0x58 DS18B20/onewire.o
 .debug_ranges  0x00000130       0x88 I2C/i2c_master.o
 .debug_ranges  0x000001b8       0xf0 LCD/lcd.o
 .debug_ranges  0x000002a8       0x60 main.o
 .debug_ranges  0x00000308       0xb0 MENU/menu.o
 .debug_ranges  0x000003b8       0xb8 MENU/menu_items.o
 .debug_ranges  0x00000470       0x10 MENU/menu_portsio.o
 .debug_ranges  0x00000480       0x20 SPI/spi.o
 .debug_ranges  0x000004a0       0xc0 UART/UART.o
 .debug_ranges  0x00000560       0x10 Utils/ftoa.o

.debug_macro
 *(.debug_macro)
OUTPUT(futes_vezerlo.elf elf32-avr)
LOAD linker stubs
