Archive member included to satisfy reference by file (symbol)

c:/program files (x86)/atmel/studio/7.0/toolchain/avr8/avr8-gnu-toolchain/bin/../lib/gcc/avr/5.4.0/../../../../avr/lib/avr5\libm.a(addsf3.o)
                              HIHxxxx/HIHxxxx.o (__subsf3)
c:/program files (x86)/atmel/studio/7.0/toolchain/avr8/avr8-gnu-toolchain/bin/../lib/gcc/avr/5.4.0/../../../../avr/lib/avr5\libm.a(addsf3x.o)
                              c:/program files (x86)/atmel/studio/7.0/toolchain/avr8/avr8-gnu-toolchain/bin/../lib/gcc/avr/5.4.0/../../../../avr/lib/avr5\libm.a(addsf3.o) (__addsf3x)
c:/program files (x86)/atmel/studio/7.0/toolchain/avr8/avr8-gnu-toolchain/bin/../lib/gcc/avr/5.4.0/../../../../avr/lib/avr5\libm.a(cmpsf2.o)
                              main.o (__ltsf2)
c:/program files (x86)/atmel/studio/7.0/toolchain/avr8/avr8-gnu-toolchain/bin/../lib/gcc/avr/5.4.0/../../../../avr/lib/avr5\libm.a(divsf3.o)
                              HIHxxxx/HIHxxxx.o (__divsf3)
c:/program files (x86)/atmel/studio/7.0/toolchain/avr8/avr8-gnu-toolchain/bin/../lib/gcc/avr/5.4.0/../../../../avr/lib/avr5\libm.a(divsf3x.o)
                              c:/program files (x86)/atmel/studio/7.0/toolchain/avr8/avr8-gnu-toolchain/bin/../lib/gcc/avr/5.4.0/../../../../avr/lib/avr5\libm.a(divsf3.o) (__divsf3x)
c:/program files (x86)/atmel/studio/7.0/toolchain/avr8/avr8-gnu-toolchain/bin/../lib/gcc/avr/5.4.0/../../../../avr/lib/avr5\libm.a(fixsfsi.o)
                              main.o (__fixsfsi)
c:/program files (x86)/atmel/studio/7.0/toolchain/avr8/avr8-gnu-toolchain/bin/../lib/gcc/avr/5.4.0/../../../../avr/lib/avr5\libm.a(fixunssfsi.o)
                              c:/program files (x86)/atmel/studio/7.0/toolchain/avr8/avr8-gnu-toolchain/bin/../lib/gcc/avr/5.4.0/../../../../avr/lib/avr5\libm.a(fixsfsi.o) (__fixunssfsi)
c:/program files (x86)/atmel/studio/7.0/toolchain/avr8/avr8-gnu-toolchain/bin/../lib/gcc/avr/5.4.0/../../../../avr/lib/avr5\libm.a(floatsisf.o)
                              HIHxxxx/HIHxxxx.o (__floatsisf)
c:/program files (x86)/atmel/studio/7.0/toolchain/avr8/avr8-gnu-toolchain/bin/../lib/gcc/avr/5.4.0/../../../../avr/lib/avr5\libm.a(fp_cmp.o)
                              c:/program files (x86)/atmel/studio/7.0/toolchain/avr8/avr8-gnu-toolchain/bin/../lib/gcc/avr/5.4.0/../../../../avr/lib/avr5\libm.a(cmpsf2.o) (__fp_cmp)
c:/program files (x86)/atmel/studio/7.0/toolchain/avr8/avr8-gnu-toolchain/bin/../lib/gcc/avr/5.4.0/../../../../avr/lib/avr5\libm.a(fp_inf.o)
                              c:/program files (x86)/atmel/studio/7.0/toolchain/avr8/avr8-gnu-toolchain/bin/../lib/gcc/avr/5.4.0/../../../../avr/lib/avr5\libm.a(addsf3x.o) (__fp_inf)
c:/program files (x86)/atmel/studio/7.0/toolchain/avr8/avr8-gnu-toolchain/bin/../lib/gcc/avr/5.4.0/../../../../avr/lib/avr5\libm.a(fp_nan.o)
                              c:/program files (x86)/atmel/studio/7.0/toolchain/avr8/avr8-gnu-toolchain/bin/../lib/gcc/avr/5.4.0/../../../../avr/lib/avr5\libm.a(addsf3x.o) (__fp_nan)
c:/program files (x86)/atmel/studio/7.0/toolchain/avr8/avr8-gnu-toolchain/bin/../lib/gcc/avr/5.4.0/../../../../avr/lib/avr5\libm.a(fp_pscA.o)
                              c:/program files (x86)/atmel/studio/7.0/toolchain/avr8/avr8-gnu-toolchain/bin/../lib/gcc/avr/5.4.0/../../../../avr/lib/avr5\libm.a(addsf3x.o) (__fp_pscA)
c:/program files (x86)/atmel/studio/7.0/toolchain/avr8/avr8-gnu-toolchain/bin/../lib/gcc/avr/5.4.0/../../../../avr/lib/avr5\libm.a(fp_pscB.o)
                              c:/program files (x86)/atmel/studio/7.0/toolchain/avr8/avr8-gnu-toolchain/bin/../lib/gcc/avr/5.4.0/../../../../avr/lib/avr5\libm.a(addsf3x.o) (__fp_pscB)
c:/program files (x86)/atmel/studio/7.0/toolchain/avr8/avr8-gnu-toolchain/bin/../lib/gcc/avr/5.4.0/../../../../avr/lib/avr5\libm.a(fp_round.o)
                              c:/program files (x86)/atmel/studio/7.0/toolchain/avr8/avr8-gnu-toolchain/bin/../lib/gcc/avr/5.4.0/../../../../avr/lib/avr5\libm.a(addsf3.o) (__fp_round)
c:/program files (x86)/atmel/studio/7.0/toolchain/avr8/avr8-gnu-toolchain/bin/../lib/gcc/avr/5.4.0/../../../../avr/lib/avr5\libm.a(fp_split3.o)
                              c:/program files (x86)/atmel/studio/7.0/toolchain/avr8/avr8-gnu-toolchain/bin/../lib/gcc/avr/5.4.0/../../../../avr/lib/avr5\libm.a(addsf3x.o) (__fp_split3)
c:/program files (x86)/atmel/studio/7.0/toolchain/avr8/avr8-gnu-toolchain/bin/../lib/gcc/avr/5.4.0/../../../../avr/lib/avr5\libm.a(fp_zero.o)
                              c:/program files (x86)/atmel/studio/7.0/toolchain/avr8/avr8-gnu-toolchain/bin/../lib/gcc/avr/5.4.0/../../../../avr/lib/avr5\libm.a(addsf3x.o) (__fp_zero)
c:/program files (x86)/atmel/studio/7.0/toolchain/avr8/avr8-gnu-toolchain/bin/../lib/gcc/avr/5.4.0/../../../../avr/lib/avr5\libm.a(gesf2.o)
                              main.o (__gtsf2)
c:/program files (x86)/atmel/studio/7.0/toolchain/avr8/avr8-gnu-toolchain/bin/../lib/gcc/avr/5.4.0/../../../../avr/lib/avr5\libm.a(mulsf3.o)
[...]
Memory Configuration

Name             Origin             Length             Attributes
text             0x00000000         0x00020000         xr
data             0x00800060         0x0000ffa0         rw !x
eeprom           0x00810000         0x00010000         rw !x
fuse             0x00820000         0x00000003         rw !x
lock             0x00830000         0x00000400         rw !x
signature        0x00840000         0x00000400         rw !x
user_signatures  0x00850000         0x00000400         rw !x
*default*        0x00000000         0xffffffff

Linker script and memory map

Address of section .data set to 0x800100
LOAD C:/Program Files (x86)/Atmel/Studio/7.0/Packs/Atmel/ATmega_DFP/1.2.272/gcc/dev/atmega64a/avr5/crtatmega64a.o
LOAD DS18B20/crc8.o
LOAD DS18B20/delay.o
LOAD DS18B20/ds18x20.o
LOAD DS18B20/onewire.o
LOAD HIHxxxx/HIHxxxx.o
LOAD I2C/i2c_master.o
LOAD LCD/lcd.o
LOAD main.o
LOAD MAX31865/max31865.o
LOAD MENU/menu.o
LOAD MENU/menu_items.o
LOAD MENU/menu_portsio.o
LOAD SPI/spi.o
LOAD UART/UART.o
LOAD Utils/ftoa.o
START GROUP
LOAD c:/program files (x86)/atmel/studio/7.0/toolchain/avr8/avr8-gnu-toolchain/bin/../lib/gcc/avr/5.4.0/../../../../avr/lib/avr5\libm.a
LOAD c:/program files (x86)/atmel/studio/7.0/toolchain/avr8/avr8-gnu-toolchain/bin/../lib/gcc/avr/5.4.0/../../../../avr/lib/avr5\libm.a
END GROUP
START GROUP
LOAD c:/program files (x86)/atmel/studio/7.0/toolchain/avr8/avr8-gnu-toolchain/bin/../lib/gcc/avr/5.4.0/avr5\libgcc.a
LOAD c:/program files (x86)/atmel/studio/7.0/toolchain/avr8/avr8-gnu-toolchain/bin/../lib/gcc/avr/5.4.0/../../../../avr/lib/avr5\libm.a
LOAD c:/program files (x86)/atmel/studio/7.0/toolchain/avr8/avr8-gnu-toolchain/bin/../lib/gcc/avr/5.4.0/../../../../avr/lib/avr5\libc.a
LOAD C:/Program Files (x86)/Atmel/Studio/7.0/Packs/Atmel/ATmega_DFP/1.2.272/gcc/dev/atmega64a/avr5\libatmega64a.a
END GROUP
                0x00020000                __TEXT_REGION_LENGTH__ = DEFINED (__TEXT_REGION_LENGTH__)?__TEXT_REGION_LENGTH__:0x20000
                0x0000ffa0                __DATA_REGION_LENGTH__ = DEFINED (__DATA_REGION_LENGTH__)?__DATA_REGION_LENGTH__:0xffa0
                0x00010000                __EEPROM_REGION_LENGTH__ = DEFINED (__EEPROM_REGION_LENGTH__)?__EEPROM_REGION_LENGTH__:0x10000
                [0x00000003]                __FUSE_REGION_LENGTH__ = DEFINED (__FUSE_REGION_LENGTH__)?__FUSE_REGION_LENGTH__:0x400
                0x00000400                __LOCK_REGION_LENGTH__ = DEFINED (__LOCK_REGION_LENGTH__)?__LOCK_REGION_LENGTH__:0x400
                0x00000400                __SIGNATURE_REGION_LENGTH__ = DEFINED (__SIGNATURE_REGION_LENGTH__)?__SIGNATURE_REGION_LENGTH__:0x400
                0x00000400                __USER_SIGNATURE_REGION_LENGTH__ = DEFINED (__USER_SIGNATURE_REGION_LENGTH__)?__USER_SIGNATURE_REGION_LENGTH__:0x400

.hash
 *(.hash)

.dynsym
 *(.dynsym)

.dynstr
 *(.dynstr)

.gnu.version
 *(.gnu.version)

.gnu.version_d
 *(.gnu.version_d)

.gnu.version_r
 *(.gnu.version_r)

.rel.init
 *(.rel.init)

.rela.init
 *(.rela.init)

.rel.text
 *(.rel.text)
 *(.rel.text.*)
 *(.rel.gnu.linkonce.t*)

.rela.text
 *(.rela.text)
 *(.rela.text.*)
 *(.rela.gnu.linkonce.t*)

.rel.fini
 *(.rel.fini)

.rela.fini
 *(.rela.fini)

.rel.rodata
 *(.rel.rodata)
 *(.rel.rodata.*)
 *(.rel.gnu.linkonce.r*)

.rela.rodata
 *(.rela.rodata)
 *(.rela.rodata.*)
 *(.rela.gnu.linkonce.r*)

.rel.data
 *(.rel.data)
 *(.rel.data.*)
 *(.rel.gnu.linkonce.d*)

.rela.data
 *(.rela.data)
 *(.rela.data.*)
 *(.rela.gnu.linkonce.d*)

.rel.ctors
 *(.rel.ctors)

.rela.ctors
 *(.rela.ctors)

.rel.dtors
 *(.rel.dtors)

.rela.dtors
 *(.rela.dtors)

.rel.got
 *(.rel.got)

.rela.got
 *(.rela.got)

.rel.bss
 *(.rel.bss)

.rela.bss
 *(.rela.bss)

.rel.plt
 *(.rel.plt)

.rela.plt
 *(.rela.plt)

.text           0x00000000     0x5dec
 *(.vectors)
 .vectors       0x00000000       0x8c C:/Program Files (x86)/Atmel/Studio/7.0/Packs/Atmel/ATmega_DFP/1.2.272/gcc/dev/atmega64a/avr5/crtatmega64a.o
                0x00000000                __vector_default
                0x00000000                __vectors
 *(.vectors)
 *(.progmem.gcc*)
 .progmem.gcc_sw_table.lcd_putc_hu
                0x0000008c       0x78 LCD/lcd.o
 .progmem.gcc_sw_table.SensorRead
                0x00000104       0x1c main.o
 .progmem.gcc_sw_table.main
                0x00000120       0x28 main.o
 .progmem.gcc_sw_table.ClockDayName_CallbackRender
                0x00000148        0xe MENU/menu_items.o
                0x00000156                . = ALIGN (0x2)
                0x00000156                __trampolines_start = .
 *(.trampolines)
 .trampolines   0x00000156        0x0 linker stubs
 *(.trampolines*)
                0x00000156                __trampolines_end = .
 *libprintf_flt.a:*(.progmem.data)
 *libc.a:*(.progmem.data)
 *(.progmem*)
 .progmem.data.magyar_betuk
                0x00000156       0x38 LCD/lcd.o
 .progmem.data.__c.3217
                0x0000018e        0x2 main.o
 .progmem.data.__c.3214
                0x00000190        0x2 main.o
 .progmem.data.__c.3211
                0x00000192        0x2 main.o
 .progmem.data.__c.3208
                0x00000194        0x2 main.o
 .progmem.data.__c.3205
                0x00000196        0x2 main.o
 .progmem.data.__c.3202
                0x00000198        0x2 main.o
 .progmem.data.__c.3198
                0x0000019a        0x2 main.o
 .progmem.data.__c.3175
                0x0000019c        0x4 main.o
 .progmem.data.__c.3173
                0x000001a0        0xa main.o
 .progmem.data.__c.3171
                0x000001aa       0x12 main.o
 .progmem.data.__c.3169
                0x000001bc        0x7 main.o
 .progmem.data.__c.3167
                0x000001c3       0x13 main.o
 .progmem.data.__c.3165
                0x000001d6       0x13 main.o
 .progmem.data.__c.3163
                0x000001e9        0xc main.o
 .progmem.data.__c.3157
                0x000001f5       0x14 main.o
 .progmem.data.__c.3155
                0x00000209       0x15 main.o
 .progmem.data.__c.3140
                0x0000021e        0xb main.o
 .progmem.data.__c.3137
                0x00000229       0x11 main.o
 .progmem.data.__c.3135
                0x0000023a       0x12 main.o
 .progmem.data.__c.3126
                0x0000024c        0x3 main.o
 .progmem.data.__c.3124
                0x0000024f        0x5 main.o
 .progmem.data.__c.3114
                0x00000254        0xb main.o
 .progmem.data.__c.3112
                0x0000025f        0xd main.o
 .progmem.data.__c.3110
                0x0000026c        0xa main.o
 .progmem.data.__c.3108
                0x00000276        0xc main.o
 .progmem.data.__c.3106
                0x00000282        0x9 main.o
 .progmem.data.__c.3103
                0x0000028b        0x8 main.o
 .progmem.data.__c.3100
                0x00000293        0x7 main.o
 .progmem.data.__c.3097
                0x0000029a        0x5 main.o
 .progmem.data.__c.3094
                0x0000029f        0x7 main.o
 .progmem.data.__c.3091
                0x000002a6        0x5 main.o
 .progmem.data.__c.3087
                0x000002ab        0x6 main.o
 .progmem.data.__c.3084
                0x000002b1        0x2 main.o
 .progmem.data.__c.3082
                0x000002b3        0x2 main.o
 .progmem.data.__c.3080
                0x000002b5        0x2 main.o
 .progmem.data.__c.3078
                0x000002b7        0x3 main.o
 .progmem.data.__c.3076
                0x000002ba        0x2 main.o
 .progmem.data.__c.3074
                0x000002bc        0xc main.o
 .progmem.data.__c.3072
                0x000002c8        0x3 main.o
 .progmem.data.__c.3070
                0x000002cb        0x2 main.o
 .progmem.data.__c.3068
                0x000002cd        0xb main.o
 .progmem.data.__c.3066
                0x000002d8        0x3 main.o
 .progmem.data.__c.3064
                0x000002db        0x2 main.o
 .progmem.data.__c.3062
                0x000002dd        0x7 main.o
 .progmem.data.__c.3060
                0x000002e4        0x3 main.o
 .progmem.data.__c.3058
                0x000002e7        0x2 main.o
 .progmem.data.__c.3056
                0x000002e9        0x9 main.o
 .progmem.data.__c.3054
                0x000002f2        0x3 main.o
 .progmem.data.__c.3052
                0x000002f5        0x2 main.o
 .progmem.data.__c.3050
                0x000002f7        0x8 main.o
 .progmem.data.__c.3048
                0x000002ff        0x3 main.o
 .progmem.data.__c.3046
                0x00000302        0x7 main.o
 .progmem.data.__c.3044
                0x00000309        0x3 main.o
 .progmem.data.__c.3042
                0x0000030c        0x2 main.o
 .progmem.data.__c.3040
                0x0000030e        0x8 main.o
 .progmem.data.__c.3038
                0x00000316        0x3 main.o
 .progmem.data.__c.3036
                0x00000319        0x2 main.o
 .progmem.data.__c.3034
                0x0000031b        0x8 main.o
 .progmem.data.__c.3032
                0x00000323        0x3 main.o
 .progmem.data.__c.3030
                0x00000326        0x2 main.o
 .progmem.data.__c.3028
                0x00000328        0x5 main.o
 .progmem.data.__c.3025
                0x0000032d        0x2 main.o
 .progmem.data.__c.3023
                0x0000032f        0x5 main.o
 .progmem.data.__c.3021
                0x00000334        0x2 main.o
 .progmem.data.__c.3019
                0x00000336        0x2 main.o
 .progmem.data.__c.3017
                0x00000338        0x5 main.o
 .progmem.data.__c.3015
                0x0000033d        0x2 main.o
 .progmem.data.__c.3013
                0x0000033f        0x2 main.o
 .progmem.data.__c.3011
                0x00000341        0x5 main.o
 .progmem.data.__c.3009
                0x00000346        0x2 main.o
 .progmem.data.__c.3007
                0x00000348        0x2 main.o
 .progmem.data.__c.3005
                0x0000034a        0x5 main.o
 .progmem.data.__c.3002
                0x0000034f        0x2 main.o
 .progmem.data.__c.3000
                0x00000351        0x5 main.o
 .progmem.data.__c.2998
                0x00000356        0x2 main.o
 .progmem.data.__c.2996
                0x00000358        0x5 main.o
 .progmem.data.__c.2994
                0x0000035d        0x2 main.o
 .progmem.data.__c.2992
                0x0000035f        0x2 main.o
 .progmem.data.__c.2990
                0x00000361        0x5 main.o
 .progmem.data.__c.2988
                0x00000366        0x2 main.o
 .progmem.data.__c.2986
                0x00000368        0x2 main.o
 .progmem.data.__c.2984
                0x0000036a        0x4 main.o
 .progmem.data.__c.2982
                0x0000036e        0x2 main.o
 .progmem.data.__c.2980
                0x00000370        0x2 main.o
 .progmem.data.__c.2978
                0x00000372        0x4 main.o
 .progmem.data.__c.2975
                0x00000376        0x2 main.o
 .progmem.data.__c.2973
                0x00000378        0x2 main.o
 .progmem.data.__c.2971
                0x0000037a        0x4 main.o
 .progmem.data.__c.2969
                0x0000037e        0x2 main.o
 .progmem.data.__c.2967
                0x00000380        0x2 main.o
 .progmem.data.__c.2965
                0x00000382        0x4 main.o
 .progmem.data.__c.2963
                0x00000386        0x2 main.o
 .progmem.data.__c.2961
                0x00000388        0x2 main.o
 .progmem.data.__c.2959
                0x0000038a        0x4 main.o
 .progmem.data.__c.2957
                0x0000038e        0x2 main.o
 .progmem.data.__c.2955
                0x00000390        0x2 main.o
 .progmem.data.__c.2953
                0x00000392        0x4 main.o
 .progmem.data.__c.2951
                0x00000396        0x2 main.o
 .progmem.data.__c.2949
                0x00000398        0x2 main.o
 .progmem.data.__c.2947
                0x0000039a        0x4 main.o
 .progmem.data.__c.2941
                0x0000039e        0x2 main.o
 .progmem.data.__c.2939
                0x000003a0        0x3 main.o
 .progmem.data.__c.2936
                0x000003a3        0x2 main.o
 .progmem.data.__c.2934
                0x000003a5        0x2 main.o
 .progmem.data.__c.2932
                0x000003a7        0x2 main.o
 .progmem.data.__c.2930
                0x000003a9        0x2 main.o
 .progmem.data.__c.2926
                0x000003ab        0x2 main.o
 .progmem.data.__c.2924
                0x000003ad        0x5 main.o
 .progmem.data.__c.2922
                0x000003b2        0x2 main.o
 .progmem.data.__c.2920
                0x000003b4        0x5 main.o
 .progmem.data.__c.2904
                0x000003b9        0x2 main.o
 .progmem.data.__c.2902
                0x000003bb        0x3 main.o
 .progmem.data.fraccel_lookup
                0x000003be       0x10 main.o
 .progmem.data.magyar_betuk
                0x000003ce       0x38 main.o
 .progmem.data.__c.3241
                0x00000406        0xe MENU/menu_items.o
 .progmem.data.__c.3225
                0x00000414        0x8 MENU/menu_items.o
 .progmem.data.__c.3210
                0x0000041c        0x8 MENU/menu_items.o
 .progmem.data.__c.3195
                0x00000424       0x12 MENU/menu_items.o
 .progmem.data.__c.3180
                0x00000436        0xc MENU/menu_items.o
 .progmem.data.__c.3166
                0x00000442        0x3 MENU/menu_items.o
 .progmem.data.__c.3164
                0x00000445        0x3 MENU/menu_items.o
 .progmem.data.__c.3162
                0x00000448        0xc MENU/menu_items.o
 .progmem.data.__c.3147
                0x00000454        0x9 MENU/menu_items.o
 .progmem.data.__c.3144
                0x0000045d        0x8 MENU/menu_items.o
 .progmem.data.__c.3141
                0x00000465        0x7 MENU/menu_items.o
 .progmem.data.__c.3138
                0x0000046c        0xa MENU/menu_items.o
 .progmem.data.__c.3135
                0x00000476        0x7 MENU/menu_items.o
 .progmem.data.__c.3132
                0x0000047d        0x5 MENU/menu_items.o
 .progmem.data.__c.3128
                0x00000482        0x6 MENU/menu_items.o
 .progmem.data.__c.3125
                0x00000488        0x8 MENU/menu_items.o
 .progmem.data.__c.3110
                0x00000490        0x4 MENU/menu_items.o
 .progmem.data.__c.3095
                0x00000494        0x6 MENU/menu_items.o
 .progmem.data.__c.3080
                0x0000049a        0x3 MENU/menu_items.o
 .progmem.data.__c.3065
                0x0000049d        0x5 MENU/menu_items.o
 .progmem.data.__c.3050
                0x000004a2        0x4 MENU/menu_items.o
 .progmem.data.__c.3035
                0x000004a6        0xd MENU/menu_items.o
 .progmem.data.__c.3020
                0x000004b3       0x14 MENU/menu_items.o
 .progmem.data.__c.3005
                0x000004c7        0xb MENU/menu_items.o
 .progmem.data.__c.2990
                0x000004d2       0x12 MENU/menu_items.o
 .progmem.data.__c.2976
                0x000004e4        0xc MENU/menu_items.o
 .progmem.data.__c.2973
                0x000004f0        0x9 MENU/menu_items.o
 .progmem.data.__c.2969
                0x000004f9        0xc MENU/menu_items.o
 .progmem.data.__c.2966
                0x00000505        0xa MENU/menu_items.o
 .progmem.data.__c.2950
                0x0000050f       0x12 MENU/menu_items.o
 .progmem.data.__c.2945
                0x00000521        0x3 MENU/menu_items.o
 .progmem.data.__c.2943
                0x00000524        0x2 MENU/menu_items.o
 .progmem.data.__c.2941
                0x00000526        0xf MENU/menu_items.o
 .progmem.data.__c.2926
                0x00000535       0x12 MENU/menu_items.o
 .progmem.data.__c.2921
                0x00000547        0x3 MENU/menu_items.o
 .progmem.data.__c.2919
                0x0000054a        0x2 MENU/menu_items.o
 .progmem.data.__c.2917
                0x0000054c       0x13 MENU/menu_items.o
 .progmem.data.__c.2902
                0x0000055f       0x11 MENU/menu_items.o
 .progmem.data.__c.2897
                0x00000570        0x3 MENU/menu_items.o
 .progmem.data.__c.2895
                0x00000573        0x2 MENU/menu_items.o
 .progmem.data.__c.2893
                0x00000575        0xe MENU/menu_items.o
 .progmem.data.__c.2878
                0x00000583       0x12 MENU/menu_items.o
 .progmem.data.__c.2873
                0x00000595        0x3 MENU/menu_items.o
 .progmem.data.__c.2871
                0x00000598        0x2 MENU/menu_items.o
 .progmem.data.__c.2869
                0x0000059a       0x13 MENU/menu_items.o
 .progmem.data.__c.2854
                0x000005ad       0x11 MENU/menu_items.o
 .progmem.data.__c.2849
                0x000005be        0x3 MENU/menu_items.o
 .progmem.data.__c.2847
                0x000005c1        0x2 MENU/menu_items.o
 .progmem.data.__c.2845
                0x000005c3        0xe MENU/menu_items.o
 .progmem.data.__c.2830
                0x000005d1       0x11 MENU/menu_items.o
 .progmem.data.__c.2825
                0x000005e2        0x3 MENU/menu_items.o
 .progmem.data.__c.2823
                0x000005e5        0x2 MENU/menu_items.o
 .progmem.data.__c.2820
                0x000005e7        0x3 MENU/menu_items.o
 .progmem.data.__c.2818
                0x000005ea        0x2 MENU/menu_items.o
 .progmem.data.__c.2816
                0x000005ec        0xe MENU/menu_items.o
 .progmem.data.__c.2801
                0x000005fa       0x13 MENU/menu_items.o
 .progmem.data.__c.2796
                0x0000060d        0x3 MENU/menu_items.o
 .progmem.data.__c.2794
                0x00000610        0x2 MENU/menu_items.o
 .progmem.data.__c.2791
                0x00000612        0x3 MENU/menu_items.o
 .progmem.data.__c.2789
                0x00000615        0x2 MENU/menu_items.o
 .progmem.data.__c.2787
                0x00000617       0x10 MENU/menu_items.o
 .progmem.data.__c.2772
                0x00000627       0x12 MENU/menu_items.o
 .progmem.data.__c.2767
                0x00000639        0x3 MENU/menu_items.o
 .progmem.data.__c.2765
                0x0000063c        0x2 MENU/menu_items.o
 .progmem.data.__c.2762
                0x0000063e        0x3 MENU/menu_items.o
 .progmem.data.__c.2760
                0x00000641        0x2 MENU/menu_items.o
 .progmem.data.__c.2758
                0x00000643        0xf MENU/menu_items.o
 .progmem.data.__c.2743
                0x00000652        0x3 MENU/menu_items.o
 .progmem.data.__c.2741
                0x00000655        0x3 MENU/menu_items.o
 .progmem.data.__c.2739
                0x00000658        0xc MENU/menu_items.o
 .progmem.data.__c.2725
                0x00000664        0x3 MENU/menu_items.o
 .progmem.data.__c.2723
                0x00000667        0x3 MENU/menu_items.o
 .progmem.data.__c.2721
                0x0000066a       0x11 MENU/menu_items.o
 .progmem.data.__c.2707
                0x0000067b        0x4 MENU/menu_items.o
 .progmem.data.__c.2705
                0x0000067f        0x7 MENU/menu_items.o
 .progmem.data.__c.2703
                0x00000686       0x14 MENU/menu_items.o
 .progmem.data.__c.2689
                0x0000069a        0x3 MENU/menu_items.o
 .progmem.data.__c.2687
                0x0000069d        0x3 MENU/menu_items.o
 .progmem.data.__c.2685
                0x000006a0       0x12 MENU/menu_items.o
 .progmem.data.__c.2671
                0x000006b2        0x3 MENU/menu_items.o
 .progmem.data.__c.2669
                0x000006b5        0x3 MENU/menu_items.o
 .progmem.data.__c.2667
                0x000006b8       0x15 MENU/menu_items.o
 .progmem.data.__c.2653
                0x000006cd        0x3 MENU/menu_items.o
 .progmem.data.__c.2651
                0x000006d0        0x3 MENU/menu_items.o
 .progmem.data.__c.2649
                0x000006d3       0x13 MENU/menu_items.o
 .progmem.data.__c.2633
                0x000006e6       0x12 MENU/menu_items.o
 .progmem.data.__c.2619
                0x000006f8       0x12 MENU/menu_items.o
 .progmem.data.__c.2604
                0x0000070a        0xf MENU/menu_items.o
 .progmem.data.__c.2598
                0x00000719        0x3 MENU/menu_items.o
 .progmem.data.__c.2596
                0x0000071c        0x2 MENU/menu_items.o
 .progmem.data.__c.2593
                0x0000071e        0x3 MENU/menu_items.o
 .progmem.data.__c.2591
                0x00000721        0x2 MENU/menu_items.o
 .progmem.data.__c.2589
                0x00000723        0xf MENU/menu_items.o
 .progmem.data.__c.2573
                0x00000732       0x12 MENU/menu_items.o
 .progmem.data.__c.2559
                0x00000744        0xf MENU/menu_items.o
 .progmem.data.__c.2544
                0x00000753        0xe MENU/menu_items.o
 .progmem.data.__c.2538
                0x00000761        0x3 MENU/menu_items.o
 .progmem.data.__c.2536
                0x00000764        0x2 MENU/menu_items.o
 .progmem.data.__c.2533
                0x00000766        0x3 MENU/menu_items.o
 .progmem.data.__c.2531
                0x00000769        0x2 MENU/menu_items.o
 .progmem.data.__c.2529
                0x0000076b        0xf MENU/menu_items.o
 .progmem.data.__c.2512
                0x0000077a        0x8 MENU/menu_items.o
 .progmem.data.__c.2497
                0x00000782        0x8 MENU/menu_items.o
 .progmem.data.__c.2482
                0x0000078a        0xf MENU/menu_items.o
 .progmem.data.__c.2468
                0x00000799        0xc MENU/menu_items.o
 .progmem.data.__c.2453
                0x000007a5        0xf MENU/menu_items.o
 .progmem.data.__c.2447
                0x000007b4        0x3 MENU/menu_items.o
 .progmem.data.__c.2445
                0x000007b7        0x2 MENU/menu_items.o
 .progmem.data.__c.2442
                0x000007b9        0x3 MENU/menu_items.o
 .progmem.data.__c.2440
                0x000007bc        0x2 MENU/menu_items.o
 .progmem.data.__c.2438
                0x000007be        0xc MENU/menu_items.o
 .progmem.data.__c.2422
                0x000007ca        0xe MENU/menu_items.o
 .progmem.data.__c.2417
                0x000007d8        0xd MENU/menu_items.o
 .progmem.data.__c.2412
                0x000007e5        0xc MENU/menu_items.o
                0x000007f2                . = ALIGN (0x2)
 *fill*         0x000007f1        0x1 
 *(.jumptables)
 *(.jumptables*)
 *(.lowtext)
 *(.lowtext*)
                0x000007f2                __ctors_start = .
 *(.ctors)
                0x000007f2                __ctors_end = .
                0x000007f2                __dtors_start = .
 *(.dtors)
                0x000007f2                __dtors_end = .
 SORT(*)(.ctors)
 SORT(*)(.dtors)
 *(.init0)
 .init0         0x000007f2        0x0 C:/Program Files (x86)/Atmel/Studio/7.0/Packs/Atmel/ATmega_DFP/1.2.272/gcc/dev/atmega64a/avr5/crtatmega64a.o
                0x000007f2                __init
 *(.init0)
 *(.init1)
 *(.init1)
 *(.init2)
 .init2         0x000007f2        0xc C:/Program Files (x86)/Atmel/Studio/7.0/Packs/Atmel/ATmega_DFP/1.2.272/gcc/dev/atmega64a/avr5/crtatmega64a.o
 *(.init2)
 *(.init3)
 *(.init3)
 *(.init4)
 .init4         0x000007fe       0x16 c:/program files (x86)/atmel/studio/7.0/toolchain/avr8/avr8-gnu-toolchain/bin/../lib/gcc/avr/5.4.0/avr5\libgcc.a(_copy_data.o)
                0x000007fe                __do_copy_data
 .init4         0x00000814       0x10 c:/program files (x86)/atmel/studio/7.0/toolchain/avr8/avr8-gnu-toolchain/bin/../lib/gcc/avr/5.4.0/avr5\libgcc.a(_clear_bss.o)
                0x00000814                __do_clear_bss
 *(.init4)
 *(.init5)
 *(.init5)
 *(.init6)
 *(.init6)
 *(.init7)
 *(.init7)
 *(.init8)
 *(.init8)
 *(.init9)
 .init9         0x00000824        0x8 C:/Program Files (x86)/Atmel/Studio/7.0/Packs/Atmel/ATmega_DFP/1.2.272/gcc/dev/atmega64a/avr5/crtatmega64a.o
 *(.init9)
 *(.text)
 .text          0x0000082c        0x4 C:/Program Files (x86)/Atmel/Studio/7.0/Packs/Atmel/ATmega_DFP/1.2.272/gcc/dev/atmega64a/avr5/crtatmega64a.o
                0x0000082c                __vector_22
                0x0000082c                __vector_28
                0x0000082c                __vector_1
                0x0000082c                __vector_32
                0x0000082c                __vector_34
                0x0000082c                __vector_24
                0x0000082c                __bad_interrupt
                0x0000082c                __vector_6
                0x0000082c                __vector_3
                0x0000082c                __vector_23
                0x0000082c                __vector_25
                0x0000082c                __vector_11
                0x0000082c                __vector_13
                0x0000082c                __vector_17
                0x0000082c                __vector_7
                0x0000082c                __vector_27
                0x0000082c                __vector_5
                0x0000082c                __vector_33
                0x0000082c                __vector_4
                0x0000082c                __vector_9
                0x0000082c                __vector_2
                0x0000082c                __vector_21
                0x0000082c                __vector_15
                0x0000082c                __vector_29
                0x0000082c                __vector_8
                0x0000082c                __vector_26
                0x0000082c                __vector_14
                0x0000082c                __vector_10
                0x0000082c                __vector_16
                0x0000082c                __vector_20
                0x00000830                . = ALIGN (0x2)
 *(.text.*)
 .text.crc8     0x00000830       0x38 DS18B20/crc8.o
                0x00000830                crc8
 .text.DS18X20_meas_to_cel
                0x00000868       0x96 DS18B20/ds18x20.o
                0x00000868                DS18X20_meas_to_cel
 .text.DS18X20_find_sensor
                0x000008fe       0x32 DS18B20/ds18x20.o
                0x000008fe                DS18X20_find_sensor
 .text.DS18X20_start_meas
                0x00000930       0x38 DS18B20/ds18x20.o
                0x00000930                DS18X20_start_meas
 .text.DS18X20_read_meas
                0x00000968       0xba DS18B20/ds18x20.o
                0x00000968                DS18X20_read_meas
 .text.ow_input_pin_state
                0x00000a22       0x12 DS18B20/onewire.o
                0x00000a22                ow_input_pin_state
 .text.ow_parasite_enable
                0x00000a34       0x26 DS18B20/onewire.o
                0x00000a34                ow_parasite_enable
 .text.ow_reset
                0x00000a5a       0x92 DS18B20/onewire.o
                0x00000a5a                ow_reset
 .text.ow_set_bus
                0x00000aec       0x2c DS18B20/onewire.o
                0x00000aec                ow_set_bus
 .text.ow_bit_io
                0x00000b18       0x80 DS18B20/onewire.o
                0x00000b18                ow_bit_io
 .text.ow_byte_wr
                0x00000b98       0x22 DS18B20/onewire.o
                0x00000b98                ow_byte_wr
 .text.ow_byte_rd
                0x00000bba        0x8 DS18B20/onewire.o
                0x00000bba                ow_byte_rd
 .text.ow_rom_search
                0x00000bc2       0xb4 DS18B20/onewire.o
                0x00000bc2                ow_rom_search
 .text.ow_command
                0x00000c76       0x48 DS18B20/onewire.o
                0x00000c76                ow_command
 .text.StartHIHxxxxMeasurement
                0x00000cbe       0x14 HIHxxxx/HIHxxxx.o
                0x00000cbe                StartHIHxxxxMeasurement
 .text.ReadHIHxxxxMeasurement
                0x00000cd2       0xfa HIHxxxx/HIHxxxx.o
                0x00000cd2                ReadHIHxxxxMeasurement
 .text.i2c_init
                0x00000dcc        0x8 I2C/i2c_master.o
                0x00000dcc                i2c_init
 .text.i2c_start
                0x00000dd4       0x4a I2C/i2c_master.o
                0x00000dd4                i2c_start
 .text.i2c_write
                0x00000e1e       0x24 I2C/i2c_master.o
                0x00000e1e                i2c_write
 .text.i2c_read_ack
                0x00000e42       0x16 I2C/i2c_master.o
                0x00000e42                i2c_read_ack
 .text.i2c_read_nack
                0x00000e58       0x16 I2C/i2c_master.o
                0x00000e58                i2c_read_nack
 .text.i2c_receive
                0x00000e6e       0x6c I2C/i2c_master.o
                0x00000e6e                i2c_receive
 .text.i2c_stop
                0x00000eda        0x8 I2C/i2c_master.o
                0x00000eda                i2c_stop
 .text.toggle_e
                0x00000ee2        0xa LCD/lcd.o
 .text.lcd_write
                0x00000eec       0x5e LCD/lcd.o
 .text.lcd_read
                0x00000f4a       0x50 LCD/lcd.o
 .text.lcd_waitbusy
                0x00000f9a       0x1a LCD/lcd.o
 .text.lcd_command
                0x00000fb4       0x14 LCD/lcd.o
                0x00000fb4                lcd_command
 .text.lcd_data
                0x00000fc8       0x14 LCD/lcd.o
                0x00000fc8                lcd_data
 .text.lcd_gotoxy
                0x00000fdc       0x2c LCD/lcd.o
                0x00000fdc                lcd_gotoxy
 .text.lcd_clrscr
                0x00001008        0x8 LCD/lcd.o
                0x00001008                lcd_clrscr
 .text.lcd_putc
                0x00001010       0x40 LCD/lcd.o
                0x00001010                lcd_putc
 .text.lcd_puts_p
                0x00001050       0x24 LCD/lcd.o
                0x00001050                lcd_puts_p
 .text.lcd_init
                0x00001074       0x74 LCD/lcd.o
                0x00001074                lcd_init
 .text.lcd_defc
                0x000010e8       0x30 LCD/lcd.o
                0x000010e8                lcd_defc
 .text.lcd_putbit
                0x00001118       0x22 LCD/lcd.o
                0x00001118                lcd_putbit
 .text.lcd_putc_hu
                0x0000113a       0x40 LCD/lcd.o
                0x0000113a                lcd_putc_hu
 .text.lcd_puts
                0x0000117a       0x20 LCD/lcd.o
                0x0000117a                lcd_puts
 .text.lcd_puti
                0x0000119a       0x44 LCD/lcd.o
                0x0000119a                lcd_puti
 .text.lcd_puts_hu
                0x000011de       0x24 LCD/lcd.o
                0x000011de                lcd_puts_hu
 .text.GetCompensation
                0x00001202       0x5a main.o
                0x00001202                GetCompensation
 .text.__vector_12
                0x0000125c       0x26 main.o
                0x0000125c                __vector_12
 .text.TempToVariable
                0x00001282       0x96 main.o
                0x00001282                TempToVariable
 .text.search_sensors
                0x00001318       0xca main.o
                0x00001318                search_sensors
 .text.SensorRead
                0x000013e2      0xab0 main.o
                0x000013e2                SensorRead
 .text.SwitchRelays
                0x00001e92       0x14 main.o
                0x00001e92                SwitchRelays
 .text.CheckConditions
                0x00001ea6      0x4c0 main.o
                0x00001ea6                CheckConditions
 .text.read_from_eeprom
                0x00002366      0x196 main.o
                0x00002366                read_from_eeprom
 .text.main     0x000024fc      0x4e2 main.o
                0x000024fc                main
 .text.renderMenu
                0x000029de       0xd6 MENU/menu.o
 .text.menuReset
                0x00002ab4       0x1e MENU/menu.o
                0x00002ab4                menuReset
 .text.menuInit
                0x00002ad2        0xa MENU/menu.o
                0x00002ad2                menuInit
 .text.menuPollButtons
                0x00002adc      0x2f6 MENU/menu.o
                0x00002adc                menuPollButtons
 .text.Simple_Callback
                0x00002dd2       0x10 MENU/menu_items.o
                0x00002dd2                Simple_Callback
 .text.Mode_CallbackRender
                0x00002de2       0x42 MENU/menu_items.o
                0x00002de2                Mode_CallbackRender
 .text.ClockDayName_CallbackRender
                0x00002e24       0x74 MENU/menu_items.o
                0x00002e24                ClockDayName_CallbackRender
 .text.ClockDayName_ActionCallback
                0x00002e98       0x4a MENU/menu_items.o
                0x00002e98                ClockDayName_ActionCallback
 .text.HIHxxxxTemp_CallbackRender
                0x00002ee2       0x1e MENU/menu_items.o
                0x00002ee2                HIHxxxxTemp_CallbackRender
 .text.HIHxxxxHumidity_CallbackRender
                0x00002f00       0x1e MENU/menu_items.o
                0x00002f00                HIHxxxxHumidity_CallbackRender
 .text.SwitchOnOutdoorTempMin_CallbackRender
                0x00002f1e       0x4e MENU/menu_items.o
                0x00002f1e                SwitchOnOutdoorTempMin_CallbackRender
 .text.DHWTempDesired_CallbackRender
                0x00002f6c       0x48 MENU/menu_items.o
                0x00002f6c                DHWTempDesired_CallbackRender
 .text.DHWTempMin_CallbackRender
                0x00002fb4       0x48 MENU/menu_items.o
                0x00002fb4                DHWTempMin_CallbackRender
 .text.DHWSensor_CallbackRender
                0x00002ffc       0x48 MENU/menu_items.o
                0x00002ffc                DHWSensor_CallbackRender
 .text.DHWMinTime_CallbackRender
                0x00003044       0x4e MENU/menu_items.o
                0x00003044                DHWMinTime_CallbackRender
 .text.DHWMaxTime_CallbackRender
                0x00003092       0x4e MENU/menu_items.o
                0x00003092                DHWMaxTime_CallbackRender
 .text.ForwardHeatTemp_CallbackRender
                0x000030e0       0x48 MENU/menu_items.o
                0x000030e0                ForwardHeatTemp_CallbackRender
 .text.BufferMaxTemp_CallbackRender
                0x00003128       0x48 MENU/menu_items.o
                0x00003128                BufferMaxTemp_CallbackRender
 .text.BufferSensor_CallbackRender
                0x00003170       0x48 MENU/menu_items.o
                0x00003170                BufferSensor_CallbackRender
 .text.EngineeringTempMin_CallbackRender
                0x000031b8       0x48 MENU/menu_items.o
                0x000031b8                EngineeringTempMin_CallbackRender
 .text.EngineeringTempDesired_CallbackRender
                0x00003200       0x54 MENU/menu_items.o
                0x00003200                EngineeringTempDesired_CallbackRender
 .text.EngineeringSensor_CallbackRender
                0x00003254       0x48 MENU/menu_items.o
                0x00003254                EngineeringSensor_CallbackRender
 .text.GarageSensor_CallbackRender
                0x0000329c       0x48 MENU/menu_items.o
                0x0000329c                GarageSensor_CallbackRender
 .text.LivingRoomSensor_CallbackRender
                0x000032e4       0x48 MENU/menu_items.o
                0x000032e4                LivingRoomSensor_CallbackRender
 .text.FloorSensor_CallbackRender
                0x0000332c       0x48 MENU/menu_items.o
                0x0000332c                FloorSensor_CallbackRender
 .text.GasForwardSensor_CallbackRender
                0x00003374       0x48 MENU/menu_items.o
                0x00003374                GasForwardSensor_CallbackRender
 .text.GasReturnSensor_CallbackRender
                0x000033bc       0x48 MENU/menu_items.o
                0x000033bc                GasReturnSensor_CallbackRender
 .text.ForwardSensor_CallbackRender
                0x00003404       0x48 MENU/menu_items.o
                0x00003404                ForwardSensor_CallbackRender
 .text.ReturnSensor_CallbackRender
                0x0000344c       0x48 MENU/menu_items.o
                0x0000344c                ReturnSensor_CallbackRender
 .text.MixedSensor_CallbackRender
                0x00003494       0x48 MENU/menu_items.o
                0x00003494                MixedSensor_CallbackRender
 .text.MenuTimer_CallbackRender
                0x000034dc       0x40 MENU/menu_items.o
                0x000034dc                MenuTimer_CallbackRender
 .text.LCDBackLight_CallbackRender
                0x0000351c       0x48 MENU/menu_items.o
                0x0000351c                LCDBackLight_CallbackRender
 .text.PumpPlusTime_CallbackRender
                0x00003564       0x4a MENU/menu_items.o
                0x00003564                PumpPlusTime_CallbackRender
 .text.GasForwardHeatTemp_CallbackRender
                0x000035ae       0x48 MENU/menu_items.o
                0x000035ae                GasForwardHeatTemp_CallbackRender
 .text.ClockHour_CallbackRender
                0x000035f6       0x46 MENU/menu_items.o
                0x000035f6                ClockHour_CallbackRender
 .text.ClockHour_ActionCallback
                0x0000363c       0x56 MENU/menu_items.o
                0x0000363c                ClockHour_ActionCallback
 .text.ClockYear_CallbackRender
                0x00003692       0x4e MENU/menu_items.o
                0x00003692                ClockYear_CallbackRender
 .text.ClockYear_ActionCallback
                0x000036e0       0x44 MENU/menu_items.o
                0x000036e0                ClockYear_ActionCallback
 .text.ClockMonth_CallbackRender
                0x00003724       0x46 MENU/menu_items.o
                0x00003724                ClockMonth_CallbackRender
 .text.ClockMonth_ActionCallback
                0x0000376a       0x4a MENU/menu_items.o
                0x0000376a                ClockMonth_ActionCallback
 .text.ClockDay_CallbackRender
                0x000037b4       0x46 MENU/menu_items.o
                0x000037b4                ClockDay_CallbackRender
 .text.ClockDay_ActionCallback
                0x000037fa       0x4a MENU/menu_items.o
                0x000037fa                ClockDay_ActionCallback
 .text.ComfortTemp_CallbackRender
                0x00003844       0x4e MENU/menu_items.o
                0x00003844                ComfortTemp_CallbackRender
 .text.ComfortForwardTemp_CallbackRender
                0x00003892       0x4c MENU/menu_items.o
                0x00003892                ComfortForwardTemp_CallbackRender
 .text.ComfortMinTime_CallbackRender
                0x000038de       0x4e MENU/menu_items.o
                0x000038de                ComfortMinTime_CallbackRender
 .text.ComfortMaxTime_CallbackRender
                0x0000392c       0x4e MENU/menu_items.o
                0x0000392c                ComfortMaxTime_CallbackRender
 .text.Restarts_CallbackRender
                0x0000397a       0x50 MENU/menu_items.o
                0x0000397a                Restarts_CallbackRender
 .text.SwitchOnOutdoorTempMin_ActionCallback
                0x000039ca       0x8a MENU/menu_items.o
                0x000039ca                SwitchOnOutdoorTempMin_ActionCallback
 .text.DHWMinTime_ActionCallback
                0x00003a54       0x86 MENU/menu_items.o
                0x00003a54                DHWMinTime_ActionCallback
 .text.DHWMaxTime_ActionCallback
                0x00003ada       0x86 MENU/menu_items.o
                0x00003ada                DHWMaxTime_ActionCallback
 .text.PumpPlusTime_ActionCallback
                0x00003b60       0x5e MENU/menu_items.o
                0x00003b60                PumpPlusTime_ActionCallback
 .text.ComfortTemp_ActionCallback
                0x00003bbe       0x8a MENU/menu_items.o
                0x00003bbe                ComfortTemp_ActionCallback
 .text.ComfortMinTime_ActionCallback
                0x00003c48       0x86 MENU/menu_items.o
                0x00003c48                ComfortMinTime_ActionCallback
 .text.ComfortMaxTime_ActionCallback
                0x00003cce       0x86 MENU/menu_items.o
                0x00003cce                ComfortMaxTime_ActionCallback
 .text.Restarts_ActionCallback
                0x00003d54       0x2c MENU/menu_items.o
                0x00003d54                Restarts_ActionCallback
 .text.DHWTempActual_CallbackRender
                0x00003d80       0xb2 MENU/menu_items.o
                0x00003d80                DHWTempActual_CallbackRender
 .text.BufferTempActual_CallbackRender
                0x00003e32       0xb2 MENU/menu_items.o
                0x00003e32                BufferTempActual_CallbackRender
 .text.EngineeringTempActual_CallbackRender
                0x00003ee4       0xb2 MENU/menu_items.o
                0x00003ee4                EngineeringTempActual_CallbackRender
 .text.DHWRelay_CallbackRender
                0x00003f96       0x30 MENU/menu_items.o
                0x00003f96                DHWRelay_CallbackRender
 .text.ZoneValve1_CallbackRender
                0x00003fc6       0x30 MENU/menu_items.o
                0x00003fc6                ZoneValve1_CallbackRender
 .text.ZoneValve2_CallbackRender
                0x00003ff6       0x30 MENU/menu_items.o
                0x00003ff6                ZoneValve2_CallbackRender
 .text.BufferValve_CallbackRender
                0x00004026       0x30 MENU/menu_items.o
                0x00004026                BufferValve_CallbackRender
 .text.BufferPump_CallbackRender
                0x00004056       0x30 MENU/menu_items.o
                0x00004056                BufferPump_CallbackRender
 .text.GasRelay_CallbackRender
                0x00004086       0x30 MENU/menu_items.o
                0x00004086                GasRelay_CallbackRender
 .text.GarageTemp_CallbackRender
                0x000040b6       0xb2 MENU/menu_items.o
                0x000040b6                GarageTemp_CallbackRender
 .text.LivingRoomTemp_CallbackRender
                0x00004168       0xaa MENU/menu_items.o
                0x00004168                LivingRoomTemp_CallbackRender
 .text.FloorTemp_CallbackRender
                0x00004212       0xb2 MENU/menu_items.o
                0x00004212                FloorTemp_CallbackRender
 .text.GasForwardTemp_CallbackRender
                0x000042c4       0x36 MENU/menu_items.o
                0x000042c4                GasForwardTemp_CallbackRender
 .text.GasReturnTemp_CallbackRender
                0x000042fa       0x36 MENU/menu_items.o
                0x000042fa                GasReturnTemp_CallbackRender
 .text.ForwardTemp_CallbackRender
                0x00004330       0x36 MENU/menu_items.o
                0x00004330                ForwardTemp_CallbackRender
 .text.ReturnTemp_CallbackRender
                0x00004366       0x36 MENU/menu_items.o
                0x00004366                ReturnTemp_CallbackRender
 .text.MixedTemp_CallbackRender
                0x0000439c       0x36 MENU/menu_items.o
                0x0000439c                MixedTemp_CallbackRender
 .text.ClockMinute_CallbackRender
                0x000043d2       0x46 MENU/menu_items.o
                0x000043d2                ClockMinute_CallbackRender
 .text.ClockMinute_ActionCallback
                0x00004418       0x56 MENU/menu_items.o
                0x00004418                ClockMinute_ActionCallback
 .text.ComfortMode_CallbackRender
                0x0000446e       0x30 MENU/menu_items.o
                0x0000446e                ComfortMode_CallbackRender
 .text.DHWTempDesired_ActionCallback
                0x0000449e       0x56 MENU/menu_items.o
                0x0000449e                DHWTempDesired_ActionCallback
 .text.DHWTempMin_ActionCallback
                0x000044f4       0x56 MENU/menu_items.o
                0x000044f4                DHWTempMin_ActionCallback
 .text.DHWSensor_ActionCallback
                0x0000454a       0x64 MENU/menu_items.o
                0x0000454a                DHWSensor_ActionCallback
 .text.ForwardHeatTemp_ActionCallback
                0x000045ae       0x52 MENU/menu_items.o
                0x000045ae                ForwardHeatTemp_ActionCallback
 .text.BufferMaxTemp_ActionCallback
                0x00004600       0x52 MENU/menu_items.o
                0x00004600                BufferMaxTemp_ActionCallback
 .text.BufferSensor_ActionCallback
                0x00004652       0x64 MENU/menu_items.o
                0x00004652                BufferSensor_ActionCallback
 .text.EngineeringTempMin_ActionCallback
                0x000046b6       0x56 MENU/menu_items.o
                0x000046b6                EngineeringTempMin_ActionCallback
 .text.EngineeringTempDesired_ActionCallback
                0x0000470c       0x56 MENU/menu_items.o
                0x0000470c                EngineeringTempDesired_ActionCallback
 .text.EngineeringSensor_ActionCallback
                0x00004762       0x64 MENU/menu_items.o
                0x00004762                EngineeringSensor_ActionCallback
 .text.GarageSensor_ActionCallback
                0x000047c6       0x64 MENU/menu_items.o
                0x000047c6                GarageSensor_ActionCallback
 .text.LivingRoomSensor_ActionCallback
                0x0000482a       0x64 MENU/menu_items.o
                0x0000482a                LivingRoomSensor_ActionCallback
 .text.FloorSensor_ActionCallback
                0x0000488e       0x64 MENU/menu_items.o
                0x0000488e                FloorSensor_ActionCallback
 .text.GasForwardSensor_ActionCallback
                0x000048f2       0x64 MENU/menu_items.o
                0x000048f2                GasForwardSensor_ActionCallback
 .text.GasReturnSensor_ActionCallback
                0x00004956       0x64 MENU/menu_items.o
                0x00004956                GasReturnSensor_ActionCallback
 .text.ForwardSensor_ActionCallback
                0x000049ba       0x64 MENU/menu_items.o
                0x000049ba                ForwardSensor_ActionCallback
 .text.ReturnSensor_ActionCallback
                0x00004a1e       0x64 MENU/menu_items.o
                0x00004a1e                ReturnSensor_ActionCallback
 .text.MixedSensor_ActionCallback
                0x00004a82       0x64 MENU/menu_items.o
                0x00004a82                MixedSensor_ActionCallback
 .text.Mode_ActionCallback
                0x00004ae6       0x5e MENU/menu_items.o
                0x00004ae6                Mode_ActionCallback
 .text.MenuTimer_ActionCallback
                0x00004b44       0x4a MENU/menu_items.o
                0x00004b44                MenuTimer_ActionCallback
 .text.LCDBackLight_ActionCallback
                0x00004b8e       0x5c MENU/menu_items.o
                0x00004b8e                LCDBackLight_ActionCallback
 .text.GasForwardHeatTemp_ActionCallback
                0x00004bea       0x4a MENU/menu_items.o
                0x00004bea                GasForwardHeatTemp_ActionCallback
 .text.ComfortMode_ActionCallback
                0x00004c34       0x3c MENU/menu_items.o
                0x00004c34                ComfortMode_ActionCallback
 .text.ComfortForwardTemp_ActionCallback
                0x00004c70       0x5c MENU/menu_items.o
                0x00004c70                ComfortForwardTemp_ActionCallback
 .text.DHWRelay_ActionCallback
                0x00004ccc       0x32 MENU/menu_items.o
                0x00004ccc                DHWRelay_ActionCallback
 .text.ZoneValve1_ActionCallback
                0x00004cfe       0x30 MENU/menu_items.o
                0x00004cfe                ZoneValve1_ActionCallback
 .text.ZoneValve2_ActionCallback
                0x00004d2e       0x32 MENU/menu_items.o
                0x00004d2e                ZoneValve2_ActionCallback
 .text.BufferValve_ActionCallback
                0x00004d60       0x32 MENU/menu_items.o
                0x00004d60                BufferValve_ActionCallback
 .text.BufferPump_ActionCallback
                0x00004d92       0x32 MENU/menu_items.o
                0x00004d92                BufferPump_ActionCallback
 .text.GasRelay_ActionCallback
                0x00004dc4       0x32 MENU/menu_items.o
                0x00004dc4                GasRelay_ActionCallback
 .text.menuItemsGetHomeMenu
                0x00004df6        0x6 MENU/menu_items.o
                0x00004df6                menuItemsGetHomeMenu
 .text.menuItemsGetHomeMenuSize
                0x00004dfc        0x4 MENU/menu_items.o
                0x00004dfc                menuItemsGetHomeMenuSize
 .text.menuPortsioInit
                0x00004e00        0xe MENU/menu_portsio.o
                0x00004e00                menuPortsioInit
 .text.SPIInit  0x00004e0e       0x1e SPI/spi.o
                0x00004e0e                SPIInit
 .text.SPIClose
                0x00004e2c        0xa SPI/spi.o
                0x00004e2c                SPIClose
 .text.SPIWrite
                0x00004e36       0x2c SPI/spi.o
                0x00004e36                SPIWrite
 .text.__vector_18
                0x00004e62       0x58 UART/UART.o
                0x00004e62                __vector_18
 .text.__vector_19
                0x00004eba       0x4a UART/UART.o
                0x00004eba                __vector_19
 .text.uart_init
                0x00004f04       0x2c UART/UART.o
                0x00004f04                uart_init
 .text.uart_getc
                0x00004f30       0x3c UART/UART.o
                0x00004f30                uart_getc
 .text.uart_putc
                0x00004f6c       0x22 UART/UART.o
                0x00004f6c                uart_putc
 .text.uart_puts
                0x00004f8e       0x1e UART/UART.o
                0x00004f8e                uart_puts
 .text.uart_puts_p
                0x00004fac       0x24 UART/UART.o
                0x00004fac                uart_puts_p
 .text.__vector_30
                0x00004fd0       0x5c UART/UART.o
                0x00004fd0                __vector_30
 .text.__vector_31
                0x0000502c       0x54 UART/UART.o
                0x0000502c                __vector_31
 .text.uart_puthex_nibble
                0x00005080       0x12 UART/UART.o
                0x00005080                uart_puthex_nibble
 .text.uart_puthex_byte
                0x00005092       0x16 UART/UART.o
                0x00005092                uart_puthex_byte
 .text.uart_puti
                0x000050a8       0x36 UART/UART.o
                0x000050a8                uart_puti
 .text.ftoa     0x000050de      0x116 Utils/ftoa.o
                0x000050de                ftoa
 .text.avr-libc.fplib
                0x000051f4        0xe c:/program files (x86)/atmel/studio/7.0/toolchain/avr8/avr8-gnu-toolchain/bin/../lib/gcc/avr/5.4.0/../../../../avr/lib/avr5\libm.a(addsf3.o)
                0x000051f4                __subsf3
                0x000051f6                __addsf3
 .text.avr-libc.fplib
                0x00005202       0xcc c:/program files (x86)/atmel/studio/7.0/toolchain/avr8/avr8-gnu-toolchain/bin/../lib/gcc/avr/5.4.0/../../../../avr/lib/avr5\libm.a(addsf3x.o)
                0x00005224                __addsf3x
 .text.avr-libc.fplib
                0x000052ce        0xa c:/program files (x86)/atmel/studio/7.0/toolchain/avr8/avr8-gnu-toolchain/bin/../lib/gcc/avr/5.4.0/../../../../avr/lib/avr5\libm.a(cmpsf2.o)
                0x000052ce                __nesf2
                0x000052ce                __eqsf2
                0x000052ce                __cmpsf2
                0x000052ce                __ltsf2
                0x000052ce                __lesf2
 .text.avr-libc.fplib
                0x000052d8        0x8 c:/program files (x86)/atmel/studio/7.0/toolchain/avr8/avr8-gnu-toolchain/bin/../lib/gcc/avr/5.4.0/../../../../avr/lib/avr5\libm.a(divsf3.o)
                0x000052d8                __divsf3
 .text.avr-libc.fplib
                0x000052e0       0xdc c:/program files (x86)/atmel/studio/7.0/toolchain/avr8/avr8-gnu-toolchain/bin/../lib/gcc/avr/5.4.0/../../../../avr/lib/avr5\libm.a(divsf3x.o)
                0x00005300                __divsf3x
                0x00005306                __divsf3_pse
 .text.avr-libc.fplib
                0x000053bc        0xe c:/program files (x86)/atmel/studio/7.0/toolchain/avr8/avr8-gnu-toolchain/bin/../lib/gcc/avr/5.4.0/../../../../avr/lib/avr5\libm.a(fixsfsi.o)
                0x000053bc                __fixsfsi
 .text.avr-libc.fplib
                0x000053ca       0x5e c:/program files (x86)/atmel/studio/7.0/toolchain/avr8/avr8-gnu-toolchain/bin/../lib/gcc/avr/5.4.0/../../../../avr/lib/avr5\libm.a(fixunssfsi.o)
                0x000053ca                __fixunssfsi
 .text.avr-libc.fplib
                0x00005428       0x7a c:/program files (x86)/atmel/studio/7.0/toolchain/avr8/avr8-gnu-toolchain/bin/../lib/gcc/avr/5.4.0/../../../../avr/lib/avr5\libm.a(floatsisf.o)
                0x00005428                __floatunsisf
                0x0000542c                __floatsisf
 .text.avr-libc.fplib
                0x000054a2       0x48 c:/program files (x86)/atmel/studio/7.0/toolchain/avr8/avr8-gnu-toolchain/bin/../lib/gcc/avr/5.4.0/../../../../avr/lib/avr5\libm.a(fp_cmp.o)
                0x000054a2                __fp_cmp
 .text.avr-libc.fplib
                0x000054ea        0xc c:/program files (x86)/atmel/studio/7.0/toolchain/avr8/avr8-gnu-toolchain/bin/../lib/gcc/avr/5.4.0/../../../../avr/lib/avr5\libm.a(fp_inf.o)
                0x000054ea                __fp_inf
 .text.avr-libc.fplib
                0x000054f6        0x6 c:/program files (x86)/atmel/studio/7.0/toolchain/avr8/avr8-gnu-toolchain/bin/../lib/gcc/avr/5.4.0/../../../../avr/lib/avr5\libm.a(fp_nan.o)
                0x000054f6                __fp_nan
 .text.avr-libc.fplib
                0x000054fc        0xe c:/program files (x86)/atmel/studio/7.0/toolchain/avr8/avr8-gnu-toolchain/bin/../lib/gcc/avr/5.4.0/../../../../avr/lib/avr5\libm.a(fp_pscA.o)
                0x000054fc                __fp_pscA
 .text.avr-libc.fplib
                0x0000550a        0xe c:/program files (x86)/atmel/studio/7.0/toolchain/avr8/avr8-gnu-toolchain/bin/../lib/gcc/avr/5.4.0/../../../../avr/lib/avr5\libm.a(fp_pscB.o)
                0x0000550a                __fp_pscB
 .text.avr-libc.fplib
                0x00005518       0x22 c:/program files (x86)/atmel/studio/7.0/toolchain/avr8/avr8-gnu-toolchain/bin/../lib/gcc/avr/5.4.0/../../../../avr/lib/avr5\libm.a(fp_round.o)
                0x00005518                __fp_round
 .text.avr-libc.fplib
                0x0000553a       0x44 c:/program files (x86)/atmel/studio/7.0/toolchain/avr8/avr8-gnu-toolchain/bin/../lib/gcc/avr/5.4.0/../../../../avr/lib/avr5\libm.a(fp_split3.o)
                0x0000553a                __fp_split3
                0x0000554a                __fp_splitA
 .text.avr-libc.fplib
                0x0000557e        0xe c:/program files (x86)/atmel/studio/7.0/toolchain/avr8/avr8-gnu-toolchain/bin/../lib/gcc/avr/5.4.0/../../../../avr/lib/avr5\libm.a(fp_zero.o)
                0x0000557e                __fp_zero
                0x00005580                __fp_szero
 .text.avr-libc.fplib
                0x0000558c        0xa c:/program files (x86)/atmel/studio/7.0/toolchain/avr8/avr8-gnu-toolchain/bin/../lib/gcc/avr/5.4.0/../../../../avr/lib/avr5\libm.a(gesf2.o)
                0x0000558c                __gesf2
                0x0000558c                __gtsf2
 .text.avr-libc.fplib
                0x00005596        0x8 c:/program files (x86)/atmel/studio/7.0/toolchain/avr8/avr8-gnu-toolchain/bin/../lib/gcc/avr/5.4.0/../../../../avr/lib/avr5\libm.a(mulsf3.o)
                0x00005596                __mulsf3
 .text.avr-libc.fplib
                0x0000559e       0xd2 c:/program files (x86)/atmel/studio/7.0/toolchain/avr8/avr8-gnu-toolchain/bin/../lib/gcc/avr/5.4.0/../../../../avr/lib/avr5\libm.a(mulsf3x.o)
                0x000055bc                __mulsf3x
                0x000055c2                __mulsf3_pse
 .text.libgcc   0x00005670        0xc c:/program files (x86)/atmel/studio/7.0/toolchain/avr8/avr8-gnu-toolchain/bin/../lib/gcc/avr/5.4.0/avr5\libgcc.a(_tablejump2.o)
                0x00005670                __tablejump2__
 .text.avr-libc
                0x0000567c       0x3c c:/program files (x86)/atmel/studio/7.0/toolchain/avr8/avr8-gnu-toolchain/bin/../lib/gcc/avr/5.4.0/../../../../avr/lib/avr5\libc.a(atoi.o)
                0x0000567c                atoi
 .text.avr-libc
                0x000056b8        0xe c:/program files (x86)/atmel/studio/7.0/toolchain/avr8/avr8-gnu-toolchain/bin/../lib/gcc/avr/5.4.0/../../../../avr/lib/avr5\libc.a(strcpy_P.o)
                0x000056b8                strcpy_P
 .text.avr-libc
                0x000056c6       0x16 c:/program files (x86)/atmel/studio/7.0/toolchain/avr8/avr8-gnu-toolchain/bin/../lib/gcc/avr/5.4.0/../../../../avr/lib/avr5\libc.a(strchr.o)
                0x000056c6                strchr
 .text.avr-libc
                0x000056dc        0xe c:/program files (x86)/atmel/studio/7.0/toolchain/avr8/avr8-gnu-toolchain/bin/../lib/gcc/avr/5.4.0/../../../../avr/lib/avr5\libc.a(strcpy.o)
                0x000056dc                strcpy
 .text.avr-libc
                0x000056ea       0x28 c:/program files (x86)/atmel/studio/7.0/toolchain/avr8/avr8-gnu-toolchain/bin/../lib/gcc/avr/5.4.0/../../../../avr/lib/avr5\libc.a(strlcpy.o)
                0x000056ea                strlcpy
 .text.avr-libc
                0x00005712       0x16 c:/program files (x86)/atmel/studio/7.0/toolchain/avr8/avr8-gnu-toolchain/bin/../lib/gcc/avr/5.4.0/../../../../avr/lib/avr5\libc.a(itoa_ncheck.o)
                0x00005712                __itoa_ncheck
 .text.avr-libc
                0x00005728       0x1e c:/program files (x86)/atmel/studio/7.0/toolchain/avr8/avr8-gnu-toolchain/bin/../lib/gcc/avr/5.4.0/../../../../avr/lib/avr5\libc.a(ltoa_ncheck.o)
                0x00005728                __ltoa_ncheck
 .text.avr-libc
                0x00005746       0x10 c:/program files (x86)/atmel/studio/7.0/toolchain/avr8/avr8-gnu-toolchain/bin/../lib/gcc/avr/5.4.0/../../../../avr/lib/avr5\libc.a(mul10.o)
                0x00005746                __mulhi_const_10
 .text.avr-libc
                0x00005756       0x44 c:/program files (x86)/atmel/studio/7.0/toolchain/avr8/avr8-gnu-toolchain/bin/../lib/gcc/avr/5.4.0/../../../../avr/lib/avr5\libc.a(ultoa_ncheck.o)
                0x00005756                __ultoa_ncheck
                0x00005758                __ultoa_common
 .text.avr-libc
                0x0000579a       0x34 c:/program files (x86)/atmel/studio/7.0/toolchain/avr8/avr8-gnu-toolchain/bin/../lib/gcc/avr/5.4.0/../../../../avr/lib/avr5\libc.a(utoa_ncheck.o)
                0x0000579a                __utoa_ncheck
                0x0000579c                __utoa_common
 .text.avr-libc
                0x000057ce      0x3c2 c:/program files (x86)/atmel/studio/7.0/toolchain/avr8/avr8-gnu-toolchain/bin/../lib/gcc/avr/5.4.0/../../../../avr/lib/avr5\libc.a(vfprintf_std.o)
                0x000057ce                vfprintf
 .text.avr-libc
                0x00005b90       0x16 c:/program files (x86)/atmel/studio/7.0/toolchain/avr8/avr8-gnu-toolchain/bin/../lib/gcc/avr/5.4.0/../../../../avr/lib/avr5\libc.a(strnlen_P.o)
                0x00005b90                strnlen_P
 .text.avr-libc
                0x00005ba6       0x16 c:/program files (x86)/atmel/studio/7.0/toolchain/avr8/avr8-gnu-toolchain/bin/../lib/gcc/avr/5.4.0/../../../../avr/lib/avr5\libc.a(strnlen.o)
                0x00005ba6                strnlen
 .text.avr-libc
                0x00005bbc       0x20 c:/program files (x86)/atmel/studio/7.0/toolchain/avr8/avr8-gnu-toolchain/bin/../lib/gcc/avr/5.4.0/../../../../avr/lib/avr5\libc.a(strrev.o)
                0x00005bbc                strrev
 .text.avr-libc
                0x00005bdc       0x78 c:/program files (x86)/atmel/studio/7.0/toolchain/avr8/avr8-gnu-toolchain/bin/../lib/gcc/avr/5.4.0/../../../../avr/lib/avr5\libc.a(fputc.o)
                0x00005bdc                fputc
 .text.avr-libc
                0x00005c54       0xbc c:/program files (x86)/atmel/studio/7.0/toolchain/avr8/avr8-gnu-toolchain/bin/../lib/gcc/avr/5.4.0/../../../../avr/lib/avr5\libc.a(ultoa_invert.o)
                0x00005c54                __ultoa_invert
 .text.avr-libc
                0x00005d10       0x10 C:/Program Files (x86)/Atmel/Studio/7.0/Packs/Atmel/ATmega_DFP/1.2.272/gcc/dev/atmega64a/avr5\libatmega64a.a(eerd_byte.o)
                0x00005d10                eeprom_read_byte
 .text.avr-libc
                0x00005d20        0xc C:/Program Files (x86)/Atmel/Studio/7.0/Packs/Atmel/ATmega_DFP/1.2.272/gcc/dev/atmega64a/avr5\libatmega64a.a(eerd_word.o)
                0x00005d20                eeprom_read_word
 .text.avr-libc
                0x00005d2c       0x22 C:/Program Files (x86)/Atmel/Studio/7.0/Packs/Atmel/ATmega_DFP/1.2.272/gcc/dev/atmega64a/avr5\libatmega64a.a(eeupd_byte.o)
                0x00005d2c                eeprom_update_byte
                0x00005d2e                eeprom_update_r18
 .text.avr-libc
                0x00005d4e        0xc C:/Program Files (x86)/Atmel/Studio/7.0/Packs/Atmel/ATmega_DFP/1.2.272/gcc/dev/atmega64a/avr5\libatmega64a.a(eeupd_word.o)
                0x00005d4e                eeprom_update_word
 .text.avr-libc
                0x00005d5a       0x20 C:/Program Files (x86)/Atmel/Studio/7.0/Packs/Atmel/ATmega_DFP/1.2.272/gcc/dev/atmega64a/avr5\libatmega64a.a(eerd_block.o)
                0x00005d5a                eeprom_read_block
                0x00005d5e                eeprom_read_blraw
 .text.libgcc.prologue
                0x00005d7a       0x38 c:/program files (x86)/atmel/studio/7.0/toolchain/avr8/avr8-gnu-toolchain/bin/../lib/gcc/avr/5.4.0/avr5\libgcc.a(_prologue.o)
                0x00005d7a                __prologue_saves__
 .text.libgcc.prologue
                0x00005db2       0x36 c:/program files (x86)/atmel/studio/7.0/toolchain/avr8/avr8-gnu-toolchain/bin/../lib/gcc/avr/5.4.0/avr5\libgcc.a(_epilogue.o)
                0x00005db2                __epilogue_restores__
                0x00005de8                . = ALIGN (0x2)
 *(.fini9)
 .fini9         0x00005de8        0x0 c:/program files (x86)/atmel/studio/7.0/toolchain/avr8/avr8-gnu-toolchain/bin/../lib/gcc/avr/5.4.0/avr5\libgcc.a(_exit.o)
                0x00005de8                _exit
                0x00005de8                exit
 *(.fini9)
 *(.fini8)
 *(.fini8)
 *(.fini7)
 *(.fini7)
 *(.fini6)
 *(.fini6)
 *(.fini5)
 *(.fini5)
 *(.fini4)
 *(.fini4)
 *(.fini3)
 *(.fini3)
 *(.fini2)
 *(.fini2)
 *(.fini1)
 *(.fini1)
 *(.fini0)
 .fini0         0x00005de8        0x4 c:/program files (x86)/atmel/studio/7.0/toolchain/avr8/avr8-gnu-toolchain/bin/../lib/gcc/avr/5.4.0/avr5\libgcc.a(_exit.o)
 *(.fini0)
                0x00005dec                _etext = .

.data           0x00800100      0x602 load address 0x00005dec
                0x00800100                PROVIDE (__data_start, .)
 *(.data)
 *(.data*)
 .data.display.2912
                0x00800100        0x1 main.o
 .data.DayName  0x00800101        0x1 main.o
                0x00800101                DayName
 .data.Day      0x00800102        0x1 main.o
                0x00800102                Day
 .data.Month    0x00800103        0x1 main.o
                0x00800103                Month
 .data.Year     0x00800104        0x2 main.o
                0x00800104                Year
 .data.LivingRoomSensorID
                0x00800106        0x1 main.o
                0x00800106                LivingRoomSensorID
 .data.GasForwardHeatTemp
                0x00800107        0x1 main.o
                0x00800107                GasForwardHeatTemp
 .data.BufferMaxTemp
                0x00800108        0x1 main.o
                0x00800108                BufferMaxTemp
 .data.ForwardHeatTemp
                0x00800109        0x1 main.o
                0x00800109                ForwardHeatTemp
 .data.ComfortMinTime
                0x0080010a        0x2 main.o
                0x0080010a                ComfortMinTime
 .data.ComfortMaxTime
                0x0080010c        0x2 main.o
                0x0080010c                ComfortMaxTime
 .data.ComfortForwardTemp
                0x0080010e        0x1 main.o
                0x0080010e                ComfortForwardTemp
 .data.ComfortTemp
                0x0080010f        0x2 main.o
                0x0080010f                ComfortTemp
 .data.PumpPlusTime
                0x00800111        0x2 main.o
                0x00800111                PumpPlusTime
 .data.MenuTimer
                0x00800113        0x1 main.o
                0x00800113                MenuTimer
 .data.menu_buttons
                0x00800114       0x14 MENU/menu.o
 .data.current_state
                0x00800128        0x2 MENU/menu.o
 .data.menu_states
                0x0080012a       0x23 MENU/menu.o
 .data.home_items
                0x0080014d       0x3f MENU/menu_items.o
 .data.SYSPARAM_submenu
                0x0080018c       0x48 MENU/menu_items.o
 .data.COMFORT_submenu
                0x008001d4       0x2d MENU/menu_items.o
 .data.CLOCK_submenu
                0x00800201       0x36 MENU/menu_items.o
 .data.SENSORS_submenu
                0x00800237       0x90 MENU/menu_items.o
 .data.RELAYS_submenu
                0x008002c7       0x36 MENU/menu_items.o
 .data.ENGINEERING_submenu
                0x008002fd       0x24 MENU/menu_items.o
 .data.BUFFER_submenu
                0x00800321       0x24 MENU/menu_items.o
 .data.DHW_submenu
                0x00800345       0x2d MENU/menu_items.o
 .data.DHWHOURS_submenu
                0x00800372       0x12 MENU/menu_items.o
 .data.HIHxxxx_submenu
                0x00800384       0x1b MENU/menu_items.o
 *(.gnu.linkonce.d*)
 *(.rodata)
 .rodata        0x0080039f       0x24 Utils/ftoa.o
 *(.rodata*)
 .rodata.str1.1
                0x008003c3       0x14 main.o
 .rodata.str1.1
                0x008003d7      0x32b MENU/menu_items.o
                                0x32f (size before relaxing)
 *(.gnu.linkonce.r*)
                0x00800702                . = ALIGN (0x2)
                0x00800702                _edata = .
                0x00800702                PROVIDE (__data_end, .)

.bss            0x00800702      0x1bb
                0x00800702                PROVIDE (__bss_start, .)
 *(.bss)
 *(.bss*)
 .bss.pumpplustime.3118
                0x00800702        0x2 main.o
 .bss.web.2915  0x00800704        0x1 main.o
 .bss.timerstate.2913
                0x00800705        0x1 main.o
 .bss.PumpRunner
                0x00800706        0x1 main.o
                0x00800706                PumpRunner
 .bss.isInitialized
                0x00800707        0x1 main.o
                0x00800707                isInitialized
 .bss.ClockInitialized
                0x00800708        0x1 main.o
                0x00800708                ClockInitialized
 .bss.Seconds   0x00800709        0x1 main.o
                0x00800709                Seconds
 .bss.Minute    0x0080070a        0x1 main.o
                0x0080070a                Minute
 .bss.Hour      0x0080070b        0x1 main.o
                0x0080070b                Hour
 .bss.Relays    0x0080070c        0x1 main.o
                0x0080070c                Relays
 .bss.Restarts  0x0080070d        0x2 main.o
                0x0080070d                Restarts
 .bss.ComfortMode
                0x0080070f        0x1 main.o
                0x0080070f                ComfortMode
 .bss.LCDBackLight
                0x00800710        0x1 main.o
                0x00800710                LCDBackLight
 .bss.Mode      0x00800711        0x1 main.o
                0x00800711                Mode
 .bss.TimerElapsed
                0x00800712        0x1 main.o
                0x00800712                TimerElapsed
 .bss.UART1_LastRxError
                0x00800713        0x1 UART/UART.o
 .bss.UART1_RxTail
                0x00800714        0x1 UART/UART.o
 .bss.UART1_RxHead
                0x00800715        0x1 UART/UART.o
 .bss.UART1_TxTail
                0x00800716        0x1 UART/UART.o
 .bss.UART1_TxHead
                0x00800717        0x1 UART/UART.o
 .bss.UART1_RxBuf
                0x00800718       0x20 UART/UART.o
 .bss.UART1_TxBuf
                0x00800738       0x20 UART/UART.o
 .bss.UART_LastRxError
                0x00800758        0x1 UART/UART.o
 .bss.UART_RxTail
                0x00800759        0x1 UART/UART.o
 .bss.UART_RxHead
                0x0080075a        0x1 UART/UART.o
 .bss.UART_TxTail
                0x0080075b        0x1 UART/UART.o
 .bss.UART_TxHead
                0x0080075c        0x1 UART/UART.o
 .bss.UART_RxBuf
                0x0080075d       0x20 UART/UART.o
 .bss.UART_TxBuf
                0x0080077d       0x20 UART/UART.o
 *(COMMON)
 COMMON         0x0080079d        0x7 DS18B20/onewire.o
                0x0080079d                OW_OUT
                0x0080079f                OW_PIN_MASK
                0x008007a0                OW_IN
                0x008007a2                OW_DDR
 COMMON         0x008007a4        0xc HIHxxxx/HIHxxxx.o
                0x008007a4                HIHxxxxTemperature
                0x008007a8                HIHxxxxHumidity
                0x008007ac                HIHxxxxData
 COMMON         0x008007b0      0x10d main.o
                0x008007b0                LivingRoomTemp
                0x008007b2                uartdata_in
                0x008007c1                EngineeringTempDesired
                0x008007c2                LivingRoomTempBuf
                0x008007c6                HIHxxxxHumid
                0x008007ca                SwitchOnOutdoorTempMin
                0x008007cc                nSensors
                0x008007cd                DHWTempMin
                0x008007ce                Garage
                0x008007d8                HIHxxxxHumidBuf
                0x008007de                DHWTempDesired
                0x008007df                Engineering
                0x008007e9                Forward
                0x008007f3                Return
                0x008007fd                uartdata_count
                0x008007fe                HIHxxxxTempBuf
                0x00800808                DHWMinTime
                0x0080080a                Floor
                0x00800814                DHW
                0x0080081e                GasForward
                0x00800828                HIHxxxxTemp
                0x0080082c                HIHxxxxTempMin
                0x00800830                HIHxxxxTempMax
                0x00800834                DHWMaxTime
                0x00800836                LivingRoomTempFracBuf
                0x00800838                LivingRoomTempMin
                0x0080083a                EngineeringTempMin
                0x0080083b                HIHxxxxTempInt
                0x0080083d                Buffer
                0x00800847                gSensorIDs
                0x008008a7                LivingRoomTempMax
                0x008008a9                GasReturn
                0x008008b3                Mixed
                0x008008bd                PROVIDE (__bss_end, .)
                0x00005dec                __data_load_start = LOADADDR (.data)
                0x000063ee                __data_load_end = (__data_load_start + SIZEOF (.data))

.noinit         0x008008bd        0x0
                [!provide]                PROVIDE (__noinit_start, .)
 *(.noinit*)
                [!provide]                PROVIDE (__noinit_end, .)
                0x008008bd                _end = .
                [!provide]                PROVIDE (__heap_start, .)

.eeprom         0x00810000       0x27
 *(.eeprom*)
 .eeprom        0x00810000       0x27 main.o
                0x00810000                eeMixedTempSensorID
                0x00810001                eeReturnTempSensorID
                0x00810002                eeForwardTempSensorID
                0x00810003                eeGasReturnTempSensorID
                0x00810004                eeGasForwardTempSensorID
                0x00810005                eeFloorSensorID
                0x00810006                eeLivingRoomSensorID
                0x00810007                eeEngineeringSensorID
                0x00810008                eeGarageSensorID
                0x00810009                eeBufferSensorID
                0x0081000a                eeDHWSensorID
                0x0081000b                eeSwitchOnOutdoorTempMin
                0x0081000d                eeEngineeringTempMin
                0x0081000e                eeEngineeringTempDesired
                0x0081000f                eeGasForwardHeatTemp
                0x00810010                eeBufferMaxTemp
                0x00810011                eeForwardHeatTemp
                0x00810012                eeDHWMaxTime
                0x00810014                eeDHWMinTime
                0x00810016                eeDHWTempMin
                0x00810017                eeDHWTempDesired
                0x00810018                eeRestarts
                0x0081001a                eeComfortMinTime
                0x0081001c                eeComfortMaxTime
                0x0081001e                eeComfortForwardTemp
                0x0081001f                eeComfortTemp
                0x00810021                eeComfortMode
                0x00810022                eePumpPlusTime
                0x00810024                eeLCDBackLight
                0x00810025                eeMenuTimer
                0x00810026                eeMode
                0x00810027                __eeprom_end = .

.fuse
 *(.fuse)
 *(.lfuse)
 *(.hfuse)
 *(.efuse)

.lock
 *(.lock*)

.signature
 *(.signature*)

.user_signatures
 *(.user_signatures*)

.stab
 *(.stab)

.stabstr
 *(.stabstr)

.stab.excl
 *(.stab.excl)

.stab.exclstr
 *(.stab.exclstr)

.stab.index
 *(.stab.index)

.stab.indexstr
 *(.stab.indexstr)

.comment        0x00000000       0x5c
 *(.comment)
 .comment       0x00000000       0x30 DS18B20/crc8.o
                                 0x31 (size before relaxing)
 .comment       0x00000030       0x31 DS18B20/ds18x20.o
 .comment       0x00000030       0x31 DS18B20/onewire.o
 .comment       0x00000030       0x31 HIHxxxx/HIHxxxx.o
 .comment       0x00000030       0x31 I2C/i2c_master.o
 .comment       0x00000030       0x31 LCD/lcd.o
 .comment       0x00000030       0x31 main.o
 .comment       0x00000030       0x31 MENU/menu.o
 .comment       0x00000030       0x31 MENU/menu_items.o
 .comment       0x00000030       0x31 MENU/menu_portsio.o
 .comment       0x00000030       0x31 SPI/spi.o
 .comment       0x00000030       0x31 UART/UART.o
 .comment       0x00000030       0x31 Utils/ftoa.o
 .comment       0x00000030       0x2c c:/program files (x86)/atmel/studio/7.0/toolchain/avr8/avr8-gnu-toolchain/bin/../lib/gcc/avr/5.4.0/../../../../avr/lib/avr5\libc.a(vfprintf_std.o)
                                 0x2d (size before relaxing)
 .comment       0x0000005c       0x31 c:/program files (x86)/atmel/studio/7.0/toolchain/avr8/avr8-gnu-toolchain/bin/../lib/gcc/avr/5.4.0/../../../../avr/lib/avr5\libc.a(fputc.o)

.note.gnu.avr.deviceinfo
                0x00000000       0x3c
 .note.gnu.avr.deviceinfo
                0x00000000       0x3c C:/Program Files (x86)/Atmel/Studio/7.0/Packs/Atmel/ATmega_DFP/1.2.272/gcc/dev/atmega64a/avr5/crtatmega64a.o

.note.gnu.build-id
 *(.note.gnu.build-id)

.debug
 *(.debug)

.line
 *(.line)

.debug_srcinfo
 *(.debug_srcinfo)

.debug_sfnames
 *(.debug_sfnames)

.debug_aranges  0x00000000      0x7f0
 *(.debug_aranges)
 .debug_aranges
                0x00000000       0x20 DS18B20/crc8.o
 .debug_aranges
                0x00000020       0x60 DS18B20/ds18x20.o
 .debug_aranges
                0x00000080       0x68 DS18B20/onewire.o
 .debug_aranges
                0x000000e8       0x38 HIHxxxx/HIHxxxx.o
 .debug_aranges
                0x00000120       0x68 I2C/i2c_master.o
 .debug_aranges
                0x00000188       0xd0 LCD/lcd.o
 .debug_aranges
                0x00000258       0x68 main.o
 .debug_aranges
                0x000002c0       0x38 MENU/menu.o
 .debug_aranges
                0x000002f8      0x348 MENU/menu_items.o
 .debug_aranges
                0x00000640       0x20 MENU/menu_portsio.o
 .debug_aranges
                0x00000660       0x30 SPI/spi.o
 .debug_aranges
                0x00000690       0xa0 UART/UART.o
 .debug_aranges
                0x00000730       0x20 Utils/ftoa.o
 .debug_aranges
                0x00000750       0x20 C:/Program Files (x86)/Atmel/Studio/7.0/Packs/Atmel/ATmega_DFP/1.2.272/gcc/dev/atmega64a/avr5\libatmega64a.a(eerd_byte.o)
 .debug_aranges
                0x00000770       0x20 C:/Program Files (x86)/Atmel/Studio/7.0/Packs/Atmel/ATmega_DFP/1.2.272/gcc/dev/atmega64a/avr5\libatmega64a.a(eerd_word.o)
 .debug_aranges
                0x00000790       0x20 C:/Program Files (x86)/Atmel/Studio/7.0/Packs/Atmel/ATmega_DFP/1.2.272/gcc/dev/atmega64a/avr5\libatmega64a.a(eeupd_byte.o)
 .debug_aranges
                0x000007b0       0x20 C:/Program Files (x86)/Atmel/Studio/7.0/Packs/Atmel/ATmega_DFP/1.2.272/gcc/dev/atmega64a/avr5\libatmega64a.a(eeupd_word.o)
 .debug_aranges
                0x000007d0       0x20 C:/Program Files (x86)/Atmel/Studio/7.0/Packs/Atmel/ATmega_DFP/1.2.272/gcc/dev/atmega64a/avr5\libatmega64a.a(eerd_block.o)

.debug_pubnames
 *(.debug_pubnames)

.debug_info     0x00000000     0xb87e
 *(.debug_info .gnu.linkonce.wi.*)
 .debug_info    0x00000000      0x780 C:/Program Files (x86)/Atmel/Studio/7.0/Packs/Atmel/ATmega_DFP/1.2.272/gcc/dev/atmega64a/avr5/crtatmega64a.o
 .debug_info    0x00000780      0x106 DS18B20/crc8.o
 .debug_info    0x00000886      0x60f DS18B20/ds18x20.o
 .debug_info    0x00000e95      0x499 DS18B20/onewire.o
 .debug_info    0x0000132e      0x1b9 HIHxxxx/HIHxxxx.o
 .debug_info    0x000014e7      0x3fe I2C/i2c_master.o
 .debug_info    0x000018e5      0xab5 LCD/lcd.o
 .debug_info    0x0000239a     0x3472 main.o
 .debug_info    0x0000580c      0x77e MENU/menu.o
 .debug_info    0x00005f8a     0x4af8 MENU/menu_items.o
 .debug_info    0x0000aa82       0x9a MENU/menu_portsio.o
 .debug_info    0x0000ab1c       0xce SPI/spi.o
 .debug_info    0x0000abea      0x753 UART/UART.o
 .debug_info    0x0000b33d      0x241 Utils/ftoa.o
 .debug_info    0x0000b57e       0x99 C:/Program Files (x86)/Atmel/Studio/7.0/Packs/Atmel/ATmega_DFP/1.2.272/gcc/dev/atmega64a/avr5\libatmega64a.a(eerd_byte.o)
 .debug_info    0x0000b617       0x99 C:/Program Files (x86)/Atmel/Studio/7.0/Packs/Atmel/ATmega_DFP/1.2.272/gcc/dev/atmega64a/avr5\libatmega64a.a(eerd_word.o)
 .debug_info    0x0000b6b0       0x9a C:/Program Files (x86)/Atmel/Studio/7.0/Packs/Atmel/ATmega_DFP/1.2.272/gcc/dev/atmega64a/avr5\libatmega64a.a(eeupd_byte.o)
 .debug_info    0x0000b74a       0x9a C:/Program Files (x86)/Atmel/Studio/7.0/Packs/Atmel/ATmega_DFP/1.2.272/gcc/dev/atmega64a/avr5\libatmega64a.a(eeupd_word.o)
 .debug_info    0x0000b7e4       0x9a C:/Program Files (x86)/Atmel/Studio/7.0/Packs/Atmel/ATmega_DFP/1.2.272/gcc/dev/atmega64a/avr5\libatmega64a.a(eerd_block.o)

.debug_abbrev   0x00000000     0x1d92
 *(.debug_abbrev)
 .debug_abbrev  0x00000000      0x718 C:/Program Files (x86)/Atmel/Studio/7.0/Packs/Atmel/ATmega_DFP/1.2.272/gcc/dev/atmega64a/avr5/crtatmega64a.o
 .debug_abbrev  0x00000718       0x8b DS18B20/crc8.o
 .debug_abbrev  0x000007a3      0x186 DS18B20/ds18x20.o
 .debug_abbrev  0x00000929      0x1b9 DS18B20/onewire.o
 .debug_abbrev  0x00000ae2       0xf8 HIHxxxx/HIHxxxx.o
 .debug_abbrev  0x00000bda      0x14c I2C/i2c_master.o
 .debug_abbrev  0x00000d26      0x2c6 LCD/lcd.o
 .debug_abbrev  0x00000fec      0x3a0 main.o
 .debug_abbrev  0x0000138c      0x23f MENU/menu.o
 .debug_abbrev  0x000015cb      0x316 MENU/menu_items.o
 .debug_abbrev  0x000018e1       0x6b MENU/menu_portsio.o
 .debug_abbrev  0x0000194c       0x87 SPI/spi.o
 .debug_abbrev  0x000019d3      0x1e1 UART/UART.o
 .debug_abbrev  0x00001bb4      0x17a Utils/ftoa.o
 .debug_abbrev  0x00001d2e       0x14 C:/Program Files (x86)/Atmel/Studio/7.0/Packs/Atmel/ATmega_DFP/1.2.272/gcc/dev/atmega64a/avr5\libatmega64a.a(eerd_byte.o)
 .debug_abbrev  0x00001d42       0x14 C:/Program Files (x86)/Atmel/Studio/7.0/Packs/Atmel/ATmega_DFP/1.2.272/gcc/dev/atmega64a/avr5\libatmega64a.a(eerd_word.o)
 .debug_abbrev  0x00001d56       0x14 C:/Program Files (x86)/Atmel/Studio/7.0/Packs/Atmel/ATmega_DFP/1.2.272/gcc/dev/atmega64a/avr5\libatmega64a.a(eeupd_byte.o)
 .debug_abbrev  0x00001d6a       0x14 C:/Program Files (x86)/Atmel/Studio/7.0/Packs/Atmel/ATmega_DFP/1.2.272/gcc/dev/atmega64a/avr5\libatmega64a.a(eeupd_word.o)
 .debug_abbrev  0x00001d7e       0x14 C:/Program Files (x86)/Atmel/Studio/7.0/Packs/Atmel/ATmega_DFP/1.2.272/gcc/dev/atmega64a/avr5\libatmega64a.a(eerd_block.o)

.debug_line     0x00000000     0x4eba
 *(.debug_line .debug_line.* .debug_line_end)
 .debug_line    0x00000000      0x169 C:/Program Files (x86)/Atmel/Studio/7.0/Packs/Atmel/ATmega_DFP/1.2.272/gcc/dev/atmega64a/avr5/crtatmega64a.o
 .debug_line    0x00000169       0xf1 DS18B20/crc8.o
 .debug_line    0x0000025a      0x397 DS18B20/ds18x20.o
 .debug_line    0x000005f1      0x36e DS18B20/onewire.o
 .debug_line    0x0000095f      0x151 HIHxxxx/HIHxxxx.o
 .debug_line    0x00000ab0      0x319 I2C/i2c_master.o
 .debug_line    0x00000dc9      0x746 LCD/lcd.o
 .debug_line    0x0000150f      0xfa2 main.o
 .debug_line    0x000024b1      0x3b5 MENU/menu.o
 .debug_line    0x00002866     0x1cbc MENU/menu_items.o
 .debug_line    0x00004522       0xb2 MENU/menu_portsio.o
 .debug_line    0x000045d4      0x10c SPI/spi.o
 .debug_line    0x000046e0      0x451 UART/UART.o
 .debug_line    0x00004b31       0xeb Utils/ftoa.o
 .debug_line    0x00004c1c       0x7a C:/Program Files (x86)/Atmel/Studio/7.0/Packs/Atmel/ATmega_DFP/1.2.272/gcc/dev/atmega64a/avr5\libatmega64a.a(eerd_byte.o)
 .debug_line    0x00004c96       0x67 C:/Program Files (x86)/Atmel/Studio/7.0/Packs/Atmel/ATmega_DFP/1.2.272/gcc/dev/atmega64a/avr5\libatmega64a.a(eerd_word.o)
 .debug_line    0x00004cfd       0xb0 C:/Program Files (x86)/Atmel/Studio/7.0/Packs/Atmel/ATmega_DFP/1.2.272/gcc/dev/atmega64a/avr5\libatmega64a.a(eeupd_byte.o)
 .debug_line    0x00004dad       0x62 C:/Program Files (x86)/Atmel/Studio/7.0/Packs/Atmel/ATmega_DFP/1.2.272/gcc/dev/atmega64a/avr5\libatmega64a.a(eeupd_word.o)
 .debug_line    0x00004e0f       0xab C:/Program Files (x86)/Atmel/Studio/7.0/Packs/Atmel/ATmega_DFP/1.2.272/gcc/dev/atmega64a/avr5\libatmega64a.a(eerd_block.o)

.debug_frame    0x00000000     0x1564
 *(.debug_frame)
 .debug_frame   0x00000000       0x24 DS18B20/crc8.o
 .debug_frame   0x00000024      0x194 DS18B20/ds18x20.o
 .debug_frame   0x000001b8      0x100 DS18B20/onewire.o
 .debug_frame   0x000002b8       0x80 HIHxxxx/HIHxxxx.o
 .debug_frame   0x00000338      0x15c I2C/i2c_master.o
 .debug_frame   0x00000494      0x22c LCD/lcd.o
 .debug_frame   0x000006c0      0x1a4 main.o
 .debug_frame   0x00000864       0xc0 MENU/menu.o
 .debug_frame   0x00000924      0x960 MENU/menu_items.o
 .debug_frame   0x00001284       0x24 MENU/menu_portsio.o
 .debug_frame   0x000012a8       0x44 SPI/spi.o
 .debug_frame   0x000012ec      0x1f4 UART/UART.o
 .debug_frame   0x000014e0       0x84 Utils/ftoa.o

.debug_str      0x00000000     0x1f2e
 *(.debug_str)
 .debug_str     0x00000000      0x27e C:/Program Files (x86)/Atmel/Studio/7.0/Packs/Atmel/ATmega_DFP/1.2.272/gcc/dev/atmega64a/avr5/crtatmega64a.o
 .debug_str     0x0000027e      0x178 DS18B20/crc8.o
                                0x1b9 (size before relaxing)
 .debug_str     0x000003f6      0x19d DS18B20/ds18x20.o
                                0x314 (size before relaxing)
 .debug_str     0x00000593       0x7a DS18B20/onewire.o
                                0x243 (size before relaxing)
 .debug_str     0x0000060d       0xa0 HIHxxxx/HIHxxxx.o
                                0x222 (size before relaxing)
 .debug_str     0x000006ad       0x85 I2C/i2c_master.o
                                0x209 (size before relaxing)
 .debug_str     0x00000732      0x199 LCD/lcd.o
                                0x30a (size before relaxing)
 .debug_str     0x000008cb      0x7a8 main.o
                                0xc09 (size before relaxing)
 .debug_str     0x00001073      0x212 MENU/menu.o
                                0x451 (size before relaxing)
 .debug_str     0x00001285      0xac5 MENU/menu_items.o
                               0x1375 (size before relaxing)
 .debug_str     0x00001d4a       0x33 MENU/menu_portsio.o
                                0x193 (size before relaxing)
 .debug_str     0x00001d7d        0xd SPI/spi.o
                                0x184 (size before relaxing)
 .debug_str     0x00001d8a      0x165 UART/UART.o
                                0x36b (size before relaxing)
 .debug_str     0x00001eef       0x3f Utils/ftoa.o
                                0x1ba (size before relaxing)

.debug_loc      0x00000000     0x791a
 *(.debug_loc)
 .debug_loc     0x00000000      0x1c0 DS18B20/crc8.o
 .debug_loc     0x000001c0      0x83d DS18B20/ds18x20.o
 .debug_loc     0x000009fd      0x4cc DS18B20/onewire.o
 .debug_loc     0x00000ec9       0xd9 HIHxxxx/HIHxxxx.o
 .debug_loc     0x00000fa2      0x6b8 I2C/i2c_master.o
 .debug_loc     0x0000165a      0xb3e LCD/lcd.o
 .debug_loc     0x00002198      0xabe main.o
 .debug_loc     0x00002c56      0x3b1 MENU/menu.o
 .debug_loc     0x00003007     0x3dc3 MENU/menu_items.o
 .debug_loc     0x00006dca       0x21 SPI/spi.o
 .debug_loc     0x00006deb      0x770 UART/UART.o
 .debug_loc     0x0000755b      0x3bf Utils/ftoa.o

.debug_macinfo
 *(.debug_macinfo)

.debug_weaknames
 *(.debug_weaknames)

.debug_funcnames
 *(.debug_funcnames)

.debug_typenames
 *(.debug_typenames)

.debug_varnames
 *(.debug_varnames)

.debug_pubtypes
 *(.debug_pubtypes)

.debug_ranges   0x00000000      0x7d0
 *(.debug_ranges)
 .debug_ranges  0x00000000       0x10 DS18B20/crc8.o
 .debug_ranges  0x00000010       0x50 DS18B20/ds18x20.o
 .debug_ranges  0x00000060       0x58 DS18B20/onewire.o
 .debug_ranges  0x000000b8       0x28 HIHxxxx/HIHxxxx.o
 .debug_ranges  0x000000e0       0x88 I2C/i2c_master.o
 .debug_ranges  0x00000168       0xf0 LCD/lcd.o
 .debug_ranges  0x00000258       0x90 main.o
 .debug_ranges  0x000002e8       0xb0 MENU/menu.o
 .debug_ranges  0x00000398      0x338 MENU/menu_items.o
 .debug_ranges  0x000006d0       0x10 MENU/menu_portsio.o
 .debug_ranges  0x000006e0       0x20 SPI/spi.o
 .debug_ranges  0x00000700       0xc0 UART/UART.o
 .debug_ranges  0x000007c0       0x10 Utils/ftoa.o

.debug_macro
 *(.debug_macro)
OUTPUT(futes_vezerlo.elf elf32-avr)
LOAD linker stubs
