Archive member included to satisfy reference by file (symbol)

c:/program files (x86)/atmel/studio/7.0/toolchain/avr8/avr8-gnu-toolchain/bin/../lib/gcc/avr/5.4.0/../../../../avr/lib/avr5\libm.a(addsf3.o)
                              BME280/bme280.o (__subsf3)
c:/program files (x86)/atmel/studio/7.0/toolchain/avr8/avr8-gnu-toolchain/bin/../lib/gcc/avr/5.4.0/../../../../avr/lib/avr5\libm.a(addsf3x.o)
                              c:/program files (x86)/atmel/studio/7.0/toolchain/avr8/avr8-gnu-toolchain/bin/../lib/gcc/avr/5.4.0/../../../../avr/lib/avr5\libm.a(addsf3.o) (__addsf3x)
c:/program files (x86)/atmel/studio/7.0/toolchain/avr8/avr8-gnu-toolchain/bin/../lib/gcc/avr/5.4.0/../../../../avr/lib/avr5\libm.a(divsf3.o)
                              BME280/bme280.o (__divsf3)
c:/program files (x86)/atmel/studio/7.0/toolchain/avr8/avr8-gnu-toolchain/bin/../lib/gcc/avr/5.4.0/../../../../avr/lib/avr5\libm.a(divsf3x.o)
                              c:/program files (x86)/atmel/studio/7.0/toolchain/avr8/avr8-gnu-toolchain/bin/../lib/gcc/avr/5.4.0/../../../../avr/lib/avr5\libm.a(divsf3.o) (__divsf3x)
c:/program files (x86)/atmel/studio/7.0/toolchain/avr8/avr8-gnu-toolchain/bin/../lib/gcc/avr/5.4.0/../../../../avr/lib/avr5\libm.a(fixsfsi.o)
                              MAX31865/max31865.o (__fixsfsi)
c:/program files (x86)/atmel/studio/7.0/toolchain/avr8/avr8-gnu-toolchain/bin/../lib/gcc/avr/5.4.0/../../../../avr/lib/avr5\libm.a(fixunssfsi.o)
                              main.o (__fixunssfsi)
c:/program files (x86)/atmel/studio/7.0/toolchain/avr8/avr8-gnu-toolchain/bin/../lib/gcc/avr/5.4.0/../../../../avr/lib/avr5\libm.a(floatdisf.o)
                              BME280/bme280.o (__floatdisf)
c:/program files (x86)/atmel/studio/7.0/toolchain/avr8/avr8-gnu-toolchain/bin/../lib/gcc/avr/5.4.0/../../../../avr/lib/avr5\libm.a(floatsisf.o)
                              BME280/bme280.o (__floatunsisf)
c:/program files (x86)/atmel/studio/7.0/toolchain/avr8/avr8-gnu-toolchain/bin/../lib/gcc/avr/5.4.0/../../../../avr/lib/avr5\libm.a(floatundisf.o)
                              c:/program files (x86)/atmel/studio/7.0/toolchain/avr8/avr8-gnu-toolchain/bin/../lib/gcc/avr/5.4.0/../../../../avr/lib/avr5\libm.a(floatdisf.o) (__fp_di2sf)
c:/program files (x86)/atmel/studio/7.0/toolchain/avr8/avr8-gnu-toolchain/bin/../lib/gcc/avr/5.4.0/../../../../avr/lib/avr5\libm.a(fp_inf.o)
                              c:/program files (x86)/atmel/studio/7.0/toolchain/avr8/avr8-gnu-toolchain/bin/../lib/gcc/avr/5.4.0/../../../../avr/lib/avr5\libm.a(addsf3x.o) (__fp_inf)
c:/program files (x86)/atmel/studio/7.0/toolchain/avr8/avr8-gnu-toolchain/bin/../lib/gcc/avr/5.4.0/../../../../avr/lib/avr5\libm.a(fp_nan.o)
                              c:/program files (x86)/atmel/studio/7.0/toolchain/avr8/avr8-gnu-toolchain/bin/../lib/gcc/avr/5.4.0/../../../../avr/lib/avr5\libm.a(addsf3x.o) (__fp_nan)
c:/program files (x86)/atmel/studio/7.0/toolchain/avr8/avr8-gnu-toolchain/bin/../lib/gcc/avr/5.4.0/../../../../avr/lib/avr5\libm.a(fp_negdi.o)
                              c:/program files (x86)/atmel/studio/7.0/toolchain/avr8/avr8-gnu-toolchain/bin/../lib/gcc/avr/5.4.0/../../../../avr/lib/avr5\libm.a(floatdisf.o) (__fp_negdi)
c:/program files (x86)/atmel/studio/7.0/toolchain/avr8/avr8-gnu-toolchain/bin/../lib/gcc/avr/5.4.0/../../../../avr/lib/avr5\libm.a(fp_pscA.o)
                              c:/program files (x86)/atmel/studio/7.0/toolchain/avr8/avr8-gnu-toolchain/bin/../lib/gcc/avr/5.4.0/../../../../avr/lib/avr5\libm.a(addsf3x.o) (__fp_pscA)
c:/program files (x86)/atmel/studio/7.0/toolchain/avr8/avr8-gnu-toolchain/bin/../lib/gcc/avr/5.4.0/../../../../avr/lib/avr5\libm.a(fp_pscB.o)
                              c:/program files (x86)/atmel/studio/7.0/toolchain/avr8/avr8-gnu-toolchain/bin/../lib/gcc/avr/5.4.0/../../../../avr/lib/avr5\libm.a(addsf3x.o) (__fp_pscB)
c:/program files (x86)/atmel/studio/7.0/toolchain/avr8/avr8-gnu-toolchain/bin/../lib/gcc/avr/5.4.0/../../../../avr/lib/avr5\libm.a(fp_round.o)
                              c:/program files (x86)/atmel/studio/7.0/toolchain/avr8/avr8-gnu-toolchain/bin/../lib/gcc/avr/5.4.0/../../../../avr/lib/avr5\libm.a(addsf3.o) (__fp_round)
c:/program files (x86)/atmel/studio/7.0/toolchain/avr8/avr8-gnu-toolchain/bin/../lib/gcc/avr/5.4.0/../../../../avr/lib/avr5\libm.a(fp_split3.o)
                              c:/program files (x86)/atmel/studio/7.0/toolchain/avr8/avr8-gnu-toolchain/bin/../lib/gcc/avr/5.4.0/../../../../avr/lib/avr5\libm.a(addsf3x.o) (__fp_split3)
c:/program files (x86)/atmel/studio/7.0/toolchain/avr8/avr8-gnu-toolchain/bin/../lib/gcc/avr/5.4.0/../../../../avr/lib/avr5\libm.a(fp_zero.o)
                              c:/program files (x86)/atmel/studio/7.0/toolchain/avr8/avr8-gnu-toolchain/bin/../lib/gcc/avr/5.4.0/../../../../avr/lib/avr5\libm.a(addsf3x.o) (__fp_zero)
[...]
Memory Configuration

Name             Origin             Length             Attributes
text             0x00000000         0x00020000         xr
data             0x00800060         0x0000ffa0         rw !x
eeprom           0x00810000         0x00010000         rw !x
fuse             0x00820000         0x00000003         rw !x
lock             0x00830000         0x00000400         rw !x
signature        0x00840000         0x00000400         rw !x
user_signatures  0x00850000         0x00000400         rw !x
*default*        0x00000000         0xffffffff

Linker script and memory map

Address of section .data set to 0x800100
LOAD C:/Program Files (x86)/Atmel/Studio/7.0/Packs/atmel/ATmega_DFP/1.2.209/gcc/dev/atmega64a/avr5/crtatmega64a.o
LOAD BME280/bme280.o
LOAD DS18B20/crc8.o
LOAD DS18B20/delay.o
LOAD DS18B20/ds18x20.o
LOAD DS18B20/onewire.o
LOAD I2C/i2c_master.o
LOAD LCD/lcd.o
LOAD main.o
LOAD MAX31865/max31865.o
LOAD MENU/menu.o
LOAD MENU/menu_items.o
LOAD MENU/menu_portsio.o
LOAD SPI/spi.o
LOAD UART/UART.o
LOAD Utils/ftoa.o
START GROUP
LOAD c:/program files (x86)/atmel/studio/7.0/toolchain/avr8/avr8-gnu-toolchain/bin/../lib/gcc/avr/5.4.0/../../../../avr/lib/avr5\libm.a
END GROUP
START GROUP
LOAD c:/program files (x86)/atmel/studio/7.0/toolchain/avr8/avr8-gnu-toolchain/bin/../lib/gcc/avr/5.4.0/avr5\libgcc.a
LOAD c:/program files (x86)/atmel/studio/7.0/toolchain/avr8/avr8-gnu-toolchain/bin/../lib/gcc/avr/5.4.0/../../../../avr/lib/avr5\libm.a
LOAD c:/program files (x86)/atmel/studio/7.0/toolchain/avr8/avr8-gnu-toolchain/bin/../lib/gcc/avr/5.4.0/../../../../avr/lib/avr5\libc.a
LOAD C:/Program Files (x86)/Atmel/Studio/7.0/Packs/atmel/ATmega_DFP/1.2.209/gcc/dev/atmega64a/avr5\libatmega64a.a
END GROUP
                0x00020000                __TEXT_REGION_LENGTH__ = DEFINED (__TEXT_REGION_LENGTH__)?__TEXT_REGION_LENGTH__:0x20000
                0x0000ffa0                __DATA_REGION_LENGTH__ = DEFINED (__DATA_REGION_LENGTH__)?__DATA_REGION_LENGTH__:0xffa0
                0x00010000                __EEPROM_REGION_LENGTH__ = DEFINED (__EEPROM_REGION_LENGTH__)?__EEPROM_REGION_LENGTH__:0x10000
                [0x00000003]                __FUSE_REGION_LENGTH__ = DEFINED (__FUSE_REGION_LENGTH__)?__FUSE_REGION_LENGTH__:0x400
                0x00000400                __LOCK_REGION_LENGTH__ = DEFINED (__LOCK_REGION_LENGTH__)?__LOCK_REGION_LENGTH__:0x400
                0x00000400                __SIGNATURE_REGION_LENGTH__ = DEFINED (__SIGNATURE_REGION_LENGTH__)?__SIGNATURE_REGION_LENGTH__:0x400
                0x00000400                __USER_SIGNATURE_REGION_LENGTH__ = DEFINED (__USER_SIGNATURE_REGION_LENGTH__)?__USER_SIGNATURE_REGION_LENGTH__:0x400

.hash
 *(.hash)

.dynsym
 *(.dynsym)

.dynstr
 *(.dynstr)

.gnu.version
 *(.gnu.version)

.gnu.version_d
 *(.gnu.version_d)

.gnu.version_r
 *(.gnu.version_r)

.rel.init
 *(.rel.init)

.rela.init
 *(.rela.init)

.rel.text
 *(.rel.text)
 *(.rel.text.*)
 *(.rel.gnu.linkonce.t*)

.rela.text
 *(.rela.text)
 *(.rela.text.*)
 *(.rela.gnu.linkonce.t*)

.rel.fini
 *(.rel.fini)

.rela.fini
 *(.rela.fini)

.rel.rodata
 *(.rel.rodata)
 *(.rel.rodata.*)
 *(.rel.gnu.linkonce.r*)

.rela.rodata
 *(.rela.rodata)
 *(.rela.rodata.*)
 *(.rela.gnu.linkonce.r*)

.rel.data
 *(.rel.data)
 *(.rel.data.*)
 *(.rel.gnu.linkonce.d*)

.rela.data
 *(.rela.data)
 *(.rela.data.*)
 *(.rela.gnu.linkonce.d*)

.rel.ctors
 *(.rel.ctors)

.rela.ctors
 *(.rela.ctors)

.rel.dtors
 *(.rel.dtors)

.rela.dtors
 *(.rela.dtors)

.rel.got
 *(.rel.got)

.rela.got
 *(.rela.got)

.rel.bss
 *(.rel.bss)

.rela.bss
 *(.rela.bss)

.rel.plt
 *(.rel.plt)

.rela.plt
 *(.rela.plt)

.text           0x00000000     0x43d8
 *(.vectors)
 .vectors       0x00000000       0x8c C:/Program Files (x86)/Atmel/Studio/7.0/Packs/atmel/ATmega_DFP/1.2.209/gcc/dev/atmega64a/avr5/crtatmega64a.o
                0x00000000                __vector_default
                0x00000000                __vectors
 *(.vectors)
 *(.progmem.gcc*)
 .progmem.gcc_sw_table.lcd_putc_hu
                0x0000008c       0x78 LCD/lcd.o
 .progmem.gcc_sw_table.SensorRead
                0x00000104        0xe main.o
 .progmem.gcc_sw_table.main
                0x00000112       0x18 main.o
 .progmem.gcc_sw_table.ClockDayName_CallbackRender
                0x0000012a        0xe MENU/menu_items.o
                0x00000138                . = ALIGN (0x2)
                0x00000138                __trampolines_start = .
 *(.trampolines)
 .trampolines   0x00000138        0x0 linker stubs
 *(.trampolines*)
                0x00000138                __trampolines_end = .
 *libprintf_flt.a:*(.progmem.data)
 *libc.a:*(.progmem.data)
 *(.progmem*)
 .progmem.data.__c.2398
                0x00000138       0x1c BME280/bme280.o
 .progmem.data.magyar_betuk
                0x00000154       0x38 LCD/lcd.o
 .progmem.data.__c.3092
                0x0000018c        0x4 main.o
 .progmem.data.__c.3090
                0x00000190        0xa main.o
 .progmem.data.__c.3088
                0x0000019a       0x12 main.o
 .progmem.data.__c.3086
                0x000001ac        0x7 main.o
 .progmem.data.__c.3084
                0x000001b3       0x13 main.o
 .progmem.data.__c.3082
                0x000001c6        0xf main.o
 .progmem.data.__c.3080
                0x000001d5        0xc main.o
 .progmem.data.__c.3074
                0x000001e1       0x14 main.o
 .progmem.data.__c.3072
                0x000001f5       0x14 main.o
 .progmem.data.__c.3058
                0x00000209        0xb main.o
 .progmem.data.__c.3055
                0x00000214       0x11 main.o
 .progmem.data.__c.3053
                0x00000225       0x12 main.o
 .progmem.data.__c.3044
                0x00000237       0x41 main.o
 .progmem.data.__c.3042
                0x00000278       0x1a main.o
 .progmem.data.__c.3040
                0x00000292       0x18 main.o
 .progmem.data.__c.3038
                0x000002aa       0x19 main.o
 .progmem.data.__c.3036
                0x000002c3       0x17 main.o
 .progmem.data.__c.3034
                0x000002da       0x30 main.o
 .progmem.data.__c.3032
                0x0000030a       0x2e main.o
 .progmem.data.__c.3030
                0x00000338       0x17 main.o
 .progmem.data.__c.3028
                0x0000034f       0x21 main.o
 .progmem.data.__c.3026
                0x00000370       0x1e main.o
 .progmem.data.__c.3018
                0x0000038e        0xb main.o
 .progmem.data.__c.3016
                0x00000399        0xd main.o
 .progmem.data.__c.3014
                0x000003a6        0xa main.o
 .progmem.data.__c.3012
                0x000003b0        0x2 main.o
 .progmem.data.__c.3010
                0x000003b2        0xc main.o
 .progmem.data.__c.3008
                0x000003be        0x9 main.o
 .progmem.data.__c.3005
                0x000003c7        0x8 main.o
 .progmem.data.__c.3002
                0x000003cf        0x7 main.o
 .progmem.data.__c.2999
                0x000003d6        0x5 main.o
 .progmem.data.__c.2996
                0x000003db        0x7 main.o
 .progmem.data.__c.2993
                0x000003e2        0x5 main.o
 .progmem.data.__c.2989
                0x000003e7        0x6 main.o
 .progmem.data.__c.2986
                0x000003ed        0x2 main.o
 .progmem.data.__c.2984
                0x000003ef        0x2 main.o
 .progmem.data.__c.2982
                0x000003f1        0x3 main.o
 .progmem.data.__c.2980
                0x000003f4        0x2 main.o
 .progmem.data.__c.2978
                0x000003f6        0x7 main.o
 .progmem.data.__c.2976
                0x000003fd        0x3 main.o
 .progmem.data.__c.2974
                0x00000400        0x2 main.o
 .progmem.data.__c.2972
                0x00000402        0x9 main.o
 .progmem.data.__c.2970
                0x0000040b        0x3 main.o
 .progmem.data.__c.2968
                0x0000040e        0x2 main.o
 .progmem.data.__c.2966
                0x00000410        0x8 main.o
 .progmem.data.__c.2964
                0x00000418        0x3 main.o
 .progmem.data.__c.2962
                0x0000041b        0x7 main.o
 .progmem.data.__c.2960
                0x00000422        0x3 main.o
 .progmem.data.__c.2958
                0x00000425        0x2 main.o
 .progmem.data.__c.2956
                0x00000427        0x8 main.o
 .progmem.data.__c.2954
                0x0000042f        0x3 main.o
 .progmem.data.__c.2952
                0x00000432        0x2 main.o
 .progmem.data.__c.2950
                0x00000434        0x8 main.o
 .progmem.data.__c.2948
                0x0000043c        0x2 main.o
 .progmem.data.__c.2946
                0x0000043e        0x3 main.o
 .progmem.data.__c.2944
                0x00000441        0x2 main.o
 .progmem.data.__c.2942
                0x00000443        0x5 main.o
 .progmem.data.__c.2936
                0x00000448        0x2 main.o
 .progmem.data.__c.2934
                0x0000044a        0x2 main.o
 .progmem.data.__c.2930
                0x0000044c        0x4 main.o
 .progmem.data.__c.2928
                0x00000450       0x12 main.o
 .progmem.data.__c.2924
                0x00000462        0x4 main.o
 .progmem.data.__c.2922
                0x00000466       0x15 main.o
 .progmem.data.magyar_betuk
                0x0000047b       0x38 main.o
 .progmem.data.__c.2959
                0x000004b3       0x12 MENU/menu_items.o
 .progmem.data.__c.2944
                0x000004c5        0xc MENU/menu_items.o
 .progmem.data.__c.2929
                0x000004d1        0xc MENU/menu_items.o
 .progmem.data.__c.2914
                0x000004dd        0x9 MENU/menu_items.o
 .progmem.data.__c.2911
                0x000004e6        0x8 MENU/menu_items.o
 .progmem.data.__c.2908
                0x000004ee        0x7 MENU/menu_items.o
 .progmem.data.__c.2905
                0x000004f5        0xa MENU/menu_items.o
 .progmem.data.__c.2902
                0x000004ff        0x7 MENU/menu_items.o
 .progmem.data.__c.2899
                0x00000506        0x5 MENU/menu_items.o
 .progmem.data.__c.2895
                0x0000050b        0x6 MENU/menu_items.o
 .progmem.data.__c.2892
                0x00000511        0x8 MENU/menu_items.o
 .progmem.data.__c.2877
                0x00000519        0x4 MENU/menu_items.o
 .progmem.data.__c.2862
                0x0000051d        0x6 MENU/menu_items.o
 .progmem.data.__c.2847
                0x00000523        0x3 MENU/menu_items.o
 .progmem.data.__c.2832
                0x00000526        0x5 MENU/menu_items.o
 .progmem.data.__c.2817
                0x0000052b        0x4 MENU/menu_items.o
 .progmem.data.__c.2802
                0x0000052f       0x14 MENU/menu_items.o
 .progmem.data.__c.2787
                0x00000543        0xb MENU/menu_items.o
 .progmem.data.__c.2772
                0x0000054e       0x12 MENU/menu_items.o
 .progmem.data.__c.2757
                0x00000560        0xa MENU/menu_items.o
 .progmem.data.__c.2743
                0x0000056a        0x3 MENU/menu_items.o
 .progmem.data.__c.2741
                0x0000056d        0x2 MENU/menu_items.o
 .progmem.data.__c.2739
                0x0000056f        0xe MENU/menu_items.o
 .progmem.data.__c.2726
                0x0000057d        0x3 MENU/menu_items.o
 .progmem.data.__c.2724
                0x00000580        0x2 MENU/menu_items.o
 .progmem.data.__c.2722
                0x00000582       0x10 MENU/menu_items.o
 .progmem.data.__c.2709
                0x00000592        0x3 MENU/menu_items.o
 .progmem.data.__c.2707
                0x00000595        0x2 MENU/menu_items.o
 .progmem.data.__c.2705
                0x00000597        0xf MENU/menu_items.o
 .progmem.data.__c.2690
                0x000005a6        0x3 MENU/menu_items.o
 .progmem.data.__c.2688
                0x000005a9        0x3 MENU/menu_items.o
 .progmem.data.__c.2686
                0x000005ac        0xc MENU/menu_items.o
 .progmem.data.__c.2672
                0x000005b8        0x3 MENU/menu_items.o
 .progmem.data.__c.2670
                0x000005bb        0x3 MENU/menu_items.o
 .progmem.data.__c.2668
                0x000005be       0x11 MENU/menu_items.o
 .progmem.data.__c.2654
                0x000005cf        0x4 MENU/menu_items.o
 .progmem.data.__c.2652
                0x000005d3        0x7 MENU/menu_items.o
 .progmem.data.__c.2650
                0x000005da       0x14 MENU/menu_items.o
 .progmem.data.__c.2636
                0x000005ee        0x3 MENU/menu_items.o
 .progmem.data.__c.2634
                0x000005f1        0x3 MENU/menu_items.o
 .progmem.data.__c.2632
                0x000005f4        0xf MENU/menu_items.o
 .progmem.data.__c.2618
                0x00000603        0x3 MENU/menu_items.o
 .progmem.data.__c.2616
                0x00000606        0x3 MENU/menu_items.o
 .progmem.data.__c.2614
                0x00000609       0x12 MENU/menu_items.o
 .progmem.data.__c.2600
                0x0000061b        0x3 MENU/menu_items.o
 .progmem.data.__c.2598
                0x0000061e        0x3 MENU/menu_items.o
 .progmem.data.__c.2596
                0x00000621       0x13 MENU/menu_items.o
 .progmem.data.__c.2580
                0x00000634       0x12 MENU/menu_items.o
 .progmem.data.__c.2566
                0x00000646       0x12 MENU/menu_items.o
 .progmem.data.__c.2551
                0x00000658        0xf MENU/menu_items.o
 .progmem.data.__c.2536
                0x00000667        0x3 MENU/menu_items.o
 .progmem.data.__c.2534
                0x0000066a        0x2 MENU/menu_items.o
 .progmem.data.__c.2532
                0x0000066c        0xf MENU/menu_items.o
 .progmem.data.__c.2516
                0x0000067b       0x12 MENU/menu_items.o
 .progmem.data.__c.2502
                0x0000068d        0xe MENU/menu_items.o
 .progmem.data.__c.2487
                0x0000069b        0x3 MENU/menu_items.o
 .progmem.data.__c.2485
                0x0000069e        0x2 MENU/menu_items.o
 .progmem.data.__c.2483
                0x000006a0        0xf MENU/menu_items.o
 .progmem.data.__c.2466
                0x000006af        0x8 MENU/menu_items.o
 .progmem.data.__c.2451
                0x000006b7        0x8 MENU/menu_items.o
 .progmem.data.__c.2436
                0x000006bf        0xf MENU/menu_items.o
 .progmem.data.__c.2422
                0x000006ce        0xc MENU/menu_items.o
 .progmem.data.__c.2407
                0x000006da        0xf MENU/menu_items.o
 .progmem.data.__c.2392
                0x000006e9        0x3 MENU/menu_items.o
 .progmem.data.__c.2390
                0x000006ec        0x2 MENU/menu_items.o
 .progmem.data.__c.2388
                0x000006ee        0xc MENU/menu_items.o
 .progmem.data.__c.2372
                0x000006fa        0xe MENU/menu_items.o
 .progmem.data.__c.2358
                0x00000708        0xc MENU/menu_items.o
 .progmem.data.__c.2344
                0x00000714        0xb MENU/menu_items.o
                0x00000720                . = ALIGN (0x2)
 *fill*         0x0000071f        0x1 
 *(.jumptables)
 *(.jumptables*)
 *(.lowtext)
 *(.lowtext*)
                0x00000720                __ctors_start = .
 *(.ctors)
                0x00000720                __ctors_end = .
                0x00000720                __dtors_start = .
 *(.dtors)
                0x00000720                __dtors_end = .
 SORT(*)(.ctors)
 SORT(*)(.dtors)
 *(.init0)
 .init0         0x00000720        0x0 C:/Program Files (x86)/Atmel/Studio/7.0/Packs/atmel/ATmega_DFP/1.2.209/gcc/dev/atmega64a/avr5/crtatmega64a.o
                0x00000720                __init
 *(.init0)
 *(.init1)
 *(.init1)
 *(.init2)
 .init2         0x00000720        0xc C:/Program Files (x86)/Atmel/Studio/7.0/Packs/atmel/ATmega_DFP/1.2.209/gcc/dev/atmega64a/avr5/crtatmega64a.o
 *(.init2)
 *(.init3)
 *(.init3)
 *(.init4)
 .init4         0x0000072c       0x16 c:/program files (x86)/atmel/studio/7.0/toolchain/avr8/avr8-gnu-toolchain/bin/../lib/gcc/avr/5.4.0/avr5\libgcc.a(_copy_data.o)
                0x0000072c                __do_copy_data
 .init4         0x00000742       0x10 c:/program files (x86)/atmel/studio/7.0/toolchain/avr8/avr8-gnu-toolchain/bin/../lib/gcc/avr/5.4.0/avr5\libgcc.a(_clear_bss.o)
                0x00000742                __do_clear_bss
 *(.init4)
 *(.init5)
 *(.init5)
 *(.init6)
 *(.init6)
 *(.init7)
 *(.init7)
 *(.init8)
 *(.init8)
 *(.init9)
 .init9         0x00000752        0x8 C:/Program Files (x86)/Atmel/Studio/7.0/Packs/atmel/ATmega_DFP/1.2.209/gcc/dev/atmega64a/avr5/crtatmega64a.o
 *(.init9)
 *(.text)
 .text          0x0000075a        0x4 C:/Program Files (x86)/Atmel/Studio/7.0/Packs/atmel/ATmega_DFP/1.2.209/gcc/dev/atmega64a/avr5/crtatmega64a.o
                0x0000075a                __vector_22
                0x0000075a                __vector_28
                0x0000075a                __vector_1
                0x0000075a                __vector_32
                0x0000075a                __vector_34
                0x0000075a                __vector_24
                0x0000075a                __bad_interrupt
                0x0000075a                __vector_6
                0x0000075a                __vector_3
                0x0000075a                __vector_23
                0x0000075a                __vector_25
                0x0000075a                __vector_11
                0x0000075a                __vector_13
                0x0000075a                __vector_17
                0x0000075a                __vector_7
                0x0000075a                __vector_27
                0x0000075a                __vector_5
                0x0000075a                __vector_33
                0x0000075a                __vector_4
                0x0000075a                __vector_9
                0x0000075a                __vector_2
                0x0000075a                __vector_15
                0x0000075a                __vector_29
                0x0000075a                __vector_8
                0x0000075a                __vector_26
                0x0000075a                __vector_14
                0x0000075a                __vector_10
                0x0000075a                __vector_16
                0x0000075a                __vector_20
                0x0000075e                . = ALIGN (0x2)
 *(.text.*)
 .text.read8    0x0000075e       0x44 BME280/bme280.o
                0x0000075e                read8
 .text.read16   0x000007a2       0x50 BME280/bme280.o
                0x000007a2                read16
 .text.read16_LE
                0x000007f2        0xc BME280/bme280.o
                0x000007f2                read16_LE
 .text.read24   0x000007fe       0x82 BME280/bme280.o
                0x000007fe                read24
 .text.bme280_readCoefficients
                0x00000880      0x104 BME280/bme280.o
                0x00000880                bme280_readCoefficients
 .text.init_BME280
                0x00000984       0x48 BME280/bme280.o
                0x00000984                init_BME280
 .text.bme280_readTemperature
                0x000009cc      0x12e BME280/bme280.o
                0x000009cc                bme280_readTemperature
 .text.bme280_readHumidity
                0x00000afa      0x208 BME280/bme280.o
                0x00000afa                bme280_readHumidity
 .text.crc8     0x00000d02       0x38 DS18B20/crc8.o
                0x00000d02                crc8
 .text.DS18X20_meas_to_cel
                0x00000d3a       0x96 DS18B20/ds18x20.o
                0x00000d3a                DS18X20_meas_to_cel
 .text.DS18X20_find_sensor
                0x00000dd0       0x32 DS18B20/ds18x20.o
                0x00000dd0                DS18X20_find_sensor
 .text.DS18X20_start_meas
                0x00000e02       0x38 DS18B20/ds18x20.o
                0x00000e02                DS18X20_start_meas
 .text.DS18X20_read_meas
                0x00000e3a       0xba DS18B20/ds18x20.o
                0x00000e3a                DS18X20_read_meas
 .text.ow_input_pin_state
                0x00000ef4       0x12 DS18B20/onewire.o
                0x00000ef4                ow_input_pin_state
 .text.ow_parasite_enable
                0x00000f06       0x26 DS18B20/onewire.o
                0x00000f06                ow_parasite_enable
 .text.ow_reset
                0x00000f2c       0x92 DS18B20/onewire.o
                0x00000f2c                ow_reset
 .text.ow_set_bus
                0x00000fbe       0x2c DS18B20/onewire.o
                0x00000fbe                ow_set_bus
 .text.ow_bit_io
                0x00000fea       0x80 DS18B20/onewire.o
                0x00000fea                ow_bit_io
 .text.ow_byte_wr
                0x0000106a       0x22 DS18B20/onewire.o
                0x0000106a                ow_byte_wr
 .text.ow_byte_rd
                0x0000108c        0x8 DS18B20/onewire.o
                0x0000108c                ow_byte_rd
 .text.ow_rom_search
                0x00001094       0xb4 DS18B20/onewire.o
                0x00001094                ow_rom_search
 .text.ow_command
                0x00001148       0x48 DS18B20/onewire.o
                0x00001148                ow_command
 .text.i2c_init
                0x00001190        0x8 I2C/i2c_master.o
                0x00001190                i2c_init
 .text.i2c_start
                0x00001198       0x4a I2C/i2c_master.o
                0x00001198                i2c_start
 .text.i2c_write
                0x000011e2       0x24 I2C/i2c_master.o
                0x000011e2                i2c_write
 .text.i2c_read_ack
                0x00001206       0x16 I2C/i2c_master.o
                0x00001206                i2c_read_ack
 .text.i2c_read_nack
                0x0000121c       0x16 I2C/i2c_master.o
                0x0000121c                i2c_read_nack
 .text.i2c_stop
                0x00001232        0x8 I2C/i2c_master.o
                0x00001232                i2c_stop
 .text.toggle_e
                0x0000123a        0xa LCD/lcd.o
 .text.lcd_write
                0x00001244       0x5e LCD/lcd.o
 .text.lcd_read
                0x000012a2       0x50 LCD/lcd.o
 .text.lcd_waitbusy
                0x000012f2       0x1a LCD/lcd.o
 .text.lcd_command
                0x0000130c       0x14 LCD/lcd.o
                0x0000130c                lcd_command
 .text.lcd_data
                0x00001320       0x14 LCD/lcd.o
                0x00001320                lcd_data
 .text.lcd_gotoxy
                0x00001334       0x2c LCD/lcd.o
                0x00001334                lcd_gotoxy
 .text.lcd_clrscr
                0x00001360        0x8 LCD/lcd.o
                0x00001360                lcd_clrscr
 .text.lcd_putc
                0x00001368       0x40 LCD/lcd.o
                0x00001368                lcd_putc
 .text.lcd_puts_p
                0x000013a8       0x24 LCD/lcd.o
                0x000013a8                lcd_puts_p
 .text.lcd_init
                0x000013cc       0x74 LCD/lcd.o
                0x000013cc                lcd_init
 .text.lcd_defc
                0x00001440       0x30 LCD/lcd.o
                0x00001440                lcd_defc
 .text.lcd_putbit
                0x00001470       0x22 LCD/lcd.o
                0x00001470                lcd_putbit
 .text.lcd_putc_hu
                0x00001492       0x40 LCD/lcd.o
                0x00001492                lcd_putc_hu
 .text.lcd_puts
                0x000014d2       0x20 LCD/lcd.o
                0x000014d2                lcd_puts
 .text.lcd_puti
                0x000014f2       0x44 LCD/lcd.o
                0x000014f2                lcd_puti
 .text.lcd_puts_hu
                0x00001536       0x24 LCD/lcd.o
                0x00001536                lcd_puts_hu
 .text.__vector_21
                0x0000155a       0x3e main.o
                0x0000155a                __vector_21
 .text.__vector_12
                0x00001598       0x26 main.o
                0x00001598                __vector_12
 .text.SensorRead
                0x000015be      0x594 main.o
                0x000015be                SensorRead
 .text.search_sensors
                0x00001b52       0xca main.o
                0x00001b52                search_sensors
 .text.SwitchRelays
                0x00001c1c       0x14 main.o
                0x00001c1c                SwitchRelays
 .text.CheckConditions
                0x00001c30      0x32e main.o
                0x00001c30                CheckConditions
 .text.read_from_eeprom
                0x00001f5e      0x102 main.o
                0x00001f5e                read_from_eeprom
 .text.main     0x00002060      0x25c main.o
                0x00002060                main
 .text.renderMenu
                0x000022bc       0xd6 MENU/menu.o
 .text.menuReset
                0x00002392       0x1e MENU/menu.o
                0x00002392                menuReset
 .text.menuInit
                0x000023b0        0xa MENU/menu.o
                0x000023b0                menuInit
 .text.menuPollButtons
                0x000023ba      0x2f6 MENU/menu.o
                0x000023ba                menuPollButtons
 .text.ClockDayName_CallbackRender
                0x000026b0       0x74 MENU/menu_items.o
                0x000026b0                ClockDayName_CallbackRender
 .text.ClockDayName_ActionCallback
                0x00002724       0x4a MENU/menu_items.o
                0x00002724                ClockDayName_ActionCallback
 .text.BME280Temp_CallbackRender
                0x0000276e       0x1e MENU/menu_items.o
                0x0000276e                BME280Temp_CallbackRender
 .text.BME280Temp_Callback
                0x0000278c       0x16 MENU/menu_items.o
                0x0000278c                BME280Temp_Callback
 .text.BME280Humidity_CallbackRender
                0x000027a2       0x1e MENU/menu_items.o
                0x000027a2                BME280Humidity_CallbackRender
 .text.BME280Humidity_Callback
                0x000027c0       0x16 MENU/menu_items.o
                0x000027c0                BME280Humidity_Callback
 .text.SwitchOnOutdoorTempMin_CallbackRender
                0x000027d6       0x4e MENU/menu_items.o
                0x000027d6                SwitchOnOutdoorTempMin_CallbackRender
 .text.DHWTempDesired_CallbackRender
                0x00002824       0x48 MENU/menu_items.o
                0x00002824                DHWTempDesired_CallbackRender
 .text.DHWTempMin_CallbackRender
                0x0000286c       0x48 MENU/menu_items.o
                0x0000286c                DHWTempMin_CallbackRender
 .text.DHWSensor_CallbackRender
                0x000028b4       0x48 MENU/menu_items.o
                0x000028b4                DHWSensor_CallbackRender
 .text.DHWMinTime_CallbackRender
                0x000028fc       0x4e MENU/menu_items.o
                0x000028fc                DHWMinTime_CallbackRender
 .text.DHWMaxTime_CallbackRender
                0x0000294a       0x4e MENU/menu_items.o
                0x0000294a                DHWMaxTime_CallbackRender
 .text.ForwardHeatTemp_CallbackRender
                0x00002998       0x48 MENU/menu_items.o
                0x00002998                ForwardHeatTemp_CallbackRender
 .text.BufferSensor_CallbackRender
                0x000029e0       0x48 MENU/menu_items.o
                0x000029e0                BufferSensor_CallbackRender
 .text.EngineeringTempMin_CallbackRender
                0x00002a28       0x48 MENU/menu_items.o
                0x00002a28                EngineeringTempMin_CallbackRender
 .text.EngineeringTempDesired_CallbackRender
                0x00002a70       0x54 MENU/menu_items.o
                0x00002a70                EngineeringTempDesired_CallbackRender
 .text.EngineeringSensor_CallbackRender
                0x00002ac4       0x48 MENU/menu_items.o
                0x00002ac4                EngineeringSensor_CallbackRender
 .text.DebugMode_CallbackRender
                0x00002b0c       0x48 MENU/menu_items.o
                0x00002b0c                DebugMode_CallbackRender
 .text.MenuTimer_CallbackRender
                0x00002b54       0x40 MENU/menu_items.o
                0x00002b54                MenuTimer_CallbackRender
 .text.LCDBackLight_CallbackRender
                0x00002b94       0x48 MENU/menu_items.o
                0x00002b94                LCDBackLight_CallbackRender
 .text.PumpPlusTime_CallbackRender
                0x00002bdc       0x4a MENU/menu_items.o
                0x00002bdc                PumpPlusTime_CallbackRender
 .text.ClockHour_CallbackRender
                0x00002c26       0x46 MENU/menu_items.o
                0x00002c26                ClockHour_CallbackRender
 .text.ClockHour_ActionCallback
                0x00002c6c       0x56 MENU/menu_items.o
                0x00002c6c                ClockHour_ActionCallback
 .text.ClockYear_CallbackRender
                0x00002cc2       0x4e MENU/menu_items.o
                0x00002cc2                ClockYear_CallbackRender
 .text.ClockYear_ActionCallback
                0x00002d10       0x44 MENU/menu_items.o
                0x00002d10                ClockYear_ActionCallback
 .text.ClockMonth_CallbackRender
                0x00002d54       0x46 MENU/menu_items.o
                0x00002d54                ClockMonth_CallbackRender
 .text.ClockMonth_ActionCallback
                0x00002d9a       0x4a MENU/menu_items.o
                0x00002d9a                ClockMonth_ActionCallback
 .text.ClockDay_CallbackRender
                0x00002de4       0x46 MENU/menu_items.o
                0x00002de4                ClockDay_CallbackRender
 .text.ClockDay_ActionCallback
                0x00002e2a       0x4a MENU/menu_items.o
                0x00002e2a                ClockDay_ActionCallback
 .text.ComfortMode_CallbackRender
                0x00002e74       0x42 MENU/menu_items.o
                0x00002e74                ComfortMode_CallbackRender
 .text.ComfortTemp_CallbackRender
                0x00002eb6       0x48 MENU/menu_items.o
                0x00002eb6                ComfortTemp_CallbackRender
 .text.ComfortForwardTemp_CallbackRender
                0x00002efe       0x48 MENU/menu_items.o
                0x00002efe                ComfortForwardTemp_CallbackRender
 .text.SwitchOnOutdoorTempMin_ActionCallback
                0x00002f46       0x8a MENU/menu_items.o
                0x00002f46                SwitchOnOutdoorTempMin_ActionCallback
 .text.DHWMinTime_ActionCallback
                0x00002fd0       0x86 MENU/menu_items.o
                0x00002fd0                DHWMinTime_ActionCallback
 .text.DHWMaxTime_ActionCallback
                0x00003056       0x86 MENU/menu_items.o
                0x00003056                DHWMaxTime_ActionCallback
 .text.PumpPlusTime_ActionCallback
                0x000030dc       0x5e MENU/menu_items.o
                0x000030dc                PumpPlusTime_ActionCallback
 .text.DHWTempActual_CallbackRender
                0x0000313a       0x36 MENU/menu_items.o
                0x0000313a                DHWTempActual_CallbackRender
 .text.DHWTempActual_Callback
                0x00003170       0x16 MENU/menu_items.o
                0x00003170                DHWTempActual_Callback
 .text.BufferTempActual_CallbackRender
                0x00003186       0x36 MENU/menu_items.o
                0x00003186                BufferTempActual_CallbackRender
 .text.BufferTempActual_Callback
                0x000031bc       0x16 MENU/menu_items.o
                0x000031bc                BufferTempActual_Callback
 .text.EngineeringTempActual_CallbackRender
                0x000031d2       0x36 MENU/menu_items.o
                0x000031d2                EngineeringTempActual_CallbackRender
 .text.EngineeringTempActual_Callback
                0x00003208       0x16 MENU/menu_items.o
                0x00003208                EngineeringTempActual_Callback
 .text.DHWRelay_CallbackRender
                0x0000321e       0x30 MENU/menu_items.o
                0x0000321e                DHWRelay_CallbackRender
 .text.ZoneValve1_CallbackRender
                0x0000324e       0x30 MENU/menu_items.o
                0x0000324e                ZoneValve1_CallbackRender
 .text.ZoneValve2_CallbackRender
                0x0000327e       0x30 MENU/menu_items.o
                0x0000327e                ZoneValve2_CallbackRender
 .text.BufferValve_CallbackRender
                0x000032ae       0x30 MENU/menu_items.o
                0x000032ae                BufferValve_CallbackRender
 .text.BufferPump_CallbackRender
                0x000032de       0x30 MENU/menu_items.o
                0x000032de                BufferPump_CallbackRender
 .text.GasRelay_CallbackRender
                0x0000330e       0x30 MENU/menu_items.o
                0x0000330e                GasRelay_CallbackRender
 .text.GarageTemp_CallbackRender
                0x0000333e       0x36 MENU/menu_items.o
                0x0000333e                GarageTemp_CallbackRender
 .text.GarageTemp_Callback
                0x00003374       0x16 MENU/menu_items.o
                0x00003374                GarageTemp_Callback
 .text.LivingRoomTemp_CallbackRender
                0x0000338a       0x36 MENU/menu_items.o
                0x0000338a                LivingRoomTemp_CallbackRender
 .text.LivingRoomTemp_Callback
                0x000033c0       0x16 MENU/menu_items.o
                0x000033c0                LivingRoomTemp_Callback
 .text.FloorTemp_CallbackRender
                0x000033d6       0x36 MENU/menu_items.o
                0x000033d6                FloorTemp_CallbackRender
 .text.FloorTemp_Callback
                0x0000340c       0x16 MENU/menu_items.o
                0x0000340c                FloorTemp_Callback
 .text.ClockMinute_CallbackRender
                0x00003422       0x46 MENU/menu_items.o
                0x00003422                ClockMinute_CallbackRender
 .text.ClockMinute_ActionCallback
                0x00003468       0x56 MENU/menu_items.o
                0x00003468                ClockMinute_ActionCallback
 .text.DHWTempDesired_ActionCallback
                0x000034be       0x56 MENU/menu_items.o
                0x000034be                DHWTempDesired_ActionCallback
 .text.DHWTempMin_ActionCallback
                0x00003514       0x56 MENU/menu_items.o
                0x00003514                DHWTempMin_ActionCallback
 .text.DHWSensor_ActionCallback
                0x0000356a       0x64 MENU/menu_items.o
                0x0000356a                DHWSensor_ActionCallback
 .text.ForwardHeatTemp_ActionCallback
                0x000035ce       0x52 MENU/menu_items.o
                0x000035ce                ForwardHeatTemp_ActionCallback
 .text.BufferSensor_ActionCallback
                0x00003620       0x64 MENU/menu_items.o
                0x00003620                BufferSensor_ActionCallback
 .text.EngineeringTempMin_ActionCallback
                0x00003684       0x56 MENU/menu_items.o
                0x00003684                EngineeringTempMin_ActionCallback
 .text.EngineeringTempDesired_ActionCallback
                0x000036da       0x56 MENU/menu_items.o
                0x000036da                EngineeringTempDesired_ActionCallback
 .text.EngineeringSensor_ActionCallback
                0x00003730       0x64 MENU/menu_items.o
                0x00003730                EngineeringSensor_ActionCallback
 .text.DebugMode_ActionCallback
                0x00003794       0x4a MENU/menu_items.o
                0x00003794                DebugMode_ActionCallback
 .text.MenuTimer_ActionCallback
                0x000037de       0x4a MENU/menu_items.o
                0x000037de                MenuTimer_ActionCallback
 .text.LCDBackLight_ActionCallback
                0x00003828       0x5c MENU/menu_items.o
                0x00003828                LCDBackLight_ActionCallback
 .text.ComfortMode_ActionCallback
                0x00003884       0x5e MENU/menu_items.o
                0x00003884                ComfortMode_ActionCallback
 .text.ComfortTemp_ActionCallback
                0x000038e2       0x60 MENU/menu_items.o
                0x000038e2                ComfortTemp_ActionCallback
 .text.ComfortForwardTemp_ActionCallback
                0x00003942       0x64 MENU/menu_items.o
                0x00003942                ComfortForwardTemp_ActionCallback
 .text.DHWRelay_ActionCallback
                0x000039a6       0x3c MENU/menu_items.o
                0x000039a6                DHWRelay_ActionCallback
 .text.ZoneValve1_ActionCallback
                0x000039e2       0x32 MENU/menu_items.o
                0x000039e2                ZoneValve1_ActionCallback
 .text.ZoneValve2_ActionCallback
                0x00003a14       0x32 MENU/menu_items.o
                0x00003a14                ZoneValve2_ActionCallback
 .text.BufferValve_ActionCallback
                0x00003a46       0x32 MENU/menu_items.o
                0x00003a46                BufferValve_ActionCallback
 .text.BufferPump_ActionCallback
                0x00003a78       0x32 MENU/menu_items.o
                0x00003a78                BufferPump_ActionCallback
 .text.GasRelay_ActionCallback
                0x00003aaa       0x30 MENU/menu_items.o
                0x00003aaa                GasRelay_ActionCallback
 .text.menuItemsGetHomeMenu
                0x00003ada        0x6 MENU/menu_items.o
                0x00003ada                menuItemsGetHomeMenu
 .text.menuItemsGetHomeMenuSize
                0x00003ae0        0x4 MENU/menu_items.o
                0x00003ae0                menuItemsGetHomeMenuSize
 .text.menuPortsioInit
                0x00003ae4        0xe MENU/menu_portsio.o
                0x00003ae4                menuPortsioInit
 .text.SPIInit  0x00003af2       0x1e SPI/spi.o
                0x00003af2                SPIInit
 .text.SPIClose
                0x00003b10        0xa SPI/spi.o
                0x00003b10                SPIClose
 .text.SPIWrite
                0x00003b1a       0x2c SPI/spi.o
                0x00003b1a                SPIWrite
 .text.__vector_18
                0x00003b46       0x58 UART/UART.o
                0x00003b46                __vector_18
 .text.__vector_19
                0x00003b9e       0x4a UART/UART.o
                0x00003b9e                __vector_19
 .text.uart_init
                0x00003be8       0x2c UART/UART.o
                0x00003be8                uart_init
 .text.uart_putc
                0x00003c14       0x22 UART/UART.o
                0x00003c14                uart_putc
 .text.uart_puts
                0x00003c36       0x1e UART/UART.o
                0x00003c36                uart_puts
 .text.uart_puts_p
                0x00003c54       0x24 UART/UART.o
                0x00003c54                uart_puts_p
 .text.__vector_30
                0x00003c78       0x5c UART/UART.o
                0x00003c78                __vector_30
 .text.__vector_31
                0x00003cd4       0x54 UART/UART.o
                0x00003cd4                __vector_31
 .text.uart_puti
                0x00003d28       0x36 UART/UART.o
                0x00003d28                uart_puti
 .text.ftoa     0x00003d5e      0x112 Utils/ftoa.o
                0x00003d5e                ftoa
 .text.avr-libc.fplib
                0x00003e70        0xe c:/program files (x86)/atmel/studio/7.0/toolchain/avr8/avr8-gnu-toolchain/bin/../lib/gcc/avr/5.4.0/../../../../avr/lib/avr5\libm.a(addsf3.o)
                0x00003e70                __subsf3
                0x00003e72                __addsf3
 .text.avr-libc.fplib
                0x00003e7e       0xcc c:/program files (x86)/atmel/studio/7.0/toolchain/avr8/avr8-gnu-toolchain/bin/../lib/gcc/avr/5.4.0/../../../../avr/lib/avr5\libm.a(addsf3x.o)
                0x00003ea0                __addsf3x
 .text.avr-libc.fplib
                0x00003f4a        0x8 c:/program files (x86)/atmel/studio/7.0/toolchain/avr8/avr8-gnu-toolchain/bin/../lib/gcc/avr/5.4.0/../../../../avr/lib/avr5\libm.a(divsf3.o)
                0x00003f4a                __divsf3
 .text.avr-libc.fplib
                0x00003f52       0xdc c:/program files (x86)/atmel/studio/7.0/toolchain/avr8/avr8-gnu-toolchain/bin/../lib/gcc/avr/5.4.0/../../../../avr/lib/avr5\libm.a(divsf3x.o)
                0x00003f72                __divsf3x
                0x00003f78                __divsf3_pse
 .text.avr-libc.fplib
                0x0000402e        0xe c:/program files (x86)/atmel/studio/7.0/toolchain/avr8/avr8-gnu-toolchain/bin/../lib/gcc/avr/5.4.0/../../../../avr/lib/avr5\libm.a(fixsfsi.o)
                0x0000402e                __fixsfsi
 .text.avr-libc.fplib
                0x0000403c       0x5e c:/program files (x86)/atmel/studio/7.0/toolchain/avr8/avr8-gnu-toolchain/bin/../lib/gcc/avr/5.4.0/../../../../avr/lib/avr5\libm.a(fixunssfsi.o)
                0x0000403c                __fixunssfsi
 .text.avr-libc.fplib
                0x0000409a       0x7a c:/program files (x86)/atmel/studio/7.0/toolchain/avr8/avr8-gnu-toolchain/bin/../lib/gcc/avr/5.4.0/../../../../avr/lib/avr5\libm.a(floatsisf.o)
                0x0000409a                __floatunsisf
                0x0000409e                __floatsisf
 .text.avr-libc.fplib
                0x00004114        0xc c:/program files (x86)/atmel/studio/7.0/toolchain/avr8/avr8-gnu-toolchain/bin/../lib/gcc/avr/5.4.0/../../../../avr/lib/avr5\libm.a(fp_inf.o)
                0x00004114                __fp_inf
 .text.avr-libc.fplib
                0x00004120        0x6 c:/program files (x86)/atmel/studio/7.0/toolchain/avr8/avr8-gnu-toolchain/bin/../lib/gcc/avr/5.4.0/../../../../avr/lib/avr5\libm.a(fp_nan.o)
                0x00004120                __fp_nan
 .text.avr-libc.fplib
                0x00004126        0xe c:/program files (x86)/atmel/studio/7.0/toolchain/avr8/avr8-gnu-toolchain/bin/../lib/gcc/avr/5.4.0/../../../../avr/lib/avr5\libm.a(fp_pscA.o)
                0x00004126                __fp_pscA
 .text.avr-libc.fplib
                0x00004134        0xe c:/program files (x86)/atmel/studio/7.0/toolchain/avr8/avr8-gnu-toolchain/bin/../lib/gcc/avr/5.4.0/../../../../avr/lib/avr5\libm.a(fp_pscB.o)
                0x00004134                __fp_pscB
 .text.avr-libc.fplib
                0x00004142       0x22 c:/program files (x86)/atmel/studio/7.0/toolchain/avr8/avr8-gnu-toolchain/bin/../lib/gcc/avr/5.4.0/../../../../avr/lib/avr5\libm.a(fp_round.o)
                0x00004142                __fp_round
 .text.avr-libc.fplib
                0x00004164       0x44 c:/program files (x86)/atmel/studio/7.0/toolchain/avr8/avr8-gnu-toolchain/bin/../lib/gcc/avr/5.4.0/../../../../avr/lib/avr5\libm.a(fp_split3.o)
                0x00004164                __fp_split3
                0x00004174                __fp_splitA
 .text.avr-libc.fplib
                0x000041a8        0xe c:/program files (x86)/atmel/studio/7.0/toolchain/avr8/avr8-gnu-toolchain/bin/../lib/gcc/avr/5.4.0/../../../../avr/lib/avr5\libm.a(fp_zero.o)
                0x000041a8                __fp_zero
                0x000041aa                __fp_szero
 .text.avr-libc.fplib
                0x000041b6        0x8 c:/program files (x86)/atmel/studio/7.0/toolchain/avr8/avr8-gnu-toolchain/bin/../lib/gcc/avr/5.4.0/../../../../avr/lib/avr5\libm.a(mulsf3.o)
                0x000041b6                __mulsf3
 .text.avr-libc.fplib
                0x000041be       0xd2 c:/program files (x86)/atmel/studio/7.0/toolchain/avr8/avr8-gnu-toolchain/bin/../lib/gcc/avr/5.4.0/../../../../avr/lib/avr5\libm.a(mulsf3x.o)
                0x000041dc                __mulsf3x
                0x000041e2                __mulsf3_pse
 .text.libgcc.mul
                0x00004290       0x20 c:/program files (x86)/atmel/studio/7.0/toolchain/avr8/avr8-gnu-toolchain/bin/../lib/gcc/avr/5.4.0/avr5\libgcc.a(_mulsi3.o)
                0x00004290                __mulsi3
 .text.libgcc   0x000042b0        0xc c:/program files (x86)/atmel/studio/7.0/toolchain/avr8/avr8-gnu-toolchain/bin/../lib/gcc/avr/5.4.0/avr5\libgcc.a(_tablejump2.o)
                0x000042b0                __tablejump2__
 .text.libgcc.mul
                0x000042bc       0x16 c:/program files (x86)/atmel/studio/7.0/toolchain/avr8/avr8-gnu-toolchain/bin/../lib/gcc/avr/5.4.0/avr5\libgcc.a(_muluhisi3.o)
                0x000042bc                __muluhisi3
 .text.libgcc.mul
                0x000042d2       0x10 c:/program files (x86)/atmel/studio/7.0/toolchain/avr8/avr8-gnu-toolchain/bin/../lib/gcc/avr/5.4.0/avr5\libgcc.a(_mulshisi3.o)
                0x000042d2                __mulshisi3
                0x000042d8                __mulohisi3
 .text.libgcc.mul
                0x000042e2       0x1e c:/program files (x86)/atmel/studio/7.0/toolchain/avr8/avr8-gnu-toolchain/bin/../lib/gcc/avr/5.4.0/avr5\libgcc.a(_umulhisi3.o)
                0x000042e2                __umulhisi3
 .text.avr-libc
                0x00004300       0x16 c:/program files (x86)/atmel/studio/7.0/toolchain/avr8/avr8-gnu-toolchain/bin/../lib/gcc/avr/5.4.0/../../../../avr/lib/avr5\libc.a(itoa_ncheck.o)
                0x00004300                __itoa_ncheck
 .text.avr-libc
                0x00004316       0x34 c:/program files (x86)/atmel/studio/7.0/toolchain/avr8/avr8-gnu-toolchain/bin/../lib/gcc/avr/5.4.0/../../../../avr/lib/avr5\libc.a(utoa_ncheck.o)
                0x00004316                __utoa_ncheck
                0x00004318                __utoa_common
 .text.avr-libc
                0x0000434a       0x20 c:/program files (x86)/atmel/studio/7.0/toolchain/avr8/avr8-gnu-toolchain/bin/../lib/gcc/avr/5.4.0/../../../../avr/lib/avr5\libc.a(strrev.o)
                0x0000434a                strrev
 .text.avr-libc
                0x0000436a       0x10 C:/Program Files (x86)/Atmel/Studio/7.0/Packs/atmel/ATmega_DFP/1.2.209/gcc/dev/atmega64a/avr5\libatmega64a.a(eerd_byte.o)
                0x0000436a                eeprom_read_byte
 .text.avr-libc
                0x0000437a        0xc C:/Program Files (x86)/Atmel/Studio/7.0/Packs/atmel/ATmega_DFP/1.2.209/gcc/dev/atmega64a/avr5\libatmega64a.a(eerd_word.o)
                0x0000437a                eeprom_read_word
 .text.avr-libc
                0x00004386       0x22 C:/Program Files (x86)/Atmel/Studio/7.0/Packs/atmel/ATmega_DFP/1.2.209/gcc/dev/atmega64a/avr5\libatmega64a.a(eeupd_byte.o)
                0x00004386                eeprom_update_byte
                0x00004388                eeprom_update_r18
 .text.avr-libc
                0x000043a8        0xc C:/Program Files (x86)/Atmel/Studio/7.0/Packs/atmel/ATmega_DFP/1.2.209/gcc/dev/atmega64a/avr5\libatmega64a.a(eeupd_word.o)
                0x000043a8                eeprom_update_word
 .text.avr-libc
                0x000043b4       0x20 C:/Program Files (x86)/Atmel/Studio/7.0/Packs/atmel/ATmega_DFP/1.2.209/gcc/dev/atmega64a/avr5\libatmega64a.a(eerd_block.o)
                0x000043b4                eeprom_read_block
                0x000043b8                eeprom_read_blraw
                0x000043d4                . = ALIGN (0x2)
 *(.fini9)
 .fini9         0x000043d4        0x0 c:/program files (x86)/atmel/studio/7.0/toolchain/avr8/avr8-gnu-toolchain/bin/../lib/gcc/avr/5.4.0/avr5\libgcc.a(_exit.o)
                0x000043d4                _exit
                0x000043d4                exit
 *(.fini9)
 *(.fini8)
 *(.fini8)
 *(.fini7)
 *(.fini7)
 *(.fini6)
 *(.fini6)
 *(.fini5)
 *(.fini5)
 *(.fini4)
 *(.fini4)
 *(.fini3)
 *(.fini3)
 *(.fini2)
 *(.fini2)
 *(.fini1)
 *(.fini1)
 *(.fini0)
 .fini0         0x000043d4        0x4 c:/program files (x86)/atmel/studio/7.0/toolchain/avr8/avr8-gnu-toolchain/bin/../lib/gcc/avr/5.4.0/avr5\libgcc.a(_exit.o)
 *(.fini0)
                0x000043d8                _etext = .

.data           0x00800100      0x456 load address 0x000043d8
                0x00800100                PROVIDE (__data_start, .)
 *(.data)
 *(.data*)
 .data.display.2919
                0x00800100        0x1 main.o
 .data.Day      0x00800101        0x1 main.o
                0x00800101                Day
 .data.Month    0x00800102        0x1 main.o
                0x00800102                Month
 .data.Year     0x00800103        0x2 main.o
                0x00800103                Year
 .data.FloorSensorID
                0x00800105        0x1 main.o
                0x00800105                FloorSensorID
 .data.LivingRoomSensorID
                0x00800106        0x1 main.o
                0x00800106                LivingRoomSensorID
 .data.EngineeringSensorID
                0x00800107        0x1 main.o
                0x00800107                EngineeringSensorID
 .data.GarageSensorID
                0x00800108        0x1 main.o
                0x00800108                GarageSensorID
 .data.BufferSensorID
                0x00800109        0x1 main.o
                0x00800109                BufferSensorID
 .data.ForwardHeatTemp
                0x0080010a        0x1 main.o
                0x0080010a                ForwardHeatTemp
 .data.ComfortForwardTemp
                0x0080010b        0x1 main.o
                0x0080010b                ComfortForwardTemp
 .data.ComfortTemp
                0x0080010c        0x1 main.o
                0x0080010c                ComfortTemp
 .data.PumpPlusTime
                0x0080010d        0x2 main.o
                0x0080010d                PumpPlusTime
 .data.MenuTimer
                0x0080010f        0x1 main.o
                0x0080010f                MenuTimer
 .data.menu_buttons
                0x00800110       0x14 MENU/menu.o
 .data.current_state
                0x00800124        0x2 MENU/menu.o
 .data.menu_states
                0x00800126       0x23 MENU/menu.o
 .data.home_items
                0x00800149       0x3f MENU/menu_items.o
 .data.SYSPARAM_submenu
                0x00800188       0x36 MENU/menu_items.o
 .data.COMFORT_submenu
                0x008001be       0x1b MENU/menu_items.o
 .data.CLOCK_submenu
                0x008001d9       0x36 MENU/menu_items.o
 .data.SENSORS_submenu
                0x0080020f       0x1b MENU/menu_items.o
 .data.RELAYS_submenu
                0x0080022a       0x36 MENU/menu_items.o
 .data.ENGINEERING_submenu
                0x00800260       0x24 MENU/menu_items.o
 .data.BUFFER_submenu
                0x00800284       0x1b MENU/menu_items.o
 .data.DHW_submenu
                0x0080029f       0x2d MENU/menu_items.o
 .data.DHWHOURS_submenu
                0x008002cc       0x12 MENU/menu_items.o
 .data.BME280_submenu
                0x008002de       0x1b MENU/menu_items.o
 *(.gnu.linkonce.d*)
 *(.rodata)
 .rodata        0x008002f9       0x24 Utils/ftoa.o
 *(.rodata*)
 .rodata.str1.1
                0x0080031d      0x238 MENU/menu_items.o
                                0x23c (size before relaxing)
 *(.gnu.linkonce.r*)
                0x00800556                . = ALIGN (0x2)
 *fill*         0x00800555        0x1 
                0x00800556                _edata = .
                0x00800556                PROVIDE (__data_end, .)

.bss            0x00800556      0x13f
                0x00800556                PROVIDE (__bss_start, .)
 *(.bss)
 *(.bss*)
 .bss.pumpplustime.3022
                0x00800556        0x2 main.o
 .bss.timerstate.2920
                0x00800558        0x1 main.o
 .bss.DayName   0x00800559        0x1 main.o
                0x00800559                DayName
 .bss.ClockInitialized
                0x0080055a        0x1 main.o
                0x0080055a                ClockInitialized
 .bss.Seconds   0x0080055b        0x1 main.o
                0x0080055b                Seconds
 .bss.Minute    0x0080055c        0x1 main.o
                0x0080055c                Minute
 .bss.Hour      0x0080055d        0x1 main.o
                0x0080055d                Hour
 .bss.DHWSensorID
                0x0080055e        0x1 main.o
                0x0080055e                DHWSensorID
 .bss.Relays    0x0080055f        0x1 main.o
                0x0080055f                Relays
 .bss.ComfortMode
                0x00800560        0x1 main.o
                0x00800560                ComfortMode
 .bss.LCDBackLight
                0x00800561        0x1 main.o
                0x00800561                LCDBackLight
 .bss.DebugMode
                0x00800562        0x1 main.o
                0x00800562                DebugMode
 .bss.TimerElapsed
                0x00800563        0x1 main.o
                0x00800563                TimerElapsed
 .bss.UART1_LastRxError
                0x00800564        0x1 UART/UART.o
 .bss.UART1_RxTail
                0x00800565        0x1 UART/UART.o
 .bss.UART1_RxHead
                0x00800566        0x1 UART/UART.o
 .bss.UART1_TxTail
                0x00800567        0x1 UART/UART.o
 .bss.UART1_TxHead
                0x00800568        0x1 UART/UART.o
 .bss.UART1_RxBuf
                0x00800569       0x20 UART/UART.o
 .bss.UART1_TxBuf
                0x00800589       0x20 UART/UART.o
 .bss.UART_LastRxError
                0x008005a9        0x1 UART/UART.o
 .bss.UART_RxTail
                0x008005aa        0x1 UART/UART.o
 .bss.UART_RxHead
                0x008005ab        0x1 UART/UART.o
 .bss.UART_TxTail
                0x008005ac        0x1 UART/UART.o
 .bss.UART_TxHead
                0x008005ad        0x1 UART/UART.o
 .bss.UART_RxBuf
                0x008005ae       0x20 UART/UART.o
 .bss.UART_TxBuf
                0x008005ce       0x20 UART/UART.o
 *(COMMON)
 COMMON         0x008005ee       0x25 BME280/bme280.o
                0x008005ee                _bme280_calib
                0x0080060f                t_fine
 COMMON         0x00800613        0x7 DS18B20/onewire.o
                0x00800613                OW_OUT
                0x00800615                OW_PIN_MASK
                0x00800616                OW_IN
                0x00800618                OW_DDR
 COMMON         0x0080061a       0x7b main.o
                0x0080061a                LivingRoomTemp
                0x0080061b                EngineeringTempDesired
                0x0080061c                LivingRoomTempBuf
                0x0080061f                BME280Temp
                0x00800623                BME280Humid
                0x00800627                FloorTempBuf
                0x0080062a                SwitchOnOutdoorTempMin
                0x0080062c                EngineeringTempActualBuf
                0x0080062f                nSensors
                0x00800630                DHWTempMin
                0x00800631                EngineeringTempActual
                0x00800632                DHWTempActualBuf
                0x00800635                EngineeringTempActualFracBuf
                0x00800638                DHWTempDesired
                0x00800639                GarageTemp
                0x0080063a                DHWTempActual
                0x0080063b                BufferTempActualBuf
                0x0080063e                FloorTempFracBuf
                0x00800641                GarageTempFracBuf
                0x00800644                DHWMinTime
                0x00800646                BME280TempBuf
                0x0080064c                BufferTempActualFracBuf
                0x0080064f                DHWMaxTime
                0x00800651                LivingRoomTempFracBuf
                0x00800654                EngineeringTempMin
                0x00800655                FloorTemp
                0x00800656                DHWTempActualFracBuf
                0x00800659                BME280HumidBuf
                0x0080065f                gSensorIDs
                0x0080068f                GarageTempBuf
                0x00800692                BME280TempUint
                0x00800694                BufferTempActual
                0x00800695                PROVIDE (__bss_end, .)
                0x000043d8                __data_load_start = LOADADDR (.data)
                0x0000482e                __data_load_end = (__data_load_start + SIZEOF (.data))

.noinit         0x00800695        0x0
                [!provide]                PROVIDE (__noinit_start, .)
 *(.noinit*)
                [!provide]                PROVIDE (__noinit_end, .)
                0x00800695                _end = .
                [!provide]                PROVIDE (__heap_start, .)

.eeprom         0x00810000       0x19
 *(.eeprom*)
 .eeprom        0x00810000       0x19 main.o
                0x00810000                eeFloorSensorID
                0x00810001                eeLivingRoomSensorID
                0x00810002                eeEngineeringSensorID
                0x00810003                eeGarageSensorID
                0x00810004                eeBufferSensorID
                0x00810005                eeDHWSensorID
                0x00810006                eeSwitchOnOutdoorTempMin
                0x00810008                eeEngineeringTempMin
                0x00810009                eeEngineeringTempDesired
                0x0081000a                eeForwardHeatTemp
                0x0081000b                eeDHWMaxTime
                0x0081000d                eeDHWMinTime
                0x0081000f                eeDHWTempMin
                0x00810010                eeDHWTempDesired
                0x00810011                eeComfortForwardTemp
                0x00810012                eeComfortTemp
                0x00810013                eeComfortMode
                0x00810014                eePumpPlusTime
                0x00810016                eeLCDBackLight
                0x00810017                eeMenuTimer
                0x00810018                eeDebugMode
                0x00810019                __eeprom_end = .

.fuse
 *(.fuse)
 *(.lfuse)
 *(.hfuse)
 *(.efuse)

.lock
 *(.lock*)

.signature
 *(.signature*)

.user_signatures
 *(.user_signatures*)

.stab
 *(.stab)

.stabstr
 *(.stabstr)

.stab.excl
 *(.stab.excl)

.stab.exclstr
 *(.stab.exclstr)

.stab.index
 *(.stab.index)

.stab.indexstr
 *(.stab.indexstr)

.comment        0x00000000       0x30
 *(.comment)
 .comment       0x00000000       0x30 BME280/bme280.o
                                 0x31 (size before relaxing)
 .comment       0x00000030       0x31 DS18B20/crc8.o
 .comment       0x00000030       0x31 DS18B20/ds18x20.o
 .comment       0x00000030       0x31 DS18B20/onewire.o
 .comment       0x00000030       0x31 I2C/i2c_master.o
 .comment       0x00000030       0x31 LCD/lcd.o
 .comment       0x00000030       0x31 main.o
 .comment       0x00000030       0x31 MENU/menu.o
 .comment       0x00000030       0x31 MENU/menu_items.o
 .comment       0x00000030       0x31 MENU/menu_portsio.o
 .comment       0x00000030       0x31 SPI/spi.o
 .comment       0x00000030       0x31 UART/UART.o
 .comment       0x00000030       0x31 Utils/ftoa.o

.note.gnu.avr.deviceinfo
                0x00000000       0x3c
 .note.gnu.avr.deviceinfo
                0x00000000       0x3c C:/Program Files (x86)/Atmel/Studio/7.0/Packs/atmel/ATmega_DFP/1.2.209/gcc/dev/atmega64a/avr5/crtatmega64a.o

.note.gnu.build-id
 *(.note.gnu.build-id)

.debug
 *(.debug)

.line
 *(.line)

.debug_srcinfo
 *(.debug_srcinfo)

.debug_sfnames
 *(.debug_sfnames)

.debug_aranges  0x00000000      0x758
 *(.debug_aranges)
 .debug_aranges
                0x00000000       0x78 BME280/bme280.o
 .debug_aranges
                0x00000078       0x20 DS18B20/crc8.o
 .debug_aranges
                0x00000098       0x60 DS18B20/ds18x20.o
 .debug_aranges
                0x000000f8       0x68 DS18B20/onewire.o
 .debug_aranges
                0x00000160       0x68 I2C/i2c_master.o
 .debug_aranges
                0x000001c8       0xc8 LCD/lcd.o
 .debug_aranges
                0x00000290       0x58 main.o
 .debug_aranges
                0x000002e8       0x38 MENU/menu.o
 .debug_aranges
                0x00000320      0x288 MENU/menu_items.o
 .debug_aranges
                0x000005a8       0x20 MENU/menu_portsio.o
 .debug_aranges
                0x000005c8       0x30 SPI/spi.o
 .debug_aranges
                0x000005f8       0xa0 UART/UART.o
 .debug_aranges
                0x00000698       0x20 Utils/ftoa.o
 .debug_aranges
                0x000006b8       0x20 C:/Program Files (x86)/Atmel/Studio/7.0/Packs/atmel/ATmega_DFP/1.2.209/gcc/dev/atmega64a/avr5\libatmega64a.a(eerd_byte.o)
 .debug_aranges
                0x000006d8       0x20 C:/Program Files (x86)/Atmel/Studio/7.0/Packs/atmel/ATmega_DFP/1.2.209/gcc/dev/atmega64a/avr5\libatmega64a.a(eerd_word.o)
 .debug_aranges
                0x000006f8       0x20 C:/Program Files (x86)/Atmel/Studio/7.0/Packs/atmel/ATmega_DFP/1.2.209/gcc/dev/atmega64a/avr5\libatmega64a.a(eeupd_byte.o)
 .debug_aranges
                0x00000718       0x20 C:/Program Files (x86)/Atmel/Studio/7.0/Packs/atmel/ATmega_DFP/1.2.209/gcc/dev/atmega64a/avr5\libatmega64a.a(eeupd_word.o)
 .debug_aranges
                0x00000738       0x20 C:/Program Files (x86)/Atmel/Studio/7.0/Packs/atmel/ATmega_DFP/1.2.209/gcc/dev/atmega64a/avr5\libatmega64a.a(eerd_block.o)

.debug_pubnames
 *(.debug_pubnames)

.debug_info     0x00000000     0x93f7
 *(.debug_info .gnu.linkonce.wi.*)
 .debug_info    0x00000000      0x780 C:/Program Files (x86)/Atmel/Studio/7.0/Packs/atmel/ATmega_DFP/1.2.209/gcc/dev/atmega64a/avr5/crtatmega64a.o
 .debug_info    0x00000780      0xb20 BME280/bme280.o
 .debug_info    0x000012a0      0x106 DS18B20/crc8.o
 .debug_info    0x000013a6      0x60f DS18B20/ds18x20.o
 .debug_info    0x000019b5      0x499 DS18B20/onewire.o
 .debug_info    0x00001e4e      0x3fe I2C/i2c_master.o
 .debug_info    0x0000224c      0x9f7 LCD/lcd.o
 .debug_info    0x00002c43     0x2000 main.o
 .debug_info    0x00004c43      0x77e MENU/menu.o
 .debug_info    0x000053c1     0x31e6 MENU/menu_items.o
 .debug_info    0x000085a7       0x9a MENU/menu_portsio.o
 .debug_info    0x00008641       0xce SPI/spi.o
 .debug_info    0x0000870f      0x753 UART/UART.o
 .debug_info    0x00008e62      0x23b Utils/ftoa.o
 .debug_info    0x0000909d       0xab C:/Program Files (x86)/Atmel/Studio/7.0/Packs/atmel/ATmega_DFP/1.2.209/gcc/dev/atmega64a/avr5\libatmega64a.a(eerd_byte.o)
 .debug_info    0x00009148       0xab C:/Program Files (x86)/Atmel/Studio/7.0/Packs/atmel/ATmega_DFP/1.2.209/gcc/dev/atmega64a/avr5\libatmega64a.a(eerd_word.o)
 .debug_info    0x000091f3       0xac C:/Program Files (x86)/Atmel/Studio/7.0/Packs/atmel/ATmega_DFP/1.2.209/gcc/dev/atmega64a/avr5\libatmega64a.a(eeupd_byte.o)
 .debug_info    0x0000929f       0xac C:/Program Files (x86)/Atmel/Studio/7.0/Packs/atmel/ATmega_DFP/1.2.209/gcc/dev/atmega64a/avr5\libatmega64a.a(eeupd_word.o)
 .debug_info    0x0000934b       0xac C:/Program Files (x86)/Atmel/Studio/7.0/Packs/atmel/ATmega_DFP/1.2.209/gcc/dev/atmega64a/avr5\libatmega64a.a(eerd_block.o)

.debug_abbrev   0x00000000     0x1de6
 *(.debug_abbrev)
 .debug_abbrev  0x00000000      0x718 C:/Program Files (x86)/Atmel/Studio/7.0/Packs/atmel/ATmega_DFP/1.2.209/gcc/dev/atmega64a/avr5/crtatmega64a.o
 .debug_abbrev  0x00000718      0x1fb BME280/bme280.o
 .debug_abbrev  0x00000913       0x8b DS18B20/crc8.o
 .debug_abbrev  0x0000099e      0x186 DS18B20/ds18x20.o
 .debug_abbrev  0x00000b24      0x1b9 DS18B20/onewire.o
 .debug_abbrev  0x00000cdd      0x14c I2C/i2c_master.o
 .debug_abbrev  0x00000e29      0x2c6 LCD/lcd.o
 .debug_abbrev  0x000010ef      0x300 main.o
 .debug_abbrev  0x000013ef      0x23f MENU/menu.o
 .debug_abbrev  0x0000162e      0x307 MENU/menu_items.o
 .debug_abbrev  0x00001935       0x6b MENU/menu_portsio.o
 .debug_abbrev  0x000019a0       0x87 SPI/spi.o
 .debug_abbrev  0x00001a27      0x1e1 UART/UART.o
 .debug_abbrev  0x00001c08      0x17a Utils/ftoa.o
 .debug_abbrev  0x00001d82       0x14 C:/Program Files (x86)/Atmel/Studio/7.0/Packs/atmel/ATmega_DFP/1.2.209/gcc/dev/atmega64a/avr5\libatmega64a.a(eerd_byte.o)
 .debug_abbrev  0x00001d96       0x14 C:/Program Files (x86)/Atmel/Studio/7.0/Packs/atmel/ATmega_DFP/1.2.209/gcc/dev/atmega64a/avr5\libatmega64a.a(eerd_word.o)
 .debug_abbrev  0x00001daa       0x14 C:/Program Files (x86)/Atmel/Studio/7.0/Packs/atmel/ATmega_DFP/1.2.209/gcc/dev/atmega64a/avr5\libatmega64a.a(eeupd_byte.o)
 .debug_abbrev  0x00001dbe       0x14 C:/Program Files (x86)/Atmel/Studio/7.0/Packs/atmel/ATmega_DFP/1.2.209/gcc/dev/atmega64a/avr5\libatmega64a.a(eeupd_word.o)
 .debug_abbrev  0x00001dd2       0x14 C:/Program Files (x86)/Atmel/Studio/7.0/Packs/atmel/ATmega_DFP/1.2.209/gcc/dev/atmega64a/avr5\libatmega64a.a(eerd_block.o)

.debug_line     0x00000000     0x4422
 *(.debug_line .debug_line.* .debug_line_end)
 .debug_line    0x00000000      0x169 C:/Program Files (x86)/Atmel/Studio/7.0/Packs/atmel/ATmega_DFP/1.2.209/gcc/dev/atmega64a/avr5/crtatmega64a.o
 .debug_line    0x00000169      0x463 BME280/bme280.o
 .debug_line    0x000005cc       0xf1 DS18B20/crc8.o
 .debug_line    0x000006bd      0x397 DS18B20/ds18x20.o
 .debug_line    0x00000a54      0x36e DS18B20/onewire.o
 .debug_line    0x00000dc2      0x318 I2C/i2c_master.o
 .debug_line    0x000010da      0x71d LCD/lcd.o
 .debug_line    0x000017f7      0xa5e main.o
 .debug_line    0x00002255      0x3b5 MENU/menu.o
 .debug_line    0x0000260a     0x1480 MENU/menu_items.o
 .debug_line    0x00003a8a       0xb2 MENU/menu_portsio.o
 .debug_line    0x00003b3c      0x10c SPI/spi.o
 .debug_line    0x00003c48      0x451 UART/UART.o
 .debug_line    0x00004099       0xeb Utils/ftoa.o
 .debug_line    0x00004184       0x7a C:/Program Files (x86)/Atmel/Studio/7.0/Packs/atmel/ATmega_DFP/1.2.209/gcc/dev/atmega64a/avr5\libatmega64a.a(eerd_byte.o)
 .debug_line    0x000041fe       0x67 C:/Program Files (x86)/Atmel/Studio/7.0/Packs/atmel/ATmega_DFP/1.2.209/gcc/dev/atmega64a/avr5\libatmega64a.a(eerd_word.o)
 .debug_line    0x00004265       0xb0 C:/Program Files (x86)/Atmel/Studio/7.0/Packs/atmel/ATmega_DFP/1.2.209/gcc/dev/atmega64a/avr5\libatmega64a.a(eeupd_byte.o)
 .debug_line    0x00004315       0x62 C:/Program Files (x86)/Atmel/Studio/7.0/Packs/atmel/ATmega_DFP/1.2.209/gcc/dev/atmega64a/avr5\libatmega64a.a(eeupd_word.o)
 .debug_line    0x00004377       0xab C:/Program Files (x86)/Atmel/Studio/7.0/Packs/atmel/ATmega_DFP/1.2.209/gcc/dev/atmega64a/avr5\libatmega64a.a(eerd_block.o)

.debug_frame    0x00000000     0x1350
 *(.debug_frame)
 .debug_frame   0x00000000      0x1f8 BME280/bme280.o
 .debug_frame   0x000001f8       0x24 DS18B20/crc8.o
 .debug_frame   0x0000021c      0x194 DS18B20/ds18x20.o
 .debug_frame   0x000003b0      0x100 DS18B20/onewire.o
 .debug_frame   0x000004b0      0x15c I2C/i2c_master.o
 .debug_frame   0x0000060c      0x20c LCD/lcd.o
 .debug_frame   0x00000818      0x104 main.o
 .debug_frame   0x0000091c       0xc0 MENU/menu.o
 .debug_frame   0x000009dc      0x694 MENU/menu_items.o
 .debug_frame   0x00001070       0x24 MENU/menu_portsio.o
 .debug_frame   0x00001094       0x44 SPI/spi.o
 .debug_frame   0x000010d8      0x1f4 UART/UART.o
 .debug_frame   0x000012cc       0x84 Utils/ftoa.o

.debug_str      0x00000000     0x1eff
 *(.debug_str)
 .debug_str     0x00000000      0x27e C:/Program Files (x86)/Atmel/Studio/7.0/Packs/atmel/ATmega_DFP/1.2.209/gcc/dev/atmega64a/avr5/crtatmega64a.o
 .debug_str     0x0000027e      0x5ae BME280/bme280.o
                                0x5fe (size before relaxing)
 .debug_str     0x0000082c       0x5b DS18B20/crc8.o
                                0x1a4 (size before relaxing)
 .debug_str     0x00000887      0x19d DS18B20/ds18x20.o
                                0x2ff (size before relaxing)
 .debug_str     0x00000a24       0x7a DS18B20/onewire.o
                                0x22e (size before relaxing)
 .debug_str     0x00000a9e       0x6c I2C/i2c_master.o
                                0x1f4 (size before relaxing)
 .debug_str     0x00000b0a      0x18e LCD/lcd.o
                                0x2ea (size before relaxing)
 .debug_str     0x00000c98      0x53e main.o
                                0x9d8 (size before relaxing)
 .debug_str     0x000011d6      0x218 MENU/menu.o
                                0x43c (size before relaxing)
 .debug_str     0x000013ee      0x920 MENU/menu_items.o
                                0xf57 (size before relaxing)
 .debug_str     0x00001d0e       0x33 MENU/menu_portsio.o
                                0x17e (size before relaxing)
 .debug_str     0x00001d41        0xd SPI/spi.o
                                0x16f (size before relaxing)
 .debug_str     0x00001d4e      0x187 UART/UART.o
                                0x356 (size before relaxing)
 .debug_str     0x00001ed5       0x2a Utils/ftoa.o
                                0x1a5 (size before relaxing)

.debug_loc      0x00000000     0x6a45
 *(.debug_loc)
 .debug_loc     0x00000000      0x949 BME280/bme280.o
 .debug_loc     0x00000949      0x1c0 DS18B20/crc8.o
 .debug_loc     0x00000b09      0x83d DS18B20/ds18x20.o
 .debug_loc     0x00001346      0x4cc DS18B20/onewire.o
 .debug_loc     0x00001812      0x6b8 I2C/i2c_master.o
 .debug_loc     0x00001eca      0xa81 LCD/lcd.o
 .debug_loc     0x0000294b      0x62c main.o
 .debug_loc     0x00002f77      0x3b1 MENU/menu.o
 .debug_loc     0x00003328     0x2bba MENU/menu_items.o
 .debug_loc     0x00005ee2       0x21 SPI/spi.o
 .debug_loc     0x00005f03      0x770 UART/UART.o
 .debug_loc     0x00006673      0x3d2 Utils/ftoa.o

.debug_macinfo
 *(.debug_macinfo)

.debug_weaknames
 *(.debug_weaknames)

.debug_funcnames
 *(.debug_funcnames)

.debug_typenames
 *(.debug_typenames)

.debug_varnames
 *(.debug_varnames)

.debug_pubtypes
 *(.debug_pubtypes)

.debug_ranges   0x00000000      0x720
 *(.debug_ranges)
 .debug_ranges  0x00000000       0x68 BME280/bme280.o
 .debug_ranges  0x00000068       0x10 DS18B20/crc8.o
 .debug_ranges  0x00000078       0x50 DS18B20/ds18x20.o
 .debug_ranges  0x000000c8       0x58 DS18B20/onewire.o
 .debug_ranges  0x00000120       0x88 I2C/i2c_master.o
 .debug_ranges  0x000001a8       0xe8 LCD/lcd.o
 .debug_ranges  0x00000290       0x68 main.o
 .debug_ranges  0x000002f8       0xb0 MENU/menu.o
 .debug_ranges  0x000003a8      0x278 MENU/menu_items.o
 .debug_ranges  0x00000620       0x10 MENU/menu_portsio.o
 .debug_ranges  0x00000630       0x20 SPI/spi.o
 .debug_ranges  0x00000650       0xc0 UART/UART.o
 .debug_ranges  0x00000710       0x10 Utils/ftoa.o

.debug_macro
 *(.debug_macro)
OUTPUT(futes_vezerlo.elf elf32-avr)
LOAD linker stubs
