Archive member included to satisfy reference by file (symbol)

c:/program files (x86)/atmel/studio/7.0/toolchain/avr8/avr8-gnu-toolchain/bin/../lib/gcc/avr/5.4.0/../../../../avr/lib/avr5\libm.a(addsf3.o)
                              HIHxxxx/HIHxxxx.o (__subsf3)
c:/program files (x86)/atmel/studio/7.0/toolchain/avr8/avr8-gnu-toolchain/bin/../lib/gcc/avr/5.4.0/../../../../avr/lib/avr5\libm.a(addsf3x.o)
                              c:/program files (x86)/atmel/studio/7.0/toolchain/avr8/avr8-gnu-toolchain/bin/../lib/gcc/avr/5.4.0/../../../../avr/lib/avr5\libm.a(addsf3.o) (__addsf3x)
c:/program files (x86)/atmel/studio/7.0/toolchain/avr8/avr8-gnu-toolchain/bin/../lib/gcc/avr/5.4.0/../../../../avr/lib/avr5\libm.a(cmpsf2.o)
                              main.o (__ltsf2)
c:/program files (x86)/atmel/studio/7.0/toolchain/avr8/avr8-gnu-toolchain/bin/../lib/gcc/avr/5.4.0/../../../../avr/lib/avr5\libm.a(divsf3.o)
                              HIHxxxx/HIHxxxx.o (__divsf3)
c:/program files (x86)/atmel/studio/7.0/toolchain/avr8/avr8-gnu-toolchain/bin/../lib/gcc/avr/5.4.0/../../../../avr/lib/avr5\libm.a(divsf3x.o)
                              c:/program files (x86)/atmel/studio/7.0/toolchain/avr8/avr8-gnu-toolchain/bin/../lib/gcc/avr/5.4.0/../../../../avr/lib/avr5\libm.a(divsf3.o) (__divsf3x)
c:/program files (x86)/atmel/studio/7.0/toolchain/avr8/avr8-gnu-toolchain/bin/../lib/gcc/avr/5.4.0/../../../../avr/lib/avr5\libm.a(fixsfsi.o)
                              main.o (__fixsfsi)
c:/program files (x86)/atmel/studio/7.0/toolchain/avr8/avr8-gnu-toolchain/bin/../lib/gcc/avr/5.4.0/../../../../avr/lib/avr5\libm.a(fixunssfsi.o)
                              c:/program files (x86)/atmel/studio/7.0/toolchain/avr8/avr8-gnu-toolchain/bin/../lib/gcc/avr/5.4.0/../../../../avr/lib/avr5\libm.a(fixsfsi.o) (__fixunssfsi)
c:/program files (x86)/atmel/studio/7.0/toolchain/avr8/avr8-gnu-toolchain/bin/../lib/gcc/avr/5.4.0/../../../../avr/lib/avr5\libm.a(floatsisf.o)
                              HIHxxxx/HIHxxxx.o (__floatsisf)
c:/program files (x86)/atmel/studio/7.0/toolchain/avr8/avr8-gnu-toolchain/bin/../lib/gcc/avr/5.4.0/../../../../avr/lib/avr5\libm.a(fp_cmp.o)
                              c:/program files (x86)/atmel/studio/7.0/toolchain/avr8/avr8-gnu-toolchain/bin/../lib/gcc/avr/5.4.0/../../../../avr/lib/avr5\libm.a(cmpsf2.o) (__fp_cmp)
c:/program files (x86)/atmel/studio/7.0/toolchain/avr8/avr8-gnu-toolchain/bin/../lib/gcc/avr/5.4.0/../../../../avr/lib/avr5\libm.a(fp_inf.o)
                              c:/program files (x86)/atmel/studio/7.0/toolchain/avr8/avr8-gnu-toolchain/bin/../lib/gcc/avr/5.4.0/../../../../avr/lib/avr5\libm.a(addsf3x.o) (__fp_inf)
c:/program files (x86)/atmel/studio/7.0/toolchain/avr8/avr8-gnu-toolchain/bin/../lib/gcc/avr/5.4.0/../../../../avr/lib/avr5\libm.a(fp_nan.o)
                              c:/program files (x86)/atmel/studio/7.0/toolchain/avr8/avr8-gnu-toolchain/bin/../lib/gcc/avr/5.4.0/../../../../avr/lib/avr5\libm.a(addsf3x.o) (__fp_nan)
c:/program files (x86)/atmel/studio/7.0/toolchain/avr8/avr8-gnu-toolchain/bin/../lib/gcc/avr/5.4.0/../../../../avr/lib/avr5\libm.a(fp_pscA.o)
                              c:/program files (x86)/atmel/studio/7.0/toolchain/avr8/avr8-gnu-toolchain/bin/../lib/gcc/avr/5.4.0/../../../../avr/lib/avr5\libm.a(addsf3x.o) (__fp_pscA)
c:/program files (x86)/atmel/studio/7.0/toolchain/avr8/avr8-gnu-toolchain/bin/../lib/gcc/avr/5.4.0/../../../../avr/lib/avr5\libm.a(fp_pscB.o)
                              c:/program files (x86)/atmel/studio/7.0/toolchain/avr8/avr8-gnu-toolchain/bin/../lib/gcc/avr/5.4.0/../../../../avr/lib/avr5\libm.a(addsf3x.o) (__fp_pscB)
c:/program files (x86)/atmel/studio/7.0/toolchain/avr8/avr8-gnu-toolchain/bin/../lib/gcc/avr/5.4.0/../../../../avr/lib/avr5\libm.a(fp_round.o)
                              c:/program files (x86)/atmel/studio/7.0/toolchain/avr8/avr8-gnu-toolchain/bin/../lib/gcc/avr/5.4.0/../../../../avr/lib/avr5\libm.a(addsf3.o) (__fp_round)
c:/program files (x86)/atmel/studio/7.0/toolchain/avr8/avr8-gnu-toolchain/bin/../lib/gcc/avr/5.4.0/../../../../avr/lib/avr5\libm.a(fp_split3.o)
                              c:/program files (x86)/atmel/studio/7.0/toolchain/avr8/avr8-gnu-toolchain/bin/../lib/gcc/avr/5.4.0/../../../../avr/lib/avr5\libm.a(addsf3x.o) (__fp_split3)
c:/program files (x86)/atmel/studio/7.0/toolchain/avr8/avr8-gnu-toolchain/bin/../lib/gcc/avr/5.4.0/../../../../avr/lib/avr5\libm.a(fp_zero.o)
                              c:/program files (x86)/atmel/studio/7.0/toolchain/avr8/avr8-gnu-toolchain/bin/../lib/gcc/avr/5.4.0/../../../../avr/lib/avr5\libm.a(addsf3x.o) (__fp_zero)
c:/program files (x86)/atmel/studio/7.0/toolchain/avr8/avr8-gnu-toolchain/bin/../lib/gcc/avr/5.4.0/../../../../avr/lib/avr5\libm.a(gesf2.o)
                              main.o (__gtsf2)
c:/program files (x86)/atmel/studio/7.0/toolchain/avr8/avr8-gnu-toolchain/bin/../lib/gcc/avr/5.4.0/../../../../avr/lib/avr5\libm.a(mulsf3.o)
[...]
Memory Configuration

Name             Origin             Length             Attributes
text             0x00000000         0x00010000         xr
data             0x00800100         0x00001000         rw !x
eeprom           0x00810000         0x00000800         rw !x
fuse             0x00820000         0x00000003         rw !x
lock             0x00830000         0x00000400         rw !x
signature        0x00840000         0x00000400         rw !x
user_signatures  0x00850000         0x00000400         rw !x
*default*        0x00000000         0xffffffff

Linker script and memory map

Address of section .data set to 0x800100
LOAD C:/Program Files (x86)/Atmel/Studio/7.0/Packs/Atmel/ATmega_DFP/1.6.364/gcc/dev/atmega64a/avr5/crtatmega64a.o
LOAD DS18B20/crc8.o
LOAD DS18B20/delay.o
LOAD DS18B20/ds18x20.o
LOAD DS18B20/onewire.o
LOAD HIHxxxx/HIHxxxx.o
LOAD I2C/i2c_master.o
LOAD LCD/lcd.o
LOAD main.o
LOAD MAX31865/max31865.o
LOAD MENU/menu.o
LOAD MENU/menu_items.o
LOAD MENU/menu_portsio.o
LOAD SPI/spi.o
LOAD UART/UART.o
LOAD Utils/ftoa.o
START GROUP
LOAD c:/program files (x86)/atmel/studio/7.0/toolchain/avr8/avr8-gnu-toolchain/bin/../lib/gcc/avr/5.4.0/../../../../avr/lib/avr5\libm.a
LOAD c:/program files (x86)/atmel/studio/7.0/toolchain/avr8/avr8-gnu-toolchain/bin/../lib/gcc/avr/5.4.0/../../../../avr/lib/avr5\libm.a
END GROUP
START GROUP
LOAD c:/program files (x86)/atmel/studio/7.0/toolchain/avr8/avr8-gnu-toolchain/bin/../lib/gcc/avr/5.4.0/avr5\libgcc.a
LOAD c:/program files (x86)/atmel/studio/7.0/toolchain/avr8/avr8-gnu-toolchain/bin/../lib/gcc/avr/5.4.0/../../../../avr/lib/avr5\libm.a
LOAD c:/program files (x86)/atmel/studio/7.0/toolchain/avr8/avr8-gnu-toolchain/bin/../lib/gcc/avr/5.4.0/../../../../avr/lib/avr5\libc.a
LOAD C:/Program Files (x86)/Atmel/Studio/7.0/Packs/Atmel/ATmega_DFP/1.6.364/gcc/dev/atmega64a/avr5\libatmega64a.a
END GROUP
                [0x00000000]                __TEXT_REGION_ORIGIN__ = DEFINED (__TEXT_REGION_ORIGIN__)?__TEXT_REGION_ORIGIN__:0x0
                [0x00800100]                __DATA_REGION_ORIGIN__ = DEFINED (__DATA_REGION_ORIGIN__)?__DATA_REGION_ORIGIN__:0x800060
                [0x00010000]                __TEXT_REGION_LENGTH__ = DEFINED (__TEXT_REGION_LENGTH__)?__TEXT_REGION_LENGTH__:0x20000
                [0x00001000]                __DATA_REGION_LENGTH__ = DEFINED (__DATA_REGION_LENGTH__)?__DATA_REGION_LENGTH__:0xffa0
                [0x00000800]                __EEPROM_REGION_LENGTH__ = DEFINED (__EEPROM_REGION_LENGTH__)?__EEPROM_REGION_LENGTH__:0x10000
                [0x00000003]                __FUSE_REGION_LENGTH__ = DEFINED (__FUSE_REGION_LENGTH__)?__FUSE_REGION_LENGTH__:0x400
                0x00000400                __LOCK_REGION_LENGTH__ = DEFINED (__LOCK_REGION_LENGTH__)?__LOCK_REGION_LENGTH__:0x400
                0x00000400                __SIGNATURE_REGION_LENGTH__ = DEFINED (__SIGNATURE_REGION_LENGTH__)?__SIGNATURE_REGION_LENGTH__:0x400
                0x00000400                __USER_SIGNATURE_REGION_LENGTH__ = DEFINED (__USER_SIGNATURE_REGION_LENGTH__)?__USER_SIGNATURE_REGION_LENGTH__:0x400

.hash
 *(.hash)

.dynsym
 *(.dynsym)

.dynstr
 *(.dynstr)

.gnu.version
 *(.gnu.version)

.gnu.version_d
 *(.gnu.version_d)

.gnu.version_r
 *(.gnu.version_r)

.rel.init
 *(.rel.init)

.rela.init
 *(.rela.init)

.rel.text
 *(.rel.text)
 *(.rel.text.*)
 *(.rel.gnu.linkonce.t*)

.rela.text
 *(.rela.text)
 *(.rela.text.*)
 *(.rela.gnu.linkonce.t*)

.rel.fini
 *(.rel.fini)

.rela.fini
 *(.rela.fini)

.rel.rodata
 *(.rel.rodata)
 *(.rel.rodata.*)
 *(.rel.gnu.linkonce.r*)

.rela.rodata
 *(.rela.rodata)
 *(.rela.rodata.*)
 *(.rela.gnu.linkonce.r*)

.rel.data
 *(.rel.data)
 *(.rel.data.*)
 *(.rel.gnu.linkonce.d*)

.rela.data
 *(.rela.data)
 *(.rela.data.*)
 *(.rela.gnu.linkonce.d*)

.rel.ctors
 *(.rel.ctors)

.rela.ctors
 *(.rela.ctors)

.rel.dtors
 *(.rel.dtors)

.rela.dtors
 *(.rela.dtors)

.rel.got
 *(.rel.got)

.rela.got
 *(.rela.got)

.rel.bss
 *(.rel.bss)

.rela.bss
 *(.rela.bss)

.rel.plt
 *(.rel.plt)

.rela.plt
 *(.rela.plt)

.text           0x00000000     0x6846
 *(.vectors)
 .vectors       0x00000000       0x8c C:/Program Files (x86)/Atmel/Studio/7.0/Packs/Atmel/ATmega_DFP/1.6.364/gcc/dev/atmega64a/avr5/crtatmega64a.o
                0x00000000                __vector_default
                0x00000000                __vectors
 *(.vectors)
 *(.progmem.gcc*)
 .progmem.gcc_sw_table.lcd_putc_hu
                0x0000008c       0x78 LCD/lcd.o
 .progmem.gcc_sw_table.SensorRead
                0x00000104       0x1c main.o
 .progmem.gcc_sw_table.main
                0x00000120       0x18 main.o
 .progmem.gcc_sw_table.ClockDayName_CallbackRender
                0x00000138        0xe MENU/menu_items.o
 .progmem.gcc_sw_table.Wood_CallbackRender
                0x00000146        0xe MENU/menu_items.o
                0x00000154                . = ALIGN (0x2)
                0x00000154                __trampolines_start = .
 *(.trampolines)
 .trampolines   0x00000154        0x0 linker stubs
 *(.trampolines*)
                0x00000154                __trampolines_end = .
 *libprintf_flt.a:*(.progmem.data)
 *libc.a:*(.progmem.data)
 *(.progmem*)
 .progmem.data.magyar_betuk
                0x00000154       0x38 LCD/lcd.o
 .progmem.data.__c.3298
                0x0000018c        0x4 main.o
 .progmem.data.__c.3296
                0x00000190        0xa main.o
 .progmem.data.__c.3294
                0x0000019a       0x12 main.o
 .progmem.data.__c.3292
                0x000001ac        0x7 main.o
 .progmem.data.__c.3290
                0x000001b3       0x14 main.o
 .progmem.data.__c.3288
                0x000001c7       0x13 main.o
 .progmem.data.__c.3286
                0x000001da        0xc main.o
 .progmem.data.__c.3280
                0x000001e6       0x14 main.o
 .progmem.data.__c.3278
                0x000001fa       0x15 main.o
 .progmem.data.__c.3253
                0x0000020f        0x3 main.o
 .progmem.data.__c.3248
                0x00000212        0x3 main.o
 .progmem.data.__c.3246
                0x00000215        0x2 main.o
 .progmem.data.__c.3244
                0x00000217        0xb main.o
 .progmem.data.__c.3241
                0x00000222       0x11 main.o
 .progmem.data.__c.3239
                0x00000233       0x12 main.o
 .progmem.data.__c.3230
                0x00000245        0x3 main.o
 .progmem.data.__c.3228
                0x00000248        0x5 main.o
 .progmem.data.__c.3211
                0x0000024d        0xb main.o
 .progmem.data.__c.3209
                0x00000258        0x5 main.o
 .progmem.data.__c.3207
                0x0000025d        0xd main.o
 .progmem.data.__c.3205
                0x0000026a        0x4 main.o
 .progmem.data.__c.3203
                0x0000026e        0xa main.o
 .progmem.data.__c.3201
                0x00000278        0x8 main.o
 .progmem.data.__c.3199
                0x00000280        0x9 main.o
 .progmem.data.__c.3196
                0x00000289        0x8 main.o
 .progmem.data.__c.3193
                0x00000291        0x7 main.o
 .progmem.data.__c.3190
                0x00000298        0x5 main.o
 .progmem.data.__c.3187
                0x0000029d        0x7 main.o
 .progmem.data.__c.3184
                0x000002a4        0x5 main.o
 .progmem.data.__c.3180
                0x000002a9        0x6 main.o
 .progmem.data.__c.3177
                0x000002af        0x2 main.o
 .progmem.data.__c.3175
                0x000002b1        0x2 main.o
 .progmem.data.__c.3173
                0x000002b3        0x2 main.o
 .progmem.data.__c.3171
                0x000002b5        0x3 main.o
 .progmem.data.__c.3169
                0x000002b8        0x2 main.o
 .progmem.data.__c.3167
                0x000002ba        0xc main.o
 .progmem.data.__c.3165
                0x000002c6        0x3 main.o
 .progmem.data.__c.3163
                0x000002c9        0x2 main.o
 .progmem.data.__c.3161
                0x000002cb        0xb main.o
 .progmem.data.__c.3159
                0x000002d6        0x3 main.o
 .progmem.data.__c.3157
                0x000002d9        0x2 main.o
 .progmem.data.__c.3155
                0x000002db        0x8 main.o
 .progmem.data.__c.3153
                0x000002e3        0x3 main.o
 .progmem.data.__c.3151
                0x000002e6        0x2 main.o
 .progmem.data.__c.3149
                0x000002e8        0x7 main.o
 .progmem.data.__c.3147
                0x000002ef        0x3 main.o
 .progmem.data.__c.3145
                0x000002f2        0x2 main.o
 .progmem.data.__c.3143
                0x000002f4        0x9 main.o
 .progmem.data.__c.3141
                0x000002fd        0x3 main.o
 .progmem.data.__c.3139
                0x00000300        0x2 main.o
 .progmem.data.__c.3137
                0x00000302        0x8 main.o
 .progmem.data.__c.3135
                0x0000030a        0x3 main.o
 .progmem.data.__c.3133
                0x0000030d        0x2 main.o
 .progmem.data.__c.3131
                0x0000030f        0x4 main.o
 .progmem.data.__c.3129
                0x00000313        0x3 main.o
 .progmem.data.__c.3127
                0x00000316        0x5 main.o
 .progmem.data.__c.3125
                0x0000031b        0x3 main.o
 .progmem.data.__c.3123
                0x0000031e        0x2 main.o
 .progmem.data.__c.3121
                0x00000320        0x8 main.o
 .progmem.data.__c.3119
                0x00000328        0x3 main.o
 .progmem.data.__c.3117
                0x0000032b        0x2 main.o
 .progmem.data.__c.3115
                0x0000032d        0x8 main.o
 .progmem.data.__c.3113
                0x00000335        0x3 main.o
 .progmem.data.__c.3111
                0x00000338        0x2 main.o
 .progmem.data.__c.3109
                0x0000033a        0x5 main.o
 .progmem.data.__c.3106
                0x0000033f        0x2 main.o
 .progmem.data.__c.3104
                0x00000341        0x2 main.o
 .progmem.data.__c.3102
                0x00000343        0x5 main.o
 .progmem.data.__c.3100
                0x00000348        0x2 main.o
 .progmem.data.__c.3098
                0x0000034a        0x2 main.o
 .progmem.data.__c.3096
                0x0000034c        0x5 main.o
 .progmem.data.__c.3094
                0x00000351        0x2 main.o
 .progmem.data.__c.3092
                0x00000353        0x5 main.o
 .progmem.data.__c.3090
                0x00000358        0x2 main.o
 .progmem.data.__c.3088
                0x0000035a        0x2 main.o
 .progmem.data.__c.3086
                0x0000035c        0x5 main.o
 .progmem.data.__c.3084
                0x00000361        0x2 main.o
 .progmem.data.__c.3082
                0x00000363        0x2 main.o
 .progmem.data.__c.3080
                0x00000365        0x5 main.o
 .progmem.data.__c.3078
                0x0000036a        0x2 main.o
 .progmem.data.__c.3076
                0x0000036c        0x2 main.o
 .progmem.data.__c.3074
                0x0000036e        0x5 main.o
 .progmem.data.__c.3071
                0x00000373        0x2 main.o
 .progmem.data.__c.3069
                0x00000375        0x5 main.o
 .progmem.data.__c.3067
                0x0000037a        0x2 main.o
 .progmem.data.__c.3065
                0x0000037c        0x5 main.o
 .progmem.data.__c.3063
                0x00000381        0x2 main.o
 .progmem.data.__c.3061
                0x00000383        0x2 main.o
 .progmem.data.__c.3059
                0x00000385        0x5 main.o
 .progmem.data.__c.3057
                0x0000038a        0x2 main.o
 .progmem.data.__c.3055
                0x0000038c        0x2 main.o
 .progmem.data.__c.3053
                0x0000038e        0x4 main.o
 .progmem.data.__c.3051
                0x00000392        0x2 main.o
 .progmem.data.__c.3049
                0x00000394        0x2 main.o
 .progmem.data.__c.3047
                0x00000396        0x4 main.o
 .progmem.data.__c.3044
                0x0000039a        0x2 main.o
 .progmem.data.__c.3042
                0x0000039c        0x2 main.o
 .progmem.data.__c.3040
                0x0000039e        0x4 main.o
 .progmem.data.__c.3038
                0x000003a2        0x2 main.o
 .progmem.data.__c.3036
                0x000003a4        0x2 main.o
 .progmem.data.__c.3034
                0x000003a6        0x4 main.o
 .progmem.data.__c.3032
                0x000003aa        0x2 main.o
 .progmem.data.__c.3030
                0x000003ac        0x2 main.o
 .progmem.data.__c.3028
                0x000003ae        0x4 main.o
 .progmem.data.__c.3026
                0x000003b2        0x2 main.o
 .progmem.data.__c.3024
                0x000003b4        0x2 main.o
 .progmem.data.__c.3022
                0x000003b6        0x4 main.o
 .progmem.data.__c.3020
                0x000003ba        0x2 main.o
 .progmem.data.__c.3018
                0x000003bc        0x2 main.o
 .progmem.data.__c.3016
                0x000003be        0x4 main.o
 .progmem.data.__c.3009
                0x000003c2        0x2 main.o
 .progmem.data.__c.3007
                0x000003c4        0x2 main.o
 .progmem.data.__c.3005
                0x000003c6        0x2 main.o
 .progmem.data.__c.3003
                0x000003c8        0x2 main.o
 .progmem.data.__c.2999
                0x000003ca        0x2 main.o
 .progmem.data.__c.2997
                0x000003cc        0x5 main.o
 .progmem.data.__c.2995
                0x000003d1        0x2 main.o
 .progmem.data.__c.2993
                0x000003d3        0x5 main.o
 .progmem.data.fraccel_lookup
                0x000003d8       0x10 main.o
 .progmem.data.magyar_betuk
                0x000003e8       0x38 main.o
 .progmem.data.__c.3644
                0x00000420        0xe MENU/menu_items.o
 .progmem.data.__c.3629
                0x0000042e        0x2 MENU/menu_items.o
 .progmem.data.__c.3627
                0x00000430        0x8 MENU/menu_items.o
 .progmem.data.__c.3613
                0x00000438        0x2 MENU/menu_items.o
 .progmem.data.__c.3611
                0x0000043a        0x8 MENU/menu_items.o
 .progmem.data.__c.3596
                0x00000442       0x12 MENU/menu_items.o
 .progmem.data.__c.3582
                0x00000454        0xc MENU/menu_items.o
 .progmem.data.__c.3566
                0x00000460        0xe MENU/menu_items.o
 .progmem.data.__c.3564
                0x0000046e        0xc MENU/menu_items.o
 .progmem.data.__c.3562
                0x0000047a        0xb MENU/menu_items.o
 .progmem.data.__c.3560
                0x00000485        0xc MENU/menu_items.o
 .progmem.data.__c.3558
                0x00000491        0xc MENU/menu_items.o
 .progmem.data.__c.3543
                0x0000049d        0x9 MENU/menu_items.o
 .progmem.data.__c.3540
                0x000004a6        0x8 MENU/menu_items.o
 .progmem.data.__c.3537
                0x000004ae        0x7 MENU/menu_items.o
 .progmem.data.__c.3534
                0x000004b5        0xa MENU/menu_items.o
 .progmem.data.__c.3531
                0x000004bf        0x7 MENU/menu_items.o
 .progmem.data.__c.3528
                0x000004c6        0x5 MENU/menu_items.o
 .progmem.data.__c.3524
                0x000004cb        0x6 MENU/menu_items.o
 .progmem.data.__c.3521
                0x000004d1        0x8 MENU/menu_items.o
 .progmem.data.__c.3506
                0x000004d9        0x4 MENU/menu_items.o
 .progmem.data.__c.3491
                0x000004dd        0x6 MENU/menu_items.o
 .progmem.data.__c.3476
                0x000004e3        0x3 MENU/menu_items.o
 .progmem.data.__c.3461
                0x000004e6        0x5 MENU/menu_items.o
 .progmem.data.__c.3446
                0x000004eb        0x4 MENU/menu_items.o
 .progmem.data.__c.3431
                0x000004ef        0xd MENU/menu_items.o
 .progmem.data.__c.3416
                0x000004fc       0x14 MENU/menu_items.o
 .progmem.data.__c.3401
                0x00000510        0xb MENU/menu_items.o
 .progmem.data.__c.3386
                0x0000051b       0x12 MENU/menu_items.o
 .progmem.data.__c.3372
                0x0000052d        0xc MENU/menu_items.o
 .progmem.data.__c.3369
                0x00000539        0x9 MENU/menu_items.o
 .progmem.data.__c.3365
                0x00000542        0xc MENU/menu_items.o
 .progmem.data.__c.3362
                0x0000054e        0xa MENU/menu_items.o
 .progmem.data.__c.3342
                0x00000558       0x12 MENU/menu_items.o
 .progmem.data.__c.3337
                0x0000056a        0x3 MENU/menu_items.o
 .progmem.data.__c.3335
                0x0000056d        0x2 MENU/menu_items.o
 .progmem.data.__c.3333
                0x0000056f        0xf MENU/menu_items.o
 .progmem.data.__c.3314
                0x0000057e       0x12 MENU/menu_items.o
 .progmem.data.__c.3309
                0x00000590        0x3 MENU/menu_items.o
 .progmem.data.__c.3307
                0x00000593        0x2 MENU/menu_items.o
 .progmem.data.__c.3305
                0x00000595       0x13 MENU/menu_items.o
 .progmem.data.__c.3286
                0x000005a8       0x11 MENU/menu_items.o
 .progmem.data.__c.3281
                0x000005b9        0x3 MENU/menu_items.o
 .progmem.data.__c.3279
                0x000005bc        0x2 MENU/menu_items.o
 .progmem.data.__c.3277
                0x000005be        0xe MENU/menu_items.o
 .progmem.data.__c.3258
                0x000005cc       0x12 MENU/menu_items.o
 .progmem.data.__c.3253
                0x000005de        0x3 MENU/menu_items.o
 .progmem.data.__c.3251
                0x000005e1        0x2 MENU/menu_items.o
 .progmem.data.__c.3249
                0x000005e3       0x13 MENU/menu_items.o
 .progmem.data.__c.3230
                0x000005f6       0x11 MENU/menu_items.o
 .progmem.data.__c.3225
                0x00000607        0x3 MENU/menu_items.o
 .progmem.data.__c.3223
                0x0000060a        0x2 MENU/menu_items.o
 .progmem.data.__c.3221
                0x0000060c        0xe MENU/menu_items.o
 .progmem.data.__c.3202
                0x0000061a       0x11 MENU/menu_items.o
 .progmem.data.__c.3197
                0x0000062b        0x3 MENU/menu_items.o
 .progmem.data.__c.3195
                0x0000062e        0x2 MENU/menu_items.o
 .progmem.data.__c.3192
                0x00000630        0x3 MENU/menu_items.o
 .progmem.data.__c.3190
                0x00000633        0x2 MENU/menu_items.o
 .progmem.data.__c.3188
                0x00000635        0xe MENU/menu_items.o
 .progmem.data.__c.3169
                0x00000643       0x13 MENU/menu_items.o
 .progmem.data.__c.3164
                0x00000656        0x3 MENU/menu_items.o
 .progmem.data.__c.3162
                0x00000659        0x2 MENU/menu_items.o
 .progmem.data.__c.3159
                0x0000065b        0x3 MENU/menu_items.o
 .progmem.data.__c.3157
                0x0000065e        0x2 MENU/menu_items.o
 .progmem.data.__c.3155
                0x00000660       0x10 MENU/menu_items.o
 .progmem.data.__c.3136
                0x00000670       0x12 MENU/menu_items.o
 .progmem.data.__c.3131
                0x00000682        0x3 MENU/menu_items.o
 .progmem.data.__c.3129
                0x00000685        0x2 MENU/menu_items.o
 .progmem.data.__c.3126
                0x00000687        0x3 MENU/menu_items.o
 .progmem.data.__c.3124
                0x0000068a        0x2 MENU/menu_items.o
 .progmem.data.__c.3122
                0x0000068c        0xf MENU/menu_items.o
 .progmem.data.__c.3107
                0x0000069b        0x3 MENU/menu_items.o
 .progmem.data.__c.3105
                0x0000069e        0x3 MENU/menu_items.o
 .progmem.data.__c.3103
                0x000006a1        0xc MENU/menu_items.o
 .progmem.data.__c.3089
                0x000006ad        0x3 MENU/menu_items.o
 .progmem.data.__c.3087
                0x000006b0        0x3 MENU/menu_items.o
 .progmem.data.__c.3085
                0x000006b3       0x11 MENU/menu_items.o
 .progmem.data.__c.3071
                0x000006c4        0x4 MENU/menu_items.o
 .progmem.data.__c.3069
                0x000006c8        0x7 MENU/menu_items.o
 .progmem.data.__c.3067
                0x000006cf       0x14 MENU/menu_items.o
 .progmem.data.__c.3053
                0x000006e3        0x3 MENU/menu_items.o
 .progmem.data.__c.3051
                0x000006e6        0x3 MENU/menu_items.o
 .progmem.data.__c.3049
                0x000006e9       0x12 MENU/menu_items.o
 .progmem.data.__c.3035
                0x000006fb        0x3 MENU/menu_items.o
 .progmem.data.__c.3033
                0x000006fe        0x3 MENU/menu_items.o
 .progmem.data.__c.3031
                0x00000701       0x15 MENU/menu_items.o
 .progmem.data.__c.3017
                0x00000716        0x3 MENU/menu_items.o
 .progmem.data.__c.3015
                0x00000719        0x3 MENU/menu_items.o
 .progmem.data.__c.3013
                0x0000071c       0x13 MENU/menu_items.o
 .progmem.data.__c.2993
                0x0000072f       0x12 MENU/menu_items.o
 .progmem.data.__c.2979
                0x00000741       0x12 MENU/menu_items.o
 .progmem.data.__c.2964
                0x00000753        0xf MENU/menu_items.o
 .progmem.data.__c.2958
                0x00000762        0x3 MENU/menu_items.o
 .progmem.data.__c.2956
                0x00000765        0x2 MENU/menu_items.o
 .progmem.data.__c.2953
                0x00000767        0x3 MENU/menu_items.o
 .progmem.data.__c.2951
                0x0000076a        0x2 MENU/menu_items.o
 .progmem.data.__c.2949
                0x0000076c        0xf MENU/menu_items.o
 .progmem.data.__c.2929
                0x0000077b       0x12 MENU/menu_items.o
 .progmem.data.__c.2915
                0x0000078d        0xf MENU/menu_items.o
 .progmem.data.__c.2900
                0x0000079c        0xe MENU/menu_items.o
 .progmem.data.__c.2894
                0x000007aa        0x3 MENU/menu_items.o
 .progmem.data.__c.2892
                0x000007ad        0x2 MENU/menu_items.o
 .progmem.data.__c.2889
                0x000007af        0x3 MENU/menu_items.o
 .progmem.data.__c.2887
                0x000007b2        0x2 MENU/menu_items.o
 .progmem.data.__c.2885
                0x000007b4        0xf MENU/menu_items.o
 .progmem.data.__c.2850
                0x000007c3        0x3 MENU/menu_items.o
 .progmem.data.__c.2847
                0x000007c6        0x3 MENU/menu_items.o
 .progmem.data.__c.2845
                0x000007c9        0x3 MENU/menu_items.o
 .progmem.data.__c.2843
                0x000007cc        0x7 MENU/menu_items.o
 .progmem.data.__c.2840
                0x000007d3        0xc MENU/menu_items.o
 .progmem.data.__c.2838
                0x000007df        0xc MENU/menu_items.o
 .progmem.data.__c.2836
                0x000007eb        0x6 MENU/menu_items.o
 .progmem.data.__c.2833
                0x000007f1        0x7 MENU/menu_items.o
 .progmem.data.__c.2829
                0x000007f8        0x3 MENU/menu_items.o
 .progmem.data.__c.2827
                0x000007fb        0x2 MENU/menu_items.o
 .progmem.data.__c.2825
                0x000007fd        0x4 MENU/menu_items.o
 .progmem.data.__c.2820
                0x00000801        0xc MENU/menu_items.o
 .progmem.data.__c.2804
                0x0000080d        0x2 MENU/menu_items.o
 .progmem.data.__c.2802
                0x0000080f        0x8 MENU/menu_items.o
 .progmem.data.__c.2788
                0x00000817        0x2 MENU/menu_items.o
 .progmem.data.__c.2786
                0x00000819        0x8 MENU/menu_items.o
 .progmem.data.__c.2767
                0x00000821        0xf MENU/menu_items.o
 .progmem.data.__c.2753
                0x00000830        0xc MENU/menu_items.o
 .progmem.data.__c.2738
                0x0000083c        0xf MENU/menu_items.o
 .progmem.data.__c.2732
                0x0000084b        0x3 MENU/menu_items.o
 .progmem.data.__c.2730
                0x0000084e        0x2 MENU/menu_items.o
 .progmem.data.__c.2727
                0x00000850        0x3 MENU/menu_items.o
 .progmem.data.__c.2725
                0x00000853        0x2 MENU/menu_items.o
 .progmem.data.__c.2723
                0x00000855        0xc MENU/menu_items.o
 .progmem.data.__c.2683
                0x00000861        0x3 MENU/menu_items.o
 .progmem.data.__c.2680
                0x00000864        0x7 MENU/menu_items.o
 .progmem.data.__c.2677
                0x0000086b        0x6 MENU/menu_items.o
 .progmem.data.__c.2674
                0x00000871        0x7 MENU/menu_items.o
 .progmem.data.__c.2671
                0x00000878        0x3 MENU/menu_items.o
 .progmem.data.__c.2669
                0x0000087b        0x8 MENU/menu_items.o
 .progmem.data.__c.2666
                0x00000883        0x5 MENU/menu_items.o
 .progmem.data.__c.2664
                0x00000888        0x6 MENU/menu_items.o
 .progmem.data.__c.2662
                0x0000088e        0x7 MENU/menu_items.o
 .progmem.data.__c.2658
                0x00000895        0x3 MENU/menu_items.o
 .progmem.data.__c.2656
                0x00000898        0x2 MENU/menu_items.o
 .progmem.data.__c.2654
                0x0000089a        0x4 MENU/menu_items.o
 .progmem.data.__c.2651
                0x0000089e        0xe MENU/menu_items.o
 .progmem.data.__c.2635
                0x000008ac        0xe MENU/menu_items.o
 .progmem.data.__c.2621
                0x000008ba        0x9 MENU/menu_items.o
 .progmem.data.__c.2619
                0x000008c3        0x6 MENU/menu_items.o
 .progmem.data.__c.2617
                0x000008c9       0x11 MENU/menu_items.o
 .progmem.data.__c.2612
                0x000008da        0xd MENU/menu_items.o
 .progmem.data.__c.2607
                0x000008e7        0xc MENU/menu_items.o
                0x000008f4                . = ALIGN (0x2)
 *fill*         0x000008f3        0x1 
 *(.jumptables)
 *(.jumptables*)
 *(.lowtext)
 *(.lowtext*)
                0x000008f4                __ctors_start = .
 *(.ctors)
                0x000008f4                __ctors_end = .
                0x000008f4                __dtors_start = .
 *(.dtors)
                0x000008f4                __dtors_end = .
 SORT(*)(.ctors)
 SORT(*)(.dtors)
 *(.init0)
 .init0         0x000008f4        0x0 C:/Program Files (x86)/Atmel/Studio/7.0/Packs/Atmel/ATmega_DFP/1.6.364/gcc/dev/atmega64a/avr5/crtatmega64a.o
                0x000008f4                __init
 *(.init0)
 *(.init1)
 *(.init1)
 *(.init2)
 .init2         0x000008f4        0xc C:/Program Files (x86)/Atmel/Studio/7.0/Packs/Atmel/ATmega_DFP/1.6.364/gcc/dev/atmega64a/avr5/crtatmega64a.o
 *(.init2)
 *(.init3)
 *(.init3)
 *(.init4)
 .init4         0x00000900       0x16 c:/program files (x86)/atmel/studio/7.0/toolchain/avr8/avr8-gnu-toolchain/bin/../lib/gcc/avr/5.4.0/avr5\libgcc.a(_copy_data.o)
                0x00000900                __do_copy_data
 .init4         0x00000916       0x10 c:/program files (x86)/atmel/studio/7.0/toolchain/avr8/avr8-gnu-toolchain/bin/../lib/gcc/avr/5.4.0/avr5\libgcc.a(_clear_bss.o)
                0x00000916                __do_clear_bss
 *(.init4)
 *(.init5)
 *(.init5)
 *(.init6)
 *(.init6)
 *(.init7)
 *(.init7)
 *(.init8)
 *(.init8)
 *(.init9)
 .init9         0x00000926        0x8 C:/Program Files (x86)/Atmel/Studio/7.0/Packs/Atmel/ATmega_DFP/1.6.364/gcc/dev/atmega64a/avr5/crtatmega64a.o
 *(.init9)
 *(.text)
 .text          0x0000092e        0x2 C:/Program Files (x86)/Atmel/Studio/7.0/Packs/Atmel/ATmega_DFP/1.6.364/gcc/dev/atmega64a/avr5/crtatmega64a.o
                0x0000092e                __vector_22
                0x0000092e                __vector_28
                0x0000092e                __vector_1
                0x0000092e                __vector_32
                0x0000092e                __vector_34
                0x0000092e                __vector_24
                0x0000092e                __bad_interrupt
                0x0000092e                __vector_6
                0x0000092e                __vector_3
                0x0000092e                __vector_23
                0x0000092e                __vector_25
                0x0000092e                __vector_11
                0x0000092e                __vector_13
                0x0000092e                __vector_17
                0x0000092e                __vector_7
                0x0000092e                __vector_27
                0x0000092e                __vector_5
                0x0000092e                __vector_33
                0x0000092e                __vector_4
                0x0000092e                __vector_9
                0x0000092e                __vector_2
                0x0000092e                __vector_21
                0x0000092e                __vector_29
                0x0000092e                __vector_8
                0x0000092e                __vector_26
                0x0000092e                __vector_14
                0x0000092e                __vector_16
                0x0000092e                __vector_20
                0x00000930                . = ALIGN (0x2)
 *(.text.*)
 .text.crc8     0x00000930       0x3e DS18B20/crc8.o
                0x00000930                crc8
 .text.DS18X20_meas_to_cel
                0x0000096e       0x88 DS18B20/ds18x20.o
                0x0000096e                DS18X20_meas_to_cel
 .text.DS18X20_find_sensor
                0x000009f6       0x36 DS18B20/ds18x20.o
                0x000009f6                DS18X20_find_sensor
 .text.DS18X20_start_meas
                0x00000a2c       0x36 DS18B20/ds18x20.o
                0x00000a2c                DS18X20_start_meas
 .text.DS18X20_read_meas
                0x00000a62       0xaa DS18B20/ds18x20.o
                0x00000a62                DS18X20_read_meas
 .text.ow_input_pin_state
                0x00000b0c       0x12 DS18B20/onewire.o
                0x00000b0c                ow_input_pin_state
 .text.ow_parasite_enable
                0x00000b1e       0x26 DS18B20/onewire.o
                0x00000b1e                ow_parasite_enable
 .text.ow_reset
                0x00000b44       0x92 DS18B20/onewire.o
                0x00000b44                ow_reset
 .text.ow_set_bus
                0x00000bd6       0x28 DS18B20/onewire.o
                0x00000bd6                ow_set_bus
 .text.ow_bit_io
                0x00000bfe       0x80 DS18B20/onewire.o
                0x00000bfe                ow_bit_io
 .text.ow_byte_wr
                0x00000c7e       0x20 DS18B20/onewire.o
                0x00000c7e                ow_byte_wr
 .text.ow_byte_rd
                0x00000c9e        0x4 DS18B20/onewire.o
                0x00000c9e                ow_byte_rd
 .text.ow_rom_search
                0x00000ca2       0xaa DS18B20/onewire.o
                0x00000ca2                ow_rom_search
 .text.ow_command
                0x00000d4c       0x48 DS18B20/onewire.o
                0x00000d4c                ow_command
 .text.StartHIHxxxxMeasurement
                0x00000d94       0x10 HIHxxxx/HIHxxxx.o
                0x00000d94                StartHIHxxxxMeasurement
 .text.ReadHIHxxxxMeasurement
                0x00000da4       0xf4 HIHxxxx/HIHxxxx.o
                0x00000da4                ReadHIHxxxxMeasurement
 .text.i2c_init
                0x00000e98        0x8 I2C/i2c_master.o
                0x00000e98                i2c_init
 .text.i2c_start
                0x00000ea0       0x44 I2C/i2c_master.o
                0x00000ea0                i2c_start
 .text.i2c_write
                0x00000ee4       0x24 I2C/i2c_master.o
                0x00000ee4                i2c_write
 .text.i2c_read_nack
                0x00000f08       0x14 I2C/i2c_master.o
                0x00000f08                i2c_read_nack
 .text.i2c_receive
                0x00000f1c       0x6e I2C/i2c_master.o
                0x00000f1c                i2c_receive
 .text.i2c_stop
                0x00000f8a        0x8 I2C/i2c_master.o
                0x00000f8a                i2c_stop
 .text.lcd_write
                0x00000f92       0x62 LCD/lcd.o
 .text.lcd_read.constprop.0
                0x00000ff4       0x48 LCD/lcd.o
 .text.lcd_waitbusy
                0x0000103c       0x10 LCD/lcd.o
 .text.lcd_gotoxy
                0x0000104c       0x40 LCD/lcd.o
                0x0000104c                lcd_gotoxy
 .text.lcd_clrscr
                0x0000108c        0x8 LCD/lcd.o
                0x0000108c                lcd_clrscr
 .text.lcd_putc
                0x00001094       0x3c LCD/lcd.o
                0x00001094                lcd_putc
 .text.lcd_puts_p
                0x000010d0       0x22 LCD/lcd.o
                0x000010d0                lcd_puts_p
 .text.lcd_init
                0x000010f2       0x86 LCD/lcd.o
                0x000010f2                lcd_init
 .text.lcd_defc
                0x00001178       0x30 LCD/lcd.o
                0x00001178                lcd_defc
 .text.lcd_putbyte_hex
                0x000011a8       0x30 LCD/lcd.o
                0x000011a8                lcd_putbyte_hex
 .text.lcd_putbit
                0x000011d8       0x22 LCD/lcd.o
                0x000011d8                lcd_putbit
 .text.lcd_putc_hu
                0x000011fa       0x3c LCD/lcd.o
                0x000011fa                lcd_putc_hu
 .text.lcd_puts
                0x00001236       0x1e LCD/lcd.o
                0x00001236                lcd_puts
 .text.lcd_puti
                0x00001254       0x58 LCD/lcd.o
                0x00001254                lcd_puti
 .text.lcd_puti16
                0x000012ac       0x4c LCD/lcd.o
                0x000012ac                lcd_puti16
 .text.lcd_puts_hu
                0x000012f8       0x22 LCD/lcd.o
                0x000012f8                lcd_puts_hu
 .text.__vector_12
                0x0000131a       0x26 main.o
                0x0000131a                __vector_12
 .text.__vector_15
                0x00001340       0x48 main.o
                0x00001340                __vector_15
 .text.__vector_10
                0x00001388       0x4e main.o
                0x00001388                __vector_10
 .text.TempToVariable
                0x000013d6       0x54 main.o
                0x000013d6                TempToVariable
 .text.search_sensors
                0x0000142a      0x112 main.o
                0x0000142a                search_sensors
 .text.SensorRead
                0x0000153c      0xaca main.o
                0x0000153c                SensorRead
 .text.SwitchRelays
                0x00002006       0x12 main.o
                0x00002006                SwitchRelays
 .text.TurnOTGasOn
                0x00002018       0x24 main.o
                0x00002018                TurnOTGasOn
 .text.TurnOTGasOff
                0x0000203c       0x1a main.o
                0x0000203c                TurnOTGasOff
 .text.SecondFloorCondition
                0x00002056       0x64 main.o
                0x00002056                SecondFloorCondition
 .text.CheckConditions
                0x000020ba      0x694 main.o
                0x000020ba                CheckConditions
 .text.read_from_eeprom
                0x0000274e      0x27a main.o
                0x0000274e                read_from_eeprom
 .text.startup.main
                0x000029c8      0x2b8 main.o
                0x000029c8                main
 .text.renderMenu
                0x00002c80       0xc6 MENU/menu.o
 .text.menuInit
                0x00002d46       0x1e MENU/menu.o
                0x00002d46                menuInit
 .text.menuPollButtons
                0x00002d64      0x2b0 MENU/menu.o
                0x00002d64                menuPollButtons
 .text.Simple_Callback
                0x00003014       0x10 MENU/menu_items.o
                0x00003014                Simple_Callback
 .text.SwitchOnOutdoorTemp_CallbackRender
                0x00003024       0x2c MENU/menu_items.o
                0x00003024                SwitchOnOutdoorTemp_CallbackRender
 .text.Mode_CallbackRender
                0x00003050       0x3c MENU/menu_items.o
                0x00003050                Mode_CallbackRender
 .text.ClockDayName_CallbackRender
                0x0000308c       0x68 MENU/menu_items.o
                0x0000308c                ClockDayName_CallbackRender
 .text.ClockDayName_ActionCallback
                0x000030f4       0x48 MENU/menu_items.o
                0x000030f4                ClockDayName_ActionCallback
 .text.HIHxxxxTemp_CallbackRender
                0x0000313c       0x1c MENU/menu_items.o
                0x0000313c                HIHxxxxTemp_CallbackRender
 .text.HIHxxxxHumidity_CallbackRender
                0x00003158       0x1c MENU/menu_items.o
                0x00003158                HIHxxxxHumidity_CallbackRender
 .text.SwitchOnOutdoorTempMin_CallbackRender
                0x00003174       0x4e MENU/menu_items.o
                0x00003174                SwitchOnOutdoorTempMin_CallbackRender
 .text.DHWTempDesired_CallbackRender
                0x000031c2       0x48 MENU/menu_items.o
                0x000031c2                DHWTempDesired_CallbackRender
 .text.DHWTempMin_CallbackRender
                0x0000320a       0x48 MENU/menu_items.o
                0x0000320a                DHWTempMin_CallbackRender
 .text.ForwardHeatTemp_CallbackRender
                0x00003252       0x48 MENU/menu_items.o
                0x00003252                ForwardHeatTemp_CallbackRender
 .text.BufferMaxTemp_CallbackRender
                0x0000329a       0x48 MENU/menu_items.o
                0x0000329a                BufferMaxTemp_CallbackRender
 .text.EngineeringTempMin_CallbackRender
                0x000032e2       0x48 MENU/menu_items.o
                0x000032e2                EngineeringTempMin_CallbackRender
 .text.EngineeringTempDesired_CallbackRender
                0x0000332a       0x54 MENU/menu_items.o
                0x0000332a                EngineeringTempDesired_CallbackRender
 .text.MenuTimer_CallbackRender
                0x0000337e       0x48 MENU/menu_items.o
                0x0000337e                MenuTimer_CallbackRender
 .text.LCDBackLight_CallbackRender
                0x000033c6       0x48 MENU/menu_items.o
                0x000033c6                LCDBackLight_CallbackRender
 .text.PumpPlusTime_CallbackRender
                0x0000340e       0x4a MENU/menu_items.o
                0x0000340e                PumpPlusTime_CallbackRender
 .text.GasForwardHeatTemp_CallbackRender
                0x00003458       0x48 MENU/menu_items.o
                0x00003458                GasForwardHeatTemp_CallbackRender
 .text.ClockHour_CallbackRender
                0x000034a0       0x46 MENU/menu_items.o
                0x000034a0                ClockHour_CallbackRender
 .text.ClockHour_ActionCallback
                0x000034e6       0x4a MENU/menu_items.o
                0x000034e6                ClockHour_ActionCallback
 .text.ClockYear_CallbackRender
                0x00003530       0x4e MENU/menu_items.o
                0x00003530                ClockYear_CallbackRender
 .text.ClockYear_ActionCallback
                0x0000357e       0x4e MENU/menu_items.o
                0x0000357e                ClockYear_ActionCallback
 .text.ClockMonth_CallbackRender
                0x000035cc       0x46 MENU/menu_items.o
                0x000035cc                ClockMonth_CallbackRender
 .text.ClockMonth_ActionCallback
                0x00003612       0x48 MENU/menu_items.o
                0x00003612                ClockMonth_ActionCallback
 .text.ClockDay_CallbackRender
                0x0000365a       0x46 MENU/menu_items.o
                0x0000365a                ClockDay_CallbackRender
 .text.ClockDay_ActionCallback
                0x000036a0       0x48 MENU/menu_items.o
                0x000036a0                ClockDay_ActionCallback
 .text.ComfortForwardTemp_CallbackRender
                0x000036e8       0x4c MENU/menu_items.o
                0x000036e8                ComfortForwardTemp_CallbackRender
 .text.Restarts_CallbackRender
                0x00003734       0x50 MENU/menu_items.o
                0x00003734                Restarts_CallbackRender
 .text.DHWTempActual_CallbackRender
                0x00003784       0xb2 MENU/menu_items.o
                0x00003784                DHWTempActual_CallbackRender
 .text.BufferTempActual_CallbackRender
                0x00003836       0xb2 MENU/menu_items.o
                0x00003836                BufferTempActual_CallbackRender
 .text.EngineeringTempActual_CallbackRender
                0x000038e8       0xb2 MENU/menu_items.o
                0x000038e8                EngineeringTempActual_CallbackRender
 .text.DHWRelay_CallbackRender
                0x0000399a       0x2c MENU/menu_items.o
                0x0000399a                DHWRelay_CallbackRender
 .text.ZoneValve1_CallbackRender
                0x000039c6       0x2c MENU/menu_items.o
                0x000039c6                ZoneValve1_CallbackRender
 .text.ZoneValve2_CallbackRender
                0x000039f2       0x2c MENU/menu_items.o
                0x000039f2                ZoneValve2_CallbackRender
 .text.BufferValve_CallbackRender
                0x00003a1e       0x2c MENU/menu_items.o
                0x00003a1e                BufferValve_CallbackRender
 .text.BufferPump_CallbackRender
                0x00003a4a       0x2c MENU/menu_items.o
                0x00003a4a                BufferPump_CallbackRender
 .text.GasRelay_CallbackRender
                0x00003a76       0x2c MENU/menu_items.o
                0x00003a76                GasRelay_CallbackRender
 .text.GarageTemp_CallbackRender
                0x00003aa2       0xb2 MENU/menu_items.o
                0x00003aa2                GarageTemp_CallbackRender
 .text.LivingRoomTemp_CallbackRender
                0x00003b54       0xb2 MENU/menu_items.o
                0x00003b54                LivingRoomTemp_CallbackRender
 .text.FloorTemp_CallbackRender
                0x00003c06       0xb2 MENU/menu_items.o
                0x00003c06                FloorTemp_CallbackRender
 .text.GasForwardTemp_CallbackRender
                0x00003cb8       0x34 MENU/menu_items.o
                0x00003cb8                GasForwardTemp_CallbackRender
 .text.GasReturnTemp_CallbackRender
                0x00003cec       0x34 MENU/menu_items.o
                0x00003cec                GasReturnTemp_CallbackRender
 .text.ForwardTemp_CallbackRender
                0x00003d20       0x34 MENU/menu_items.o
                0x00003d20                ForwardTemp_CallbackRender
 .text.ReturnTemp_CallbackRender
                0x00003d54       0x34 MENU/menu_items.o
                0x00003d54                ReturnTemp_CallbackRender
 .text.MixedTemp_CallbackRender
                0x00003d88       0x34 MENU/menu_items.o
                0x00003d88                MixedTemp_CallbackRender
 .text.ClockMinute_CallbackRender
                0x00003dbc       0x46 MENU/menu_items.o
                0x00003dbc                ClockMinute_CallbackRender
 .text.ClockMinute_ActionCallback
                0x00003e02       0x4a MENU/menu_items.o
                0x00003e02                ClockMinute_ActionCallback
 .text.ComfortMode_CallbackRender
                0x00003e4c       0x4a MENU/menu_items.o
                0x00003e4c                ComfortMode_CallbackRender
 .text.DHWMinTime_CallbackRender
                0x00003e96       0x30 MENU/menu_items.o
                0x00003e96                DHWMinTime_CallbackRender
 .text.DHWMinTime_ActionCallback
                0x00003ec6       0x82 MENU/menu_items.o
                0x00003ec6                DHWMinTime_ActionCallback
 .text.DHWMaxTime_CallbackRender
                0x00003f48       0x30 MENU/menu_items.o
                0x00003f48                DHWMaxTime_CallbackRender
 .text.DHWMaxTime_ActionCallback
                0x00003f78       0x82 MENU/menu_items.o
                0x00003f78                DHWMaxTime_ActionCallback
 .text.ComfortMinTime_CallbackRender
                0x00003ffa       0x30 MENU/menu_items.o
                0x00003ffa                ComfortMinTime_CallbackRender
 .text.ComfortMinTime_ActionCallback
                0x0000402a       0x82 MENU/menu_items.o
                0x0000402a                ComfortMinTime_ActionCallback
 .text.ComfortMaxTime_CallbackRender
                0x000040ac       0x30 MENU/menu_items.o
                0x000040ac                ComfortMaxTime_CallbackRender
 .text.ComfortMaxTime_ActionCallback
                0x000040dc       0x82 MENU/menu_items.o
                0x000040dc                ComfortMaxTime_ActionCallback
 .text.Wood_CallbackRender
                0x0000415e      0x16e MENU/menu_items.o
                0x0000415e                Wood_CallbackRender
 .text.DHWSensor_CallbackRender
                0x000042cc       0x30 MENU/menu_items.o
                0x000042cc                DHWSensor_CallbackRender
 .text.BufferSensor_CallbackRender
                0x000042fc       0x30 MENU/menu_items.o
                0x000042fc                BufferSensor_CallbackRender
 .text.EngineeringSensor_CallbackRender
                0x0000432c       0x30 MENU/menu_items.o
                0x0000432c                EngineeringSensor_CallbackRender
 .text.GarageSensor_CallbackRender
                0x0000435c       0x30 MENU/menu_items.o
                0x0000435c                GarageSensor_CallbackRender
 .text.LivingRoomSensor_CallbackRender
                0x0000438c       0x30 MENU/menu_items.o
                0x0000438c                LivingRoomSensor_CallbackRender
 .text.FloorSensor_CallbackRender
                0x000043bc       0x30 MENU/menu_items.o
                0x000043bc                FloorSensor_CallbackRender
 .text.GasForwardSensor_CallbackRender
                0x000043ec       0x30 MENU/menu_items.o
                0x000043ec                GasForwardSensor_CallbackRender
 .text.GasReturnSensor_CallbackRender
                0x0000441c       0x30 MENU/menu_items.o
                0x0000441c                GasReturnSensor_CallbackRender
 .text.ForwardSensor_CallbackRender
                0x0000444c       0x30 MENU/menu_items.o
                0x0000444c                ForwardSensor_CallbackRender
 .text.ReturnSensor_CallbackRender
                0x0000447c       0x30 MENU/menu_items.o
                0x0000447c                ReturnSensor_CallbackRender
 .text.MixedSensor_CallbackRender
                0x000044ac       0x30 MENU/menu_items.o
                0x000044ac                MixedSensor_CallbackRender
 .text.ComfortTemp_CallbackRender
                0x000044dc       0x8c MENU/menu_items.o
                0x000044dc                ComfortTemp_CallbackRender
 .text.SecondFloor_CallbackRender
                0x00004568      0x18c MENU/menu_items.o
                0x00004568                SecondFloor_CallbackRender
 .text.DHWRelay_ActionCallback
                0x000046f4       0x32 MENU/menu_items.o
                0x000046f4                DHWRelay_ActionCallback
 .text.ZoneValve1_ActionCallback
                0x00004726       0x30 MENU/menu_items.o
                0x00004726                ZoneValve1_ActionCallback
 .text.ZoneValve2_ActionCallback
                0x00004756       0x32 MENU/menu_items.o
                0x00004756                ZoneValve2_ActionCallback
 .text.BufferValve_ActionCallback
                0x00004788       0x32 MENU/menu_items.o
                0x00004788                BufferValve_ActionCallback
 .text.BufferPump_ActionCallback
                0x000047ba       0x32 MENU/menu_items.o
                0x000047ba                BufferPump_ActionCallback
 .text.GasRelay_ActionCallback
                0x000047ec       0x32 MENU/menu_items.o
                0x000047ec                GasRelay_ActionCallback
 .text.SwitchOnOutdoorTemp_ActionCallback
                0x0000481e       0x38 MENU/menu_items.o
                0x0000481e                SwitchOnOutdoorTemp_ActionCallback
 .text.DHWTempDesired_ActionCallback
                0x00004856       0x5a MENU/menu_items.o
                0x00004856                DHWTempDesired_ActionCallback
 .text.DHWTempMin_ActionCallback
                0x000048b0       0x5a MENU/menu_items.o
                0x000048b0                DHWTempMin_ActionCallback
 .text.ForwardHeatTemp_ActionCallback
                0x0000490a       0x56 MENU/menu_items.o
                0x0000490a                ForwardHeatTemp_ActionCallback
 .text.BufferMaxTemp_ActionCallback
                0x00004960       0x56 MENU/menu_items.o
                0x00004960                BufferMaxTemp_ActionCallback
 .text.EngineeringTempMin_ActionCallback
                0x000049b6       0x5a MENU/menu_items.o
                0x000049b6                EngineeringTempMin_ActionCallback
 .text.EngineeringTempDesired_ActionCallback
                0x00004a10       0x5a MENU/menu_items.o
                0x00004a10                EngineeringTempDesired_ActionCallback
 .text.Mode_ActionCallback
                0x00004a6a       0x56 MENU/menu_items.o
                0x00004a6a                Mode_ActionCallback
 .text.MenuTimer_ActionCallback
                0x00004ac0       0x4e MENU/menu_items.o
                0x00004ac0                MenuTimer_ActionCallback
 .text.LCDBackLight_ActionCallback
                0x00004b0e       0x5a MENU/menu_items.o
                0x00004b0e                LCDBackLight_ActionCallback
 .text.GasForwardHeatTemp_ActionCallback
                0x00004b68       0x4e MENU/menu_items.o
                0x00004b68                GasForwardHeatTemp_ActionCallback
 .text.ComfortForwardTemp_ActionCallback
                0x00004bb6       0x60 MENU/menu_items.o
                0x00004bb6                ComfortForwardTemp_ActionCallback
 .text.SwitchOnOutdoorTempMin_ActionCallback
                0x00004c16       0x9c MENU/menu_items.o
                0x00004c16                SwitchOnOutdoorTempMin_ActionCallback
 .text.PumpPlusTime_ActionCallback
                0x00004cb2       0x62 MENU/menu_items.o
                0x00004cb2                PumpPlusTime_ActionCallback
 .text.Restarts_ActionCallback
                0x00004d14       0x28 MENU/menu_items.o
                0x00004d14                Restarts_ActionCallback
 .text.ComfortMode_ActionCallback
                0x00004d3c       0x52 MENU/menu_items.o
                0x00004d3c                ComfortMode_ActionCallback
 .text.ComfortTemp_ActionCallback
                0x00004d8e       0x76 MENU/menu_items.o
                0x00004d8e                ComfortTemp_ActionCallback
 .text.FindActSensor
                0x00004e04       0x5c MENU/menu_items.o
                0x00004e04                FindActSensor
 .text.Wood_ActionCallback
                0x00004e60      0x1d8 MENU/menu_items.o
                0x00004e60                Wood_ActionCallback
 .text.DHWSensor_ActionCallback
                0x00005038       0xa0 MENU/menu_items.o
                0x00005038                DHWSensor_ActionCallback
 .text.SecondFloor_ActionCallback
                0x000050d8      0x1c4 MENU/menu_items.o
                0x000050d8                SecondFloor_ActionCallback
 .text.BufferSensor_ActionCallback
                0x0000529c       0xa2 MENU/menu_items.o
                0x0000529c                BufferSensor_ActionCallback
 .text.EngineeringSensor_ActionCallback
                0x0000533e       0xa2 MENU/menu_items.o
                0x0000533e                EngineeringSensor_ActionCallback
 .text.GarageSensor_ActionCallback
                0x000053e0       0xa2 MENU/menu_items.o
                0x000053e0                GarageSensor_ActionCallback
 .text.LivingRoomSensor_ActionCallback
                0x00005482       0xa2 MENU/menu_items.o
                0x00005482                LivingRoomSensor_ActionCallback
 .text.FloorSensor_ActionCallback
                0x00005524       0xa2 MENU/menu_items.o
                0x00005524                FloorSensor_ActionCallback
 .text.GasForwardSensor_ActionCallback
                0x000055c6       0xa2 MENU/menu_items.o
                0x000055c6                GasForwardSensor_ActionCallback
 .text.GasReturnSensor_ActionCallback
                0x00005668       0xa2 MENU/menu_items.o
                0x00005668                GasReturnSensor_ActionCallback
 .text.ForwardSensor_ActionCallback
                0x0000570a       0xa2 MENU/menu_items.o
                0x0000570a                ForwardSensor_ActionCallback
 .text.ReturnSensor_ActionCallback
                0x000057ac       0xa0 MENU/menu_items.o
                0x000057ac                ReturnSensor_ActionCallback
 .text.MixedSensor_ActionCallback
                0x0000584c       0xa0 MENU/menu_items.o
                0x0000584c                MixedSensor_ActionCallback
 .text.menuItemsGetHomeMenu
                0x000058ec        0x6 MENU/menu_items.o
                0x000058ec                menuItemsGetHomeMenu
 .text.menuItemsGetHomeMenuSize
                0x000058f2        0x4 MENU/menu_items.o
                0x000058f2                menuItemsGetHomeMenuSize
 .text.menuPortsioInit
                0x000058f6        0xe MENU/menu_portsio.o
                0x000058f6                menuPortsioInit
 .text.SPIInit  0x00005904       0x1e SPI/spi.o
                0x00005904                SPIInit
 .text.SPIClose
                0x00005922        0xa SPI/spi.o
                0x00005922                SPIClose
 .text.SPIWrite
                0x0000592c       0x2c SPI/spi.o
                0x0000592c                SPIWrite
 .text.__vector_18
                0x00005958       0x58 UART/UART.o
                0x00005958                __vector_18
 .text.__vector_19
                0x000059b0       0x4a UART/UART.o
                0x000059b0                __vector_19
 .text.uart_init
                0x000059fa       0x2c UART/UART.o
                0x000059fa                uart_init
 .text.uart_puts
                0x00005a26       0x34 UART/UART.o
                0x00005a26                uart_puts
 .text.uart_puts_p
                0x00005a5a       0x3a UART/UART.o
                0x00005a5a                uart_puts_p
 .text.__vector_30
                0x00005a94       0x5c UART/UART.o
                0x00005a94                __vector_30
 .text.__vector_31
                0x00005af0       0x54 UART/UART.o
                0x00005af0                __vector_31
 .text.uart_puthex_byte
                0x00005b44       0x62 UART/UART.o
                0x00005b44                uart_puthex_byte
 .text.uart_puti
                0x00005ba6       0x62 UART/UART.o
                0x00005ba6                uart_puti
 .text.ftoa     0x00005c08      0x110 Utils/ftoa.o
                0x00005c08                ftoa
 .text.avr-libc.fplib
                0x00005d18        0xa c:/program files (x86)/atmel/studio/7.0/toolchain/avr8/avr8-gnu-toolchain/bin/../lib/gcc/avr/5.4.0/../../../../avr/lib/avr5\libm.a(addsf3.o)
                0x00005d18                __subsf3
                0x00005d1a                __addsf3
 .text.avr-libc.fplib
                0x00005d22       0xc0 c:/program files (x86)/atmel/studio/7.0/toolchain/avr8/avr8-gnu-toolchain/bin/../lib/gcc/avr/5.4.0/../../../../avr/lib/avr5\libm.a(addsf3x.o)
                0x00005d3c                __addsf3x
 .text.avr-libc.fplib
                0x00005de2        0x8 c:/program files (x86)/atmel/studio/7.0/toolchain/avr8/avr8-gnu-toolchain/bin/../lib/gcc/avr/5.4.0/../../../../avr/lib/avr5\libm.a(cmpsf2.o)
                0x00005de2                __nesf2
                0x00005de2                __eqsf2
                0x00005de2                __cmpsf2
                0x00005de2                __ltsf2
                0x00005de2                __lesf2
 .text.avr-libc.fplib
                0x00005dea        0x4 c:/program files (x86)/atmel/studio/7.0/toolchain/avr8/avr8-gnu-toolchain/bin/../lib/gcc/avr/5.4.0/../../../../avr/lib/avr5\libm.a(divsf3.o)
                0x00005dea                __divsf3
 .text.avr-libc.fplib
                0x00005dee       0xcc c:/program files (x86)/atmel/studio/7.0/toolchain/avr8/avr8-gnu-toolchain/bin/../lib/gcc/avr/5.4.0/../../../../avr/lib/avr5\libm.a(divsf3x.o)
                0x00005e04                __divsf3x
                0x00005e08                __divsf3_pse
 .text.avr-libc.fplib
                0x00005eba        0xa c:/program files (x86)/atmel/studio/7.0/toolchain/avr8/avr8-gnu-toolchain/bin/../lib/gcc/avr/5.4.0/../../../../avr/lib/avr5\libm.a(fixsfsi.o)
                0x00005eba                __fixsfsi
 .text.avr-libc.fplib
                0x00005ec4       0x58 c:/program files (x86)/atmel/studio/7.0/toolchain/avr8/avr8-gnu-toolchain/bin/../lib/gcc/avr/5.4.0/../../../../avr/lib/avr5\libm.a(fixunssfsi.o)
                0x00005ec4                __fixunssfsi
 .text.avr-libc.fplib
                0x00005f1c       0x7a c:/program files (x86)/atmel/studio/7.0/toolchain/avr8/avr8-gnu-toolchain/bin/../lib/gcc/avr/5.4.0/../../../../avr/lib/avr5\libm.a(floatsisf.o)
                0x00005f1c                __floatunsisf
                0x00005f20                __floatsisf
 .text.avr-libc.fplib
                0x00005f96       0x48 c:/program files (x86)/atmel/studio/7.0/toolchain/avr8/avr8-gnu-toolchain/bin/../lib/gcc/avr/5.4.0/../../../../avr/lib/avr5\libm.a(fp_cmp.o)
                0x00005f96                __fp_cmp
 .text.avr-libc.fplib
                0x00005fde        0xc c:/program files (x86)/atmel/studio/7.0/toolchain/avr8/avr8-gnu-toolchain/bin/../lib/gcc/avr/5.4.0/../../../../avr/lib/avr5\libm.a(fp_inf.o)
                0x00005fde                __fp_inf
 .text.avr-libc.fplib
                0x00005fea        0x6 c:/program files (x86)/atmel/studio/7.0/toolchain/avr8/avr8-gnu-toolchain/bin/../lib/gcc/avr/5.4.0/../../../../avr/lib/avr5\libm.a(fp_nan.o)
                0x00005fea                __fp_nan
 .text.avr-libc.fplib
                0x00005ff0        0xe c:/program files (x86)/atmel/studio/7.0/toolchain/avr8/avr8-gnu-toolchain/bin/../lib/gcc/avr/5.4.0/../../../../avr/lib/avr5\libm.a(fp_pscA.o)
                0x00005ff0                __fp_pscA
 .text.avr-libc.fplib
                0x00005ffe        0xe c:/program files (x86)/atmel/studio/7.0/toolchain/avr8/avr8-gnu-toolchain/bin/../lib/gcc/avr/5.4.0/../../../../avr/lib/avr5\libm.a(fp_pscB.o)
                0x00005ffe                __fp_pscB
 .text.avr-libc.fplib
                0x0000600c       0x22 c:/program files (x86)/atmel/studio/7.0/toolchain/avr8/avr8-gnu-toolchain/bin/../lib/gcc/avr/5.4.0/../../../../avr/lib/avr5\libm.a(fp_round.o)
                0x0000600c                __fp_round
 .text.avr-libc.fplib
                0x0000602e       0x44 c:/program files (x86)/atmel/studio/7.0/toolchain/avr8/avr8-gnu-toolchain/bin/../lib/gcc/avr/5.4.0/../../../../avr/lib/avr5\libm.a(fp_split3.o)
                0x0000602e                __fp_split3
                0x0000603e                __fp_splitA
 .text.avr-libc.fplib
                0x00006072        0xe c:/program files (x86)/atmel/studio/7.0/toolchain/avr8/avr8-gnu-toolchain/bin/../lib/gcc/avr/5.4.0/../../../../avr/lib/avr5\libm.a(fp_zero.o)
                0x00006072                __fp_zero
                0x00006074                __fp_szero
 .text.avr-libc.fplib
                0x00006080        0x8 c:/program files (x86)/atmel/studio/7.0/toolchain/avr8/avr8-gnu-toolchain/bin/../lib/gcc/avr/5.4.0/../../../../avr/lib/avr5\libm.a(gesf2.o)
                0x00006080                __gesf2
                0x00006080                __gtsf2
 .text.avr-libc.fplib
                0x00006088        0x4 c:/program files (x86)/atmel/studio/7.0/toolchain/avr8/avr8-gnu-toolchain/bin/../lib/gcc/avr/5.4.0/../../../../avr/lib/avr5\libm.a(mulsf3.o)
                0x00006088                __mulsf3
 .text.avr-libc.fplib
                0x0000608c       0xc2 c:/program files (x86)/atmel/studio/7.0/toolchain/avr8/avr8-gnu-toolchain/bin/../lib/gcc/avr/5.4.0/../../../../avr/lib/avr5\libm.a(mulsf3x.o)
                0x000060a0                __mulsf3x
                0x000060a4                __mulsf3_pse
 .text.libgcc   0x0000614e        0xc c:/program files (x86)/atmel/studio/7.0/toolchain/avr8/avr8-gnu-toolchain/bin/../lib/gcc/avr/5.4.0/avr5\libgcc.a(_tablejump2.o)
                0x0000614e                __tablejump2__
 .text.avr-libc
                0x0000615a       0x1a c:/program files (x86)/atmel/studio/7.0/toolchain/avr8/avr8-gnu-toolchain/bin/../lib/gcc/avr/5.4.0/../../../../avr/lib/avr5\libc.a(memcmp.o)
                0x0000615a                memcmp
 .text.avr-libc
                0x00006174       0x16 c:/program files (x86)/atmel/studio/7.0/toolchain/avr8/avr8-gnu-toolchain/bin/../lib/gcc/avr/5.4.0/../../../../avr/lib/avr5\libc.a(strcat.o)
                0x00006174                strcat
 .text.avr-libc
                0x0000618a       0x14 c:/program files (x86)/atmel/studio/7.0/toolchain/avr8/avr8-gnu-toolchain/bin/../lib/gcc/avr/5.4.0/../../../../avr/lib/avr5\libc.a(itoa_ncheck.o)
                0x0000618a                __itoa_ncheck
 .text.avr-libc
                0x0000619e       0x1c c:/program files (x86)/atmel/studio/7.0/toolchain/avr8/avr8-gnu-toolchain/bin/../lib/gcc/avr/5.4.0/../../../../avr/lib/avr5\libc.a(ltoa_ncheck.o)
                0x0000619e                __ltoa_ncheck
 .text.avr-libc
                0x000061ba       0x42 c:/program files (x86)/atmel/studio/7.0/toolchain/avr8/avr8-gnu-toolchain/bin/../lib/gcc/avr/5.4.0/../../../../avr/lib/avr5\libc.a(ultoa_ncheck.o)
                0x000061ba                __ultoa_ncheck
                0x000061bc                __ultoa_common
 .text.avr-libc
                0x000061fc       0x32 c:/program files (x86)/atmel/studio/7.0/toolchain/avr8/avr8-gnu-toolchain/bin/../lib/gcc/avr/5.4.0/../../../../avr/lib/avr5\libc.a(utoa_ncheck.o)
                0x000061fc                __utoa_ncheck
                0x000061fe                __utoa_common
 .text.avr-libc
                0x0000622e      0x3a4 c:/program files (x86)/atmel/studio/7.0/toolchain/avr8/avr8-gnu-toolchain/bin/../lib/gcc/avr/5.4.0/../../../../avr/lib/avr5\libc.a(vfprintf_std.o)
                0x0000622e                vfprintf
 .text.avr-libc
                0x000065d2       0x16 c:/program files (x86)/atmel/studio/7.0/toolchain/avr8/avr8-gnu-toolchain/bin/../lib/gcc/avr/5.4.0/../../../../avr/lib/avr5\libc.a(strnlen_P.o)
                0x000065d2                strnlen_P
 .text.avr-libc
                0x000065e8       0x16 c:/program files (x86)/atmel/studio/7.0/toolchain/avr8/avr8-gnu-toolchain/bin/../lib/gcc/avr/5.4.0/../../../../avr/lib/avr5\libc.a(strnlen.o)
                0x000065e8                strnlen
 .text.avr-libc
                0x000065fe       0x20 c:/program files (x86)/atmel/studio/7.0/toolchain/avr8/avr8-gnu-toolchain/bin/../lib/gcc/avr/5.4.0/../../../../avr/lib/avr5\libc.a(strrev.o)
                0x000065fe                strrev
 .text.avr-libc
                0x0000661e       0x78 c:/program files (x86)/atmel/studio/7.0/toolchain/avr8/avr8-gnu-toolchain/bin/../lib/gcc/avr/5.4.0/../../../../avr/lib/avr5\libc.a(fputc.o)
                0x0000661e                fputc
 .text.avr-libc
                0x00006696       0xbc c:/program files (x86)/atmel/studio/7.0/toolchain/avr8/avr8-gnu-toolchain/bin/../lib/gcc/avr/5.4.0/../../../../avr/lib/avr5\libc.a(ultoa_invert.o)
                0x00006696                __ultoa_invert
 .text.avr-libc
                0x00006752       0x20 C:/Program Files (x86)/Atmel/Studio/7.0/Packs/Atmel/ATmega_DFP/1.6.364/gcc/dev/atmega64a/avr5\libatmega64a.a(eerd_block.o)
                0x00006752                eeprom_read_block
                0x00006756                eeprom_read_blraw
 .text.avr-libc
                0x00006772       0x10 C:/Program Files (x86)/Atmel/Studio/7.0/Packs/Atmel/ATmega_DFP/1.6.364/gcc/dev/atmega64a/avr5\libatmega64a.a(eerd_byte.o)
                0x00006772                eeprom_read_byte
 .text.avr-libc
                0x00006782        0xa C:/Program Files (x86)/Atmel/Studio/7.0/Packs/Atmel/ATmega_DFP/1.6.364/gcc/dev/atmega64a/avr5\libatmega64a.a(eerd_word.o)
                0x00006782                eeprom_read_word
 .text.avr-libc
                0x0000678c       0x1e C:/Program Files (x86)/Atmel/Studio/7.0/Packs/Atmel/ATmega_DFP/1.6.364/gcc/dev/atmega64a/avr5\libatmega64a.a(eeupd_block.o)
                0x0000678c                eeprom_update_block
 .text.avr-libc
                0x000067aa       0x22 C:/Program Files (x86)/Atmel/Studio/7.0/Packs/Atmel/ATmega_DFP/1.6.364/gcc/dev/atmega64a/avr5\libatmega64a.a(eeupd_byte.o)
                0x000067aa                eeprom_update_byte
                0x000067ac                eeprom_update_r18
 .text.avr-libc
                0x000067cc        0x8 C:/Program Files (x86)/Atmel/Studio/7.0/Packs/Atmel/ATmega_DFP/1.6.364/gcc/dev/atmega64a/avr5\libatmega64a.a(eeupd_word.o)
                0x000067cc                eeprom_update_word
 .text.libgcc.prologue
                0x000067d4       0x38 c:/program files (x86)/atmel/studio/7.0/toolchain/avr8/avr8-gnu-toolchain/bin/../lib/gcc/avr/5.4.0/avr5\libgcc.a(_prologue.o)
                0x000067d4                __prologue_saves__
 .text.libgcc.prologue
                0x0000680c       0x36 c:/program files (x86)/atmel/studio/7.0/toolchain/avr8/avr8-gnu-toolchain/bin/../lib/gcc/avr/5.4.0/avr5\libgcc.a(_epilogue.o)
                0x0000680c                __epilogue_restores__
                0x00006842                . = ALIGN (0x2)
 *(.fini9)
 .fini9         0x00006842        0x0 c:/program files (x86)/atmel/studio/7.0/toolchain/avr8/avr8-gnu-toolchain/bin/../lib/gcc/avr/5.4.0/avr5\libgcc.a(_exit.o)
                0x00006842                _exit
                0x00006842                exit
 *(.fini9)
 *(.fini8)
 *(.fini8)
 *(.fini7)
 *(.fini7)
 *(.fini6)
 *(.fini6)
 *(.fini5)
 *(.fini5)
 *(.fini4)
 *(.fini4)
 *(.fini3)
 *(.fini3)
 *(.fini2)
 *(.fini2)
 *(.fini1)
 *(.fini1)
 *(.fini0)
 .fini0         0x00006842        0x4 c:/program files (x86)/atmel/studio/7.0/toolchain/avr8/avr8-gnu-toolchain/bin/../lib/gcc/avr/5.4.0/avr5\libgcc.a(_exit.o)
 *(.fini0)
                0x00006846                _etext = .

.data           0x00800100      0x75e load address 0x00006846
                0x00800100                PROVIDE (__data_start, .)
 *(.data)
 *(.data*)
 .data.display.2980
                0x00800100        0x1 main.o
 .data.DayName  0x00800101        0x1 main.o
                0x00800101                DayName
 .data.Day      0x00800102        0x1 main.o
                0x00800102                Day
 .data.Month    0x00800103        0x1 main.o
                0x00800103                Month
 .data.Year     0x00800104        0x2 main.o
                0x00800104                Year
 .data.GasForwardHeatTemp
                0x00800106        0x1 main.o
                0x00800106                GasForwardHeatTemp
 .data.BufferMaxTemp
                0x00800107        0x1 main.o
                0x00800107                BufferMaxTemp
 .data.ForwardHeatTemp
                0x00800108        0x1 main.o
                0x00800108                ForwardHeatTemp
 .data.ComfortForwardTemp
                0x00800109        0x1 main.o
                0x00800109                ComfortForwardTemp
 .data.menutimer
                0x0080010a        0x1 main.o
                0x0080010a                menutimer
 .data.MenuTimer
                0x0080010b        0x1 main.o
                0x0080010b                MenuTimer
 .data.menu_buttons
                0x0080010c       0x14 MENU/menu.o
 .data.current_state
                0x00800120        0x2 MENU/menu.o
 .data.menu_states
                0x00800122       0x23 MENU/menu.o
 .data.home_items
                0x00800145       0x51 MENU/menu_items.o
 .data.SYSPARAM_submenu
                0x00800196       0x48 MENU/menu_items.o
 .data.COMFORT_submenu
                0x008001de       0x2d MENU/menu_items.o
 .data.CLOCK_submenu
                0x0080020b       0x36 MENU/menu_items.o
 .data.SENSORS_submenu
                0x00800241       0x90 MENU/menu_items.o
 .data.RELAYS_submenu
                0x008002d1       0x36 MENU/menu_items.o
 .data.ENGINEERING_submenu
                0x00800307       0x24 MENU/menu_items.o
 .data.BUFFER_submenu
                0x0080032b       0x24 MENU/menu_items.o
 .data.SecondFloor_submenu
                0x0080034f       0x2d MENU/menu_items.o
 .data.DHW_submenu
                0x0080037c       0x2d MENU/menu_items.o
 .data.DHWHOURS_submenu
                0x008003a9       0x12 MENU/menu_items.o
 .data.Wood_submenu
                0x008003bb       0x3f MENU/menu_items.o
 .data.HIHxxxx_submenu
                0x008003fa       0x24 MENU/menu_items.o
 *(.gnu.linkonce.d*)
 *(.rodata)
 .rodata        0x0080041e       0x24 Utils/ftoa.o
 *(.rodata*)
 .rodata.str1.1
                0x00800442      0x41c MENU/menu_items.o
                                0x420 (size before relaxing)
 *(.gnu.linkonce.r*)
                0x0080085e                . = ALIGN (0x2)
                0x0080085e                _edata = .
                0x0080085e                PROVIDE (__data_end, .)

.bss            0x0080085e      0x25e
                0x0080085e                PROVIDE (__bss_start, .)
 *(.bss)
 *(.bss*)
 .bss.isOn.3272
                0x0080085e        0x1 main.o
 .bss.isOn.3269
                0x0080085f        0x1 main.o
 .bss.isOn.3266
                0x00800860        0x1 main.o
 .bss.comfortSecondIsOn.3218
                0x00800861        0x1 main.o
 .bss.comfortLivingIsOn.3217
                0x00800862        0x1 main.o
 .bss.comfortHyst.3216
                0x00800863        0x1 main.o
 .bss.pumpplustime.3215
                0x00800864        0x2 main.o
 .bss.web.2983  0x00800866        0x1 main.o
 .bss.relmodlevel.2984
                0x00800867        0x1 main.o
 .bss.timerstate.2981
                0x00800868        0x1 main.o
 .bss.adc.2985  0x00800869        0x1 main.o
 .bss.PumpRunner
                0x0080086a        0x1 main.o
                0x0080086a                PumpRunner
 .bss.isInitialized
                0x0080086b        0x1 main.o
                0x0080086b                isInitialized
 .bss.ClockInitialized
                0x0080086c        0x1 main.o
                0x0080086c                ClockInitialized
 .bss.Seconds   0x0080086d        0x1 main.o
                0x0080086d                Seconds
 .bss.Minute    0x0080086e        0x1 main.o
                0x0080086e                Minute
 .bss.Hour      0x0080086f        0x1 main.o
                0x0080086f                Hour
 .bss.Relays    0x00800870        0x1 main.o
                0x00800870                Relays
 .bss.WoodLEDRate
                0x00800871        0x1 main.o
                0x00800871                WoodLEDRate
 .bss.GasPressure
                0x00800872        0x2 main.o
                0x00800872                GasPressure
 .bss.Restarts  0x00800874        0x2 main.o
                0x00800874                Restarts
 .bss.LCDBackLight
                0x00800876        0x1 main.o
                0x00800876                LCDBackLight
 .bss.Mode      0x00800877        0x1 main.o
                0x00800877                Mode
 .bss.TimerElapsed
                0x00800878        0x1 main.o
                0x00800878                TimerElapsed
 .bss.UART1_LastRxError
                0x00800879        0x1 UART/UART.o
 .bss.UART1_RxTail
                0x0080087a        0x1 UART/UART.o
 .bss.UART1_RxHead
                0x0080087b        0x1 UART/UART.o
 .bss.UART1_TxTail
                0x0080087c        0x1 UART/UART.o
 .bss.UART1_TxHead
                0x0080087d        0x1 UART/UART.o
 .bss.UART1_RxBuf
                0x0080087e       0x20 UART/UART.o
 .bss.UART1_TxBuf
                0x0080089e       0x20 UART/UART.o
 .bss.UART_LastRxError
                0x008008be        0x1 UART/UART.o
 .bss.UART_RxTail
                0x008008bf        0x1 UART/UART.o
 .bss.UART_RxHead
                0x008008c0        0x1 UART/UART.o
 .bss.UART_TxTail
                0x008008c1        0x1 UART/UART.o
 .bss.UART_TxHead
                0x008008c2        0x1 UART/UART.o
 .bss.UART_RxBuf
                0x008008c3       0x20 UART/UART.o
 .bss.UART_TxBuf
                0x008008e3       0x20 UART/UART.o
 *(COMMON)
 COMMON         0x00800903        0x7 DS18B20/onewire.o
                0x00800903                OW_OUT
                0x00800905                OW_PIN_MASK
                0x00800906                OW_IN
                0x00800908                OW_DDR
 COMMON         0x0080090a        0xc HIHxxxx/HIHxxxx.o
                0x0080090a                HIHxxxxTemperature
                0x0080090e                HIHxxxxHumidity
                0x00800912                HIHxxxxData
 COMMON         0x00800916      0x1a6 main.o
                0x00800916                ComfortTemp
                0x00800917                ComfortMaxTimeHour
                0x00800918                EngineeringTempDesired
                0x00800919                WoodPressureBefore
                0x0080091b                SecondFloor
                0x0080092d                HIHxxxxHumid
                0x00800931                WoodDelta
                0x00800932                DHWMinTimeHour
                0x00800933                DHWMinTimeMinute
                0x00800934                SwitchOnOutdoorTempMin
                0x00800936                SecondFloorFracDesired
                0x00800937                ComfortMaxTimeMinute
                0x00800938                nSensors
                0x00800939                DHWTempMin
                0x0080093a                Garage
                0x0080094c                SecondFloorThermostatActive
                0x0080094d                HIHxxxxHumidBuf
                0x00800953                ComfortTempFrac
                0x00800954                DHWTempDesired
                0x00800955                Engineering
                0x00800967                Forward
                0x00800979                WoodTempAlert
                0x0080097a                Return
                0x0080098c                HIHxxxxTempBuf
                0x00800996                ComfortMinTimeHour
                0x00800997                SecondFloorDesired
                0x00800998                Floor
                0x008009aa                WoodToPut
                0x008009ab                DHW
                0x008009bd                ComfortMinTimeMinute
                0x008009be                GasForward
                0x008009d0                DHWMaxTimeMinute
                0x008009d1                HIHxxxxTemp
                0x008009d5                HIHxxxxTempMin
                0x008009d9                HIHxxxxTempMax
                0x008009dd                SwitchOnOutdoorTemp
                0x008009de                EngineeringTempMin
                0x008009df                HIHxxxxTempInt
                0x008009e1                Buffer
                0x008009f3                ComfortMode
                0x008009f4                WoodPressureAfter
                0x008009f6                SecondFloorHysteresis
                0x008009f7                PumpPlusTime
                0x008009f9                gSensorIDs
                0x00800a71                DHWMaxTimeHour
                0x00800a72                WoodPressureAlert
                0x00800a74                LivingRoom
                0x00800a86                GasReturn
                0x00800a98                Wood
                0x00800aaa                Mixed
                0x00800abc                PROVIDE (__bss_end, .)
                0x00006846                __data_load_start = LOADADDR (.data)
                0x00006fa4                __data_load_end = (__data_load_start + SIZEOF (.data))

.noinit         0x00800abc        0x0
                [!provide]                PROVIDE (__noinit_start, .)
 *(.noinit*)
                [!provide]                PROVIDE (__noinit_end, .)
                0x00800abc                _end = .
                [!provide]                PROVIDE (__heap_start, .)

.eeprom         0x00810000       0x8e
 *(.eeprom*)
 .eeprom        0x00810000       0x8e main.o
                0x00810000                eeWoodSensorID
                0x00810008                eeSecondFloorSensorID
                0x00810010                eeMixedTempSensorID
                0x00810018                eeReturnTempSensorID
                0x00810020                eeForwardTempSensorID
                0x00810028                eeGasReturnTempSensorID
                0x00810030                eeGasForwardTempSensorID
                0x00810038                eeFloorSensorID
                0x00810040                eeLivingRoomSensorID
                0x00810048                eeEngineeringSensorID
                0x00810050                eeGarageSensorID
                0x00810058                eeBufferSensorID
                0x00810060                eeDHWSensorID
                0x00810068                eeSwitchOnOutdoorTemp
                0x00810069                eeSwitchOnOutdoorTempMin
                0x0081006b                eeWoodPressureAlert
                0x0081006d                eeWoodDelta
                0x0081006e                eeWoodTempAlert
                0x0081006f                eeWoodToPut
                0x00810070                eeSecondFloorHysteresis
                0x00810071                eeSecondFloorThermostatActive
                0x00810072                eeSecondFloorFracDesired
                0x00810073                eeSecondFloorDesired
                0x00810074                eeEngineeringTempMin
                0x00810075                eeEngineeringTempDesired
                0x00810076                eeGasForwardHeatTemp
                0x00810077                eeBufferMaxTemp
                0x00810078                eeForwardHeatTemp
                0x00810079                eeDHWMaxTimeMinute
                0x0081007a                eeDHWMaxTimeHour
                0x0081007b                eeDHWMinTimeMinute
                0x0081007c                eeDHWMinTimeHour
                0x0081007d                eeDHWTempMin
                0x0081007e                eeDHWTempDesired
                0x0081007f                eeRestarts
                0x00810081                eeComfortMinTimeMinute
                0x00810082                eeComfortMinTimeHour
                0x00810083                eeComfortMaxTimeMinute
                0x00810084                eeComfortMaxTimeHour
                0x00810085                eeComfortForwardTemp
                0x00810086                eeComfortTempFrac
                0x00810087                eeComfortTemp
                0x00810088                eeComfortMode
                0x00810089                eePumpPlusTime
                0x0081008b                eeLCDBackLight
                0x0081008c                eeMenuTimer
                0x0081008d                eeMode
                0x0081008e                __eeprom_end = .

.fuse
 *(.fuse)
 *(.lfuse)
 *(.hfuse)
 *(.efuse)

.lock
 *(.lock*)

.signature
 *(.signature*)

.user_signatures
 *(.user_signatures*)

.stab
 *(.stab)

.stabstr
 *(.stabstr)

.stab.excl
 *(.stab.excl)

.stab.exclstr
 *(.stab.exclstr)

.stab.index
 *(.stab.index)

.stab.indexstr
 *(.stab.indexstr)

.comment        0x00000000       0x5c
 *(.comment)
 .comment       0x00000000       0x30 DS18B20/crc8.o
                                 0x31 (size before relaxing)
 .comment       0x00000030       0x31 DS18B20/ds18x20.o
 .comment       0x00000030       0x31 DS18B20/onewire.o
 .comment       0x00000030       0x31 HIHxxxx/HIHxxxx.o
 .comment       0x00000030       0x31 I2C/i2c_master.o
 .comment       0x00000030       0x31 LCD/lcd.o
 .comment       0x00000030       0x31 main.o
 .comment       0x00000030       0x31 MENU/menu.o
 .comment       0x00000030       0x31 MENU/menu_items.o
 .comment       0x00000030       0x31 MENU/menu_portsio.o
 .comment       0x00000030       0x31 SPI/spi.o
 .comment       0x00000030       0x31 UART/UART.o
 .comment       0x00000030       0x31 Utils/ftoa.o
 .comment       0x00000030       0x2c c:/program files (x86)/atmel/studio/7.0/toolchain/avr8/avr8-gnu-toolchain/bin/../lib/gcc/avr/5.4.0/../../../../avr/lib/avr5\libc.a(vfprintf_std.o)
                                 0x2d (size before relaxing)
 .comment       0x0000005c       0x31 c:/program files (x86)/atmel/studio/7.0/toolchain/avr8/avr8-gnu-toolchain/bin/../lib/gcc/avr/5.4.0/../../../../avr/lib/avr5\libc.a(fputc.o)

.note.gnu.avr.deviceinfo
                0x00000000       0x3c
 .note.gnu.avr.deviceinfo
                0x00000000       0x3c C:/Program Files (x86)/Atmel/Studio/7.0/Packs/Atmel/ATmega_DFP/1.6.364/gcc/dev/atmega64a/avr5/crtatmega64a.o

.note.gnu.build-id
 *(.note.gnu.build-id)

.debug
 *(.debug)

.line
 *(.line)

.debug_srcinfo
 *(.debug_srcinfo)

.debug_sfnames
 *(.debug_sfnames)

.debug_aranges  0x00000000      0x878
 *(.debug_aranges)
 .debug_aranges
                0x00000000       0x20 DS18B20/crc8.o
 .debug_aranges
                0x00000020       0x60 DS18B20/ds18x20.o
 .debug_aranges
                0x00000080       0x68 DS18B20/onewire.o
 .debug_aranges
                0x000000e8       0x38 HIHxxxx/HIHxxxx.o
 .debug_aranges
                0x00000120       0x68 I2C/i2c_master.o
 .debug_aranges
                0x00000188       0xc8 LCD/lcd.o
 .debug_aranges
                0x00000250       0xa0 main.o
 .debug_aranges
                0x000002f0       0x38 MENU/menu.o
 .debug_aranges
                0x00000328      0x380 MENU/menu_items.o
 .debug_aranges
                0x000006a8       0x20 MENU/menu_portsio.o
 .debug_aranges
                0x000006c8       0x30 SPI/spi.o
 .debug_aranges
                0x000006f8       0xa0 UART/UART.o
 .debug_aranges
                0x00000798       0x20 Utils/ftoa.o
 .debug_aranges
                0x000007b8       0x20 C:/Program Files (x86)/Atmel/Studio/7.0/Packs/Atmel/ATmega_DFP/1.6.364/gcc/dev/atmega64a/avr5\libatmega64a.a(eerd_block.o)
 .debug_aranges
                0x000007d8       0x20 C:/Program Files (x86)/Atmel/Studio/7.0/Packs/Atmel/ATmega_DFP/1.6.364/gcc/dev/atmega64a/avr5\libatmega64a.a(eerd_byte.o)
 .debug_aranges
                0x000007f8       0x20 C:/Program Files (x86)/Atmel/Studio/7.0/Packs/Atmel/ATmega_DFP/1.6.364/gcc/dev/atmega64a/avr5\libatmega64a.a(eerd_word.o)
 .debug_aranges
                0x00000818       0x20 C:/Program Files (x86)/Atmel/Studio/7.0/Packs/Atmel/ATmega_DFP/1.6.364/gcc/dev/atmega64a/avr5\libatmega64a.a(eeupd_block.o)
 .debug_aranges
                0x00000838       0x20 C:/Program Files (x86)/Atmel/Studio/7.0/Packs/Atmel/ATmega_DFP/1.6.364/gcc/dev/atmega64a/avr5\libatmega64a.a(eeupd_byte.o)
 .debug_aranges
                0x00000858       0x20 C:/Program Files (x86)/Atmel/Studio/7.0/Packs/Atmel/ATmega_DFP/1.6.364/gcc/dev/atmega64a/avr5\libatmega64a.a(eeupd_word.o)

.debug_pubnames
 *(.debug_pubnames)

.debug_info     0x00000000     0xd589
 *(.debug_info .gnu.linkonce.wi.*)
 .debug_info    0x00000000      0x780 C:/Program Files (x86)/Atmel/Studio/7.0/Packs/Atmel/ATmega_DFP/1.6.364/gcc/dev/atmega64a/avr5/crtatmega64a.o
 .debug_info    0x00000780      0x106 DS18B20/crc8.o
 .debug_info    0x00000886      0x5ff DS18B20/ds18x20.o
 .debug_info    0x00000e85      0x4b0 DS18B20/onewire.o
 .debug_info    0x00001335      0x1b9 HIHxxxx/HIHxxxx.o
 .debug_info    0x000014ee      0x49b I2C/i2c_master.o
 .debug_info    0x00001989      0xffa LCD/lcd.o
 .debug_info    0x00002983     0x3949 main.o
 .debug_info    0x000062cc      0x7c7 MENU/menu.o
 .debug_info    0x00006a93     0x5aeb MENU/menu_items.o
 .debug_info    0x0000c57e       0x9a MENU/menu_portsio.o
 .debug_info    0x0000c618       0xce SPI/spi.o
 .debug_info    0x0000c6e6      0x8d3 UART/UART.o
 .debug_info    0x0000cfb9      0x235 Utils/ftoa.o
 .debug_info    0x0000d1ee       0x9a C:/Program Files (x86)/Atmel/Studio/7.0/Packs/Atmel/ATmega_DFP/1.6.364/gcc/dev/atmega64a/avr5\libatmega64a.a(eerd_block.o)
 .debug_info    0x0000d288       0x99 C:/Program Files (x86)/Atmel/Studio/7.0/Packs/Atmel/ATmega_DFP/1.6.364/gcc/dev/atmega64a/avr5\libatmega64a.a(eerd_byte.o)
 .debug_info    0x0000d321       0x99 C:/Program Files (x86)/Atmel/Studio/7.0/Packs/Atmel/ATmega_DFP/1.6.364/gcc/dev/atmega64a/avr5\libatmega64a.a(eerd_word.o)
 .debug_info    0x0000d3ba       0x9b C:/Program Files (x86)/Atmel/Studio/7.0/Packs/Atmel/ATmega_DFP/1.6.364/gcc/dev/atmega64a/avr5\libatmega64a.a(eeupd_block.o)
 .debug_info    0x0000d455       0x9a C:/Program Files (x86)/Atmel/Studio/7.0/Packs/Atmel/ATmega_DFP/1.6.364/gcc/dev/atmega64a/avr5\libatmega64a.a(eeupd_byte.o)
 .debug_info    0x0000d4ef       0x9a C:/Program Files (x86)/Atmel/Studio/7.0/Packs/Atmel/ATmega_DFP/1.6.364/gcc/dev/atmega64a/avr5\libatmega64a.a(eeupd_word.o)

.debug_abbrev   0x00000000     0x20b5
 *(.debug_abbrev)
 .debug_abbrev  0x00000000      0x718 C:/Program Files (x86)/Atmel/Studio/7.0/Packs/Atmel/ATmega_DFP/1.6.364/gcc/dev/atmega64a/avr5/crtatmega64a.o
 .debug_abbrev  0x00000718       0x8b DS18B20/crc8.o
 .debug_abbrev  0x000007a3      0x186 DS18B20/ds18x20.o
 .debug_abbrev  0x00000929      0x1f4 DS18B20/onewire.o
 .debug_abbrev  0x00000b1d       0xf8 HIHxxxx/HIHxxxx.o
 .debug_abbrev  0x00000c15      0x189 I2C/i2c_master.o
 .debug_abbrev  0x00000d9e      0x3a2 LCD/lcd.o
 .debug_abbrev  0x00001140      0x3cd main.o
 .debug_abbrev  0x0000150d      0x28b MENU/menu.o
 .debug_abbrev  0x00001798      0x3e8 MENU/menu_items.o
 .debug_abbrev  0x00001b80       0x6b MENU/menu_portsio.o
 .debug_abbrev  0x00001beb       0x87 SPI/spi.o
 .debug_abbrev  0x00001c72      0x236 UART/UART.o
 .debug_abbrev  0x00001ea8      0x195 Utils/ftoa.o
 .debug_abbrev  0x0000203d       0x14 C:/Program Files (x86)/Atmel/Studio/7.0/Packs/Atmel/ATmega_DFP/1.6.364/gcc/dev/atmega64a/avr5\libatmega64a.a(eerd_block.o)
 .debug_abbrev  0x00002051       0x14 C:/Program Files (x86)/Atmel/Studio/7.0/Packs/Atmel/ATmega_DFP/1.6.364/gcc/dev/atmega64a/avr5\libatmega64a.a(eerd_byte.o)
 .debug_abbrev  0x00002065       0x14 C:/Program Files (x86)/Atmel/Studio/7.0/Packs/Atmel/ATmega_DFP/1.6.364/gcc/dev/atmega64a/avr5\libatmega64a.a(eerd_word.o)
 .debug_abbrev  0x00002079       0x14 C:/Program Files (x86)/Atmel/Studio/7.0/Packs/Atmel/ATmega_DFP/1.6.364/gcc/dev/atmega64a/avr5\libatmega64a.a(eeupd_block.o)
 .debug_abbrev  0x0000208d       0x14 C:/Program Files (x86)/Atmel/Studio/7.0/Packs/Atmel/ATmega_DFP/1.6.364/gcc/dev/atmega64a/avr5\libatmega64a.a(eeupd_byte.o)
 .debug_abbrev  0x000020a1       0x14 C:/Program Files (x86)/Atmel/Studio/7.0/Packs/Atmel/ATmega_DFP/1.6.364/gcc/dev/atmega64a/avr5\libatmega64a.a(eeupd_word.o)

.debug_line     0x00000000     0x594e
 *(.debug_line .debug_line.* .debug_line_end)
 .debug_line    0x00000000      0x16a C:/Program Files (x86)/Atmel/Studio/7.0/Packs/Atmel/ATmega_DFP/1.6.364/gcc/dev/atmega64a/avr5/crtatmega64a.o
 .debug_line    0x0000016a       0xfd DS18B20/crc8.o
 .debug_line    0x00000267      0x397 DS18B20/ds18x20.o
 .debug_line    0x000005fe      0x374 DS18B20/onewire.o
 .debug_line    0x00000972      0x14b HIHxxxx/HIHxxxx.o
 .debug_line    0x00000abd      0x397 I2C/i2c_master.o
 .debug_line    0x00000e54      0x847 LCD/lcd.o
 .debug_line    0x0000169b     0x10f2 main.o
 .debug_line    0x0000278d      0x368 MENU/menu.o
 .debug_line    0x00002af5     0x2331 MENU/menu_items.o
 .debug_line    0x00004e26       0xb2 MENU/menu_portsio.o
 .debug_line    0x00004ed8      0x10c SPI/spi.o
 .debug_line    0x00004fe4      0x530 UART/UART.o
 .debug_line    0x00005514       0xf7 Utils/ftoa.o
 .debug_line    0x0000560b       0xab C:/Program Files (x86)/Atmel/Studio/7.0/Packs/Atmel/ATmega_DFP/1.6.364/gcc/dev/atmega64a/avr5\libatmega64a.a(eerd_block.o)
 .debug_line    0x000056b6       0x7a C:/Program Files (x86)/Atmel/Studio/7.0/Packs/Atmel/ATmega_DFP/1.6.364/gcc/dev/atmega64a/avr5\libatmega64a.a(eerd_byte.o)
 .debug_line    0x00005730       0x67 C:/Program Files (x86)/Atmel/Studio/7.0/Packs/Atmel/ATmega_DFP/1.6.364/gcc/dev/atmega64a/avr5\libatmega64a.a(eerd_word.o)
 .debug_line    0x00005797       0xa5 C:/Program Files (x86)/Atmel/Studio/7.0/Packs/Atmel/ATmega_DFP/1.6.364/gcc/dev/atmega64a/avr5\libatmega64a.a(eeupd_block.o)
 .debug_line    0x0000583c       0xb0 C:/Program Files (x86)/Atmel/Studio/7.0/Packs/Atmel/ATmega_DFP/1.6.364/gcc/dev/atmega64a/avr5\libatmega64a.a(eeupd_byte.o)
 .debug_line    0x000058ec       0x62 C:/Program Files (x86)/Atmel/Studio/7.0/Packs/Atmel/ATmega_DFP/1.6.364/gcc/dev/atmega64a/avr5\libatmega64a.a(eeupd_word.o)

.debug_frame    0x00000000     0x166c
 *(.debug_frame)
 .debug_frame   0x00000000       0x24 DS18B20/crc8.o
 .debug_frame   0x00000024      0x184 DS18B20/ds18x20.o
 .debug_frame   0x000001a8      0x100 DS18B20/onewire.o
 .debug_frame   0x000002a8       0x78 HIHxxxx/HIHxxxx.o
 .debug_frame   0x00000320      0x118 I2C/i2c_master.o
 .debug_frame   0x00000438      0x21c LCD/lcd.o
 .debug_frame   0x00000654      0x244 main.o
 .debug_frame   0x00000898       0x98 MENU/menu.o
 .debug_frame   0x00000930      0xa94 MENU/menu_items.o
 .debug_frame   0x000013c4       0x24 MENU/menu_portsio.o
 .debug_frame   0x000013e8       0x44 SPI/spi.o
 .debug_frame   0x0000142c      0x1bc UART/UART.o
 .debug_frame   0x000015e8       0x84 Utils/ftoa.o

.debug_str      0x00000000     0x21ef
 *(.debug_str)
 .debug_str     0x00000000      0x27e C:/Program Files (x86)/Atmel/Studio/7.0/Packs/Atmel/ATmega_DFP/1.6.364/gcc/dev/atmega64a/avr5/crtatmega64a.o
 .debug_str     0x0000027e      0x188 DS18B20/crc8.o
                                0x1c1 (size before relaxing)
 .debug_str     0x00000406      0x19d DS18B20/ds18x20.o
                                0x31c (size before relaxing)
 .debug_str     0x000005a3       0x7a DS18B20/onewire.o
                                0x24b (size before relaxing)
 .debug_str     0x0000061d       0xa0 HIHxxxx/HIHxxxx.o
                                0x22a (size before relaxing)
 .debug_str     0x000006bd       0x85 I2C/i2c_master.o
                                0x211 (size before relaxing)
 .debug_str     0x00000742      0x199 LCD/lcd.o
                                0x312 (size before relaxing)
 .debug_str     0x000008db      0x930 main.o
                                0xe96 (size before relaxing)
 .debug_str     0x0000120b      0x212 MENU/menu.o
                                0x446 (size before relaxing)
 .debug_str     0x0000141d      0xbda MENU/menu_items.o
                               0x1718 (size before relaxing)
 .debug_str     0x00001ff7       0x33 MENU/menu_portsio.o
                                0x19b (size before relaxing)
 .debug_str     0x0000202a        0xd SPI/spi.o
                                0x18c (size before relaxing)
 .debug_str     0x00002037      0x179 UART/UART.o
                                0x373 (size before relaxing)
 .debug_str     0x000021b0       0x3f Utils/ftoa.o
                                0x1c2 (size before relaxing)

.debug_loc      0x00000000     0x903f
 *(.debug_loc)
 .debug_loc     0x00000000      0x197 DS18B20/crc8.o
 .debug_loc     0x00000197      0x912 DS18B20/ds18x20.o
 .debug_loc     0x00000aa9      0x4ea DS18B20/onewire.o
 .debug_loc     0x00000f93       0xca HIHxxxx/HIHxxxx.o
 .debug_loc     0x0000105d      0x731 I2C/i2c_master.o
 .debug_loc     0x0000178e      0xf72 LCD/lcd.o
 .debug_loc     0x00002700      0xb3e main.o
 .debug_loc     0x0000323e      0x34d MENU/menu.o
 .debug_loc     0x0000358b     0x4f23 MENU/menu_items.o
 .debug_loc     0x000084ae       0x21 SPI/spi.o
 .debug_loc     0x000084cf      0x81b UART/UART.o
 .debug_loc     0x00008cea      0x355 Utils/ftoa.o

.debug_macinfo
 *(.debug_macinfo)

.debug_weaknames
 *(.debug_weaknames)

.debug_funcnames
 *(.debug_funcnames)

.debug_typenames
 *(.debug_typenames)

.debug_varnames
 *(.debug_varnames)

.debug_pubtypes
 *(.debug_pubtypes)

.debug_ranges   0x00000000      0xa30
 *(.debug_ranges)
 .debug_ranges  0x00000000       0x10 DS18B20/crc8.o
 .debug_ranges  0x00000010       0x50 DS18B20/ds18x20.o
 .debug_ranges  0x00000060       0x58 DS18B20/onewire.o
 .debug_ranges  0x000000b8       0x28 HIHxxxx/HIHxxxx.o
 .debug_ranges  0x000000e0       0x88 I2C/i2c_master.o
 .debug_ranges  0x00000168      0x1d0 LCD/lcd.o
 .debug_ranges  0x00000338      0x1a0 main.o
 .debug_ranges  0x000004d8       0xb8 MENU/menu.o
 .debug_ranges  0x00000590      0x370 MENU/menu_items.o
 .debug_ranges  0x00000900       0x10 MENU/menu_portsio.o
 .debug_ranges  0x00000910       0x20 SPI/spi.o
 .debug_ranges  0x00000930       0xd8 UART/UART.o
 .debug_ranges  0x00000a08       0x28 Utils/ftoa.o

.debug_macro
 *(.debug_macro)
OUTPUT(futes_vezerlo.elf elf32-avr)
LOAD linker stubs
