Archive member included to satisfy reference by file (symbol)

c:/program files (x86)/atmel/studio/7.0/toolchain/avr8/avr8-gnu-toolchain/bin/../lib/gcc/avr/5.4.0/../../../../avr/lib/avr5\libm.a(addsf3.o)
                              BME280/bme280.o (__subsf3)
c:/program files (x86)/atmel/studio/7.0/toolchain/avr8/avr8-gnu-toolchain/bin/../lib/gcc/avr/5.4.0/../../../../avr/lib/avr5\libm.a(addsf3x.o)
                              c:/program files (x86)/atmel/studio/7.0/toolchain/avr8/avr8-gnu-toolchain/bin/../lib/gcc/avr/5.4.0/../../../../avr/lib/avr5\libm.a(addsf3.o) (__addsf3x)
c:/program files (x86)/atmel/studio/7.0/toolchain/avr8/avr8-gnu-toolchain/bin/../lib/gcc/avr/5.4.0/../../../../avr/lib/avr5\libm.a(cmpsf2.o)
                              main.o (__ltsf2)
c:/program files (x86)/atmel/studio/7.0/toolchain/avr8/avr8-gnu-toolchain/bin/../lib/gcc/avr/5.4.0/../../../../avr/lib/avr5\libm.a(divsf3.o)
                              BME280/bme280.o (__divsf3)
c:/program files (x86)/atmel/studio/7.0/toolchain/avr8/avr8-gnu-toolchain/bin/../lib/gcc/avr/5.4.0/../../../../avr/lib/avr5\libm.a(divsf3x.o)
                              c:/program files (x86)/atmel/studio/7.0/toolchain/avr8/avr8-gnu-toolchain/bin/../lib/gcc/avr/5.4.0/../../../../avr/lib/avr5\libm.a(divsf3.o) (__divsf3x)
c:/program files (x86)/atmel/studio/7.0/toolchain/avr8/avr8-gnu-toolchain/bin/../lib/gcc/avr/5.4.0/../../../../avr/lib/avr5\libm.a(fixsfsi.o)
                              main.o (__fixsfsi)
c:/program files (x86)/atmel/studio/7.0/toolchain/avr8/avr8-gnu-toolchain/bin/../lib/gcc/avr/5.4.0/../../../../avr/lib/avr5\libm.a(fixunssfsi.o)
                              c:/program files (x86)/atmel/studio/7.0/toolchain/avr8/avr8-gnu-toolchain/bin/../lib/gcc/avr/5.4.0/../../../../avr/lib/avr5\libm.a(fixsfsi.o) (__fixunssfsi)
c:/program files (x86)/atmel/studio/7.0/toolchain/avr8/avr8-gnu-toolchain/bin/../lib/gcc/avr/5.4.0/../../../../avr/lib/avr5\libm.a(floatdisf.o)
                              BME280/bme280.o (__floatdisf)
c:/program files (x86)/atmel/studio/7.0/toolchain/avr8/avr8-gnu-toolchain/bin/../lib/gcc/avr/5.4.0/../../../../avr/lib/avr5\libm.a(floatsisf.o)
                              BME280/bme280.o (__floatunsisf)
c:/program files (x86)/atmel/studio/7.0/toolchain/avr8/avr8-gnu-toolchain/bin/../lib/gcc/avr/5.4.0/../../../../avr/lib/avr5\libm.a(floatundisf.o)
                              c:/program files (x86)/atmel/studio/7.0/toolchain/avr8/avr8-gnu-toolchain/bin/../lib/gcc/avr/5.4.0/../../../../avr/lib/avr5\libm.a(floatdisf.o) (__fp_di2sf)
c:/program files (x86)/atmel/studio/7.0/toolchain/avr8/avr8-gnu-toolchain/bin/../lib/gcc/avr/5.4.0/../../../../avr/lib/avr5\libm.a(fp_cmp.o)
                              c:/program files (x86)/atmel/studio/7.0/toolchain/avr8/avr8-gnu-toolchain/bin/../lib/gcc/avr/5.4.0/../../../../avr/lib/avr5\libm.a(cmpsf2.o) (__fp_cmp)
c:/program files (x86)/atmel/studio/7.0/toolchain/avr8/avr8-gnu-toolchain/bin/../lib/gcc/avr/5.4.0/../../../../avr/lib/avr5\libm.a(fp_inf.o)
                              c:/program files (x86)/atmel/studio/7.0/toolchain/avr8/avr8-gnu-toolchain/bin/../lib/gcc/avr/5.4.0/../../../../avr/lib/avr5\libm.a(addsf3x.o) (__fp_inf)
c:/program files (x86)/atmel/studio/7.0/toolchain/avr8/avr8-gnu-toolchain/bin/../lib/gcc/avr/5.4.0/../../../../avr/lib/avr5\libm.a(fp_nan.o)
                              c:/program files (x86)/atmel/studio/7.0/toolchain/avr8/avr8-gnu-toolchain/bin/../lib/gcc/avr/5.4.0/../../../../avr/lib/avr5\libm.a(addsf3x.o) (__fp_nan)
c:/program files (x86)/atmel/studio/7.0/toolchain/avr8/avr8-gnu-toolchain/bin/../lib/gcc/avr/5.4.0/../../../../avr/lib/avr5\libm.a(fp_negdi.o)
                              c:/program files (x86)/atmel/studio/7.0/toolchain/avr8/avr8-gnu-toolchain/bin/../lib/gcc/avr/5.4.0/../../../../avr/lib/avr5\libm.a(floatdisf.o) (__fp_negdi)
c:/program files (x86)/atmel/studio/7.0/toolchain/avr8/avr8-gnu-toolchain/bin/../lib/gcc/avr/5.4.0/../../../../avr/lib/avr5\libm.a(fp_pscA.o)
                              c:/program files (x86)/atmel/studio/7.0/toolchain/avr8/avr8-gnu-toolchain/bin/../lib/gcc/avr/5.4.0/../../../../avr/lib/avr5\libm.a(addsf3x.o) (__fp_pscA)
c:/program files (x86)/atmel/studio/7.0/toolchain/avr8/avr8-gnu-toolchain/bin/../lib/gcc/avr/5.4.0/../../../../avr/lib/avr5\libm.a(fp_pscB.o)
                              c:/program files (x86)/atmel/studio/7.0/toolchain/avr8/avr8-gnu-toolchain/bin/../lib/gcc/avr/5.4.0/../../../../avr/lib/avr5\libm.a(addsf3x.o) (__fp_pscB)
c:/program files (x86)/atmel/studio/7.0/toolchain/avr8/avr8-gnu-toolchain/bin/../lib/gcc/avr/5.4.0/../../../../avr/lib/avr5\libm.a(fp_round.o)
                              c:/program files (x86)/atmel/studio/7.0/toolchain/avr8/avr8-gnu-toolchain/bin/../lib/gcc/avr/5.4.0/../../../../avr/lib/avr5\libm.a(addsf3.o) (__fp_round)
c:/program files (x86)/atmel/studio/7.0/toolchain/avr8/avr8-gnu-toolchain/bin/../lib/gcc/avr/5.4.0/../../../../avr/lib/avr5\libm.a(fp_split3.o)
[...]
Memory Configuration

Name             Origin             Length             Attributes
text             0x00000000         0x00020000         xr
data             0x00800060         0x0000ffa0         rw !x
eeprom           0x00810000         0x00010000         rw !x
fuse             0x00820000         0x00000003         rw !x
lock             0x00830000         0x00000400         rw !x
signature        0x00840000         0x00000400         rw !x
user_signatures  0x00850000         0x00000400         rw !x
*default*        0x00000000         0xffffffff

Linker script and memory map

Address of section .data set to 0x800100
LOAD C:/Program Files (x86)/Atmel/Studio/7.0/Packs/atmel/ATmega_DFP/1.2.209/gcc/dev/atmega64a/avr5/crtatmega64a.o
LOAD BME280/bme280.o
LOAD DS18B20/crc8.o
LOAD DS18B20/delay.o
LOAD DS18B20/ds18x20.o
LOAD DS18B20/onewire.o
LOAD I2C/i2c_master.o
LOAD LCD/lcd.o
LOAD main.o
LOAD MAX31865/max31865.o
LOAD MENU/menu.o
LOAD MENU/menu_items.o
LOAD MENU/menu_portsio.o
LOAD SPI/spi.o
LOAD UART/UART.o
LOAD Utils/ftoa.o
START GROUP
LOAD c:/program files (x86)/atmel/studio/7.0/toolchain/avr8/avr8-gnu-toolchain/bin/../lib/gcc/avr/5.4.0/../../../../avr/lib/avr5\libm.a
END GROUP
START GROUP
LOAD c:/program files (x86)/atmel/studio/7.0/toolchain/avr8/avr8-gnu-toolchain/bin/../lib/gcc/avr/5.4.0/avr5\libgcc.a
LOAD c:/program files (x86)/atmel/studio/7.0/toolchain/avr8/avr8-gnu-toolchain/bin/../lib/gcc/avr/5.4.0/../../../../avr/lib/avr5\libm.a
LOAD c:/program files (x86)/atmel/studio/7.0/toolchain/avr8/avr8-gnu-toolchain/bin/../lib/gcc/avr/5.4.0/../../../../avr/lib/avr5\libc.a
LOAD C:/Program Files (x86)/Atmel/Studio/7.0/Packs/atmel/ATmega_DFP/1.2.209/gcc/dev/atmega64a/avr5\libatmega64a.a
END GROUP
                0x00020000                __TEXT_REGION_LENGTH__ = DEFINED (__TEXT_REGION_LENGTH__)?__TEXT_REGION_LENGTH__:0x20000
                0x0000ffa0                __DATA_REGION_LENGTH__ = DEFINED (__DATA_REGION_LENGTH__)?__DATA_REGION_LENGTH__:0xffa0
                0x00010000                __EEPROM_REGION_LENGTH__ = DEFINED (__EEPROM_REGION_LENGTH__)?__EEPROM_REGION_LENGTH__:0x10000
                [0x00000003]                __FUSE_REGION_LENGTH__ = DEFINED (__FUSE_REGION_LENGTH__)?__FUSE_REGION_LENGTH__:0x400
                0x00000400                __LOCK_REGION_LENGTH__ = DEFINED (__LOCK_REGION_LENGTH__)?__LOCK_REGION_LENGTH__:0x400
                0x00000400                __SIGNATURE_REGION_LENGTH__ = DEFINED (__SIGNATURE_REGION_LENGTH__)?__SIGNATURE_REGION_LENGTH__:0x400
                0x00000400                __USER_SIGNATURE_REGION_LENGTH__ = DEFINED (__USER_SIGNATURE_REGION_LENGTH__)?__USER_SIGNATURE_REGION_LENGTH__:0x400

.hash
 *(.hash)

.dynsym
 *(.dynsym)

.dynstr
 *(.dynstr)

.gnu.version
 *(.gnu.version)

.gnu.version_d
 *(.gnu.version_d)

.gnu.version_r
 *(.gnu.version_r)

.rel.init
 *(.rel.init)

.rela.init
 *(.rela.init)

.rel.text
 *(.rel.text)
 *(.rel.text.*)
 *(.rel.gnu.linkonce.t*)

.rela.text
 *(.rela.text)
 *(.rela.text.*)
 *(.rela.gnu.linkonce.t*)

.rel.fini
 *(.rel.fini)

.rela.fini
 *(.rela.fini)

.rel.rodata
 *(.rel.rodata)
 *(.rel.rodata.*)
 *(.rel.gnu.linkonce.r*)

.rela.rodata
 *(.rela.rodata)
 *(.rela.rodata.*)
 *(.rela.gnu.linkonce.r*)

.rel.data
 *(.rel.data)
 *(.rel.data.*)
 *(.rel.gnu.linkonce.d*)

.rela.data
 *(.rela.data)
 *(.rela.data.*)
 *(.rela.gnu.linkonce.d*)

.rel.ctors
 *(.rel.ctors)

.rela.ctors
 *(.rela.ctors)

.rel.dtors
 *(.rel.dtors)

.rela.dtors
 *(.rela.dtors)

.rel.got
 *(.rel.got)

.rela.got
 *(.rela.got)

.rel.bss
 *(.rel.bss)

.rela.bss
 *(.rela.bss)

.rel.plt
 *(.rel.plt)

.rela.plt
 *(.rela.plt)

.text           0x00000000     0x5252
 *(.vectors)
 .vectors       0x00000000       0x8c C:/Program Files (x86)/Atmel/Studio/7.0/Packs/atmel/ATmega_DFP/1.2.209/gcc/dev/atmega64a/avr5/crtatmega64a.o
                0x00000000                __vector_default
                0x00000000                __vectors
 *(.vectors)
 *(.progmem.gcc*)
 .progmem.gcc_sw_table.lcd_putc_hu
                0x0000008c       0x78 LCD/lcd.o
 .progmem.gcc_sw_table.SensorRead
                0x00000104        0xe main.o
 .progmem.gcc_sw_table.main
                0x00000112       0x3a main.o
 .progmem.gcc_sw_table.ClockDayName_CallbackRender
                0x0000014c        0xe MENU/menu_items.o
                0x0000015a                . = ALIGN (0x2)
                0x0000015a                __trampolines_start = .
 *(.trampolines)
 .trampolines   0x0000015a        0x0 linker stubs
 *(.trampolines*)
                0x0000015a                __trampolines_end = .
 *libprintf_flt.a:*(.progmem.data)
 *libc.a:*(.progmem.data)
 *(.progmem*)
 .progmem.data.__c.2398
                0x0000015a       0x1c BME280/bme280.o
 .progmem.data.magyar_betuk
                0x00000176       0x38 LCD/lcd.o
 .progmem.data.__c.3279
                0x000001ae        0x2 main.o
 .progmem.data.__c.3276
                0x000001b0        0x2 main.o
 .progmem.data.__c.3273
                0x000001b2        0x2 main.o
 .progmem.data.__c.3270
                0x000001b4        0x2 main.o
 .progmem.data.__c.3267
                0x000001b6        0x2 main.o
 .progmem.data.__c.3264
                0x000001b8        0x2 main.o
 .progmem.data.__c.3260
                0x000001ba        0x2 main.o
 .progmem.data.__c.3237
                0x000001bc        0x4 main.o
 .progmem.data.__c.3235
                0x000001c0        0xa main.o
 .progmem.data.__c.3233
                0x000001ca       0x12 main.o
 .progmem.data.__c.3231
                0x000001dc        0x7 main.o
 .progmem.data.__c.3229
                0x000001e3       0x13 main.o
 .progmem.data.__c.3227
                0x000001f6        0xf main.o
 .progmem.data.__c.3225
                0x00000205        0xc main.o
 .progmem.data.__c.3219
                0x00000211       0x14 main.o
 .progmem.data.__c.3217
                0x00000225       0x14 main.o
 .progmem.data.__c.3202
                0x00000239        0xb main.o
 .progmem.data.__c.3199
                0x00000244       0x11 main.o
 .progmem.data.__c.3197
                0x00000255       0x12 main.o
 .progmem.data.__c.3188
                0x00000267        0x2 main.o
 .progmem.data.__c.3186
                0x00000269        0x4 main.o
 .progmem.data.__c.3178
                0x0000026d        0xb main.o
 .progmem.data.__c.3176
                0x00000278        0xd main.o
 .progmem.data.__c.3174
                0x00000285        0xa main.o
 .progmem.data.__c.3172
                0x0000028f        0xc main.o
 .progmem.data.__c.3170
                0x0000029b        0x9 main.o
 .progmem.data.__c.3167
                0x000002a4        0x8 main.o
 .progmem.data.__c.3164
                0x000002ac        0x7 main.o
 .progmem.data.__c.3161
                0x000002b3        0x5 main.o
 .progmem.data.__c.3158
                0x000002b8        0x7 main.o
 .progmem.data.__c.3155
                0x000002bf        0x5 main.o
 .progmem.data.__c.3151
                0x000002c4        0x6 main.o
 .progmem.data.__c.3148
                0x000002ca        0x2 main.o
 .progmem.data.__c.3146
                0x000002cc        0x2 main.o
 .progmem.data.__c.3144
                0x000002ce        0x2 main.o
 .progmem.data.__c.3142
                0x000002d0        0x3 main.o
 .progmem.data.__c.3140
                0x000002d3        0x2 main.o
 .progmem.data.__c.3138
                0x000002d5        0xc main.o
 .progmem.data.__c.3136
                0x000002e1        0x3 main.o
 .progmem.data.__c.3134
                0x000002e4        0x2 main.o
 .progmem.data.__c.3132
                0x000002e6        0xb main.o
 .progmem.data.__c.3130
                0x000002f1        0x3 main.o
 .progmem.data.__c.3128
                0x000002f4        0x2 main.o
 .progmem.data.__c.3126
                0x000002f6        0x7 main.o
 .progmem.data.__c.3124
                0x000002fd        0x3 main.o
 .progmem.data.__c.3122
                0x00000300        0x2 main.o
 .progmem.data.__c.3120
                0x00000302        0x9 main.o
 .progmem.data.__c.3118
                0x0000030b        0x3 main.o
 .progmem.data.__c.3116
                0x0000030e        0x2 main.o
 .progmem.data.__c.3114
                0x00000310        0x8 main.o
 .progmem.data.__c.3112
                0x00000318        0x3 main.o
 .progmem.data.__c.3110
                0x0000031b        0x7 main.o
 .progmem.data.__c.3108
                0x00000322        0x3 main.o
 .progmem.data.__c.3106
                0x00000325        0x2 main.o
 .progmem.data.__c.3104
                0x00000327        0x8 main.o
 .progmem.data.__c.3102
                0x0000032f        0x3 main.o
 .progmem.data.__c.3100
                0x00000332        0x2 main.o
 .progmem.data.__c.3098
                0x00000334        0x8 main.o
 .progmem.data.__c.3096
                0x0000033c        0x3 main.o
 .progmem.data.__c.3094
                0x0000033f        0x2 main.o
 .progmem.data.__c.3092
                0x00000341        0x5 main.o
 .progmem.data.__c.3089
                0x00000346        0x2 main.o
 .progmem.data.__c.3087
                0x00000348        0x5 main.o
 .progmem.data.__c.3085
                0x0000034d        0x2 main.o
 .progmem.data.__c.3083
                0x0000034f        0x2 main.o
 .progmem.data.__c.3081
                0x00000351        0x5 main.o
 .progmem.data.__c.3079
                0x00000356        0x2 main.o
 .progmem.data.__c.3077
                0x00000358        0x2 main.o
 .progmem.data.__c.3075
                0x0000035a        0x4 main.o
 .progmem.data.__c.3073
                0x0000035e        0x2 main.o
 .progmem.data.__c.3071
                0x00000360        0x2 main.o
 .progmem.data.__c.3069
                0x00000362        0x4 main.o
 .progmem.data.__c.3067
                0x00000366        0x2 main.o
 .progmem.data.__c.3065
                0x00000368        0x2 main.o
 .progmem.data.__c.3063
                0x0000036a        0x4 main.o
 .progmem.data.__c.3061
                0x0000036e        0x2 main.o
 .progmem.data.__c.3059
                0x00000370        0x2 main.o
 .progmem.data.__c.3057
                0x00000372        0x4 main.o
 .progmem.data.__c.3055
                0x00000376        0x2 main.o
 .progmem.data.__c.3053
                0x00000378        0x2 main.o
 .progmem.data.__c.3051
                0x0000037a        0x4 main.o
 .progmem.data.__c.3049
                0x0000037e        0x2 main.o
 .progmem.data.__c.3047
                0x00000380        0x2 main.o
 .progmem.data.__c.3045
                0x00000382        0x4 main.o
 .progmem.data.__c.3043
                0x00000386        0x2 main.o
 .progmem.data.__c.3041
                0x00000388        0x2 main.o
 .progmem.data.__c.3039
                0x0000038a        0x4 main.o
 .progmem.data.__c.3033
                0x0000038e        0x2 main.o
 .progmem.data.__c.3031
                0x00000390        0x3 main.o
 .progmem.data.__c.3029
                0x00000393        0x2 main.o
 .progmem.data.__c.3027
                0x00000395        0x3 main.o
 .progmem.data.__c.3025
                0x00000398        0x2 main.o
 .progmem.data.__c.3023
                0x0000039a        0x3 main.o
 .progmem.data.__c.3021
                0x0000039d        0x2 main.o
 .progmem.data.__c.3019
                0x0000039f        0x3 main.o
 .progmem.data.__c.3017
                0x000003a2        0x2 main.o
 .progmem.data.__c.3015
                0x000003a4        0x3 main.o
 .progmem.data.__c.3013
                0x000003a7        0x2 main.o
 .progmem.data.__c.3011
                0x000003a9        0x3 main.o
 .progmem.data.__c.3009
                0x000003ac        0x2 main.o
 .progmem.data.__c.3007
                0x000003ae        0x3 main.o
 .progmem.data.__c.3005
                0x000003b1        0x2 main.o
 .progmem.data.__c.3003
                0x000003b3        0x3 main.o
 .progmem.data.__c.3000
                0x000003b6        0x2 main.o
 .progmem.data.__c.2998
                0x000003b8        0x2 main.o
 .progmem.data.__c.2996
                0x000003ba        0x2 main.o
 .progmem.data.__c.2994
                0x000003bc        0x2 main.o
 .progmem.data.__c.2990
                0x000003be        0x2 main.o
 .progmem.data.__c.2988
                0x000003c0        0x5 main.o
 .progmem.data.__c.2984
                0x000003c5        0x2 main.o
 .progmem.data.__c.2982
                0x000003c7        0x5 main.o
 .progmem.data.fraccel_lookup
                0x000003cc       0x10 main.o
 .progmem.data.magyar_betuk
                0x000003dc       0x38 main.o
 .progmem.data.__c.3091
                0x00000414       0x12 MENU/menu_items.o
 .progmem.data.__c.3076
                0x00000426        0xc MENU/menu_items.o
 .progmem.data.__c.3062
                0x00000432        0x3 MENU/menu_items.o
 .progmem.data.__c.3060
                0x00000435        0x3 MENU/menu_items.o
 .progmem.data.__c.3058
                0x00000438        0xc MENU/menu_items.o
 .progmem.data.__c.3043
                0x00000444        0x9 MENU/menu_items.o
 .progmem.data.__c.3040
                0x0000044d        0x8 MENU/menu_items.o
 .progmem.data.__c.3037
                0x00000455        0x7 MENU/menu_items.o
 .progmem.data.__c.3034
                0x0000045c        0xa MENU/menu_items.o
 .progmem.data.__c.3031
                0x00000466        0x7 MENU/menu_items.o
 .progmem.data.__c.3028
                0x0000046d        0x5 MENU/menu_items.o
 .progmem.data.__c.3024
                0x00000472        0x6 MENU/menu_items.o
 .progmem.data.__c.3021
                0x00000478        0x8 MENU/menu_items.o
 .progmem.data.__c.3006
                0x00000480        0x4 MENU/menu_items.o
 .progmem.data.__c.2991
                0x00000484        0x6 MENU/menu_items.o
 .progmem.data.__c.2976
                0x0000048a        0x3 MENU/menu_items.o
 .progmem.data.__c.2961
                0x0000048d        0x5 MENU/menu_items.o
 .progmem.data.__c.2946
                0x00000492        0x4 MENU/menu_items.o
 .progmem.data.__c.2931
                0x00000496       0x14 MENU/menu_items.o
 .progmem.data.__c.2916
                0x000004aa        0xb MENU/menu_items.o
 .progmem.data.__c.2901
                0x000004b5       0x12 MENU/menu_items.o
 .progmem.data.__c.2886
                0x000004c7        0xa MENU/menu_items.o
 .progmem.data.__c.2870
                0x000004d1       0x12 MENU/menu_items.o
 .progmem.data.__c.2865
                0x000004e3        0x3 MENU/menu_items.o
 .progmem.data.__c.2863
                0x000004e6        0x2 MENU/menu_items.o
 .progmem.data.__c.2861
                0x000004e8       0x13 MENU/menu_items.o
 .progmem.data.__c.2846
                0x000004fb       0x11 MENU/menu_items.o
 .progmem.data.__c.2841
                0x0000050c        0x3 MENU/menu_items.o
 .progmem.data.__c.2839
                0x0000050f        0x2 MENU/menu_items.o
 .progmem.data.__c.2837
                0x00000511        0xe MENU/menu_items.o
 .progmem.data.__c.2822
                0x0000051f       0x11 MENU/menu_items.o
 .progmem.data.__c.2817
                0x00000530        0x3 MENU/menu_items.o
 .progmem.data.__c.2815
                0x00000533        0x2 MENU/menu_items.o
 .progmem.data.__c.2812
                0x00000535        0x3 MENU/menu_items.o
 .progmem.data.__c.2810
                0x00000538        0x2 MENU/menu_items.o
 .progmem.data.__c.2808
                0x0000053a        0xe MENU/menu_items.o
 .progmem.data.__c.2793
                0x00000548       0x13 MENU/menu_items.o
 .progmem.data.__c.2788
                0x0000055b        0x3 MENU/menu_items.o
 .progmem.data.__c.2786
                0x0000055e        0x2 MENU/menu_items.o
 .progmem.data.__c.2783
                0x00000560        0x3 MENU/menu_items.o
 .progmem.data.__c.2781
                0x00000563        0x2 MENU/menu_items.o
 .progmem.data.__c.2779
                0x00000565       0x10 MENU/menu_items.o
 .progmem.data.__c.2764
                0x00000575       0x12 MENU/menu_items.o
 .progmem.data.__c.2751
                0x00000587        0x3 MENU/menu_items.o
 .progmem.data.__c.2749
                0x0000058a        0x2 MENU/menu_items.o
 .progmem.data.__c.2746
                0x0000058c        0x3 MENU/menu_items.o
 .progmem.data.__c.2744
                0x0000058f        0x2 MENU/menu_items.o
 .progmem.data.__c.2742
                0x00000591        0xf MENU/menu_items.o
 .progmem.data.__c.2727
                0x000005a0        0x3 MENU/menu_items.o
 .progmem.data.__c.2725
                0x000005a3        0x3 MENU/menu_items.o
 .progmem.data.__c.2723
                0x000005a6        0xc MENU/menu_items.o
 .progmem.data.__c.2709
                0x000005b2        0x3 MENU/menu_items.o
 .progmem.data.__c.2707
                0x000005b5        0x3 MENU/menu_items.o
 .progmem.data.__c.2705
                0x000005b8       0x11 MENU/menu_items.o
 .progmem.data.__c.2691
                0x000005c9        0x4 MENU/menu_items.o
 .progmem.data.__c.2689
                0x000005cd        0x7 MENU/menu_items.o
 .progmem.data.__c.2687
                0x000005d4       0x14 MENU/menu_items.o
 .progmem.data.__c.2673
                0x000005e8        0x3 MENU/menu_items.o
 .progmem.data.__c.2671
                0x000005eb        0x3 MENU/menu_items.o
 .progmem.data.__c.2669
                0x000005ee        0xf MENU/menu_items.o
 .progmem.data.__c.2655
                0x000005fd        0x3 MENU/menu_items.o
 .progmem.data.__c.2653
                0x00000600        0x3 MENU/menu_items.o
 .progmem.data.__c.2651
                0x00000603       0x12 MENU/menu_items.o
 .progmem.data.__c.2637
                0x00000615        0x3 MENU/menu_items.o
 .progmem.data.__c.2635
                0x00000618        0x3 MENU/menu_items.o
 .progmem.data.__c.2633
                0x0000061b       0x13 MENU/menu_items.o
 .progmem.data.__c.2617
                0x0000062e       0x12 MENU/menu_items.o
 .progmem.data.__c.2603
                0x00000640       0x12 MENU/menu_items.o
 .progmem.data.__c.2588
                0x00000652        0xf MENU/menu_items.o
 .progmem.data.__c.2574
                0x00000661        0x3 MENU/menu_items.o
 .progmem.data.__c.2572
                0x00000664        0x2 MENU/menu_items.o
 .progmem.data.__c.2569
                0x00000666        0x3 MENU/menu_items.o
 .progmem.data.__c.2567
                0x00000669        0x2 MENU/menu_items.o
 .progmem.data.__c.2565
                0x0000066b        0xf MENU/menu_items.o
 .progmem.data.__c.2549
                0x0000067a       0x12 MENU/menu_items.o
 .progmem.data.__c.2535
                0x0000068c        0xe MENU/menu_items.o
 .progmem.data.__c.2521
                0x0000069a        0x3 MENU/menu_items.o
 .progmem.data.__c.2519
                0x0000069d        0x2 MENU/menu_items.o
 .progmem.data.__c.2516
                0x0000069f        0x3 MENU/menu_items.o
 .progmem.data.__c.2514
                0x000006a2        0x2 MENU/menu_items.o
 .progmem.data.__c.2512
                0x000006a4        0xf MENU/menu_items.o
 .progmem.data.__c.2495
                0x000006b3        0x8 MENU/menu_items.o
 .progmem.data.__c.2480
                0x000006bb        0x8 MENU/menu_items.o
 .progmem.data.__c.2465
                0x000006c3        0xf MENU/menu_items.o
 .progmem.data.__c.2451
                0x000006d2        0xc MENU/menu_items.o
 .progmem.data.__c.2436
                0x000006de        0xf MENU/menu_items.o
 .progmem.data.__c.2422
                0x000006ed        0x3 MENU/menu_items.o
 .progmem.data.__c.2420
                0x000006f0        0x2 MENU/menu_items.o
 .progmem.data.__c.2417
                0x000006f2        0x3 MENU/menu_items.o
 .progmem.data.__c.2415
                0x000006f5        0x2 MENU/menu_items.o
 .progmem.data.__c.2413
                0x000006f7        0xc MENU/menu_items.o
 .progmem.data.__c.2397
                0x00000703        0xe MENU/menu_items.o
 .progmem.data.__c.2384
                0x00000711        0xc MENU/menu_items.o
 .progmem.data.__c.2371
                0x0000071d        0xb MENU/menu_items.o
                0x00000728                . = ALIGN (0x2)
 *(.jumptables)
 *(.jumptables*)
 *(.lowtext)
 *(.lowtext*)
                0x00000728                __ctors_start = .
 *(.ctors)
                0x00000728                __ctors_end = .
                0x00000728                __dtors_start = .
 *(.dtors)
                0x00000728                __dtors_end = .
 SORT(*)(.ctors)
 SORT(*)(.dtors)
 *(.init0)
 .init0         0x00000728        0x0 C:/Program Files (x86)/Atmel/Studio/7.0/Packs/atmel/ATmega_DFP/1.2.209/gcc/dev/atmega64a/avr5/crtatmega64a.o
                0x00000728                __init
 *(.init0)
 *(.init1)
 *(.init1)
 *(.init2)
 .init2         0x00000728        0xc C:/Program Files (x86)/Atmel/Studio/7.0/Packs/atmel/ATmega_DFP/1.2.209/gcc/dev/atmega64a/avr5/crtatmega64a.o
 *(.init2)
 *(.init3)
 *(.init3)
 *(.init4)
 .init4         0x00000734       0x16 c:/program files (x86)/atmel/studio/7.0/toolchain/avr8/avr8-gnu-toolchain/bin/../lib/gcc/avr/5.4.0/avr5\libgcc.a(_copy_data.o)
                0x00000734                __do_copy_data
 .init4         0x0000074a       0x10 c:/program files (x86)/atmel/studio/7.0/toolchain/avr8/avr8-gnu-toolchain/bin/../lib/gcc/avr/5.4.0/avr5\libgcc.a(_clear_bss.o)
                0x0000074a                __do_clear_bss
 *(.init4)
 *(.init5)
 *(.init5)
 *(.init6)
 *(.init6)
 *(.init7)
 *(.init7)
 *(.init8)
 *(.init8)
 *(.init9)
 .init9         0x0000075a        0x8 C:/Program Files (x86)/Atmel/Studio/7.0/Packs/atmel/ATmega_DFP/1.2.209/gcc/dev/atmega64a/avr5/crtatmega64a.o
 *(.init9)
 *(.text)
 .text          0x00000762        0x4 C:/Program Files (x86)/Atmel/Studio/7.0/Packs/atmel/ATmega_DFP/1.2.209/gcc/dev/atmega64a/avr5/crtatmega64a.o
                0x00000762                __vector_22
                0x00000762                __vector_28
                0x00000762                __vector_1
                0x00000762                __vector_32
                0x00000762                __vector_34
                0x00000762                __vector_24
                0x00000762                __bad_interrupt
                0x00000762                __vector_6
                0x00000762                __vector_3
                0x00000762                __vector_23
                0x00000762                __vector_25
                0x00000762                __vector_11
                0x00000762                __vector_13
                0x00000762                __vector_17
                0x00000762                __vector_7
                0x00000762                __vector_27
                0x00000762                __vector_5
                0x00000762                __vector_33
                0x00000762                __vector_4
                0x00000762                __vector_9
                0x00000762                __vector_2
                0x00000762                __vector_15
                0x00000762                __vector_29
                0x00000762                __vector_8
                0x00000762                __vector_26
                0x00000762                __vector_14
                0x00000762                __vector_10
                0x00000762                __vector_16
                0x00000762                __vector_20
                0x00000766                . = ALIGN (0x2)
 *(.text.*)
 .text.read8    0x00000766       0x44 BME280/bme280.o
                0x00000766                read8
 .text.read16   0x000007aa       0x50 BME280/bme280.o
                0x000007aa                read16
 .text.read16_LE
                0x000007fa        0xc BME280/bme280.o
                0x000007fa                read16_LE
 .text.read24   0x00000806       0x82 BME280/bme280.o
                0x00000806                read24
 .text.bme280_readCoefficients
                0x00000888      0x104 BME280/bme280.o
                0x00000888                bme280_readCoefficients
 .text.init_BME280
                0x0000098c       0x48 BME280/bme280.o
                0x0000098c                init_BME280
 .text.bme280_readTemperature
                0x000009d4      0x12e BME280/bme280.o
                0x000009d4                bme280_readTemperature
 .text.bme280_readHumidity
                0x00000b02      0x208 BME280/bme280.o
                0x00000b02                bme280_readHumidity
 .text.crc8     0x00000d0a       0x38 DS18B20/crc8.o
                0x00000d0a                crc8
 .text.DS18X20_meas_to_cel
                0x00000d42       0x96 DS18B20/ds18x20.o
                0x00000d42                DS18X20_meas_to_cel
 .text.DS18X20_find_sensor
                0x00000dd8       0x32 DS18B20/ds18x20.o
                0x00000dd8                DS18X20_find_sensor
 .text.DS18X20_start_meas
                0x00000e0a       0x38 DS18B20/ds18x20.o
                0x00000e0a                DS18X20_start_meas
 .text.DS18X20_read_meas
                0x00000e42       0xba DS18B20/ds18x20.o
                0x00000e42                DS18X20_read_meas
 .text.ow_input_pin_state
                0x00000efc       0x12 DS18B20/onewire.o
                0x00000efc                ow_input_pin_state
 .text.ow_parasite_enable
                0x00000f0e       0x26 DS18B20/onewire.o
                0x00000f0e                ow_parasite_enable
 .text.ow_reset
                0x00000f34       0x92 DS18B20/onewire.o
                0x00000f34                ow_reset
 .text.ow_set_bus
                0x00000fc6       0x2c DS18B20/onewire.o
                0x00000fc6                ow_set_bus
 .text.ow_bit_io
                0x00000ff2       0x80 DS18B20/onewire.o
                0x00000ff2                ow_bit_io
 .text.ow_byte_wr
                0x00001072       0x22 DS18B20/onewire.o
                0x00001072                ow_byte_wr
 .text.ow_byte_rd
                0x00001094        0x8 DS18B20/onewire.o
                0x00001094                ow_byte_rd
 .text.ow_rom_search
                0x0000109c       0xb4 DS18B20/onewire.o
                0x0000109c                ow_rom_search
 .text.ow_command
                0x00001150       0x48 DS18B20/onewire.o
                0x00001150                ow_command
 .text.i2c_init
                0x00001198        0x8 I2C/i2c_master.o
                0x00001198                i2c_init
 .text.i2c_start
                0x000011a0       0x4a I2C/i2c_master.o
                0x000011a0                i2c_start
 .text.i2c_write
                0x000011ea       0x24 I2C/i2c_master.o
                0x000011ea                i2c_write
 .text.i2c_read_ack
                0x0000120e       0x16 I2C/i2c_master.o
                0x0000120e                i2c_read_ack
 .text.i2c_read_nack
                0x00001224       0x16 I2C/i2c_master.o
                0x00001224                i2c_read_nack
 .text.i2c_stop
                0x0000123a        0x8 I2C/i2c_master.o
                0x0000123a                i2c_stop
 .text.toggle_e
                0x00001242        0xa LCD/lcd.o
 .text.lcd_write
                0x0000124c       0x5e LCD/lcd.o
 .text.lcd_read
                0x000012aa       0x50 LCD/lcd.o
 .text.lcd_waitbusy
                0x000012fa       0x1a LCD/lcd.o
 .text.lcd_command
                0x00001314       0x14 LCD/lcd.o
                0x00001314                lcd_command
 .text.lcd_data
                0x00001328       0x14 LCD/lcd.o
                0x00001328                lcd_data
 .text.lcd_gotoxy
                0x0000133c       0x2c LCD/lcd.o
                0x0000133c                lcd_gotoxy
 .text.lcd_clrscr
                0x00001368        0x8 LCD/lcd.o
                0x00001368                lcd_clrscr
 .text.lcd_putc
                0x00001370       0x40 LCD/lcd.o
                0x00001370                lcd_putc
 .text.lcd_puts_p
                0x000013b0       0x24 LCD/lcd.o
                0x000013b0                lcd_puts_p
 .text.lcd_init
                0x000013d4       0x74 LCD/lcd.o
                0x000013d4                lcd_init
 .text.lcd_defc
                0x00001448       0x30 LCD/lcd.o
                0x00001448                lcd_defc
 .text.lcd_putbit
                0x00001478       0x22 LCD/lcd.o
                0x00001478                lcd_putbit
 .text.lcd_putc_hu
                0x0000149a       0x40 LCD/lcd.o
                0x0000149a                lcd_putc_hu
 .text.lcd_puts
                0x000014da       0x20 LCD/lcd.o
                0x000014da                lcd_puts
 .text.lcd_puti
                0x000014fa       0x44 LCD/lcd.o
                0x000014fa                lcd_puti
 .text.lcd_puts_hu
                0x0000153e       0x24 LCD/lcd.o
                0x0000153e                lcd_puts_hu
 .text.__vector_21
                0x00001562       0x3e main.o
                0x00001562                __vector_21
 .text.__vector_12
                0x000015a0       0x26 main.o
                0x000015a0                __vector_12
 .text.search_sensors
                0x000015c6       0xca main.o
                0x000015c6                search_sensors
 .text.SensorRead
                0x00001690      0xaa6 main.o
                0x00001690                SensorRead
 .text.SwitchRelays
                0x00002136       0x14 main.o
                0x00002136                SwitchRelays
 .text.CheckConditions
                0x0000214a      0x2c4 main.o
                0x0000214a                CheckConditions
 .text.read_from_eeprom
                0x0000240e      0x12a main.o
                0x0000240e                read_from_eeprom
 .text.main     0x00002538      0x49a main.o
                0x00002538                main
 .text.renderMenu
                0x000029d2       0xd6 MENU/menu.o
 .text.menuReset
                0x00002aa8       0x1e MENU/menu.o
                0x00002aa8                menuReset
 .text.menuInit
                0x00002ac6        0xa MENU/menu.o
                0x00002ac6                menuInit
 .text.menuPollButtons
                0x00002ad0      0x2f6 MENU/menu.o
                0x00002ad0                menuPollButtons
 .text.BME280Temp_Callback
                0x00002dc6       0x10 MENU/menu_items.o
                0x00002dc6                BME280Temp_Callback
 .text.BME280Humidity_Callback
                0x00002dd6       0x10 MENU/menu_items.o
                0x00002dd6                BME280Humidity_Callback
 .text.DHWTempActual_Callback
                0x00002de6       0x10 MENU/menu_items.o
                0x00002de6                DHWTempActual_Callback
 .text.BufferTempActual_Callback
                0x00002df6       0x10 MENU/menu_items.o
                0x00002df6                BufferTempActual_Callback
 .text.EngineeringTempActual_Callback
                0x00002e06       0x10 MENU/menu_items.o
                0x00002e06                EngineeringTempActual_Callback
 .text.Universal_Callback
                0x00002e16       0x10 MENU/menu_items.o
                0x00002e16                Universal_Callback
 .text.ClockDayName_CallbackRender
                0x00002e26       0x74 MENU/menu_items.o
                0x00002e26                ClockDayName_CallbackRender
 .text.ClockDayName_ActionCallback
                0x00002e9a       0x4a MENU/menu_items.o
                0x00002e9a                ClockDayName_ActionCallback
 .text.BME280Temp_CallbackRender
                0x00002ee4       0x1e MENU/menu_items.o
                0x00002ee4                BME280Temp_CallbackRender
 .text.BME280Humidity_CallbackRender
                0x00002f02       0x1e MENU/menu_items.o
                0x00002f02                BME280Humidity_CallbackRender
 .text.SwitchOnOutdoorTempMin_CallbackRender
                0x00002f20       0x4e MENU/menu_items.o
                0x00002f20                SwitchOnOutdoorTempMin_CallbackRender
 .text.DHWTempDesired_CallbackRender
                0x00002f6e       0x48 MENU/menu_items.o
                0x00002f6e                DHWTempDesired_CallbackRender
 .text.DHWTempMin_CallbackRender
                0x00002fb6       0x48 MENU/menu_items.o
                0x00002fb6                DHWTempMin_CallbackRender
 .text.DHWSensor_CallbackRender
                0x00002ffe       0x48 MENU/menu_items.o
                0x00002ffe                DHWSensor_CallbackRender
 .text.DHWMinTime_CallbackRender
                0x00003046       0x4e MENU/menu_items.o
                0x00003046                DHWMinTime_CallbackRender
 .text.DHWMaxTime_CallbackRender
                0x00003094       0x4e MENU/menu_items.o
                0x00003094                DHWMaxTime_CallbackRender
 .text.ForwardHeatTemp_CallbackRender
                0x000030e2       0x48 MENU/menu_items.o
                0x000030e2                ForwardHeatTemp_CallbackRender
 .text.BufferSensor_CallbackRender
                0x0000312a       0x48 MENU/menu_items.o
                0x0000312a                BufferSensor_CallbackRender
 .text.EngineeringTempMin_CallbackRender
                0x00003172       0x48 MENU/menu_items.o
                0x00003172                EngineeringTempMin_CallbackRender
 .text.EngineeringTempDesired_CallbackRender
                0x000031ba       0x54 MENU/menu_items.o
                0x000031ba                EngineeringTempDesired_CallbackRender
 .text.EngineeringSensor_CallbackRender
                0x0000320e       0x48 MENU/menu_items.o
                0x0000320e                EngineeringSensor_CallbackRender
 .text.GarageSensor_CallbackRender
                0x00003256       0x48 MENU/menu_items.o
                0x00003256                GarageSensor_CallbackRender
 .text.LivingRoomSensor_CallbackRender
                0x0000329e       0x48 MENU/menu_items.o
                0x0000329e                LivingRoomSensor_CallbackRender
 .text.FloorSensor_CallbackRender
                0x000032e6       0x48 MENU/menu_items.o
                0x000032e6                FloorSensor_CallbackRender
 .text.ForwardSensor_CallbackRender
                0x0000332e       0x48 MENU/menu_items.o
                0x0000332e                ForwardSensor_CallbackRender
 .text.ReturnSensor_CallbackRender
                0x00003376       0x48 MENU/menu_items.o
                0x00003376                ReturnSensor_CallbackRender
 .text.DebugMode_CallbackRender
                0x000033be       0x48 MENU/menu_items.o
                0x000033be                DebugMode_CallbackRender
 .text.MenuTimer_CallbackRender
                0x00003406       0x40 MENU/menu_items.o
                0x00003406                MenuTimer_CallbackRender
 .text.LCDBackLight_CallbackRender
                0x00003446       0x48 MENU/menu_items.o
                0x00003446                LCDBackLight_CallbackRender
 .text.PumpPlusTime_CallbackRender
                0x0000348e       0x4a MENU/menu_items.o
                0x0000348e                PumpPlusTime_CallbackRender
 .text.ClockHour_CallbackRender
                0x000034d8       0x46 MENU/menu_items.o
                0x000034d8                ClockHour_CallbackRender
 .text.ClockHour_ActionCallback
                0x0000351e       0x56 MENU/menu_items.o
                0x0000351e                ClockHour_ActionCallback
 .text.ClockYear_CallbackRender
                0x00003574       0x4e MENU/menu_items.o
                0x00003574                ClockYear_CallbackRender
 .text.ClockYear_ActionCallback
                0x000035c2       0x44 MENU/menu_items.o
                0x000035c2                ClockYear_ActionCallback
 .text.ClockMonth_CallbackRender
                0x00003606       0x46 MENU/menu_items.o
                0x00003606                ClockMonth_CallbackRender
 .text.ClockMonth_ActionCallback
                0x0000364c       0x4a MENU/menu_items.o
                0x0000364c                ClockMonth_ActionCallback
 .text.ClockDay_CallbackRender
                0x00003696       0x46 MENU/menu_items.o
                0x00003696                ClockDay_CallbackRender
 .text.ClockDay_ActionCallback
                0x000036dc       0x4a MENU/menu_items.o
                0x000036dc                ClockDay_ActionCallback
 .text.ComfortTemp_CallbackRender
                0x00003726       0x4e MENU/menu_items.o
                0x00003726                ComfortTemp_CallbackRender
 .text.ComfortForwardTemp_CallbackRender
                0x00003774       0x4e MENU/menu_items.o
                0x00003774                ComfortForwardTemp_CallbackRender
 .text.SwitchOnOutdoorTempMin_ActionCallback
                0x000037c2       0x8a MENU/menu_items.o
                0x000037c2                SwitchOnOutdoorTempMin_ActionCallback
 .text.DHWMinTime_ActionCallback
                0x0000384c       0x86 MENU/menu_items.o
                0x0000384c                DHWMinTime_ActionCallback
 .text.DHWMaxTime_ActionCallback
                0x000038d2       0x86 MENU/menu_items.o
                0x000038d2                DHWMaxTime_ActionCallback
 .text.PumpPlusTime_ActionCallback
                0x00003958       0x5e MENU/menu_items.o
                0x00003958                PumpPlusTime_ActionCallback
 .text.ComfortTemp_ActionCallback
                0x000039b6       0x8a MENU/menu_items.o
                0x000039b6                ComfortTemp_ActionCallback
 .text.DHWTempActual_CallbackRender
                0x00003a40       0xa6 MENU/menu_items.o
                0x00003a40                DHWTempActual_CallbackRender
 .text.BufferTempActual_CallbackRender
                0x00003ae6       0xa6 MENU/menu_items.o
                0x00003ae6                BufferTempActual_CallbackRender
 .text.EngineeringTempActual_CallbackRender
                0x00003b8c       0xa6 MENU/menu_items.o
                0x00003b8c                EngineeringTempActual_CallbackRender
 .text.DHWRelay_CallbackRender
                0x00003c32       0x30 MENU/menu_items.o
                0x00003c32                DHWRelay_CallbackRender
 .text.ZoneValve1_CallbackRender
                0x00003c62       0x30 MENU/menu_items.o
                0x00003c62                ZoneValve1_CallbackRender
 .text.ZoneValve2_CallbackRender
                0x00003c92       0x30 MENU/menu_items.o
                0x00003c92                ZoneValve2_CallbackRender
 .text.BufferValve_CallbackRender
                0x00003cc2       0x30 MENU/menu_items.o
                0x00003cc2                BufferValve_CallbackRender
 .text.BufferPump_CallbackRender
                0x00003cf2       0x30 MENU/menu_items.o
                0x00003cf2                BufferPump_CallbackRender
 .text.GasRelay_CallbackRender
                0x00003d22       0x30 MENU/menu_items.o
                0x00003d22                GasRelay_CallbackRender
 .text.GarageTemp_CallbackRender
                0x00003d52       0xa6 MENU/menu_items.o
                0x00003d52                GarageTemp_CallbackRender
 .text.LivingRoomTemp_CallbackRender
                0x00003df8       0xaa MENU/menu_items.o
                0x00003df8                LivingRoomTemp_CallbackRender
 .text.FloorTemp_CallbackRender
                0x00003ea2       0xa6 MENU/menu_items.o
                0x00003ea2                FloorTemp_CallbackRender
 .text.ForwardTemp_CallbackRender
                0x00003f48       0x36 MENU/menu_items.o
                0x00003f48                ForwardTemp_CallbackRender
 .text.ReturnTemp_CallbackRender
                0x00003f7e       0x36 MENU/menu_items.o
                0x00003f7e                ReturnTemp_CallbackRender
 .text.ClockMinute_CallbackRender
                0x00003fb4       0x46 MENU/menu_items.o
                0x00003fb4                ClockMinute_CallbackRender
 .text.ClockMinute_ActionCallback
                0x00003ffa       0x56 MENU/menu_items.o
                0x00003ffa                ClockMinute_ActionCallback
 .text.ComfortMode_CallbackRender
                0x00004050       0x30 MENU/menu_items.o
                0x00004050                ComfortMode_CallbackRender
 .text.DHWTempDesired_ActionCallback
                0x00004080       0x56 MENU/menu_items.o
                0x00004080                DHWTempDesired_ActionCallback
 .text.DHWTempMin_ActionCallback
                0x000040d6       0x56 MENU/menu_items.o
                0x000040d6                DHWTempMin_ActionCallback
 .text.DHWSensor_ActionCallback
                0x0000412c       0x64 MENU/menu_items.o
                0x0000412c                DHWSensor_ActionCallback
 .text.ForwardHeatTemp_ActionCallback
                0x00004190       0x52 MENU/menu_items.o
                0x00004190                ForwardHeatTemp_ActionCallback
 .text.BufferSensor_ActionCallback
                0x000041e2       0x64 MENU/menu_items.o
                0x000041e2                BufferSensor_ActionCallback
 .text.EngineeringTempMin_ActionCallback
                0x00004246       0x56 MENU/menu_items.o
                0x00004246                EngineeringTempMin_ActionCallback
 .text.EngineeringTempDesired_ActionCallback
                0x0000429c       0x56 MENU/menu_items.o
                0x0000429c                EngineeringTempDesired_ActionCallback
 .text.EngineeringSensor_ActionCallback
                0x000042f2       0x64 MENU/menu_items.o
                0x000042f2                EngineeringSensor_ActionCallback
 .text.GarageSensor_ActionCallback
                0x00004356       0x64 MENU/menu_items.o
                0x00004356                GarageSensor_ActionCallback
 .text.LivingRoomSensor_ActionCallback
                0x000043ba       0x64 MENU/menu_items.o
                0x000043ba                LivingRoomSensor_ActionCallback
 .text.FloorSensor_ActionCallback
                0x0000441e       0x64 MENU/menu_items.o
                0x0000441e                FloorSensor_ActionCallback
 .text.ForwardSensor_ActionCallback
                0x00004482       0x64 MENU/menu_items.o
                0x00004482                ForwardSensor_ActionCallback
 .text.ReturnSensor_ActionCallback
                0x000044e6       0x64 MENU/menu_items.o
                0x000044e6                ReturnSensor_ActionCallback
 .text.DebugMode_ActionCallback
                0x0000454a       0x4a MENU/menu_items.o
                0x0000454a                DebugMode_ActionCallback
 .text.MenuTimer_ActionCallback
                0x00004594       0x4a MENU/menu_items.o
                0x00004594                MenuTimer_ActionCallback
 .text.LCDBackLight_ActionCallback
                0x000045de       0x5c MENU/menu_items.o
                0x000045de                LCDBackLight_ActionCallback
 .text.ComfortMode_ActionCallback
                0x0000463a       0x3c MENU/menu_items.o
                0x0000463a                ComfortMode_ActionCallback
 .text.ComfortForwardTemp_ActionCallback
                0x00004676       0x64 MENU/menu_items.o
                0x00004676                ComfortForwardTemp_ActionCallback
 .text.DHWRelay_ActionCallback
                0x000046da       0x32 MENU/menu_items.o
                0x000046da                DHWRelay_ActionCallback
 .text.ZoneValve1_ActionCallback
                0x0000470c       0x30 MENU/menu_items.o
                0x0000470c                ZoneValve1_ActionCallback
 .text.ZoneValve2_ActionCallback
                0x0000473c       0x32 MENU/menu_items.o
                0x0000473c                ZoneValve2_ActionCallback
 .text.BufferValve_ActionCallback
                0x0000476e       0x32 MENU/menu_items.o
                0x0000476e                BufferValve_ActionCallback
 .text.BufferPump_ActionCallback
                0x000047a0       0x32 MENU/menu_items.o
                0x000047a0                BufferPump_ActionCallback
 .text.GasRelay_ActionCallback
                0x000047d2       0x32 MENU/menu_items.o
                0x000047d2                GasRelay_ActionCallback
 .text.menuItemsGetHomeMenu
                0x00004804        0x6 MENU/menu_items.o
                0x00004804                menuItemsGetHomeMenu
 .text.menuItemsGetHomeMenuSize
                0x0000480a        0x4 MENU/menu_items.o
                0x0000480a                menuItemsGetHomeMenuSize
 .text.menuPortsioInit
                0x0000480e        0xe MENU/menu_portsio.o
                0x0000480e                menuPortsioInit
 .text.SPIInit  0x0000481c       0x1e SPI/spi.o
                0x0000481c                SPIInit
 .text.SPIClose
                0x0000483a        0xa SPI/spi.o
                0x0000483a                SPIClose
 .text.SPIWrite
                0x00004844       0x2c SPI/spi.o
                0x00004844                SPIWrite
 .text.__vector_18
                0x00004870       0x58 UART/UART.o
                0x00004870                __vector_18
 .text.__vector_19
                0x000048c8       0x4a UART/UART.o
                0x000048c8                __vector_19
 .text.uart_init
                0x00004912       0x2c UART/UART.o
                0x00004912                uart_init
 .text.uart_getc
                0x0000493e       0x3c UART/UART.o
                0x0000493e                uart_getc
 .text.uart_putc
                0x0000497a       0x22 UART/UART.o
                0x0000497a                uart_putc
 .text.uart_puts
                0x0000499c       0x1e UART/UART.o
                0x0000499c                uart_puts
 .text.uart_puts_p
                0x000049ba       0x24 UART/UART.o
                0x000049ba                uart_puts_p
 .text.__vector_30
                0x000049de       0x5c UART/UART.o
                0x000049de                __vector_30
 .text.__vector_31
                0x00004a3a       0x54 UART/UART.o
                0x00004a3a                __vector_31
 .text.uart_puthex_nibble
                0x00004a8e       0x12 UART/UART.o
                0x00004a8e                uart_puthex_nibble
 .text.uart_puti
                0x00004aa0       0x36 UART/UART.o
                0x00004aa0                uart_puti
 .text.ftoa     0x00004ad6      0x112 Utils/ftoa.o
                0x00004ad6                ftoa
 .text.avr-libc.fplib
                0x00004be8        0xe c:/program files (x86)/atmel/studio/7.0/toolchain/avr8/avr8-gnu-toolchain/bin/../lib/gcc/avr/5.4.0/../../../../avr/lib/avr5\libm.a(addsf3.o)
                0x00004be8                __subsf3
                0x00004bea                __addsf3
 .text.avr-libc.fplib
                0x00004bf6       0xcc c:/program files (x86)/atmel/studio/7.0/toolchain/avr8/avr8-gnu-toolchain/bin/../lib/gcc/avr/5.4.0/../../../../avr/lib/avr5\libm.a(addsf3x.o)
                0x00004c18                __addsf3x
 .text.avr-libc.fplib
                0x00004cc2        0xa c:/program files (x86)/atmel/studio/7.0/toolchain/avr8/avr8-gnu-toolchain/bin/../lib/gcc/avr/5.4.0/../../../../avr/lib/avr5\libm.a(cmpsf2.o)
                0x00004cc2                __nesf2
                0x00004cc2                __eqsf2
                0x00004cc2                __cmpsf2
                0x00004cc2                __ltsf2
                0x00004cc2                __lesf2
 .text.avr-libc.fplib
                0x00004ccc        0x8 c:/program files (x86)/atmel/studio/7.0/toolchain/avr8/avr8-gnu-toolchain/bin/../lib/gcc/avr/5.4.0/../../../../avr/lib/avr5\libm.a(divsf3.o)
                0x00004ccc                __divsf3
 .text.avr-libc.fplib
                0x00004cd4       0xdc c:/program files (x86)/atmel/studio/7.0/toolchain/avr8/avr8-gnu-toolchain/bin/../lib/gcc/avr/5.4.0/../../../../avr/lib/avr5\libm.a(divsf3x.o)
                0x00004cf4                __divsf3x
                0x00004cfa                __divsf3_pse
 .text.avr-libc.fplib
                0x00004db0        0xe c:/program files (x86)/atmel/studio/7.0/toolchain/avr8/avr8-gnu-toolchain/bin/../lib/gcc/avr/5.4.0/../../../../avr/lib/avr5\libm.a(fixsfsi.o)
                0x00004db0                __fixsfsi
 .text.avr-libc.fplib
                0x00004dbe       0x5e c:/program files (x86)/atmel/studio/7.0/toolchain/avr8/avr8-gnu-toolchain/bin/../lib/gcc/avr/5.4.0/../../../../avr/lib/avr5\libm.a(fixunssfsi.o)
                0x00004dbe                __fixunssfsi
 .text.avr-libc.fplib
                0x00004e1c       0x7a c:/program files (x86)/atmel/studio/7.0/toolchain/avr8/avr8-gnu-toolchain/bin/../lib/gcc/avr/5.4.0/../../../../avr/lib/avr5\libm.a(floatsisf.o)
                0x00004e1c                __floatunsisf
                0x00004e20                __floatsisf
 .text.avr-libc.fplib
                0x00004e96       0x48 c:/program files (x86)/atmel/studio/7.0/toolchain/avr8/avr8-gnu-toolchain/bin/../lib/gcc/avr/5.4.0/../../../../avr/lib/avr5\libm.a(fp_cmp.o)
                0x00004e96                __fp_cmp
 .text.avr-libc.fplib
                0x00004ede        0xc c:/program files (x86)/atmel/studio/7.0/toolchain/avr8/avr8-gnu-toolchain/bin/../lib/gcc/avr/5.4.0/../../../../avr/lib/avr5\libm.a(fp_inf.o)
                0x00004ede                __fp_inf
 .text.avr-libc.fplib
                0x00004eea        0x6 c:/program files (x86)/atmel/studio/7.0/toolchain/avr8/avr8-gnu-toolchain/bin/../lib/gcc/avr/5.4.0/../../../../avr/lib/avr5\libm.a(fp_nan.o)
                0x00004eea                __fp_nan
 .text.avr-libc.fplib
                0x00004ef0        0xe c:/program files (x86)/atmel/studio/7.0/toolchain/avr8/avr8-gnu-toolchain/bin/../lib/gcc/avr/5.4.0/../../../../avr/lib/avr5\libm.a(fp_pscA.o)
                0x00004ef0                __fp_pscA
 .text.avr-libc.fplib
                0x00004efe        0xe c:/program files (x86)/atmel/studio/7.0/toolchain/avr8/avr8-gnu-toolchain/bin/../lib/gcc/avr/5.4.0/../../../../avr/lib/avr5\libm.a(fp_pscB.o)
                0x00004efe                __fp_pscB
 .text.avr-libc.fplib
                0x00004f0c       0x22 c:/program files (x86)/atmel/studio/7.0/toolchain/avr8/avr8-gnu-toolchain/bin/../lib/gcc/avr/5.4.0/../../../../avr/lib/avr5\libm.a(fp_round.o)
                0x00004f0c                __fp_round
 .text.avr-libc.fplib
                0x00004f2e       0x44 c:/program files (x86)/atmel/studio/7.0/toolchain/avr8/avr8-gnu-toolchain/bin/../lib/gcc/avr/5.4.0/../../../../avr/lib/avr5\libm.a(fp_split3.o)
                0x00004f2e                __fp_split3
                0x00004f3e                __fp_splitA
 .text.avr-libc.fplib
                0x00004f72        0xe c:/program files (x86)/atmel/studio/7.0/toolchain/avr8/avr8-gnu-toolchain/bin/../lib/gcc/avr/5.4.0/../../../../avr/lib/avr5\libm.a(fp_zero.o)
                0x00004f72                __fp_zero
                0x00004f74                __fp_szero
 .text.avr-libc.fplib
                0x00004f80        0xa c:/program files (x86)/atmel/studio/7.0/toolchain/avr8/avr8-gnu-toolchain/bin/../lib/gcc/avr/5.4.0/../../../../avr/lib/avr5\libm.a(gesf2.o)
                0x00004f80                __gesf2
                0x00004f80                __gtsf2
 .text.avr-libc.fplib
                0x00004f8a        0x8 c:/program files (x86)/atmel/studio/7.0/toolchain/avr8/avr8-gnu-toolchain/bin/../lib/gcc/avr/5.4.0/../../../../avr/lib/avr5\libm.a(mulsf3.o)
                0x00004f8a                __mulsf3
 .text.avr-libc.fplib
                0x00004f92       0xd2 c:/program files (x86)/atmel/studio/7.0/toolchain/avr8/avr8-gnu-toolchain/bin/../lib/gcc/avr/5.4.0/../../../../avr/lib/avr5\libm.a(mulsf3x.o)
                0x00004fb0                __mulsf3x
                0x00004fb6                __mulsf3_pse
 .text.libgcc.mul
                0x00005064       0x20 c:/program files (x86)/atmel/studio/7.0/toolchain/avr8/avr8-gnu-toolchain/bin/../lib/gcc/avr/5.4.0/avr5\libgcc.a(_mulsi3.o)
                0x00005064                __mulsi3
 .text.libgcc   0x00005084        0xc c:/program files (x86)/atmel/studio/7.0/toolchain/avr8/avr8-gnu-toolchain/bin/../lib/gcc/avr/5.4.0/avr5\libgcc.a(_tablejump2.o)
                0x00005084                __tablejump2__
 .text.libgcc.mul
                0x00005090       0x16 c:/program files (x86)/atmel/studio/7.0/toolchain/avr8/avr8-gnu-toolchain/bin/../lib/gcc/avr/5.4.0/avr5\libgcc.a(_muluhisi3.o)
                0x00005090                __muluhisi3
 .text.libgcc.mul
                0x000050a6       0x10 c:/program files (x86)/atmel/studio/7.0/toolchain/avr8/avr8-gnu-toolchain/bin/../lib/gcc/avr/5.4.0/avr5\libgcc.a(_mulshisi3.o)
                0x000050a6                __mulshisi3
                0x000050ac                __mulohisi3
 .text.libgcc.mul
                0x000050b6       0x1e c:/program files (x86)/atmel/studio/7.0/toolchain/avr8/avr8-gnu-toolchain/bin/../lib/gcc/avr/5.4.0/avr5\libgcc.a(_umulhisi3.o)
                0x000050b6                __umulhisi3
 .text.avr-libc
                0x000050d4       0x3c c:/program files (x86)/atmel/studio/7.0/toolchain/avr8/avr8-gnu-toolchain/bin/../lib/gcc/avr/5.4.0/../../../../avr/lib/avr5\libc.a(atoi.o)
                0x000050d4                atoi
 .text.avr-libc
                0x00005110        0xe c:/program files (x86)/atmel/studio/7.0/toolchain/avr8/avr8-gnu-toolchain/bin/../lib/gcc/avr/5.4.0/../../../../avr/lib/avr5\libc.a(strcpy_P.o)
                0x00005110                strcpy_P
 .text.avr-libc
                0x0000511e       0x16 c:/program files (x86)/atmel/studio/7.0/toolchain/avr8/avr8-gnu-toolchain/bin/../lib/gcc/avr/5.4.0/../../../../avr/lib/avr5\libc.a(strchr.o)
                0x0000511e                strchr
 .text.avr-libc
                0x00005134        0xe c:/program files (x86)/atmel/studio/7.0/toolchain/avr8/avr8-gnu-toolchain/bin/../lib/gcc/avr/5.4.0/../../../../avr/lib/avr5\libc.a(strcpy.o)
                0x00005134                strcpy
 .text.avr-libc
                0x00005142       0x28 c:/program files (x86)/atmel/studio/7.0/toolchain/avr8/avr8-gnu-toolchain/bin/../lib/gcc/avr/5.4.0/../../../../avr/lib/avr5\libc.a(strlcpy.o)
                0x00005142                strlcpy
 .text.avr-libc
                0x0000516a       0x16 c:/program files (x86)/atmel/studio/7.0/toolchain/avr8/avr8-gnu-toolchain/bin/../lib/gcc/avr/5.4.0/../../../../avr/lib/avr5\libc.a(itoa_ncheck.o)
                0x0000516a                __itoa_ncheck
 .text.avr-libc
                0x00005180       0x10 c:/program files (x86)/atmel/studio/7.0/toolchain/avr8/avr8-gnu-toolchain/bin/../lib/gcc/avr/5.4.0/../../../../avr/lib/avr5\libc.a(mul10.o)
                0x00005180                __mulhi_const_10
 .text.avr-libc
                0x00005190       0x34 c:/program files (x86)/atmel/studio/7.0/toolchain/avr8/avr8-gnu-toolchain/bin/../lib/gcc/avr/5.4.0/../../../../avr/lib/avr5\libc.a(utoa_ncheck.o)
                0x00005190                __utoa_ncheck
                0x00005192                __utoa_common
 .text.avr-libc
                0x000051c4       0x20 c:/program files (x86)/atmel/studio/7.0/toolchain/avr8/avr8-gnu-toolchain/bin/../lib/gcc/avr/5.4.0/../../../../avr/lib/avr5\libc.a(strrev.o)
                0x000051c4                strrev
 .text.avr-libc
                0x000051e4       0x10 C:/Program Files (x86)/Atmel/Studio/7.0/Packs/atmel/ATmega_DFP/1.2.209/gcc/dev/atmega64a/avr5\libatmega64a.a(eerd_byte.o)
                0x000051e4                eeprom_read_byte
 .text.avr-libc
                0x000051f4        0xc C:/Program Files (x86)/Atmel/Studio/7.0/Packs/atmel/ATmega_DFP/1.2.209/gcc/dev/atmega64a/avr5\libatmega64a.a(eerd_word.o)
                0x000051f4                eeprom_read_word
 .text.avr-libc
                0x00005200       0x22 C:/Program Files (x86)/Atmel/Studio/7.0/Packs/atmel/ATmega_DFP/1.2.209/gcc/dev/atmega64a/avr5\libatmega64a.a(eeupd_byte.o)
                0x00005200                eeprom_update_byte
                0x00005202                eeprom_update_r18
 .text.avr-libc
                0x00005222        0xc C:/Program Files (x86)/Atmel/Studio/7.0/Packs/atmel/ATmega_DFP/1.2.209/gcc/dev/atmega64a/avr5\libatmega64a.a(eeupd_word.o)
                0x00005222                eeprom_update_word
 .text.avr-libc
                0x0000522e       0x20 C:/Program Files (x86)/Atmel/Studio/7.0/Packs/atmel/ATmega_DFP/1.2.209/gcc/dev/atmega64a/avr5\libatmega64a.a(eerd_block.o)
                0x0000522e                eeprom_read_block
                0x00005232                eeprom_read_blraw
                0x0000524e                . = ALIGN (0x2)
 *(.fini9)
 .fini9         0x0000524e        0x0 c:/program files (x86)/atmel/studio/7.0/toolchain/avr8/avr8-gnu-toolchain/bin/../lib/gcc/avr/5.4.0/avr5\libgcc.a(_exit.o)
                0x0000524e                _exit
                0x0000524e                exit
 *(.fini9)
 *(.fini8)
 *(.fini8)
 *(.fini7)
 *(.fini7)
 *(.fini6)
 *(.fini6)
 *(.fini5)
 *(.fini5)
 *(.fini4)
 *(.fini4)
 *(.fini3)
 *(.fini3)
 *(.fini2)
 *(.fini2)
 *(.fini1)
 *(.fini1)
 *(.fini0)
 .fini0         0x0000524e        0x4 c:/program files (x86)/atmel/studio/7.0/toolchain/avr8/avr8-gnu-toolchain/bin/../lib/gcc/avr/5.4.0/avr5\libgcc.a(_exit.o)
 *(.fini0)
                0x00005252                _etext = .

.data           0x00800100      0x500 load address 0x00005252
                0x00800100                PROVIDE (__data_start, .)
 *(.data)
 *(.data*)
 .data.display.2977
                0x00800100        0x1 main.o
 .data.DayName  0x00800101        0x1 main.o
                0x00800101                DayName
 .data.Day      0x00800102        0x1 main.o
                0x00800102                Day
 .data.Month    0x00800103        0x1 main.o
                0x00800103                Month
 .data.Year     0x00800104        0x2 main.o
                0x00800104                Year
 .data.ReturnTempSensorID
                0x00800106        0x1 main.o
                0x00800106                ReturnTempSensorID
 .data.ForwardTempSensorID
                0x00800107        0x1 main.o
                0x00800107                ForwardTempSensorID
 .data.FloorSensorID
                0x00800108        0x1 main.o
                0x00800108                FloorSensorID
 .data.LivingRoomSensorID
                0x00800109        0x1 main.o
                0x00800109                LivingRoomSensorID
 .data.GarageSensorID
                0x0080010a        0x1 main.o
                0x0080010a                GarageSensorID
 .data.BufferSensorID
                0x0080010b        0x1 main.o
                0x0080010b                BufferSensorID
 .data.DHWSensorID
                0x0080010c        0x1 main.o
                0x0080010c                DHWSensorID
 .data.ForwardHeatTemp
                0x0080010d        0x1 main.o
                0x0080010d                ForwardHeatTemp
 .data.ComfortForwardTemp
                0x0080010e        0x1 main.o
                0x0080010e                ComfortForwardTemp
 .data.ComfortTemp
                0x0080010f        0x2 main.o
                0x0080010f                ComfortTemp
 .data.PumpPlusTime
                0x00800111        0x2 main.o
                0x00800111                PumpPlusTime
 .data.MenuTimer
                0x00800113        0x1 main.o
                0x00800113                MenuTimer
 .data.menu_buttons
                0x00800114       0x14 MENU/menu.o
 .data.current_state
                0x00800128        0x2 MENU/menu.o
 .data.menu_states
                0x0080012a       0x23 MENU/menu.o
 .data.home_items
                0x0080014d       0x3f MENU/menu_items.o
 .data.SYSPARAM_submenu
                0x0080018c       0x36 MENU/menu_items.o
 .data.COMFORT_submenu
                0x008001c2       0x1b MENU/menu_items.o
 .data.CLOCK_submenu
                0x008001dd       0x36 MENU/menu_items.o
 .data.SENSORS_submenu
                0x00800213       0x5a MENU/menu_items.o
 .data.RELAYS_submenu
                0x0080026d       0x36 MENU/menu_items.o
 .data.ENGINEERING_submenu
                0x008002a3       0x24 MENU/menu_items.o
 .data.BUFFER_submenu
                0x008002c7       0x1b MENU/menu_items.o
 .data.DHW_submenu
                0x008002e2       0x2d MENU/menu_items.o
 .data.DHWHOURS_submenu
                0x0080030f       0x12 MENU/menu_items.o
 .data.BME280_submenu
                0x00800321       0x1b MENU/menu_items.o
 *(.gnu.linkonce.d*)
 *(.rodata)
 .rodata        0x0080033c       0x24 Utils/ftoa.o
 *(.rodata*)
 .rodata.str1.1
                0x00800360      0x2a0 MENU/menu_items.o
                                0x2a4 (size before relaxing)
 *(.gnu.linkonce.r*)
                0x00800600                . = ALIGN (0x2)
                0x00800600                _edata = .
                0x00800600                PROVIDE (__data_end, .)

.bss            0x00800600      0x187
                0x00800600                PROVIDE (__bss_start, .)
 *(.bss)
 *(.bss*)
 .bss.pumpplustime.3182
                0x00800600        0x2 main.o
 .bss.web.2980  0x00800602        0x1 main.o
 .bss.timerstate.2978
                0x00800603        0x1 main.o
 .bss.isInitialized
                0x00800604        0x1 main.o
                0x00800604                isInitialized
 .bss.ClockInitialized
                0x00800605        0x1 main.o
                0x00800605                ClockInitialized
 .bss.Seconds   0x00800606        0x1 main.o
                0x00800606                Seconds
 .bss.Minute    0x00800607        0x1 main.o
                0x00800607                Minute
 .bss.Hour      0x00800608        0x1 main.o
                0x00800608                Hour
 .bss.EngineeringSensorID
                0x00800609        0x1 main.o
                0x00800609                EngineeringSensorID
 .bss.Relays    0x0080060a        0x1 main.o
                0x0080060a                Relays
 .bss.ComfortMode
                0x0080060b        0x1 main.o
                0x0080060b                ComfortMode
 .bss.LCDBackLight
                0x0080060c        0x1 main.o
                0x0080060c                LCDBackLight
 .bss.DebugMode
                0x0080060d        0x1 main.o
                0x0080060d                DebugMode
 .bss.TimerElapsed
                0x0080060e        0x1 main.o
                0x0080060e                TimerElapsed
 .bss.UART1_LastRxError
                0x0080060f        0x1 UART/UART.o
 .bss.UART1_RxTail
                0x00800610        0x1 UART/UART.o
 .bss.UART1_RxHead
                0x00800611        0x1 UART/UART.o
 .bss.UART1_TxTail
                0x00800612        0x1 UART/UART.o
 .bss.UART1_TxHead
                0x00800613        0x1 UART/UART.o
 .bss.UART1_RxBuf
                0x00800614       0x20 UART/UART.o
 .bss.UART1_TxBuf
                0x00800634       0x20 UART/UART.o
 .bss.UART_LastRxError
                0x00800654        0x1 UART/UART.o
 .bss.UART_RxTail
                0x00800655        0x1 UART/UART.o
 .bss.UART_RxHead
                0x00800656        0x1 UART/UART.o
 .bss.UART_TxTail
                0x00800657        0x1 UART/UART.o
 .bss.UART_TxHead
                0x00800658        0x1 UART/UART.o
 .bss.UART_RxBuf
                0x00800659       0x20 UART/UART.o
 .bss.UART_TxBuf
                0x00800679       0x20 UART/UART.o
 *(COMMON)
 COMMON         0x00800699       0x25 BME280/bme280.o
                0x00800699                _bme280_calib
                0x008006ba                t_fine
 COMMON         0x008006be        0x7 DS18B20/onewire.o
                0x008006be                OW_OUT
                0x008006c0                OW_PIN_MASK
                0x008006c1                OW_IN
                0x008006c3                OW_DDR
 COMMON         0x008006c5       0xc2 main.o
                0x008006c5                EngineeringTempMinMeasured
                0x008006c6                LivingRoomTemp
                0x008006c8                BufferTempMax
                0x008006c9                ForwardTemp
                0x008006ca                uartdata_in
                0x008006d9                EngineeringTempDesired
                0x008006da                LivingRoomTempBuf
                0x008006de                BME280Temp
                0x008006e2                BME280Humid
                0x008006e6                FloorTempBuf
                0x008006ea                SwitchOnOutdoorTempMin
                0x008006ec                EngineeringTempActualBuf
                0x008006f0                ReturnTempBuf
                0x008006f4                ReturnTempFracBuf
                0x008006f6                nSensors
                0x008006f7                DHWTempMin
                0x008006f8                DHWTempMax
                0x008006f9                EngineeringTempActual
                0x008006fa                BME280TempMax
                0x008006fe                BME280TempMin
                0x00800702                DHWTempActualBuf
                0x00800706                ForwardTempBuf
                0x0080070a                EngineeringTempActualFracBuf
                0x0080070c                DHWTempDesired
                0x0080070d                ReturnTemp
                0x0080070e                FloorTempMin
                0x0080070f                GarageTemp
                0x00800710                GarageTempMin
                0x00800711                DHWTempActual
                0x00800712                BufferTempActualBuf
                0x00800716                BME280TempInt
                0x00800718                FloorTempFracBuf
                0x0080071a                GarageTempFracBuf
                0x0080071c                uartdata_count
                0x0080071d                DHWMinTime
                0x0080071f                BME280TempBuf
                0x00800727                ForwardTempFracBuf
                0x00800729                BufferTempMin
                0x0080072a                BufferTempActualFracBuf
                0x0080072c                DHWTempMinMeasured
                0x0080072d                EngineeringTempMax
                0x0080072e                DHWMaxTime
                0x00800730                LivingRoomTempFracBuf
                0x00800732                LivingRoomTempMin
                0x00800734                EngineeringTempMin
                0x00800735                FloorTemp
                0x00800736                DHWTempActualFracBuf
                0x00800738                BME280HumidBuf
                0x0080073e                GarageTempMax
                0x0080073f                gSensorIDs
                0x0080077f                LivingRoomTempMax
                0x00800781                FloorTempMax
                0x00800782                GarageTempBuf
                0x00800786                BufferTempActual
                0x00800787                PROVIDE (__bss_end, .)
                0x00005252                __data_load_start = LOADADDR (.data)
                0x00005752                __data_load_end = (__data_load_start + SIZEOF (.data))

.noinit         0x00800787        0x0
                [!provide]                PROVIDE (__noinit_start, .)
 *(.noinit*)
                [!provide]                PROVIDE (__noinit_end, .)
                0x00800787                _end = .
                [!provide]                PROVIDE (__heap_start, .)

.eeprom         0x00810000       0x1c
 *(.eeprom*)
 .eeprom        0x00810000       0x1c main.o
                0x00810000                eeReturnTempSensorID
                0x00810001                eeForwardTempSensorID
                0x00810002                eeFloorSensorID
                0x00810003                eeLivingRoomSensorID
                0x00810004                eeEngineeringSensorID
                0x00810005                eeGarageSensorID
                0x00810006                eeBufferSensorID
                0x00810007                eeDHWSensorID
                0x00810008                eeSwitchOnOutdoorTempMin
                0x0081000a                eeEngineeringTempMin
                0x0081000b                eeEngineeringTempDesired
                0x0081000c                eeForwardHeatTemp
                0x0081000d                eeDHWMaxTime
                0x0081000f                eeDHWMinTime
                0x00810011                eeDHWTempMin
                0x00810012                eeDHWTempDesired
                0x00810013                eeComfortForwardTemp
                0x00810014                eeComfortTemp
                0x00810016                eeComfortMode
                0x00810017                eePumpPlusTime
                0x00810019                eeLCDBackLight
                0x0081001a                eeMenuTimer
                0x0081001b                eeDebugMode
                0x0081001c                __eeprom_end = .

.fuse
 *(.fuse)
 *(.lfuse)
 *(.hfuse)
 *(.efuse)

.lock
 *(.lock*)

.signature
 *(.signature*)

.user_signatures
 *(.user_signatures*)

.stab
 *(.stab)

.stabstr
 *(.stabstr)

.stab.excl
 *(.stab.excl)

.stab.exclstr
 *(.stab.exclstr)

.stab.index
 *(.stab.index)

.stab.indexstr
 *(.stab.indexstr)

.comment        0x00000000       0x30
 *(.comment)
 .comment       0x00000000       0x30 BME280/bme280.o
                                 0x31 (size before relaxing)
 .comment       0x00000030       0x31 DS18B20/crc8.o
 .comment       0x00000030       0x31 DS18B20/ds18x20.o
 .comment       0x00000030       0x31 DS18B20/onewire.o
 .comment       0x00000030       0x31 I2C/i2c_master.o
 .comment       0x00000030       0x31 LCD/lcd.o
 .comment       0x00000030       0x31 main.o
 .comment       0x00000030       0x31 MENU/menu.o
 .comment       0x00000030       0x31 MENU/menu_items.o
 .comment       0x00000030       0x31 MENU/menu_portsio.o
 .comment       0x00000030       0x31 SPI/spi.o
 .comment       0x00000030       0x31 UART/UART.o
 .comment       0x00000030       0x31 Utils/ftoa.o

.note.gnu.avr.deviceinfo
                0x00000000       0x3c
 .note.gnu.avr.deviceinfo
                0x00000000       0x3c C:/Program Files (x86)/Atmel/Studio/7.0/Packs/atmel/ATmega_DFP/1.2.209/gcc/dev/atmega64a/avr5/crtatmega64a.o

.note.gnu.build-id
 *(.note.gnu.build-id)

.debug
 *(.debug)

.line
 *(.line)

.debug_srcinfo
 *(.debug_srcinfo)

.debug_sfnames
 *(.debug_sfnames)

.debug_aranges  0x00000000      0x7b0
 *(.debug_aranges)
 .debug_aranges
                0x00000000       0x78 BME280/bme280.o
 .debug_aranges
                0x00000078       0x20 DS18B20/crc8.o
 .debug_aranges
                0x00000098       0x60 DS18B20/ds18x20.o
 .debug_aranges
                0x000000f8       0x68 DS18B20/onewire.o
 .debug_aranges
                0x00000160       0x68 I2C/i2c_master.o
 .debug_aranges
                0x000001c8       0xc8 LCD/lcd.o
 .debug_aranges
                0x00000290       0x60 main.o
 .debug_aranges
                0x000002f0       0x38 MENU/menu.o
 .debug_aranges
                0x00000328      0x2d8 MENU/menu_items.o
 .debug_aranges
                0x00000600       0x20 MENU/menu_portsio.o
 .debug_aranges
                0x00000620       0x30 SPI/spi.o
 .debug_aranges
                0x00000650       0xa0 UART/UART.o
 .debug_aranges
                0x000006f0       0x20 Utils/ftoa.o
 .debug_aranges
                0x00000710       0x20 C:/Program Files (x86)/Atmel/Studio/7.0/Packs/atmel/ATmega_DFP/1.2.209/gcc/dev/atmega64a/avr5\libatmega64a.a(eerd_byte.o)
 .debug_aranges
                0x00000730       0x20 C:/Program Files (x86)/Atmel/Studio/7.0/Packs/atmel/ATmega_DFP/1.2.209/gcc/dev/atmega64a/avr5\libatmega64a.a(eerd_word.o)
 .debug_aranges
                0x00000750       0x20 C:/Program Files (x86)/Atmel/Studio/7.0/Packs/atmel/ATmega_DFP/1.2.209/gcc/dev/atmega64a/avr5\libatmega64a.a(eeupd_byte.o)
 .debug_aranges
                0x00000770       0x20 C:/Program Files (x86)/Atmel/Studio/7.0/Packs/atmel/ATmega_DFP/1.2.209/gcc/dev/atmega64a/avr5\libatmega64a.a(eeupd_word.o)
 .debug_aranges
                0x00000790       0x20 C:/Program Files (x86)/Atmel/Studio/7.0/Packs/atmel/ATmega_DFP/1.2.209/gcc/dev/atmega64a/avr5\libatmega64a.a(eerd_block.o)

.debug_pubnames
 *(.debug_pubnames)

.debug_info     0x00000000     0xb59e
 *(.debug_info .gnu.linkonce.wi.*)
 .debug_info    0x00000000      0x780 C:/Program Files (x86)/Atmel/Studio/7.0/Packs/atmel/ATmega_DFP/1.2.209/gcc/dev/atmega64a/avr5/crtatmega64a.o
 .debug_info    0x00000780      0xb20 BME280/bme280.o
 .debug_info    0x000012a0      0x106 DS18B20/crc8.o
 .debug_info    0x000013a6      0x60f DS18B20/ds18x20.o
 .debug_info    0x000019b5      0x499 DS18B20/onewire.o
 .debug_info    0x00001e4e      0x3fe I2C/i2c_master.o
 .debug_info    0x0000224c      0x9f7 LCD/lcd.o
 .debug_info    0x00002c43     0x330f main.o
 .debug_info    0x00005f52      0x77e MENU/menu.o
 .debug_info    0x000066d0     0x407e MENU/menu_items.o
 .debug_info    0x0000a74e       0x9a MENU/menu_portsio.o
 .debug_info    0x0000a7e8       0xce SPI/spi.o
 .debug_info    0x0000a8b6      0x753 UART/UART.o
 .debug_info    0x0000b009      0x23b Utils/ftoa.o
 .debug_info    0x0000b244       0xab C:/Program Files (x86)/Atmel/Studio/7.0/Packs/atmel/ATmega_DFP/1.2.209/gcc/dev/atmega64a/avr5\libatmega64a.a(eerd_byte.o)
 .debug_info    0x0000b2ef       0xab C:/Program Files (x86)/Atmel/Studio/7.0/Packs/atmel/ATmega_DFP/1.2.209/gcc/dev/atmega64a/avr5\libatmega64a.a(eerd_word.o)
 .debug_info    0x0000b39a       0xac C:/Program Files (x86)/Atmel/Studio/7.0/Packs/atmel/ATmega_DFP/1.2.209/gcc/dev/atmega64a/avr5\libatmega64a.a(eeupd_byte.o)
 .debug_info    0x0000b446       0xac C:/Program Files (x86)/Atmel/Studio/7.0/Packs/atmel/ATmega_DFP/1.2.209/gcc/dev/atmega64a/avr5\libatmega64a.a(eeupd_word.o)
 .debug_info    0x0000b4f2       0xac C:/Program Files (x86)/Atmel/Studio/7.0/Packs/atmel/ATmega_DFP/1.2.209/gcc/dev/atmega64a/avr5\libatmega64a.a(eerd_block.o)

.debug_abbrev   0x00000000     0x1e34
 *(.debug_abbrev)
 .debug_abbrev  0x00000000      0x718 C:/Program Files (x86)/Atmel/Studio/7.0/Packs/atmel/ATmega_DFP/1.2.209/gcc/dev/atmega64a/avr5/crtatmega64a.o
 .debug_abbrev  0x00000718      0x1fb BME280/bme280.o
 .debug_abbrev  0x00000913       0x8b DS18B20/crc8.o
 .debug_abbrev  0x0000099e      0x186 DS18B20/ds18x20.o
 .debug_abbrev  0x00000b24      0x1b9 DS18B20/onewire.o
 .debug_abbrev  0x00000cdd      0x14c I2C/i2c_master.o
 .debug_abbrev  0x00000e29      0x2c6 LCD/lcd.o
 .debug_abbrev  0x000010ef      0x330 main.o
 .debug_abbrev  0x0000141f      0x23f MENU/menu.o
 .debug_abbrev  0x0000165e      0x325 MENU/menu_items.o
 .debug_abbrev  0x00001983       0x6b MENU/menu_portsio.o
 .debug_abbrev  0x000019ee       0x87 SPI/spi.o
 .debug_abbrev  0x00001a75      0x1e1 UART/UART.o
 .debug_abbrev  0x00001c56      0x17a Utils/ftoa.o
 .debug_abbrev  0x00001dd0       0x14 C:/Program Files (x86)/Atmel/Studio/7.0/Packs/atmel/ATmega_DFP/1.2.209/gcc/dev/atmega64a/avr5\libatmega64a.a(eerd_byte.o)
 .debug_abbrev  0x00001de4       0x14 C:/Program Files (x86)/Atmel/Studio/7.0/Packs/atmel/ATmega_DFP/1.2.209/gcc/dev/atmega64a/avr5\libatmega64a.a(eerd_word.o)
 .debug_abbrev  0x00001df8       0x14 C:/Program Files (x86)/Atmel/Studio/7.0/Packs/atmel/ATmega_DFP/1.2.209/gcc/dev/atmega64a/avr5\libatmega64a.a(eeupd_byte.o)
 .debug_abbrev  0x00001e0c       0x14 C:/Program Files (x86)/Atmel/Studio/7.0/Packs/atmel/ATmega_DFP/1.2.209/gcc/dev/atmega64a/avr5\libatmega64a.a(eeupd_word.o)
 .debug_abbrev  0x00001e20       0x14 C:/Program Files (x86)/Atmel/Studio/7.0/Packs/atmel/ATmega_DFP/1.2.209/gcc/dev/atmega64a/avr5\libatmega64a.a(eerd_block.o)

.debug_line     0x00000000     0x4b5d
 *(.debug_line .debug_line.* .debug_line_end)
 .debug_line    0x00000000      0x169 C:/Program Files (x86)/Atmel/Studio/7.0/Packs/atmel/ATmega_DFP/1.2.209/gcc/dev/atmega64a/avr5/crtatmega64a.o
 .debug_line    0x00000169      0x463 BME280/bme280.o
 .debug_line    0x000005cc       0xf1 DS18B20/crc8.o
 .debug_line    0x000006bd      0x397 DS18B20/ds18x20.o
 .debug_line    0x00000a54      0x36e DS18B20/onewire.o
 .debug_line    0x00000dc2      0x318 I2C/i2c_master.o
 .debug_line    0x000010da      0x71d LCD/lcd.o
 .debug_line    0x000017f7      0xdc9 main.o
 .debug_line    0x000025c0      0x3b5 MENU/menu.o
 .debug_line    0x00002975     0x1850 MENU/menu_items.o
 .debug_line    0x000041c5       0xb2 MENU/menu_portsio.o
 .debug_line    0x00004277      0x10c SPI/spi.o
 .debug_line    0x00004383      0x451 UART/UART.o
 .debug_line    0x000047d4       0xeb Utils/ftoa.o
 .debug_line    0x000048bf       0x7a C:/Program Files (x86)/Atmel/Studio/7.0/Packs/atmel/ATmega_DFP/1.2.209/gcc/dev/atmega64a/avr5\libatmega64a.a(eerd_byte.o)
 .debug_line    0x00004939       0x67 C:/Program Files (x86)/Atmel/Studio/7.0/Packs/atmel/ATmega_DFP/1.2.209/gcc/dev/atmega64a/avr5\libatmega64a.a(eerd_word.o)
 .debug_line    0x000049a0       0xb0 C:/Program Files (x86)/Atmel/Studio/7.0/Packs/atmel/ATmega_DFP/1.2.209/gcc/dev/atmega64a/avr5\libatmega64a.a(eeupd_byte.o)
 .debug_line    0x00004a50       0x62 C:/Program Files (x86)/Atmel/Studio/7.0/Packs/atmel/ATmega_DFP/1.2.209/gcc/dev/atmega64a/avr5\libatmega64a.a(eeupd_word.o)
 .debug_line    0x00004ab2       0xab C:/Program Files (x86)/Atmel/Studio/7.0/Packs/atmel/ATmega_DFP/1.2.209/gcc/dev/atmega64a/avr5\libatmega64a.a(eerd_block.o)

.debug_frame    0x00000000     0x14c4
 *(.debug_frame)
 .debug_frame   0x00000000      0x1f8 BME280/bme280.o
 .debug_frame   0x000001f8       0x24 DS18B20/crc8.o
 .debug_frame   0x0000021c      0x194 DS18B20/ds18x20.o
 .debug_frame   0x000003b0      0x100 DS18B20/onewire.o
 .debug_frame   0x000004b0      0x15c I2C/i2c_master.o
 .debug_frame   0x0000060c      0x20c LCD/lcd.o
 .debug_frame   0x00000818      0x138 main.o
 .debug_frame   0x00000950       0xc0 MENU/menu.o
 .debug_frame   0x00000a10      0x7d4 MENU/menu_items.o
 .debug_frame   0x000011e4       0x24 MENU/menu_portsio.o
 .debug_frame   0x00001208       0x44 SPI/spi.o
 .debug_frame   0x0000124c      0x1f4 UART/UART.o
 .debug_frame   0x00001440       0x84 Utils/ftoa.o

.debug_str      0x00000000     0x2236
 *(.debug_str)
 .debug_str     0x00000000      0x27e C:/Program Files (x86)/Atmel/Studio/7.0/Packs/atmel/ATmega_DFP/1.2.209/gcc/dev/atmega64a/avr5/crtatmega64a.o
 .debug_str     0x0000027e      0x5ae BME280/bme280.o
                                0x5fe (size before relaxing)
 .debug_str     0x0000082c       0x53 DS18B20/crc8.o
                                0x1a4 (size before relaxing)
 .debug_str     0x0000087f      0x19d DS18B20/ds18x20.o
                                0x2ff (size before relaxing)
 .debug_str     0x00000a1c       0x7a DS18B20/onewire.o
                                0x22e (size before relaxing)
 .debug_str     0x00000a96       0x6c I2C/i2c_master.o
                                0x1f4 (size before relaxing)
 .debug_str     0x00000b02      0x18e LCD/lcd.o
                                0x2ea (size before relaxing)
 .debug_str     0x00000c90      0x7b2 main.o
                                0xc95 (size before relaxing)
 .debug_str     0x00001442      0x218 MENU/menu.o
                                0x43c (size before relaxing)
 .debug_str     0x0000165a      0xa0f MENU/menu_items.o
                               0x1243 (size before relaxing)
 .debug_str     0x00002069       0x33 MENU/menu_portsio.o
                                0x17e (size before relaxing)
 .debug_str     0x0000209c        0xd SPI/spi.o
                                0x16f (size before relaxing)
 .debug_str     0x000020a9      0x163 UART/UART.o
                                0x356 (size before relaxing)
 .debug_str     0x0000220c       0x2a Utils/ftoa.o
                                0x1a5 (size before relaxing)

.debug_loc      0x00000000     0x755b
 *(.debug_loc)
 .debug_loc     0x00000000      0x949 BME280/bme280.o
 .debug_loc     0x00000949      0x1c0 DS18B20/crc8.o
 .debug_loc     0x00000b09      0x83d DS18B20/ds18x20.o
 .debug_loc     0x00001346      0x4cc DS18B20/onewire.o
 .debug_loc     0x00001812      0x6b8 I2C/i2c_master.o
 .debug_loc     0x00001eca      0xa81 LCD/lcd.o
 .debug_loc     0x0000294b      0x962 main.o
 .debug_loc     0x000032ad      0x3b1 MENU/menu.o
 .debug_loc     0x0000365e     0x339a MENU/menu_items.o
 .debug_loc     0x000069f8       0x21 SPI/spi.o
 .debug_loc     0x00006a19      0x770 UART/UART.o
 .debug_loc     0x00007189      0x3d2 Utils/ftoa.o

.debug_macinfo
 *(.debug_macinfo)

.debug_weaknames
 *(.debug_weaknames)

.debug_funcnames
 *(.debug_funcnames)

.debug_typenames
 *(.debug_typenames)

.debug_varnames
 *(.debug_varnames)

.debug_pubtypes
 *(.debug_pubtypes)

.debug_ranges   0x00000000      0x790
 *(.debug_ranges)
 .debug_ranges  0x00000000       0x68 BME280/bme280.o
 .debug_ranges  0x00000068       0x10 DS18B20/crc8.o
 .debug_ranges  0x00000078       0x50 DS18B20/ds18x20.o
 .debug_ranges  0x000000c8       0x58 DS18B20/onewire.o
 .debug_ranges  0x00000120       0x88 I2C/i2c_master.o
 .debug_ranges  0x000001a8       0xe8 LCD/lcd.o
 .debug_ranges  0x00000290       0x88 main.o
 .debug_ranges  0x00000318       0xb0 MENU/menu.o
 .debug_ranges  0x000003c8      0x2c8 MENU/menu_items.o
 .debug_ranges  0x00000690       0x10 MENU/menu_portsio.o
 .debug_ranges  0x000006a0       0x20 SPI/spi.o
 .debug_ranges  0x000006c0       0xc0 UART/UART.o
 .debug_ranges  0x00000780       0x10 Utils/ftoa.o

.debug_macro
 *(.debug_macro)
OUTPUT(futes_vezerlo.elf elf32-avr)
LOAD linker stubs
