Archive member included to satisfy reference by file (symbol)

c:/program files (x86)/atmel/studio/7.0/toolchain/avr8/avr8-gnu-toolchain/bin/../lib/gcc/avr/5.4.0/../../../../avr/lib/avr5\libm.a(addsf3.o)
                              BME280/bme280.o (__subsf3)
c:/program files (x86)/atmel/studio/7.0/toolchain/avr8/avr8-gnu-toolchain/bin/../lib/gcc/avr/5.4.0/../../../../avr/lib/avr5\libm.a(addsf3x.o)
                              c:/program files (x86)/atmel/studio/7.0/toolchain/avr8/avr8-gnu-toolchain/bin/../lib/gcc/avr/5.4.0/../../../../avr/lib/avr5\libm.a(addsf3.o) (__addsf3x)
c:/program files (x86)/atmel/studio/7.0/toolchain/avr8/avr8-gnu-toolchain/bin/../lib/gcc/avr/5.4.0/../../../../avr/lib/avr5\libm.a(divsf3.o)
                              BME280/bme280.o (__divsf3)
c:/program files (x86)/atmel/studio/7.0/toolchain/avr8/avr8-gnu-toolchain/bin/../lib/gcc/avr/5.4.0/../../../../avr/lib/avr5\libm.a(divsf3x.o)
                              c:/program files (x86)/atmel/studio/7.0/toolchain/avr8/avr8-gnu-toolchain/bin/../lib/gcc/avr/5.4.0/../../../../avr/lib/avr5\libm.a(divsf3.o) (__divsf3x)
c:/program files (x86)/atmel/studio/7.0/toolchain/avr8/avr8-gnu-toolchain/bin/../lib/gcc/avr/5.4.0/../../../../avr/lib/avr5\libm.a(fixsfsi.o)
                              MAX31865/max31865.o (__fixsfsi)
c:/program files (x86)/atmel/studio/7.0/toolchain/avr8/avr8-gnu-toolchain/bin/../lib/gcc/avr/5.4.0/../../../../avr/lib/avr5\libm.a(fixunssfsi.o)
                              c:/program files (x86)/atmel/studio/7.0/toolchain/avr8/avr8-gnu-toolchain/bin/../lib/gcc/avr/5.4.0/../../../../avr/lib/avr5\libm.a(fixsfsi.o) (__fixunssfsi)
c:/program files (x86)/atmel/studio/7.0/toolchain/avr8/avr8-gnu-toolchain/bin/../lib/gcc/avr/5.4.0/../../../../avr/lib/avr5\libm.a(floatdisf.o)
                              BME280/bme280.o (__floatdisf)
c:/program files (x86)/atmel/studio/7.0/toolchain/avr8/avr8-gnu-toolchain/bin/../lib/gcc/avr/5.4.0/../../../../avr/lib/avr5\libm.a(floatsisf.o)
                              BME280/bme280.o (__floatunsisf)
c:/program files (x86)/atmel/studio/7.0/toolchain/avr8/avr8-gnu-toolchain/bin/../lib/gcc/avr/5.4.0/../../../../avr/lib/avr5\libm.a(floatundisf.o)
                              c:/program files (x86)/atmel/studio/7.0/toolchain/avr8/avr8-gnu-toolchain/bin/../lib/gcc/avr/5.4.0/../../../../avr/lib/avr5\libm.a(floatdisf.o) (__fp_di2sf)
c:/program files (x86)/atmel/studio/7.0/toolchain/avr8/avr8-gnu-toolchain/bin/../lib/gcc/avr/5.4.0/../../../../avr/lib/avr5\libm.a(fp_inf.o)
                              c:/program files (x86)/atmel/studio/7.0/toolchain/avr8/avr8-gnu-toolchain/bin/../lib/gcc/avr/5.4.0/../../../../avr/lib/avr5\libm.a(addsf3x.o) (__fp_inf)
c:/program files (x86)/atmel/studio/7.0/toolchain/avr8/avr8-gnu-toolchain/bin/../lib/gcc/avr/5.4.0/../../../../avr/lib/avr5\libm.a(fp_nan.o)
                              c:/program files (x86)/atmel/studio/7.0/toolchain/avr8/avr8-gnu-toolchain/bin/../lib/gcc/avr/5.4.0/../../../../avr/lib/avr5\libm.a(addsf3x.o) (__fp_nan)
c:/program files (x86)/atmel/studio/7.0/toolchain/avr8/avr8-gnu-toolchain/bin/../lib/gcc/avr/5.4.0/../../../../avr/lib/avr5\libm.a(fp_negdi.o)
                              c:/program files (x86)/atmel/studio/7.0/toolchain/avr8/avr8-gnu-toolchain/bin/../lib/gcc/avr/5.4.0/../../../../avr/lib/avr5\libm.a(floatdisf.o) (__fp_negdi)
c:/program files (x86)/atmel/studio/7.0/toolchain/avr8/avr8-gnu-toolchain/bin/../lib/gcc/avr/5.4.0/../../../../avr/lib/avr5\libm.a(fp_pscA.o)
                              c:/program files (x86)/atmel/studio/7.0/toolchain/avr8/avr8-gnu-toolchain/bin/../lib/gcc/avr/5.4.0/../../../../avr/lib/avr5\libm.a(addsf3x.o) (__fp_pscA)
c:/program files (x86)/atmel/studio/7.0/toolchain/avr8/avr8-gnu-toolchain/bin/../lib/gcc/avr/5.4.0/../../../../avr/lib/avr5\libm.a(fp_pscB.o)
                              c:/program files (x86)/atmel/studio/7.0/toolchain/avr8/avr8-gnu-toolchain/bin/../lib/gcc/avr/5.4.0/../../../../avr/lib/avr5\libm.a(addsf3x.o) (__fp_pscB)
c:/program files (x86)/atmel/studio/7.0/toolchain/avr8/avr8-gnu-toolchain/bin/../lib/gcc/avr/5.4.0/../../../../avr/lib/avr5\libm.a(fp_round.o)
                              c:/program files (x86)/atmel/studio/7.0/toolchain/avr8/avr8-gnu-toolchain/bin/../lib/gcc/avr/5.4.0/../../../../avr/lib/avr5\libm.a(addsf3.o) (__fp_round)
c:/program files (x86)/atmel/studio/7.0/toolchain/avr8/avr8-gnu-toolchain/bin/../lib/gcc/avr/5.4.0/../../../../avr/lib/avr5\libm.a(fp_split3.o)
                              c:/program files (x86)/atmel/studio/7.0/toolchain/avr8/avr8-gnu-toolchain/bin/../lib/gcc/avr/5.4.0/../../../../avr/lib/avr5\libm.a(addsf3x.o) (__fp_split3)
c:/program files (x86)/atmel/studio/7.0/toolchain/avr8/avr8-gnu-toolchain/bin/../lib/gcc/avr/5.4.0/../../../../avr/lib/avr5\libm.a(fp_zero.o)
[...]
Memory Configuration

Name             Origin             Length             Attributes
text             0x00000000         0x00020000         xr
data             0x00800060         0x0000ffa0         rw !x
eeprom           0x00810000         0x00010000         rw !x
fuse             0x00820000         0x00000003         rw !x
lock             0x00830000         0x00000400         rw !x
signature        0x00840000         0x00000400         rw !x
user_signatures  0x00850000         0x00000400         rw !x
*default*        0x00000000         0xffffffff

Linker script and memory map

Address of section .data set to 0x800100
LOAD C:/Program Files (x86)/Atmel/Studio/7.0/Packs/atmel/ATmega_DFP/1.2.150/gcc/dev/atmega64a/avr5/crtatmega64a.o
LOAD BME280/bme280.o
LOAD DS18B20/crc8.o
LOAD DS18B20/delay.o
LOAD DS18B20/ds18x20.o
LOAD DS18B20/onewire.o
LOAD I2C/i2c_master.o
LOAD LCD/lcd.o
LOAD main.o
LOAD MAX31865/max31865.o
LOAD MENU/menu.o
LOAD MENU/menu_items.o
LOAD MENU/menu_portsio.o
LOAD SPI/spi.o
LOAD UART/UART.o
LOAD Utils/ftoa.o
START GROUP
LOAD c:/program files (x86)/atmel/studio/7.0/toolchain/avr8/avr8-gnu-toolchain/bin/../lib/gcc/avr/5.4.0/../../../../avr/lib/avr5\libm.a
END GROUP
START GROUP
LOAD c:/program files (x86)/atmel/studio/7.0/toolchain/avr8/avr8-gnu-toolchain/bin/../lib/gcc/avr/5.4.0/avr5\libgcc.a
LOAD c:/program files (x86)/atmel/studio/7.0/toolchain/avr8/avr8-gnu-toolchain/bin/../lib/gcc/avr/5.4.0/../../../../avr/lib/avr5\libm.a
LOAD c:/program files (x86)/atmel/studio/7.0/toolchain/avr8/avr8-gnu-toolchain/bin/../lib/gcc/avr/5.4.0/../../../../avr/lib/avr5\libc.a
LOAD C:/Program Files (x86)/Atmel/Studio/7.0/Packs/atmel/ATmega_DFP/1.2.150/gcc/dev/atmega64a/avr5\libatmega64a.a
END GROUP
                0x00020000                __TEXT_REGION_LENGTH__ = DEFINED (__TEXT_REGION_LENGTH__)?__TEXT_REGION_LENGTH__:0x20000
                0x0000ffa0                __DATA_REGION_LENGTH__ = DEFINED (__DATA_REGION_LENGTH__)?__DATA_REGION_LENGTH__:0xffa0
                0x00010000                __EEPROM_REGION_LENGTH__ = DEFINED (__EEPROM_REGION_LENGTH__)?__EEPROM_REGION_LENGTH__:0x10000
                [0x00000003]                __FUSE_REGION_LENGTH__ = DEFINED (__FUSE_REGION_LENGTH__)?__FUSE_REGION_LENGTH__:0x400
                0x00000400                __LOCK_REGION_LENGTH__ = DEFINED (__LOCK_REGION_LENGTH__)?__LOCK_REGION_LENGTH__:0x400
                0x00000400                __SIGNATURE_REGION_LENGTH__ = DEFINED (__SIGNATURE_REGION_LENGTH__)?__SIGNATURE_REGION_LENGTH__:0x400
                0x00000400                __USER_SIGNATURE_REGION_LENGTH__ = DEFINED (__USER_SIGNATURE_REGION_LENGTH__)?__USER_SIGNATURE_REGION_LENGTH__:0x400

.hash
 *(.hash)

.dynsym
 *(.dynsym)

.dynstr
 *(.dynstr)

.gnu.version
 *(.gnu.version)

.gnu.version_d
 *(.gnu.version_d)

.gnu.version_r
 *(.gnu.version_r)

.rel.init
 *(.rel.init)

.rela.init
 *(.rela.init)

.rel.text
 *(.rel.text)
 *(.rel.text.*)
 *(.rel.gnu.linkonce.t*)

.rela.text
 *(.rela.text)
 *(.rela.text.*)
 *(.rela.gnu.linkonce.t*)

.rel.fini
 *(.rel.fini)

.rela.fini
 *(.rela.fini)

.rel.rodata
 *(.rel.rodata)
 *(.rel.rodata.*)
 *(.rel.gnu.linkonce.r*)

.rela.rodata
 *(.rela.rodata)
 *(.rela.rodata.*)
 *(.rela.gnu.linkonce.r*)

.rel.data
 *(.rel.data)
 *(.rel.data.*)
 *(.rel.gnu.linkonce.d*)

.rela.data
 *(.rela.data)
 *(.rela.data.*)
 *(.rela.gnu.linkonce.d*)

.rel.ctors
 *(.rel.ctors)

.rela.ctors
 *(.rela.ctors)

.rel.dtors
 *(.rel.dtors)

.rela.dtors
 *(.rela.dtors)

.rel.got
 *(.rel.got)

.rela.got
 *(.rela.got)

.rel.bss
 *(.rel.bss)

.rela.bss
 *(.rela.bss)

.rel.plt
 *(.rel.plt)

.rela.plt
 *(.rela.plt)

.text           0x00000000     0x3266
 *(.vectors)
 .vectors       0x00000000       0x8c C:/Program Files (x86)/Atmel/Studio/7.0/Packs/atmel/ATmega_DFP/1.2.150/gcc/dev/atmega64a/avr5/crtatmega64a.o
                0x00000000                __vector_default
                0x00000000                __vectors
 *(.vectors)
 *(.progmem.gcc*)
 .progmem.gcc_sw_table.lcd_putc_hu
                0x0000008c       0x78 LCD/lcd.o
                0x00000104                . = ALIGN (0x2)
                0x00000104                __trampolines_start = .
 *(.trampolines)
 .trampolines   0x00000104        0x0 linker stubs
 *(.trampolines*)
                0x00000104                __trampolines_end = .
 *libprintf_flt.a:*(.progmem.data)
 *libc.a:*(.progmem.data)
 *(.progmem*)
 .progmem.data.__c.2398
                0x00000104       0x1c BME280/bme280.o
 .progmem.data.__c.2909
                0x00000120        0x2 main.o
 .progmem.data.__c.2907
                0x00000122        0x6 main.o
 .progmem.data.__c.2903
                0x00000128       0x12 main.o
 .progmem.data.__c.2901
                0x0000013a        0x7 main.o
 .progmem.data.__c.2899
                0x00000141       0x13 main.o
 .progmem.data.__c.2879
                0x00000154        0xb main.o
 .progmem.data.__c.2876
                0x0000015f       0x11 main.o
 .progmem.data.__c.2874
                0x00000170       0x12 main.o
 .progmem.data.__c.2861
                0x00000182        0x9 main.o
 .progmem.data.__c.2859
                0x0000018b        0xb main.o
 .progmem.data.__c.2857
                0x00000196        0x9 main.o
 .progmem.data.__c.2855
                0x0000019f        0xe main.o
 .progmem.data.__c.2852
                0x000001ad        0x2 main.o
 .progmem.data.__c.2850
                0x000001af        0x7 main.o
 .progmem.data.__c.2842
                0x000001b6        0x2 main.o
 .progmem.data.__c.2840
                0x000001b8        0x2 main.o
 .progmem.data.__c.2838
                0x000001ba       0x12 main.o
 .progmem.data.__c.2831
                0x000001cc        0x4 main.o
 .progmem.data.__c.2829
                0x000001d0       0x12 main.o
 .progmem.data.__c.2825
                0x000001e2        0x4 main.o
 .progmem.data.__c.2823
                0x000001e6       0x15 main.o
 .progmem.data.__c.2584
                0x000001fb        0xb MENU/menu_items.o
 .progmem.data.__c.2568
                0x00000206       0x12 MENU/menu_items.o
 .progmem.data.__c.2553
                0x00000218        0xc MENU/menu_items.o
 .progmem.data.__c.2551
                0x00000224        0xc MENU/menu_items.o
 .progmem.data.__c.2549
                0x00000230        0xa MENU/menu_items.o
 .progmem.data.__c.2543
                0x0000023a       0x11 MENU/menu_items.o
 .progmem.data.__c.2541
                0x0000024b       0x11 MENU/menu_items.o
 .progmem.data.__c.2530
                0x0000025c       0x11 MENU/menu_items.o
 .progmem.data.__c.2528
                0x0000026d       0x11 MENU/menu_items.o
 .progmem.data.__c.2517
                0x0000027e       0x11 MENU/menu_items.o
 .progmem.data.__c.2515
                0x0000028f       0x11 MENU/menu_items.o
 .progmem.data.__c.2504
                0x000002a0       0x11 MENU/menu_items.o
 .progmem.data.__c.2502
                0x000002b1       0x11 MENU/menu_items.o
 .progmem.data.__c.2491
                0x000002c2       0x11 MENU/menu_items.o
 .progmem.data.__c.2489
                0x000002d3       0x11 MENU/menu_items.o
 .progmem.data.__c.2487
                0x000002e4       0x13 MENU/menu_items.o
 .progmem.data.__c.2482
                0x000002f7       0x11 MENU/menu_items.o
 .progmem.data.__c.2480
                0x00000308       0x11 MENU/menu_items.o
 .progmem.data.__c.2478
                0x00000319       0x13 MENU/menu_items.o
 .progmem.data.__c.2473
                0x0000032c       0x11 MENU/menu_items.o
 .progmem.data.__c.2471
                0x0000033d       0x11 MENU/menu_items.o
 .progmem.data.__c.2469
                0x0000034e       0x15 MENU/menu_items.o
 .progmem.data.__c.2464
                0x00000363       0x11 MENU/menu_items.o
 .progmem.data.__c.2462
                0x00000374       0x11 MENU/menu_items.o
 .progmem.data.__c.2460
                0x00000385       0x15 MENU/menu_items.o
 .progmem.data.__c.2453
                0x0000039a        0x6 MENU/menu_items.o
 .progmem.data.__c.2450
                0x000003a0       0x11 MENU/menu_items.o
 .progmem.data.__c.2448
                0x000003b1       0x11 MENU/menu_items.o
 .progmem.data.__c.2437
                0x000003c2        0x4 MENU/menu_items.o
 .progmem.data.__c.2435
                0x000003c6        0x5 MENU/menu_items.o
 .progmem.data.__c.2395
                0x000003cb        0x6 MENU/menu_items.o
 .progmem.data.__c.2392
                0x000003d1       0x11 MENU/menu_items.o
 .progmem.data.__c.2390
                0x000003e2       0x11 MENU/menu_items.o
 .progmem.data.__c.2388
                0x000003f3       0x12 MENU/menu_items.o
 .progmem.data.__c.2383
                0x00000405        0x4 MENU/menu_items.o
 .progmem.data.__c.2381
                0x00000409        0x5 MENU/menu_items.o
 .progmem.data.__c.2379
                0x0000040e       0x10 MENU/menu_items.o
 .progmem.data.__c.2374
                0x0000041e        0xf MENU/menu_items.o
 .progmem.data.__c.2369
                0x0000042d        0xc MENU/menu_items.o
 .progmem.data.__c.2363
                0x00000439        0xf MENU/menu_items.o
 .progmem.data.__c.2357
                0x00000448        0xc MENU/menu_items.o
 .progmem.data.__c.2330
                0x00000454       0x12 MENU/menu_items.o
 .progmem.data.__c.2324
                0x00000466        0xf MENU/menu_items.o
 .progmem.data.__c.2318
                0x00000475        0xc MENU/menu_items.o
 .progmem.data.__c.2312
                0x00000481        0xb MENU/menu_items.o
 .progmem.data.__c.2306
                0x0000048c       0x12 MENU/menu_items.o
 .progmem.data.__c.2304
                0x0000049e       0x13 MENU/menu_items.o
                0x000004b2                . = ALIGN (0x2)
 *fill*         0x000004b1        0x1 
 *(.jumptables)
 *(.jumptables*)
 *(.lowtext)
 *(.lowtext*)
                0x000004b2                __ctors_start = .
 *(.ctors)
                0x000004b2                __ctors_end = .
                0x000004b2                __dtors_start = .
 *(.dtors)
                0x000004b2                __dtors_end = .
 SORT(*)(.ctors)
 SORT(*)(.dtors)
 *(.init0)
 .init0         0x000004b2        0x0 C:/Program Files (x86)/Atmel/Studio/7.0/Packs/atmel/ATmega_DFP/1.2.150/gcc/dev/atmega64a/avr5/crtatmega64a.o
                0x000004b2                __init
 *(.init0)
 *(.init1)
 *(.init1)
 *(.init2)
 .init2         0x000004b2        0xc C:/Program Files (x86)/Atmel/Studio/7.0/Packs/atmel/ATmega_DFP/1.2.150/gcc/dev/atmega64a/avr5/crtatmega64a.o
 *(.init2)
 *(.init3)
 *(.init3)
 *(.init4)
 .init4         0x000004be       0x16 c:/program files (x86)/atmel/studio/7.0/toolchain/avr8/avr8-gnu-toolchain/bin/../lib/gcc/avr/5.4.0/avr5\libgcc.a(_copy_data.o)
                0x000004be                __do_copy_data
 .init4         0x000004d4       0x10 c:/program files (x86)/atmel/studio/7.0/toolchain/avr8/avr8-gnu-toolchain/bin/../lib/gcc/avr/5.4.0/avr5\libgcc.a(_clear_bss.o)
                0x000004d4                __do_clear_bss
 *(.init4)
 *(.init5)
 *(.init5)
 *(.init6)
 *(.init6)
 *(.init7)
 *(.init7)
 *(.init8)
 *(.init8)
 *(.init9)
 .init9         0x000004e4        0x8 C:/Program Files (x86)/Atmel/Studio/7.0/Packs/atmel/ATmega_DFP/1.2.150/gcc/dev/atmega64a/avr5/crtatmega64a.o
 *(.init9)
 *(.text)
 .text          0x000004ec        0x4 C:/Program Files (x86)/Atmel/Studio/7.0/Packs/atmel/ATmega_DFP/1.2.150/gcc/dev/atmega64a/avr5/crtatmega64a.o
                0x000004ec                __vector_22
                0x000004ec                __vector_28
                0x000004ec                __vector_1
                0x000004ec                __vector_32
                0x000004ec                __vector_34
                0x000004ec                __vector_24
                0x000004ec                __bad_interrupt
                0x000004ec                __vector_6
                0x000004ec                __vector_3
                0x000004ec                __vector_23
                0x000004ec                __vector_25
                0x000004ec                __vector_11
                0x000004ec                __vector_13
                0x000004ec                __vector_17
                0x000004ec                __vector_7
                0x000004ec                __vector_27
                0x000004ec                __vector_5
                0x000004ec                __vector_33
                0x000004ec                __vector_4
                0x000004ec                __vector_9
                0x000004ec                __vector_2
                0x000004ec                __vector_15
                0x000004ec                __vector_29
                0x000004ec                __vector_8
                0x000004ec                __vector_26
                0x000004ec                __vector_14
                0x000004ec                __vector_10
                0x000004ec                __vector_16
                0x000004ec                __vector_20
                0x000004f0                . = ALIGN (0x2)
 *(.text.*)
 .text.read8    0x000004f0       0x44 BME280/bme280.o
                0x000004f0                read8
 .text.read16   0x00000534       0x50 BME280/bme280.o
                0x00000534                read16
 .text.read16_LE
                0x00000584        0xc BME280/bme280.o
                0x00000584                read16_LE
 .text.read24   0x00000590       0x82 BME280/bme280.o
                0x00000590                read24
 .text.bme280_readCoefficients
                0x00000612      0x104 BME280/bme280.o
                0x00000612                bme280_readCoefficients
 .text.init_BME280
                0x00000716       0x48 BME280/bme280.o
                0x00000716                init_BME280
 .text.bme280_readTemperature
                0x0000075e      0x12e BME280/bme280.o
                0x0000075e                bme280_readTemperature
 .text.bme280_readHumidity
                0x0000088c      0x208 BME280/bme280.o
                0x0000088c                bme280_readHumidity
 .text.crc8     0x00000a94       0x38 DS18B20/crc8.o
                0x00000a94                crc8
 .text.DS18X20_meas_to_cel
                0x00000acc       0x96 DS18B20/ds18x20.o
                0x00000acc                DS18X20_meas_to_cel
 .text.DS18X20_find_sensor
                0x00000b62       0x32 DS18B20/ds18x20.o
                0x00000b62                DS18X20_find_sensor
 .text.DS18X20_start_meas
                0x00000b94       0x38 DS18B20/ds18x20.o
                0x00000b94                DS18X20_start_meas
 .text.DS18X20_read_meas
                0x00000bcc       0xba DS18B20/ds18x20.o
                0x00000bcc                DS18X20_read_meas
 .text.ow_input_pin_state
                0x00000c86       0x12 DS18B20/onewire.o
                0x00000c86                ow_input_pin_state
 .text.ow_parasite_enable
                0x00000c98       0x26 DS18B20/onewire.o
                0x00000c98                ow_parasite_enable
 .text.ow_reset
                0x00000cbe       0x92 DS18B20/onewire.o
                0x00000cbe                ow_reset
 .text.ow_set_bus
                0x00000d50       0x2c DS18B20/onewire.o
                0x00000d50                ow_set_bus
 .text.ow_bit_io
                0x00000d7c       0x80 DS18B20/onewire.o
                0x00000d7c                ow_bit_io
 .text.ow_byte_wr
                0x00000dfc       0x22 DS18B20/onewire.o
                0x00000dfc                ow_byte_wr
 .text.ow_byte_rd
                0x00000e1e        0x8 DS18B20/onewire.o
                0x00000e1e                ow_byte_rd
 .text.ow_rom_search
                0x00000e26       0xb4 DS18B20/onewire.o
                0x00000e26                ow_rom_search
 .text.ow_command
                0x00000eda       0x48 DS18B20/onewire.o
                0x00000eda                ow_command
 .text.i2c_init
                0x00000f22        0x8 I2C/i2c_master.o
                0x00000f22                i2c_init
 .text.i2c_start
                0x00000f2a       0x4a I2C/i2c_master.o
                0x00000f2a                i2c_start
 .text.i2c_write
                0x00000f74       0x24 I2C/i2c_master.o
                0x00000f74                i2c_write
 .text.i2c_read_ack
                0x00000f98       0x16 I2C/i2c_master.o
                0x00000f98                i2c_read_ack
 .text.i2c_read_nack
                0x00000fae       0x16 I2C/i2c_master.o
                0x00000fae                i2c_read_nack
 .text.i2c_stop
                0x00000fc4        0x8 I2C/i2c_master.o
                0x00000fc4                i2c_stop
 .text.toggle_e
                0x00000fcc        0xa LCD/lcd.o
 .text.lcd_write
                0x00000fd6       0x5e LCD/lcd.o
 .text.lcd_read
                0x00001034       0x50 LCD/lcd.o
 .text.lcd_waitbusy
                0x00001084       0x1a LCD/lcd.o
 .text.lcd_command
                0x0000109e       0x14 LCD/lcd.o
                0x0000109e                lcd_command
 .text.lcd_gotoxy
                0x000010b2       0x2c LCD/lcd.o
                0x000010b2                lcd_gotoxy
 .text.lcd_clrscr
                0x000010de        0x8 LCD/lcd.o
                0x000010de                lcd_clrscr
 .text.lcd_putc
                0x000010e6       0x40 LCD/lcd.o
                0x000010e6                lcd_putc
 .text.lcd_puts
                0x00001126       0x20 LCD/lcd.o
                0x00001126                lcd_puts
 .text.lcd_puts_p
                0x00001146       0x24 LCD/lcd.o
                0x00001146                lcd_puts_p
 .text.lcd_init
                0x0000116a       0x74 LCD/lcd.o
                0x0000116a                lcd_init
 .text.lcd_putbyte_bin
                0x000011de       0x26 LCD/lcd.o
                0x000011de                lcd_putbyte_bin
 .text.lcd_putc_hu
                0x00001204       0x40 LCD/lcd.o
                0x00001204                lcd_putc_hu
 .text.lcd_puts_hu
                0x00001244       0x24 LCD/lcd.o
                0x00001244                lcd_puts_hu
 .text.__vector_21
                0x00001268       0x3e main.o
                0x00001268                __vector_21
 .text.sensor_read
                0x000012a6      0x298 main.o
                0x000012a6                sensor_read
 .text.search_sensors
                0x0000153e       0xa8 main.o
                0x0000153e                search_sensors
 .text.switch_on_PWM_for_DHW_pump
                0x000015e6        0x2 main.o
                0x000015e6                switch_on_PWM_for_DHW_pump
 .text.switch_off_PWM_for_DHW_pump
                0x000015e8        0x2 main.o
                0x000015e8                switch_off_PWM_for_DHW_pump
 .text.SwitchValve
                0x000015ea       0x14 main.o
                0x000015ea                SwitchValve
 .text.SwitchPump
                0x000015fe       0x14 main.o
                0x000015fe                SwitchPump
 .text.check_conditions
                0x00001612      0x294 main.o
                0x00001612                check_conditions
 .text.__vector_12
                0x000018a6       0x5c main.o
                0x000018a6                __vector_12
 .text.read_from_eeprom
                0x00001902       0x7a main.o
                0x00001902                read_from_eeprom
 .text.main     0x0000197c      0x144 main.o
                0x0000197c                main
 .text.renderMenu
                0x00001ac0       0xd6 MENU/menu.o
 .text.menuReset
                0x00001b96       0x1e MENU/menu.o
                0x00001b96                menuReset
 .text.menuInit
                0x00001bb4        0xa MENU/menu.o
                0x00001bb4                menuInit
 .text.menuPollButtons
                0x00001bbe      0x2dc MENU/menu.o
                0x00001bbe                menuPollButtons
 .text.DHW_PWM_CallbackRender
                0x00001e9a       0x30 MENU/menu_items.o
                0x00001e9a                DHW_PWM_CallbackRender
 .text.ZoneValve1_CallbackRender
                0x00001eca       0x30 MENU/menu_items.o
                0x00001eca                ZoneValve1_CallbackRender
 .text.ZoneValve2_CallbackRender
                0x00001efa       0x30 MENU/menu_items.o
                0x00001efa                ZoneValve2_CallbackRender
 .text.ThreeWayValve1_CallbackRender
                0x00001f2a       0x30 MENU/menu_items.o
                0x00001f2a                ThreeWayValve1_CallbackRender
 .text.ThreeWayValve2_CallbackRender
                0x00001f5a       0x30 MENU/menu_items.o
                0x00001f5a                ThreeWayValve2_CallbackRender
 .text.DebugMode_CallbackRender
                0x00001f8a       0x30 MENU/menu_items.o
                0x00001f8a                DebugMode_CallbackRender
 .text.BME280_temp_CallbackRender
                0x00001fba       0x5e MENU/menu_items.o
                0x00001fba                BME280_temp_CallbackRender
 .text.BME280_humidity_CallbackRender
                0x00002018       0x56 MENU/menu_items.o
                0x00002018                BME280_humidity_CallbackRender
 .text.DHW_switch_CallbackRender
                0x0000206e       0x70 MENU/menu_items.o
                0x0000206e                DHW_switch_CallbackRender
 .text.BME280_min_CallbackRender
                0x000020de       0x54 MENU/menu_items.o
                0x000020de                BME280_min_CallbackRender
 .text.BME280_desired_CallbackRender
                0x00002132       0x54 MENU/menu_items.o
                0x00002132                BME280_desired_CallbackRender
 .text.DHW_temp_actual_CallbackRender
                0x00002186       0x54 MENU/menu_items.o
                0x00002186                DHW_temp_actual_CallbackRender
 .text.DHW_temp_desired_CallbackRender
                0x000021da       0x54 MENU/menu_items.o
                0x000021da                DHW_temp_desired_CallbackRender
 .text.DHW_temp_min_CallbackRender
                0x0000222e       0x54 MENU/menu_items.o
                0x0000222e                DHW_temp_min_CallbackRender
 .text.MenuTimer_CallbackRender
                0x00002282       0x40 MENU/menu_items.o
                0x00002282                MenuTimer_CallbackRender
 .text.LCDBackLight_CallbackRender
                0x000022c2       0x48 MENU/menu_items.o
                0x000022c2                LCDBackLight_CallbackRender
 .text.DHW_sensor_CallbackRender
                0x0000230a       0x1e MENU/menu_items.o
                0x0000230a                DHW_sensor_CallbackRender
 .text.ChangeMsg
                0x00002328       0x26 MENU/menu_items.o
                0x00002328                ChangeMsg
 .text.BME280_min_ActionCallback
                0x0000234e       0x7e MENU/menu_items.o
                0x0000234e                BME280_min_ActionCallback
 .text.BME280_desired_ActionCallback
                0x000023cc       0x7e MENU/menu_items.o
                0x000023cc                BME280_desired_ActionCallback
 .text.DHW_temp_desired_ActionCallback
                0x0000244a       0x7e MENU/menu_items.o
                0x0000244a                DHW_temp_desired_ActionCallback
 .text.DHW_temp_min_ActionCallback
                0x000024c8       0x7e MENU/menu_items.o
                0x000024c8                DHW_temp_min_ActionCallback
 .text.DHW_sensor_ActionCallback
                0x00002546       0x5c MENU/menu_items.o
                0x00002546                DHW_sensor_ActionCallback
 .text.DHW_PWM_ActionCallback
                0x000025a2       0x56 MENU/menu_items.o
                0x000025a2                DHW_PWM_ActionCallback
 .text.DHW_switch_ActionCallback
                0x000025f8       0xac MENU/menu_items.o
                0x000025f8                DHW_switch_ActionCallback
 .text.ZoneValve1_ActionCallback
                0x000026a4       0x46 MENU/menu_items.o
                0x000026a4                ZoneValve1_ActionCallback
 .text.ZoneValve2_ActionCallback
                0x000026ea       0x46 MENU/menu_items.o
                0x000026ea                ZoneValve2_ActionCallback
 .text.ThreeWayValve1_ActionCallback
                0x00002730       0x46 MENU/menu_items.o
                0x00002730                ThreeWayValve1_ActionCallback
 .text.ThreeWayValve2_ActionCallback
                0x00002776       0x46 MENU/menu_items.o
                0x00002776                ThreeWayValve2_ActionCallback
 .text.DebugMode_ActionCallback
                0x000027bc       0x7a MENU/menu_items.o
                0x000027bc                DebugMode_ActionCallback
 .text.MenuTimer_ActionCallback
                0x00002836       0x7a MENU/menu_items.o
                0x00002836                MenuTimer_ActionCallback
 .text.LCDBackLight_ActionCallback
                0x000028b0       0x8c MENU/menu_items.o
                0x000028b0                LCDBackLight_ActionCallback
 .text.menuItemsGetHomeMenu
                0x0000293c        0x6 MENU/menu_items.o
                0x0000293c                menuItemsGetHomeMenu
 .text.menuItemsGetHomeMenuSize
                0x00002942        0x4 MENU/menu_items.o
                0x00002942                menuItemsGetHomeMenuSize
 .text.menuPortsioInit
                0x00002946        0xe MENU/menu_portsio.o
                0x00002946                menuPortsioInit
 .text.SPIInit  0x00002954       0x1e SPI/spi.o
                0x00002954                SPIInit
 .text.SPIClose
                0x00002972        0xa SPI/spi.o
                0x00002972                SPIClose
 .text.SPIWrite
                0x0000297c       0x2c SPI/spi.o
                0x0000297c                SPIWrite
 .text.__vector_18
                0x000029a8       0x58 UART/UART.o
                0x000029a8                __vector_18
 .text.__vector_19
                0x00002a00       0x4a UART/UART.o
                0x00002a00                __vector_19
 .text.uart_init
                0x00002a4a       0x2c UART/UART.o
                0x00002a4a                uart_init
 .text.uart_putc
                0x00002a76       0x22 UART/UART.o
                0x00002a76                uart_putc
 .text.uart_puts
                0x00002a98       0x1e UART/UART.o
                0x00002a98                uart_puts
 .text.uart_puts_p
                0x00002ab6       0x24 UART/UART.o
                0x00002ab6                uart_puts_p
 .text.__vector_30
                0x00002ada       0x5c UART/UART.o
                0x00002ada                __vector_30
 .text.__vector_31
                0x00002b36       0x54 UART/UART.o
                0x00002b36                __vector_31
 .text.uart_puthex_nibble
                0x00002b8a       0x12 UART/UART.o
                0x00002b8a                uart_puthex_nibble
 .text.uart_puti
                0x00002b9c       0x36 UART/UART.o
                0x00002b9c                uart_puti
 .text.ftoa     0x00002bd2      0x112 Utils/ftoa.o
                0x00002bd2                ftoa
 .text.avr-libc.fplib
                0x00002ce4        0xe c:/program files (x86)/atmel/studio/7.0/toolchain/avr8/avr8-gnu-toolchain/bin/../lib/gcc/avr/5.4.0/../../../../avr/lib/avr5\libm.a(addsf3.o)
                0x00002ce4                __subsf3
                0x00002ce6                __addsf3
 .text.avr-libc.fplib
                0x00002cf2       0xcc c:/program files (x86)/atmel/studio/7.0/toolchain/avr8/avr8-gnu-toolchain/bin/../lib/gcc/avr/5.4.0/../../../../avr/lib/avr5\libm.a(addsf3x.o)
                0x00002d14                __addsf3x
 .text.avr-libc.fplib
                0x00002dbe        0x8 c:/program files (x86)/atmel/studio/7.0/toolchain/avr8/avr8-gnu-toolchain/bin/../lib/gcc/avr/5.4.0/../../../../avr/lib/avr5\libm.a(divsf3.o)
                0x00002dbe                __divsf3
 .text.avr-libc.fplib
                0x00002dc6       0xdc c:/program files (x86)/atmel/studio/7.0/toolchain/avr8/avr8-gnu-toolchain/bin/../lib/gcc/avr/5.4.0/../../../../avr/lib/avr5\libm.a(divsf3x.o)
                0x00002de6                __divsf3x
                0x00002dec                __divsf3_pse
 .text.avr-libc.fplib
                0x00002ea2        0xe c:/program files (x86)/atmel/studio/7.0/toolchain/avr8/avr8-gnu-toolchain/bin/../lib/gcc/avr/5.4.0/../../../../avr/lib/avr5\libm.a(fixsfsi.o)
                0x00002ea2                __fixsfsi
 .text.avr-libc.fplib
                0x00002eb0       0x5e c:/program files (x86)/atmel/studio/7.0/toolchain/avr8/avr8-gnu-toolchain/bin/../lib/gcc/avr/5.4.0/../../../../avr/lib/avr5\libm.a(fixunssfsi.o)
                0x00002eb0                __fixunssfsi
 .text.avr-libc.fplib
                0x00002f0e       0x7a c:/program files (x86)/atmel/studio/7.0/toolchain/avr8/avr8-gnu-toolchain/bin/../lib/gcc/avr/5.4.0/../../../../avr/lib/avr5\libm.a(floatsisf.o)
                0x00002f0e                __floatunsisf
                0x00002f12                __floatsisf
 .text.avr-libc.fplib
                0x00002f88        0xc c:/program files (x86)/atmel/studio/7.0/toolchain/avr8/avr8-gnu-toolchain/bin/../lib/gcc/avr/5.4.0/../../../../avr/lib/avr5\libm.a(fp_inf.o)
                0x00002f88                __fp_inf
 .text.avr-libc.fplib
                0x00002f94        0x6 c:/program files (x86)/atmel/studio/7.0/toolchain/avr8/avr8-gnu-toolchain/bin/../lib/gcc/avr/5.4.0/../../../../avr/lib/avr5\libm.a(fp_nan.o)
                0x00002f94                __fp_nan
 .text.avr-libc.fplib
                0x00002f9a        0xe c:/program files (x86)/atmel/studio/7.0/toolchain/avr8/avr8-gnu-toolchain/bin/../lib/gcc/avr/5.4.0/../../../../avr/lib/avr5\libm.a(fp_pscA.o)
                0x00002f9a                __fp_pscA
 .text.avr-libc.fplib
                0x00002fa8        0xe c:/program files (x86)/atmel/studio/7.0/toolchain/avr8/avr8-gnu-toolchain/bin/../lib/gcc/avr/5.4.0/../../../../avr/lib/avr5\libm.a(fp_pscB.o)
                0x00002fa8                __fp_pscB
 .text.avr-libc.fplib
                0x00002fb6       0x22 c:/program files (x86)/atmel/studio/7.0/toolchain/avr8/avr8-gnu-toolchain/bin/../lib/gcc/avr/5.4.0/../../../../avr/lib/avr5\libm.a(fp_round.o)
                0x00002fb6                __fp_round
 .text.avr-libc.fplib
                0x00002fd8       0x44 c:/program files (x86)/atmel/studio/7.0/toolchain/avr8/avr8-gnu-toolchain/bin/../lib/gcc/avr/5.4.0/../../../../avr/lib/avr5\libm.a(fp_split3.o)
                0x00002fd8                __fp_split3
                0x00002fe8                __fp_splitA
 .text.avr-libc.fplib
                0x0000301c        0xe c:/program files (x86)/atmel/studio/7.0/toolchain/avr8/avr8-gnu-toolchain/bin/../lib/gcc/avr/5.4.0/../../../../avr/lib/avr5\libm.a(fp_zero.o)
                0x0000301c                __fp_zero
                0x0000301e                __fp_szero
 .text.avr-libc.fplib
                0x0000302a        0xa c:/program files (x86)/atmel/studio/7.0/toolchain/avr8/avr8-gnu-toolchain/bin/../lib/gcc/avr/5.4.0/../../../../avr/lib/avr5\libm.a(gesf2.o)
                0x0000302a                __gesf2
                0x0000302a                __gtsf2
 .text.avr-libc.fplib
                0x00003034        0x8 c:/program files (x86)/atmel/studio/7.0/toolchain/avr8/avr8-gnu-toolchain/bin/../lib/gcc/avr/5.4.0/../../../../avr/lib/avr5\libm.a(mulsf3.o)
                0x00003034                __mulsf3
 .text.avr-libc.fplib
                0x0000303c       0xd2 c:/program files (x86)/atmel/studio/7.0/toolchain/avr8/avr8-gnu-toolchain/bin/../lib/gcc/avr/5.4.0/../../../../avr/lib/avr5\libm.a(mulsf3x.o)
                0x0000305a                __mulsf3x
                0x00003060                __mulsf3_pse
 .text.avr-libc.fplib
                0x0000310e       0x48 c:/program files (x86)/atmel/studio/7.0/toolchain/avr8/avr8-gnu-toolchain/bin/../lib/gcc/avr/5.4.0/../../../../avr/lib/avr5\libm.a(fp_cmp.o)
                0x0000310e                __fp_cmp
 .text.libgcc.mul
                0x00003156       0x20 c:/program files (x86)/atmel/studio/7.0/toolchain/avr8/avr8-gnu-toolchain/bin/../lib/gcc/avr/5.4.0/avr5\libgcc.a(_mulsi3.o)
                0x00003156                __mulsi3
 .text.libgcc   0x00003176        0xc c:/program files (x86)/atmel/studio/7.0/toolchain/avr8/avr8-gnu-toolchain/bin/../lib/gcc/avr/5.4.0/avr5\libgcc.a(_tablejump2.o)
                0x00003176                __tablejump2__
 .text.libgcc.mul
                0x00003182       0x16 c:/program files (x86)/atmel/studio/7.0/toolchain/avr8/avr8-gnu-toolchain/bin/../lib/gcc/avr/5.4.0/avr5\libgcc.a(_muluhisi3.o)
                0x00003182                __muluhisi3
 .text.libgcc.mul
                0x00003198       0x10 c:/program files (x86)/atmel/studio/7.0/toolchain/avr8/avr8-gnu-toolchain/bin/../lib/gcc/avr/5.4.0/avr5\libgcc.a(_mulshisi3.o)
                0x00003198                __mulshisi3
                0x0000319e                __mulohisi3
 .text.libgcc.mul
                0x000031a8       0x1e c:/program files (x86)/atmel/studio/7.0/toolchain/avr8/avr8-gnu-toolchain/bin/../lib/gcc/avr/5.4.0/avr5\libgcc.a(_umulhisi3.o)
                0x000031a8                __umulhisi3
 .text.avr-libc
                0x000031c6       0x16 c:/program files (x86)/atmel/studio/7.0/toolchain/avr8/avr8-gnu-toolchain/bin/../lib/gcc/avr/5.4.0/../../../../avr/lib/avr5\libc.a(itoa_ncheck.o)
                0x000031c6                __itoa_ncheck
 .text.avr-libc
                0x000031dc       0x34 c:/program files (x86)/atmel/studio/7.0/toolchain/avr8/avr8-gnu-toolchain/bin/../lib/gcc/avr/5.4.0/../../../../avr/lib/avr5\libc.a(utoa_ncheck.o)
                0x000031dc                __utoa_ncheck
                0x000031de                __utoa_common
 .text.avr-libc
                0x00003210       0x20 c:/program files (x86)/atmel/studio/7.0/toolchain/avr8/avr8-gnu-toolchain/bin/../lib/gcc/avr/5.4.0/../../../../avr/lib/avr5\libc.a(strrev.o)
                0x00003210                strrev
 .text.avr-libc
                0x00003230       0x10 C:/Program Files (x86)/Atmel/Studio/7.0/Packs/atmel/ATmega_DFP/1.2.150/gcc/dev/atmega64a/avr5\libatmega64a.a(eerd_byte.o)
                0x00003230                eeprom_read_byte
 .text.avr-libc
                0x00003240       0x22 C:/Program Files (x86)/Atmel/Studio/7.0/Packs/atmel/ATmega_DFP/1.2.150/gcc/dev/atmega64a/avr5\libatmega64a.a(eeupd_byte.o)
                0x00003240                eeprom_update_byte
                0x00003242                eeprom_update_r18
                0x00003262                . = ALIGN (0x2)
 *(.fini9)
 .fini9         0x00003262        0x0 c:/program files (x86)/atmel/studio/7.0/toolchain/avr8/avr8-gnu-toolchain/bin/../lib/gcc/avr/5.4.0/avr5\libgcc.a(_exit.o)
                0x00003262                _exit
                0x00003262                exit
 *(.fini9)
 *(.fini8)
 *(.fini8)
 *(.fini7)
 *(.fini7)
 *(.fini6)
 *(.fini6)
 *(.fini5)
 *(.fini5)
 *(.fini4)
 *(.fini4)
 *(.fini3)
 *(.fini3)
 *(.fini2)
 *(.fini2)
 *(.fini1)
 *(.fini1)
 *(.fini0)
 .fini0         0x00003262        0x4 c:/program files (x86)/atmel/studio/7.0/toolchain/avr8/avr8-gnu-toolchain/bin/../lib/gcc/avr/5.4.0/avr5\libgcc.a(_exit.o)
 *(.fini0)
                0x00003266                _etext = .

.data           0x00800100      0x23c load address 0x00003266
                0x00800100                PROVIDE (__data_start, .)
 *(.data)
 *(.data*)
 .data.BME280_temp_desired
                0x00800100        0x1 main.o
                0x00800100                BME280_temp_desired
 .data.BME280_temp_min
                0x00800101        0x1 main.o
                0x00800101                BME280_temp_min
 .data.MenuTimer
                0x00800102        0x1 main.o
                0x00800102                MenuTimer
 .data.menu_buttons
                0x00800103       0x14 MENU/menu.o
 .data.current_state
                0x00800117        0x2 MENU/menu.o
 .data.menu_states
                0x00800119       0x23 MENU/menu.o
 .data.home_items
                0x0080013c       0x24 MENU/menu_items.o
 .data.SYSPARAM_submenu
                0x00800160       0x24 MENU/menu_items.o
 .data.VALVES_submenu
                0x00800184       0x24 MENU/menu_items.o
 .data.DHW_submenu
                0x008001a8       0x2d MENU/menu_items.o
 .data.DHW_pump_submenu
                0x008001d5       0x12 MENU/menu_items.o
 .data.BME280_submenu
                0x008001e7       0x24 MENU/menu_items.o
 *(.gnu.linkonce.d*)
 *(.rodata)
 .rodata        0x0080020b       0x24 Utils/ftoa.o
 *(.rodata*)
 .rodata.str1.1
                0x0080022f      0x10c MENU/menu_items.o
 *(.gnu.linkonce.r*)
                0x0080033c                . = ALIGN (0x2)
 *fill*         0x0080033b        0x1 
                0x0080033c                _edata = .
                0x0080033c                PROVIDE (__data_end, .)

.bss            0x0080033c      0x110
                0x0080033c                PROVIDE (__bss_start, .)
 *(.bss)
 *(.bss*)
 .bss.timer_state.2817
                0x0080033c        0x1 main.o
 .bss.LCDBackLight
                0x0080033d        0x1 main.o
                0x0080033d                LCDBackLight
 .bss.DebugMode
                0x0080033e        0x1 main.o
                0x0080033e                DebugMode
 .bss.UART1_LastRxError
                0x0080033f        0x1 UART/UART.o
 .bss.UART1_RxTail
                0x00800340        0x1 UART/UART.o
 .bss.UART1_RxHead
                0x00800341        0x1 UART/UART.o
 .bss.UART1_TxTail
                0x00800342        0x1 UART/UART.o
 .bss.UART1_TxHead
                0x00800343        0x1 UART/UART.o
 .bss.UART1_RxBuf
                0x00800344       0x20 UART/UART.o
 .bss.UART1_TxBuf
                0x00800364       0x20 UART/UART.o
 .bss.UART_LastRxError
                0x00800384        0x1 UART/UART.o
 .bss.UART_RxTail
                0x00800385        0x1 UART/UART.o
 .bss.UART_RxHead
                0x00800386        0x1 UART/UART.o
 .bss.UART_TxTail
                0x00800387        0x1 UART/UART.o
 .bss.UART_TxHead
                0x00800388        0x1 UART/UART.o
 .bss.UART_RxBuf
                0x00800389       0x20 UART/UART.o
 .bss.UART_TxBuf
                0x008003a9       0x20 UART/UART.o
 *(COMMON)
 COMMON         0x008003c9       0x25 BME280/bme280.o
                0x008003c9                _bme280_calib
                0x008003ea                t_fine
 COMMON         0x008003ee        0x7 DS18B20/onewire.o
                0x008003ee                OW_OUT
                0x008003f0                OW_PIN_MASK
                0x008003f1                OW_IN
                0x008003f3                OW_DDR
 COMMON         0x008003f5       0x57 main.o
                0x008003f5                DHW_temp_desired
                0x008003f6                Valve_relays
                0x008003f7                Solar_temp_desired
                0x008003f8                nSensors
                0x008003f9                BME280_temp_buf
                0x008003fe                Forward_heat_temp
                0x008003ff                DHW_temp_actual_buf
                0x00800404                DHW_temp_actual
                0x00800405                Relay_or_PWM
                0x00800406                BME280_temp
                0x0080040a                Pump_relays
                0x0080040b                Solar_temp_actual
                0x0080040c                DHW_temp_min
                0x0080040d                Initialized
                0x0080040e                Solar_temp_up_threshold
                0x0080040f                menutimer
                0x00800410                Buffer_temp_actual
                0x00800411                gSensorIDs
                0x00800441                DHW_temp_max
                0x00800442                BME280_humid
                0x00800446                BME280_humid_buf
                0x0080044b                DHW_sensor_ID
                0x0080044c                PROVIDE (__bss_end, .)
                0x00003266                __data_load_start = LOADADDR (.data)
                0x000034a2                __data_load_end = (__data_load_start + SIZEOF (.data))

.noinit         0x0080044c        0x0
                [!provide]                PROVIDE (__noinit_start, .)
 *(.noinit*)
                [!provide]                PROVIDE (__noinit_end, .)
                0x0080044c                _end = .
                [!provide]                PROVIDE (__heap_start, .)

.eeprom         0x00810000        0xa
 *(.eeprom*)
 .eeprom        0x00810000        0xa main.o
                0x00810000                eeDHW_sensor_ID
                0x00810001                eeRelay_or_PWM
                0x00810002                eeDHW_temp_min
                0x00810003                eeDHW_temp_max
                0x00810004                eeDHW_temp_desired
                0x00810005                eeBME280_temp_desired
                0x00810006                eeBME280_temp_min
                0x00810007                eeLCDBackLight
                0x00810008                eeMenuTimer
                0x00810009                eeDebugMode
                0x0081000a                __eeprom_end = .

.fuse
 *(.fuse)
 *(.lfuse)
 *(.hfuse)
 *(.efuse)

.lock
 *(.lock*)

.signature
 *(.signature*)

.user_signatures
 *(.user_signatures*)

.stab
 *(.stab)

.stabstr
 *(.stabstr)

.stab.excl
 *(.stab.excl)

.stab.exclstr
 *(.stab.exclstr)

.stab.index
 *(.stab.index)

.stab.indexstr
 *(.stab.indexstr)

.comment        0x00000000       0x30
 *(.comment)
 .comment       0x00000000       0x30 BME280/bme280.o
                                 0x31 (size before relaxing)
 .comment       0x00000030       0x31 DS18B20/crc8.o
 .comment       0x00000030       0x31 DS18B20/ds18x20.o
 .comment       0x00000030       0x31 DS18B20/onewire.o
 .comment       0x00000030       0x31 I2C/i2c_master.o
 .comment       0x00000030       0x31 LCD/lcd.o
 .comment       0x00000030       0x31 main.o
 .comment       0x00000030       0x31 MENU/menu.o
 .comment       0x00000030       0x31 MENU/menu_items.o
 .comment       0x00000030       0x31 MENU/menu_portsio.o
 .comment       0x00000030       0x31 SPI/spi.o
 .comment       0x00000030       0x31 UART/UART.o
 .comment       0x00000030       0x31 Utils/ftoa.o

.note.gnu.avr.deviceinfo
                0x00000000       0x3c
 .note.gnu.avr.deviceinfo
                0x00000000       0x3c C:/Program Files (x86)/Atmel/Studio/7.0/Packs/atmel/ATmega_DFP/1.2.150/gcc/dev/atmega64a/avr5/crtatmega64a.o

.note.gnu.build-id
 *(.note.gnu.build-id)

.debug
 *(.debug)

.line
 *(.line)

.debug_srcinfo
 *(.debug_srcinfo)

.debug_sfnames
 *(.debug_sfnames)

.debug_aranges  0x00000000      0x5a0
 *(.debug_aranges)
 .debug_aranges
                0x00000000       0x78 BME280/bme280.o
 .debug_aranges
                0x00000078       0x20 DS18B20/crc8.o
 .debug_aranges
                0x00000098       0x60 DS18B20/ds18x20.o
 .debug_aranges
                0x000000f8       0x68 DS18B20/onewire.o
 .debug_aranges
                0x00000160       0x68 I2C/i2c_master.o
 .debug_aranges
                0x000001c8       0xb8 LCD/lcd.o
 .debug_aranges
                0x00000280       0x70 main.o
 .debug_aranges
                0x000002f0       0x38 MENU/menu.o
 .debug_aranges
                0x00000328      0x128 MENU/menu_items.o
 .debug_aranges
                0x00000450       0x20 MENU/menu_portsio.o
 .debug_aranges
                0x00000470       0x30 SPI/spi.o
 .debug_aranges
                0x000004a0       0xa0 UART/UART.o
 .debug_aranges
                0x00000540       0x20 Utils/ftoa.o
 .debug_aranges
                0x00000560       0x20 C:/Program Files (x86)/Atmel/Studio/7.0/Packs/atmel/ATmega_DFP/1.2.150/gcc/dev/atmega64a/avr5\libatmega64a.a(eerd_byte.o)
 .debug_aranges
                0x00000580       0x20 C:/Program Files (x86)/Atmel/Studio/7.0/Packs/atmel/ATmega_DFP/1.2.150/gcc/dev/atmega64a/avr5\libatmega64a.a(eeupd_byte.o)

.debug_pubnames
 *(.debug_pubnames)

.debug_info     0x00000000     0x6c0e
 *(.debug_info .gnu.linkonce.wi.*)
 .debug_info    0x00000000      0x780 C:/Program Files (x86)/Atmel/Studio/7.0/Packs/atmel/ATmega_DFP/1.2.150/gcc/dev/atmega64a/avr5/crtatmega64a.o
 .debug_info    0x00000780      0xb20 BME280/bme280.o
 .debug_info    0x000012a0      0x106 DS18B20/crc8.o
 .debug_info    0x000013a6      0x71f DS18B20/ds18x20.o
 .debug_info    0x00001ac5      0x499 DS18B20/onewire.o
 .debug_info    0x00001f5e      0x3fe I2C/i2c_master.o
 .debug_info    0x0000235c      0x89c LCD/lcd.o
 .debug_info    0x00002bf8     0x10e4 main.o
 .debug_info    0x00003cdc      0x70a MENU/menu.o
 .debug_info    0x000043e6     0x1bdb MENU/menu_items.o
 .debug_info    0x00005fc1       0x9a MENU/menu_portsio.o
 .debug_info    0x0000605b       0xce SPI/spi.o
 .debug_info    0x00006129      0x753 UART/UART.o
 .debug_info    0x0000687c      0x23b Utils/ftoa.o
 .debug_info    0x00006ab7       0xab C:/Program Files (x86)/Atmel/Studio/7.0/Packs/atmel/ATmega_DFP/1.2.150/gcc/dev/atmega64a/avr5\libatmega64a.a(eerd_byte.o)
 .debug_info    0x00006b62       0xac C:/Program Files (x86)/Atmel/Studio/7.0/Packs/atmel/ATmega_DFP/1.2.150/gcc/dev/atmega64a/avr5\libatmega64a.a(eeupd_byte.o)

.debug_abbrev   0x00000000     0x1cd9
 *(.debug_abbrev)
 .debug_abbrev  0x00000000      0x718 C:/Program Files (x86)/Atmel/Studio/7.0/Packs/atmel/ATmega_DFP/1.2.150/gcc/dev/atmega64a/avr5/crtatmega64a.o
 .debug_abbrev  0x00000718      0x1fb BME280/bme280.o
 .debug_abbrev  0x00000913       0x8b DS18B20/crc8.o
 .debug_abbrev  0x0000099e      0x198 DS18B20/ds18x20.o
 .debug_abbrev  0x00000b36      0x1b9 DS18B20/onewire.o
 .debug_abbrev  0x00000cef      0x14c I2C/i2c_master.o
 .debug_abbrev  0x00000e3b      0x221 LCD/lcd.o
 .debug_abbrev  0x0000105c      0x2a9 main.o
 .debug_abbrev  0x00001305      0x230 MENU/menu.o
 .debug_abbrev  0x00001535      0x32f MENU/menu_items.o
 .debug_abbrev  0x00001864       0x6b MENU/menu_portsio.o
 .debug_abbrev  0x000018cf       0x87 SPI/spi.o
 .debug_abbrev  0x00001956      0x1e1 UART/UART.o
 .debug_abbrev  0x00001b37      0x17a Utils/ftoa.o
 .debug_abbrev  0x00001cb1       0x14 C:/Program Files (x86)/Atmel/Studio/7.0/Packs/atmel/ATmega_DFP/1.2.150/gcc/dev/atmega64a/avr5\libatmega64a.a(eerd_byte.o)
 .debug_abbrev  0x00001cc5       0x14 C:/Program Files (x86)/Atmel/Studio/7.0/Packs/atmel/ATmega_DFP/1.2.150/gcc/dev/atmega64a/avr5\libatmega64a.a(eeupd_byte.o)

.debug_line     0x00000000     0x3678
 *(.debug_line .debug_line.* .debug_line_end)
 .debug_line    0x00000000      0x169 C:/Program Files (x86)/Atmel/Studio/7.0/Packs/atmel/ATmega_DFP/1.2.150/gcc/dev/atmega64a/avr5/crtatmega64a.o
 .debug_line    0x00000169      0x463 BME280/bme280.o
 .debug_line    0x000005cc       0xf1 DS18B20/crc8.o
 .debug_line    0x000006bd      0x3fd DS18B20/ds18x20.o
 .debug_line    0x00000aba      0x36e DS18B20/onewire.o
 .debug_line    0x00000e28      0x318 I2C/i2c_master.o
 .debug_line    0x00001140      0x6b4 LCD/lcd.o
 .debug_line    0x000017f4      0x7ff main.o
 .debug_line    0x00001ff3      0x33a MENU/menu.o
 .debug_line    0x0000232d      0xb27 MENU/menu_items.o
 .debug_line    0x00002e54       0xb2 MENU/menu_portsio.o
 .debug_line    0x00002f06      0x10c SPI/spi.o
 .debug_line    0x00003012      0x451 UART/UART.o
 .debug_line    0x00003463       0xeb Utils/ftoa.o
 .debug_line    0x0000354e       0x7a C:/Program Files (x86)/Atmel/Studio/7.0/Packs/atmel/ATmega_DFP/1.2.150/gcc/dev/atmega64a/avr5\libatmega64a.a(eerd_byte.o)
 .debug_line    0x000035c8       0xb0 C:/Program Files (x86)/Atmel/Studio/7.0/Packs/atmel/ATmega_DFP/1.2.150/gcc/dev/atmega64a/avr5\libatmega64a.a(eeupd_byte.o)

.debug_frame    0x00000000     0x1064
 *(.debug_frame)
 .debug_frame   0x00000000      0x1f8 BME280/bme280.o
 .debug_frame   0x000001f8       0x24 DS18B20/crc8.o
 .debug_frame   0x0000021c      0x1bc DS18B20/ds18x20.o
 .debug_frame   0x000003d8      0x100 DS18B20/onewire.o
 .debug_frame   0x000004d8      0x15c I2C/i2c_master.o
 .debug_frame   0x00000634      0x1c8 LCD/lcd.o
 .debug_frame   0x000007fc      0x17c main.o
 .debug_frame   0x00000978       0xb8 MENU/menu.o
 .debug_frame   0x00000a30      0x354 MENU/menu_items.o
 .debug_frame   0x00000d84       0x24 MENU/menu_portsio.o
 .debug_frame   0x00000da8       0x44 SPI/spi.o
 .debug_frame   0x00000dec      0x1f4 UART/UART.o
 .debug_frame   0x00000fe0       0x84 Utils/ftoa.o

.debug_str      0x00000000     0x17f7
 *(.debug_str)
 .debug_str     0x00000000      0x27e C:/Program Files (x86)/Atmel/Studio/7.0/Packs/atmel/ATmega_DFP/1.2.150/gcc/dev/atmega64a/avr5/crtatmega64a.o
 .debug_str     0x0000027e      0x5a9 BME280/bme280.o
                                0x5fe (size before relaxing)
 .debug_str     0x00000827       0x5b DS18B20/crc8.o
                                0x1a4 (size before relaxing)
 .debug_str     0x00000882      0x1a6 DS18B20/ds18x20.o
                                0x308 (size before relaxing)
 .debug_str     0x00000a28       0x7a DS18B20/onewire.o
                                0x22e (size before relaxing)
 .debug_str     0x00000aa2       0x6c I2C/i2c_master.o
                                0x1f4 (size before relaxing)
 .debug_str     0x00000b0e      0x14e LCD/lcd.o
                                0x2ae (size before relaxing)
 .debug_str     0x00000c5c      0x399 main.o
                                0x728 (size before relaxing)
 .debug_str     0x00000ff5      0x218 MENU/menu.o
                                0x41c (size before relaxing)
 .debug_str     0x0000120d      0x40c MENU/menu_items.o
                                0x84d (size before relaxing)
 .debug_str     0x00001619       0x33 MENU/menu_portsio.o
                                0x17e (size before relaxing)
 .debug_str     0x0000164c        0xd SPI/spi.o
                                0x16f (size before relaxing)
 .debug_str     0x00001659      0x174 UART/UART.o
                                0x356 (size before relaxing)
 .debug_str     0x000017cd       0x2a Utils/ftoa.o
                                0x1a5 (size before relaxing)

.debug_loc      0x00000000     0x5164
 *(.debug_loc)
 .debug_loc     0x00000000      0x949 BME280/bme280.o
 .debug_loc     0x00000949      0x1c0 DS18B20/crc8.o
 .debug_loc     0x00000b09      0x966 DS18B20/ds18x20.o
 .debug_loc     0x0000146f      0x4cc DS18B20/onewire.o
 .debug_loc     0x0000193b      0x6b8 I2C/i2c_master.o
 .debug_loc     0x00001ff3      0x9aa LCD/lcd.o
 .debug_loc     0x0000299d      0x481 main.o
 .debug_loc     0x00002e1e      0x397 MENU/menu.o
 .debug_loc     0x000031b5     0x144c MENU/menu_items.o
 .debug_loc     0x00004601       0x21 SPI/spi.o
 .debug_loc     0x00004622      0x770 UART/UART.o
 .debug_loc     0x00004d92      0x3d2 Utils/ftoa.o

.debug_macinfo
 *(.debug_macinfo)

.debug_weaknames
 *(.debug_weaknames)

.debug_funcnames
 *(.debug_funcnames)

.debug_typenames
 *(.debug_typenames)

.debug_varnames
 *(.debug_varnames)

.debug_pubtypes
 *(.debug_pubtypes)

.debug_ranges   0x00000000      0x5c0
 *(.debug_ranges)
 .debug_ranges  0x00000000       0x68 BME280/bme280.o
 .debug_ranges  0x00000068       0x10 DS18B20/crc8.o
 .debug_ranges  0x00000078       0x50 DS18B20/ds18x20.o
 .debug_ranges  0x000000c8       0x58 DS18B20/onewire.o
 .debug_ranges  0x00000120       0x88 I2C/i2c_master.o
 .debug_ranges  0x000001a8       0xf0 LCD/lcd.o
 .debug_ranges  0x00000298       0x60 main.o
 .debug_ranges  0x000002f8       0xb0 MENU/menu.o
 .debug_ranges  0x000003a8      0x118 MENU/menu_items.o
 .debug_ranges  0x000004c0       0x10 MENU/menu_portsio.o
 .debug_ranges  0x000004d0       0x20 SPI/spi.o
 .debug_ranges  0x000004f0       0xc0 UART/UART.o
 .debug_ranges  0x000005b0       0x10 Utils/ftoa.o

.debug_macro
 *(.debug_macro)
OUTPUT(futes_vezerlo.elf elf32-avr)
LOAD linker stubs
