Archive member included to satisfy reference by file (symbol)

c:/program files (x86)/atmel/studio/7.0/toolchain/avr8/avr8-gnu-toolchain/bin/../lib/gcc/avr/5.4.0/../../../../avr/lib/avr5\libm.a(addsf3.o)
                              BME280/bme280.o (__subsf3)
c:/program files (x86)/atmel/studio/7.0/toolchain/avr8/avr8-gnu-toolchain/bin/../lib/gcc/avr/5.4.0/../../../../avr/lib/avr5\libm.a(addsf3x.o)
                              c:/program files (x86)/atmel/studio/7.0/toolchain/avr8/avr8-gnu-toolchain/bin/../lib/gcc/avr/5.4.0/../../../../avr/lib/avr5\libm.a(addsf3.o) (__addsf3x)
c:/program files (x86)/atmel/studio/7.0/toolchain/avr8/avr8-gnu-toolchain/bin/../lib/gcc/avr/5.4.0/../../../../avr/lib/avr5\libm.a(cmpsf2.o)
                              main.o (__ltsf2)
c:/program files (x86)/atmel/studio/7.0/toolchain/avr8/avr8-gnu-toolchain/bin/../lib/gcc/avr/5.4.0/../../../../avr/lib/avr5\libm.a(divsf3.o)
                              BME280/bme280.o (__divsf3)
c:/program files (x86)/atmel/studio/7.0/toolchain/avr8/avr8-gnu-toolchain/bin/../lib/gcc/avr/5.4.0/../../../../avr/lib/avr5\libm.a(divsf3x.o)
                              c:/program files (x86)/atmel/studio/7.0/toolchain/avr8/avr8-gnu-toolchain/bin/../lib/gcc/avr/5.4.0/../../../../avr/lib/avr5\libm.a(divsf3.o) (__divsf3x)
c:/program files (x86)/atmel/studio/7.0/toolchain/avr8/avr8-gnu-toolchain/bin/../lib/gcc/avr/5.4.0/../../../../avr/lib/avr5\libm.a(fixsfsi.o)
                              main.o (__fixsfsi)
c:/program files (x86)/atmel/studio/7.0/toolchain/avr8/avr8-gnu-toolchain/bin/../lib/gcc/avr/5.4.0/../../../../avr/lib/avr5\libm.a(fixunssfsi.o)
                              c:/program files (x86)/atmel/studio/7.0/toolchain/avr8/avr8-gnu-toolchain/bin/../lib/gcc/avr/5.4.0/../../../../avr/lib/avr5\libm.a(fixsfsi.o) (__fixunssfsi)
c:/program files (x86)/atmel/studio/7.0/toolchain/avr8/avr8-gnu-toolchain/bin/../lib/gcc/avr/5.4.0/../../../../avr/lib/avr5\libm.a(floatdisf.o)
                              BME280/bme280.o (__floatdisf)
c:/program files (x86)/atmel/studio/7.0/toolchain/avr8/avr8-gnu-toolchain/bin/../lib/gcc/avr/5.4.0/../../../../avr/lib/avr5\libm.a(floatsisf.o)
                              BME280/bme280.o (__floatunsisf)
c:/program files (x86)/atmel/studio/7.0/toolchain/avr8/avr8-gnu-toolchain/bin/../lib/gcc/avr/5.4.0/../../../../avr/lib/avr5\libm.a(floatundisf.o)
                              c:/program files (x86)/atmel/studio/7.0/toolchain/avr8/avr8-gnu-toolchain/bin/../lib/gcc/avr/5.4.0/../../../../avr/lib/avr5\libm.a(floatdisf.o) (__fp_di2sf)
c:/program files (x86)/atmel/studio/7.0/toolchain/avr8/avr8-gnu-toolchain/bin/../lib/gcc/avr/5.4.0/../../../../avr/lib/avr5\libm.a(fp_cmp.o)
                              c:/program files (x86)/atmel/studio/7.0/toolchain/avr8/avr8-gnu-toolchain/bin/../lib/gcc/avr/5.4.0/../../../../avr/lib/avr5\libm.a(cmpsf2.o) (__fp_cmp)
c:/program files (x86)/atmel/studio/7.0/toolchain/avr8/avr8-gnu-toolchain/bin/../lib/gcc/avr/5.4.0/../../../../avr/lib/avr5\libm.a(fp_inf.o)
                              c:/program files (x86)/atmel/studio/7.0/toolchain/avr8/avr8-gnu-toolchain/bin/../lib/gcc/avr/5.4.0/../../../../avr/lib/avr5\libm.a(addsf3x.o) (__fp_inf)
c:/program files (x86)/atmel/studio/7.0/toolchain/avr8/avr8-gnu-toolchain/bin/../lib/gcc/avr/5.4.0/../../../../avr/lib/avr5\libm.a(fp_nan.o)
                              c:/program files (x86)/atmel/studio/7.0/toolchain/avr8/avr8-gnu-toolchain/bin/../lib/gcc/avr/5.4.0/../../../../avr/lib/avr5\libm.a(addsf3x.o) (__fp_nan)
c:/program files (x86)/atmel/studio/7.0/toolchain/avr8/avr8-gnu-toolchain/bin/../lib/gcc/avr/5.4.0/../../../../avr/lib/avr5\libm.a(fp_negdi.o)
                              c:/program files (x86)/atmel/studio/7.0/toolchain/avr8/avr8-gnu-toolchain/bin/../lib/gcc/avr/5.4.0/../../../../avr/lib/avr5\libm.a(floatdisf.o) (__fp_negdi)
c:/program files (x86)/atmel/studio/7.0/toolchain/avr8/avr8-gnu-toolchain/bin/../lib/gcc/avr/5.4.0/../../../../avr/lib/avr5\libm.a(fp_pscA.o)
                              c:/program files (x86)/atmel/studio/7.0/toolchain/avr8/avr8-gnu-toolchain/bin/../lib/gcc/avr/5.4.0/../../../../avr/lib/avr5\libm.a(addsf3x.o) (__fp_pscA)
c:/program files (x86)/atmel/studio/7.0/toolchain/avr8/avr8-gnu-toolchain/bin/../lib/gcc/avr/5.4.0/../../../../avr/lib/avr5\libm.a(fp_pscB.o)
                              c:/program files (x86)/atmel/studio/7.0/toolchain/avr8/avr8-gnu-toolchain/bin/../lib/gcc/avr/5.4.0/../../../../avr/lib/avr5\libm.a(addsf3x.o) (__fp_pscB)
c:/program files (x86)/atmel/studio/7.0/toolchain/avr8/avr8-gnu-toolchain/bin/../lib/gcc/avr/5.4.0/../../../../avr/lib/avr5\libm.a(fp_round.o)
                              c:/program files (x86)/atmel/studio/7.0/toolchain/avr8/avr8-gnu-toolchain/bin/../lib/gcc/avr/5.4.0/../../../../avr/lib/avr5\libm.a(addsf3.o) (__fp_round)
c:/program files (x86)/atmel/studio/7.0/toolchain/avr8/avr8-gnu-toolchain/bin/../lib/gcc/avr/5.4.0/../../../../avr/lib/avr5\libm.a(fp_split3.o)
[...]
Memory Configuration

Name             Origin             Length             Attributes
text             0x00000000         0x00020000         xr
data             0x00800060         0x0000ffa0         rw !x
eeprom           0x00810000         0x00010000         rw !x
fuse             0x00820000         0x00000003         rw !x
lock             0x00830000         0x00000400         rw !x
signature        0x00840000         0x00000400         rw !x
user_signatures  0x00850000         0x00000400         rw !x
*default*        0x00000000         0xffffffff

Linker script and memory map

Address of section .data set to 0x800100
LOAD C:/Program Files (x86)/Atmel/Studio/7.0/Packs/atmel/ATmega_DFP/1.2.209/gcc/dev/atmega64a/avr5/crtatmega64a.o
LOAD BME280/bme280.o
LOAD DS18B20/crc8.o
LOAD DS18B20/delay.o
LOAD DS18B20/ds18x20.o
LOAD DS18B20/onewire.o
LOAD I2C/i2c_master.o
LOAD LCD/lcd.o
LOAD main.o
LOAD MAX31865/max31865.o
LOAD MENU/menu.o
LOAD MENU/menu_items.o
LOAD MENU/menu_portsio.o
LOAD SPI/spi.o
LOAD UART/UART.o
LOAD Utils/ftoa.o
START GROUP
LOAD c:/program files (x86)/atmel/studio/7.0/toolchain/avr8/avr8-gnu-toolchain/bin/../lib/gcc/avr/5.4.0/../../../../avr/lib/avr5\libm.a
END GROUP
START GROUP
LOAD c:/program files (x86)/atmel/studio/7.0/toolchain/avr8/avr8-gnu-toolchain/bin/../lib/gcc/avr/5.4.0/avr5\libgcc.a
LOAD c:/program files (x86)/atmel/studio/7.0/toolchain/avr8/avr8-gnu-toolchain/bin/../lib/gcc/avr/5.4.0/../../../../avr/lib/avr5\libm.a
LOAD c:/program files (x86)/atmel/studio/7.0/toolchain/avr8/avr8-gnu-toolchain/bin/../lib/gcc/avr/5.4.0/../../../../avr/lib/avr5\libc.a
LOAD C:/Program Files (x86)/Atmel/Studio/7.0/Packs/atmel/ATmega_DFP/1.2.209/gcc/dev/atmega64a/avr5\libatmega64a.a
END GROUP
                0x00020000                __TEXT_REGION_LENGTH__ = DEFINED (__TEXT_REGION_LENGTH__)?__TEXT_REGION_LENGTH__:0x20000
                0x0000ffa0                __DATA_REGION_LENGTH__ = DEFINED (__DATA_REGION_LENGTH__)?__DATA_REGION_LENGTH__:0xffa0
                0x00010000                __EEPROM_REGION_LENGTH__ = DEFINED (__EEPROM_REGION_LENGTH__)?__EEPROM_REGION_LENGTH__:0x10000
                [0x00000003]                __FUSE_REGION_LENGTH__ = DEFINED (__FUSE_REGION_LENGTH__)?__FUSE_REGION_LENGTH__:0x400
                0x00000400                __LOCK_REGION_LENGTH__ = DEFINED (__LOCK_REGION_LENGTH__)?__LOCK_REGION_LENGTH__:0x400
                0x00000400                __SIGNATURE_REGION_LENGTH__ = DEFINED (__SIGNATURE_REGION_LENGTH__)?__SIGNATURE_REGION_LENGTH__:0x400
                0x00000400                __USER_SIGNATURE_REGION_LENGTH__ = DEFINED (__USER_SIGNATURE_REGION_LENGTH__)?__USER_SIGNATURE_REGION_LENGTH__:0x400

.hash
 *(.hash)

.dynsym
 *(.dynsym)

.dynstr
 *(.dynstr)

.gnu.version
 *(.gnu.version)

.gnu.version_d
 *(.gnu.version_d)

.gnu.version_r
 *(.gnu.version_r)

.rel.init
 *(.rel.init)

.rela.init
 *(.rela.init)

.rel.text
 *(.rel.text)
 *(.rel.text.*)
 *(.rel.gnu.linkonce.t*)

.rela.text
 *(.rela.text)
 *(.rela.text.*)
 *(.rela.gnu.linkonce.t*)

.rel.fini
 *(.rel.fini)

.rela.fini
 *(.rela.fini)

.rel.rodata
 *(.rel.rodata)
 *(.rel.rodata.*)
 *(.rel.gnu.linkonce.r*)

.rela.rodata
 *(.rela.rodata)
 *(.rela.rodata.*)
 *(.rela.gnu.linkonce.r*)

.rel.data
 *(.rel.data)
 *(.rel.data.*)
 *(.rel.gnu.linkonce.d*)

.rela.data
 *(.rela.data)
 *(.rela.data.*)
 *(.rela.gnu.linkonce.d*)

.rel.ctors
 *(.rel.ctors)

.rela.ctors
 *(.rela.ctors)

.rel.dtors
 *(.rel.dtors)

.rela.dtors
 *(.rela.dtors)

.rel.got
 *(.rel.got)

.rela.got
 *(.rela.got)

.rel.bss
 *(.rel.bss)

.rela.bss
 *(.rela.bss)

.rel.plt
 *(.rel.plt)

.rela.plt
 *(.rela.plt)

.text           0x00000000     0x4f1c
 *(.vectors)
 .vectors       0x00000000       0x8c C:/Program Files (x86)/Atmel/Studio/7.0/Packs/atmel/ATmega_DFP/1.2.209/gcc/dev/atmega64a/avr5/crtatmega64a.o
                0x00000000                __vector_default
                0x00000000                __vectors
 *(.vectors)
 *(.progmem.gcc*)
 .progmem.gcc_sw_table.lcd_putc_hu
                0x0000008c       0x78 LCD/lcd.o
 .progmem.gcc_sw_table.main
                0x00000104       0x3a main.o
 .progmem.gcc_sw_table.ClockDayName_CallbackRender
                0x0000013e        0xe MENU/menu_items.o
                0x0000014c                . = ALIGN (0x2)
                0x0000014c                __trampolines_start = .
 *(.trampolines)
 .trampolines   0x0000014c        0x0 linker stubs
 *(.trampolines*)
                0x0000014c                __trampolines_end = .
 *libprintf_flt.a:*(.progmem.data)
 *libc.a:*(.progmem.data)
 *(.progmem*)
 .progmem.data.__c.2398
                0x0000014c       0x1c BME280/bme280.o
 .progmem.data.magyar_betuk
                0x00000168       0x38 LCD/lcd.o
 .progmem.data.__c.3176
                0x000001a0        0x4 main.o
 .progmem.data.__c.3174
                0x000001a4        0xa main.o
 .progmem.data.__c.3172
                0x000001ae       0x12 main.o
 .progmem.data.__c.3170
                0x000001c0        0x7 main.o
 .progmem.data.__c.3168
                0x000001c7       0x13 main.o
 .progmem.data.__c.3166
                0x000001da        0xf main.o
 .progmem.data.__c.3164
                0x000001e9        0xc main.o
 .progmem.data.__c.3158
                0x000001f5       0x14 main.o
 .progmem.data.__c.3156
                0x00000209       0x14 main.o
 .progmem.data.__c.3141
                0x0000021d        0xb main.o
 .progmem.data.__c.3138
                0x00000228       0x11 main.o
 .progmem.data.__c.3136
                0x00000239       0x12 main.o
 .progmem.data.__c.3127
                0x0000024b       0x41 main.o
 .progmem.data.__c.3125
                0x0000028c       0x1a main.o
 .progmem.data.__c.3123
                0x000002a6       0x18 main.o
 .progmem.data.__c.3121
                0x000002be       0x19 main.o
 .progmem.data.__c.3119
                0x000002d7       0x17 main.o
 .progmem.data.__c.3117
                0x000002ee       0x30 main.o
 .progmem.data.__c.3115
                0x0000031e       0x2e main.o
 .progmem.data.__c.3113
                0x0000034c       0x17 main.o
 .progmem.data.__c.3111
                0x00000363       0x21 main.o
 .progmem.data.__c.3109
                0x00000384       0x1e main.o
 .progmem.data.__c.3102
                0x000003a2        0xb main.o
 .progmem.data.__c.3100
                0x000003ad        0xd main.o
 .progmem.data.__c.3098
                0x000003ba        0xa main.o
 .progmem.data.__c.3096
                0x000003c4        0x2 main.o
 .progmem.data.__c.3094
                0x000003c6        0xc main.o
 .progmem.data.__c.3052
                0x000003d2        0x3 main.o
 .progmem.data.__c.3050
                0x000003d5        0x2 main.o
 .progmem.data.__c.3048
                0x000003d7        0x7 main.o
 .progmem.data.__c.3046
                0x000003de        0x3 main.o
 .progmem.data.__c.3044
                0x000003e1        0x2 main.o
 .progmem.data.__c.3042
                0x000003e3        0x9 main.o
 .progmem.data.__c.3040
                0x000003ec        0x3 main.o
 .progmem.data.__c.3038
                0x000003ef        0x2 main.o
 .progmem.data.__c.3036
                0x000003f1        0x8 main.o
 .progmem.data.__c.3034
                0x000003f9        0x3 main.o
 .progmem.data.__c.3032
                0x000003fc        0x7 main.o
 .progmem.data.__c.3030
                0x00000403        0x3 main.o
 .progmem.data.__c.3028
                0x00000406        0x2 main.o
 .progmem.data.__c.3026
                0x00000408        0x8 main.o
 .progmem.data.__c.3024
                0x00000410        0x3 main.o
 .progmem.data.__c.3022
                0x00000413        0x2 main.o
 .progmem.data.__c.3020
                0x00000415        0x8 main.o
 .progmem.data.__c.3018
                0x0000041d        0x3 main.o
 .progmem.data.__c.3016
                0x00000420        0x2 main.o
 .progmem.data.__c.3014
                0x00000422        0x5 main.o
 .progmem.data.__c.3008
                0x00000427        0x2 main.o
 .progmem.data.__c.3006
                0x00000429        0x3 main.o
 .progmem.data.__c.3004
                0x0000042c        0x2 main.o
 .progmem.data.__c.3002
                0x0000042e        0x3 main.o
 .progmem.data.__c.3000
                0x00000431        0x2 main.o
 .progmem.data.__c.2998
                0x00000433        0x3 main.o
 .progmem.data.__c.2996
                0x00000436        0x2 main.o
 .progmem.data.__c.2994
                0x00000438        0x3 main.o
 .progmem.data.__c.2992
                0x0000043b        0x2 main.o
 .progmem.data.__c.2990
                0x0000043d        0x3 main.o
 .progmem.data.__c.2988
                0x00000440        0x2 main.o
 .progmem.data.__c.2986
                0x00000442        0x3 main.o
 .progmem.data.__c.2984
                0x00000445        0x2 main.o
 .progmem.data.__c.2982
                0x00000447        0x2 main.o
 .progmem.data.__c.2978
                0x00000449        0x4 main.o
 .progmem.data.__c.2976
                0x0000044d       0x12 main.o
 .progmem.data.__c.2972
                0x0000045f        0x4 main.o
 .progmem.data.__c.2970
                0x00000463       0x15 main.o
 .progmem.data.magyar_betuk
                0x00000478       0x38 main.o
 .progmem.data.__c.3083
                0x000004b0       0x12 MENU/menu_items.o
 .progmem.data.__c.3068
                0x000004c2        0xc MENU/menu_items.o
 .progmem.data.__c.3053
                0x000004ce        0xc MENU/menu_items.o
 .progmem.data.__c.3038
                0x000004da        0x9 MENU/menu_items.o
 .progmem.data.__c.3035
                0x000004e3        0x8 MENU/menu_items.o
 .progmem.data.__c.3032
                0x000004eb        0x7 MENU/menu_items.o
 .progmem.data.__c.3029
                0x000004f2        0xa MENU/menu_items.o
 .progmem.data.__c.3026
                0x000004fc        0x7 MENU/menu_items.o
 .progmem.data.__c.3023
                0x00000503        0x5 MENU/menu_items.o
 .progmem.data.__c.3019
                0x00000508        0x6 MENU/menu_items.o
 .progmem.data.__c.3016
                0x0000050e        0x8 MENU/menu_items.o
 .progmem.data.__c.3001
                0x00000516        0x4 MENU/menu_items.o
 .progmem.data.__c.2986
                0x0000051a        0x6 MENU/menu_items.o
 .progmem.data.__c.2971
                0x00000520        0x3 MENU/menu_items.o
 .progmem.data.__c.2956
                0x00000523        0x5 MENU/menu_items.o
 .progmem.data.__c.2941
                0x00000528        0x4 MENU/menu_items.o
 .progmem.data.__c.2926
                0x0000052c       0x14 MENU/menu_items.o
 .progmem.data.__c.2911
                0x00000540        0xb MENU/menu_items.o
 .progmem.data.__c.2896
                0x0000054b       0x12 MENU/menu_items.o
 .progmem.data.__c.2881
                0x0000055d        0xa MENU/menu_items.o
 .progmem.data.__c.2865
                0x00000567       0x12 MENU/menu_items.o
 .progmem.data.__c.2860
                0x00000579        0x3 MENU/menu_items.o
 .progmem.data.__c.2858
                0x0000057c        0x2 MENU/menu_items.o
 .progmem.data.__c.2856
                0x0000057e       0x13 MENU/menu_items.o
 .progmem.data.__c.2841
                0x00000591       0x11 MENU/menu_items.o
 .progmem.data.__c.2836
                0x000005a2        0x3 MENU/menu_items.o
 .progmem.data.__c.2834
                0x000005a5        0x2 MENU/menu_items.o
 .progmem.data.__c.2832
                0x000005a7        0xe MENU/menu_items.o
 .progmem.data.__c.2817
                0x000005b5       0x11 MENU/menu_items.o
 .progmem.data.__c.2812
                0x000005c6        0x3 MENU/menu_items.o
 .progmem.data.__c.2810
                0x000005c9        0x2 MENU/menu_items.o
 .progmem.data.__c.2807
                0x000005cb        0x3 MENU/menu_items.o
 .progmem.data.__c.2805
                0x000005ce        0x2 MENU/menu_items.o
 .progmem.data.__c.2803
                0x000005d0        0xe MENU/menu_items.o
 .progmem.data.__c.2788
                0x000005de       0x13 MENU/menu_items.o
 .progmem.data.__c.2783
                0x000005f1        0x3 MENU/menu_items.o
 .progmem.data.__c.2781
                0x000005f4        0x2 MENU/menu_items.o
 .progmem.data.__c.2778
                0x000005f6        0x3 MENU/menu_items.o
 .progmem.data.__c.2776
                0x000005f9        0x2 MENU/menu_items.o
 .progmem.data.__c.2774
                0x000005fb       0x10 MENU/menu_items.o
 .progmem.data.__c.2759
                0x0000060b       0x12 MENU/menu_items.o
 .progmem.data.__c.2746
                0x0000061d        0x3 MENU/menu_items.o
 .progmem.data.__c.2744
                0x00000620        0x2 MENU/menu_items.o
 .progmem.data.__c.2741
                0x00000622        0x3 MENU/menu_items.o
 .progmem.data.__c.2739
                0x00000625        0x2 MENU/menu_items.o
 .progmem.data.__c.2737
                0x00000627        0xf MENU/menu_items.o
 .progmem.data.__c.2722
                0x00000636        0x3 MENU/menu_items.o
 .progmem.data.__c.2720
                0x00000639        0x3 MENU/menu_items.o
 .progmem.data.__c.2718
                0x0000063c        0xc MENU/menu_items.o
 .progmem.data.__c.2704
                0x00000648        0x3 MENU/menu_items.o
 .progmem.data.__c.2702
                0x0000064b        0x3 MENU/menu_items.o
 .progmem.data.__c.2700
                0x0000064e       0x11 MENU/menu_items.o
 .progmem.data.__c.2686
                0x0000065f        0x4 MENU/menu_items.o
 .progmem.data.__c.2684
                0x00000663        0x7 MENU/menu_items.o
 .progmem.data.__c.2682
                0x0000066a       0x14 MENU/menu_items.o
 .progmem.data.__c.2668
                0x0000067e        0x3 MENU/menu_items.o
 .progmem.data.__c.2666
                0x00000681        0x3 MENU/menu_items.o
 .progmem.data.__c.2664
                0x00000684        0xf MENU/menu_items.o
 .progmem.data.__c.2650
                0x00000693        0x3 MENU/menu_items.o
 .progmem.data.__c.2648
                0x00000696        0x3 MENU/menu_items.o
 .progmem.data.__c.2646
                0x00000699       0x12 MENU/menu_items.o
 .progmem.data.__c.2632
                0x000006ab        0x3 MENU/menu_items.o
 .progmem.data.__c.2630
                0x000006ae        0x3 MENU/menu_items.o
 .progmem.data.__c.2628
                0x000006b1       0x13 MENU/menu_items.o
 .progmem.data.__c.2612
                0x000006c4       0x12 MENU/menu_items.o
 .progmem.data.__c.2598
                0x000006d6       0x12 MENU/menu_items.o
 .progmem.data.__c.2583
                0x000006e8        0xf MENU/menu_items.o
 .progmem.data.__c.2569
                0x000006f7        0x3 MENU/menu_items.o
 .progmem.data.__c.2567
                0x000006fa        0x2 MENU/menu_items.o
 .progmem.data.__c.2564
                0x000006fc        0x3 MENU/menu_items.o
 .progmem.data.__c.2562
                0x000006ff        0x2 MENU/menu_items.o
 .progmem.data.__c.2560
                0x00000701        0xf MENU/menu_items.o
 .progmem.data.__c.2544
                0x00000710       0x12 MENU/menu_items.o
 .progmem.data.__c.2530
                0x00000722        0xe MENU/menu_items.o
 .progmem.data.__c.2516
                0x00000730        0x3 MENU/menu_items.o
 .progmem.data.__c.2514
                0x00000733        0x2 MENU/menu_items.o
 .progmem.data.__c.2511
                0x00000735        0x3 MENU/menu_items.o
 .progmem.data.__c.2509
                0x00000738        0x2 MENU/menu_items.o
 .progmem.data.__c.2507
                0x0000073a        0xf MENU/menu_items.o
 .progmem.data.__c.2490
                0x00000749        0x8 MENU/menu_items.o
 .progmem.data.__c.2475
                0x00000751        0x8 MENU/menu_items.o
 .progmem.data.__c.2460
                0x00000759        0xf MENU/menu_items.o
 .progmem.data.__c.2446
                0x00000768        0xc MENU/menu_items.o
 .progmem.data.__c.2431
                0x00000774        0xf MENU/menu_items.o
 .progmem.data.__c.2417
                0x00000783        0x3 MENU/menu_items.o
 .progmem.data.__c.2415
                0x00000786        0x2 MENU/menu_items.o
 .progmem.data.__c.2412
                0x00000788        0x3 MENU/menu_items.o
 .progmem.data.__c.2410
                0x0000078b        0x2 MENU/menu_items.o
 .progmem.data.__c.2408
                0x0000078d        0xc MENU/menu_items.o
 .progmem.data.__c.2392
                0x00000799        0xe MENU/menu_items.o
 .progmem.data.__c.2379
                0x000007a7        0xc MENU/menu_items.o
 .progmem.data.__c.2366
                0x000007b3        0xb MENU/menu_items.o
                0x000007be                . = ALIGN (0x2)
 *(.jumptables)
 *(.jumptables*)
 *(.lowtext)
 *(.lowtext*)
                0x000007be                __ctors_start = .
 *(.ctors)
                0x000007be                __ctors_end = .
                0x000007be                __dtors_start = .
 *(.dtors)
                0x000007be                __dtors_end = .
 SORT(*)(.ctors)
 SORT(*)(.dtors)
 *(.init0)
 .init0         0x000007be        0x0 C:/Program Files (x86)/Atmel/Studio/7.0/Packs/atmel/ATmega_DFP/1.2.209/gcc/dev/atmega64a/avr5/crtatmega64a.o
                0x000007be                __init
 *(.init0)
 *(.init1)
 *(.init1)
 *(.init2)
 .init2         0x000007be        0xc C:/Program Files (x86)/Atmel/Studio/7.0/Packs/atmel/ATmega_DFP/1.2.209/gcc/dev/atmega64a/avr5/crtatmega64a.o
 *(.init2)
 *(.init3)
 *(.init3)
 *(.init4)
 .init4         0x000007ca       0x16 c:/program files (x86)/atmel/studio/7.0/toolchain/avr8/avr8-gnu-toolchain/bin/../lib/gcc/avr/5.4.0/avr5\libgcc.a(_copy_data.o)
                0x000007ca                __do_copy_data
 .init4         0x000007e0       0x10 c:/program files (x86)/atmel/studio/7.0/toolchain/avr8/avr8-gnu-toolchain/bin/../lib/gcc/avr/5.4.0/avr5\libgcc.a(_clear_bss.o)
                0x000007e0                __do_clear_bss
 *(.init4)
 *(.init5)
 *(.init5)
 *(.init6)
 *(.init6)
 *(.init7)
 *(.init7)
 *(.init8)
 *(.init8)
 *(.init9)
 .init9         0x000007f0        0x8 C:/Program Files (x86)/Atmel/Studio/7.0/Packs/atmel/ATmega_DFP/1.2.209/gcc/dev/atmega64a/avr5/crtatmega64a.o
 *(.init9)
 *(.text)
 .text          0x000007f8        0x4 C:/Program Files (x86)/Atmel/Studio/7.0/Packs/atmel/ATmega_DFP/1.2.209/gcc/dev/atmega64a/avr5/crtatmega64a.o
                0x000007f8                __vector_22
                0x000007f8                __vector_28
                0x000007f8                __vector_1
                0x000007f8                __vector_32
                0x000007f8                __vector_34
                0x000007f8                __vector_24
                0x000007f8                __bad_interrupt
                0x000007f8                __vector_6
                0x000007f8                __vector_3
                0x000007f8                __vector_23
                0x000007f8                __vector_25
                0x000007f8                __vector_11
                0x000007f8                __vector_13
                0x000007f8                __vector_17
                0x000007f8                __vector_7
                0x000007f8                __vector_27
                0x000007f8                __vector_5
                0x000007f8                __vector_33
                0x000007f8                __vector_4
                0x000007f8                __vector_9
                0x000007f8                __vector_2
                0x000007f8                __vector_15
                0x000007f8                __vector_29
                0x000007f8                __vector_8
                0x000007f8                __vector_26
                0x000007f8                __vector_14
                0x000007f8                __vector_10
                0x000007f8                __vector_16
                0x000007f8                __vector_20
                0x000007fc                . = ALIGN (0x2)
 *(.text.*)
 .text.read8    0x000007fc       0x44 BME280/bme280.o
                0x000007fc                read8
 .text.read16   0x00000840       0x50 BME280/bme280.o
                0x00000840                read16
 .text.read16_LE
                0x00000890        0xc BME280/bme280.o
                0x00000890                read16_LE
 .text.read24   0x0000089c       0x82 BME280/bme280.o
                0x0000089c                read24
 .text.bme280_readCoefficients
                0x0000091e      0x104 BME280/bme280.o
                0x0000091e                bme280_readCoefficients
 .text.init_BME280
                0x00000a22       0x48 BME280/bme280.o
                0x00000a22                init_BME280
 .text.bme280_readTemperature
                0x00000a6a      0x12e BME280/bme280.o
                0x00000a6a                bme280_readTemperature
 .text.bme280_readHumidity
                0x00000b98      0x208 BME280/bme280.o
                0x00000b98                bme280_readHumidity
 .text.crc8     0x00000da0       0x38 DS18B20/crc8.o
                0x00000da0                crc8
 .text.DS18X20_meas_to_cel
                0x00000dd8       0x96 DS18B20/ds18x20.o
                0x00000dd8                DS18X20_meas_to_cel
 .text.DS18X20_find_sensor
                0x00000e6e       0x32 DS18B20/ds18x20.o
                0x00000e6e                DS18X20_find_sensor
 .text.DS18X20_start_meas
                0x00000ea0       0x38 DS18B20/ds18x20.o
                0x00000ea0                DS18X20_start_meas
 .text.DS18X20_read_meas
                0x00000ed8       0xba DS18B20/ds18x20.o
                0x00000ed8                DS18X20_read_meas
 .text.ow_input_pin_state
                0x00000f92       0x12 DS18B20/onewire.o
                0x00000f92                ow_input_pin_state
 .text.ow_parasite_enable
                0x00000fa4       0x26 DS18B20/onewire.o
                0x00000fa4                ow_parasite_enable
 .text.ow_reset
                0x00000fca       0x92 DS18B20/onewire.o
                0x00000fca                ow_reset
 .text.ow_set_bus
                0x0000105c       0x2c DS18B20/onewire.o
                0x0000105c                ow_set_bus
 .text.ow_bit_io
                0x00001088       0x80 DS18B20/onewire.o
                0x00001088                ow_bit_io
 .text.ow_byte_wr
                0x00001108       0x22 DS18B20/onewire.o
                0x00001108                ow_byte_wr
 .text.ow_byte_rd
                0x0000112a        0x8 DS18B20/onewire.o
                0x0000112a                ow_byte_rd
 .text.ow_rom_search
                0x00001132       0xb4 DS18B20/onewire.o
                0x00001132                ow_rom_search
 .text.ow_command
                0x000011e6       0x48 DS18B20/onewire.o
                0x000011e6                ow_command
 .text.i2c_init
                0x0000122e        0x8 I2C/i2c_master.o
                0x0000122e                i2c_init
 .text.i2c_start
                0x00001236       0x4a I2C/i2c_master.o
                0x00001236                i2c_start
 .text.i2c_write
                0x00001280       0x24 I2C/i2c_master.o
                0x00001280                i2c_write
 .text.i2c_read_ack
                0x000012a4       0x16 I2C/i2c_master.o
                0x000012a4                i2c_read_ack
 .text.i2c_read_nack
                0x000012ba       0x16 I2C/i2c_master.o
                0x000012ba                i2c_read_nack
 .text.i2c_stop
                0x000012d0        0x8 I2C/i2c_master.o
                0x000012d0                i2c_stop
 .text.toggle_e
                0x000012d8        0xa LCD/lcd.o
 .text.lcd_write
                0x000012e2       0x5e LCD/lcd.o
 .text.lcd_read
                0x00001340       0x50 LCD/lcd.o
 .text.lcd_waitbusy
                0x00001390       0x1a LCD/lcd.o
 .text.lcd_command
                0x000013aa       0x14 LCD/lcd.o
                0x000013aa                lcd_command
 .text.lcd_data
                0x000013be       0x14 LCD/lcd.o
                0x000013be                lcd_data
 .text.lcd_gotoxy
                0x000013d2       0x2c LCD/lcd.o
                0x000013d2                lcd_gotoxy
 .text.lcd_clrscr
                0x000013fe        0x8 LCD/lcd.o
                0x000013fe                lcd_clrscr
 .text.lcd_putc
                0x00001406       0x40 LCD/lcd.o
                0x00001406                lcd_putc
 .text.lcd_puts_p
                0x00001446       0x24 LCD/lcd.o
                0x00001446                lcd_puts_p
 .text.lcd_init
                0x0000146a       0x74 LCD/lcd.o
                0x0000146a                lcd_init
 .text.lcd_defc
                0x000014de       0x30 LCD/lcd.o
                0x000014de                lcd_defc
 .text.lcd_putbit
                0x0000150e       0x22 LCD/lcd.o
                0x0000150e                lcd_putbit
 .text.lcd_putc_hu
                0x00001530       0x40 LCD/lcd.o
                0x00001530                lcd_putc_hu
 .text.lcd_puts
                0x00001570       0x20 LCD/lcd.o
                0x00001570                lcd_puts
 .text.lcd_puti
                0x00001590       0x44 LCD/lcd.o
                0x00001590                lcd_puti
 .text.lcd_puts_hu
                0x000015d4       0x24 LCD/lcd.o
                0x000015d4                lcd_puts_hu
 .text.__vector_21
                0x000015f8       0x3e main.o
                0x000015f8                __vector_21
 .text.__vector_12
                0x00001636       0x26 main.o
                0x00001636                __vector_12
 .text.SensorRead
                0x0000165c      0x6ec main.o
                0x0000165c                SensorRead
 .text.search_sensors
                0x00001d48       0xca main.o
                0x00001d48                search_sensors
 .text.SwitchRelays
                0x00001e12       0x14 main.o
                0x00001e12                SwitchRelays
 .text.CheckConditions
                0x00001e26      0x314 main.o
                0x00001e26                CheckConditions
 .text.read_from_eeprom
                0x0000213a      0x10e main.o
                0x0000213a                read_from_eeprom
 .text.main     0x00002248      0x462 main.o
                0x00002248                main
 .text.renderMenu
                0x000026aa       0xd6 MENU/menu.o
 .text.menuReset
                0x00002780       0x1e MENU/menu.o
                0x00002780                menuReset
 .text.menuInit
                0x0000279e        0xa MENU/menu.o
                0x0000279e                menuInit
 .text.menuPollButtons
                0x000027a8      0x2f6 MENU/menu.o
                0x000027a8                menuPollButtons
 .text.BME280Temp_Callback
                0x00002a9e       0x10 MENU/menu_items.o
                0x00002a9e                BME280Temp_Callback
 .text.BME280Humidity_Callback
                0x00002aae       0x10 MENU/menu_items.o
                0x00002aae                BME280Humidity_Callback
 .text.DHWTempActual_Callback
                0x00002abe       0x10 MENU/menu_items.o
                0x00002abe                DHWTempActual_Callback
 .text.BufferTempActual_Callback
                0x00002ace       0x10 MENU/menu_items.o
                0x00002ace                BufferTempActual_Callback
 .text.EngineeringTempActual_Callback
                0x00002ade       0x10 MENU/menu_items.o
                0x00002ade                EngineeringTempActual_Callback
 .text.Universal_Callback
                0x00002aee       0x10 MENU/menu_items.o
                0x00002aee                Universal_Callback
 .text.ClockDayName_CallbackRender
                0x00002afe       0x74 MENU/menu_items.o
                0x00002afe                ClockDayName_CallbackRender
 .text.ClockDayName_ActionCallback
                0x00002b72       0x4a MENU/menu_items.o
                0x00002b72                ClockDayName_ActionCallback
 .text.BME280Temp_CallbackRender
                0x00002bbc       0x1e MENU/menu_items.o
                0x00002bbc                BME280Temp_CallbackRender
 .text.BME280Humidity_CallbackRender
                0x00002bda       0x1e MENU/menu_items.o
                0x00002bda                BME280Humidity_CallbackRender
 .text.SwitchOnOutdoorTempMin_CallbackRender
                0x00002bf8       0x4e MENU/menu_items.o
                0x00002bf8                SwitchOnOutdoorTempMin_CallbackRender
 .text.DHWTempDesired_CallbackRender
                0x00002c46       0x48 MENU/menu_items.o
                0x00002c46                DHWTempDesired_CallbackRender
 .text.DHWTempMin_CallbackRender
                0x00002c8e       0x48 MENU/menu_items.o
                0x00002c8e                DHWTempMin_CallbackRender
 .text.DHWSensor_CallbackRender
                0x00002cd6       0x48 MENU/menu_items.o
                0x00002cd6                DHWSensor_CallbackRender
 .text.DHWMinTime_CallbackRender
                0x00002d1e       0x4e MENU/menu_items.o
                0x00002d1e                DHWMinTime_CallbackRender
 .text.DHWMaxTime_CallbackRender
                0x00002d6c       0x4e MENU/menu_items.o
                0x00002d6c                DHWMaxTime_CallbackRender
 .text.ForwardHeatTemp_CallbackRender
                0x00002dba       0x48 MENU/menu_items.o
                0x00002dba                ForwardHeatTemp_CallbackRender
 .text.BufferSensor_CallbackRender
                0x00002e02       0x48 MENU/menu_items.o
                0x00002e02                BufferSensor_CallbackRender
 .text.EngineeringTempMin_CallbackRender
                0x00002e4a       0x48 MENU/menu_items.o
                0x00002e4a                EngineeringTempMin_CallbackRender
 .text.EngineeringTempDesired_CallbackRender
                0x00002e92       0x54 MENU/menu_items.o
                0x00002e92                EngineeringTempDesired_CallbackRender
 .text.EngineeringSensor_CallbackRender
                0x00002ee6       0x48 MENU/menu_items.o
                0x00002ee6                EngineeringSensor_CallbackRender
 .text.GarageSensor_CallbackRender
                0x00002f2e       0x48 MENU/menu_items.o
                0x00002f2e                GarageSensor_CallbackRender
 .text.LivingRoomSensor_CallbackRender
                0x00002f76       0x48 MENU/menu_items.o
                0x00002f76                LivingRoomSensor_CallbackRender
 .text.FloorSensor_CallbackRender
                0x00002fbe       0x48 MENU/menu_items.o
                0x00002fbe                FloorSensor_CallbackRender
 .text.ForwardSensor_CallbackRender
                0x00003006       0x48 MENU/menu_items.o
                0x00003006                ForwardSensor_CallbackRender
 .text.ReturnSensor_CallbackRender
                0x0000304e       0x48 MENU/menu_items.o
                0x0000304e                ReturnSensor_CallbackRender
 .text.DebugMode_CallbackRender
                0x00003096       0x48 MENU/menu_items.o
                0x00003096                DebugMode_CallbackRender
 .text.MenuTimer_CallbackRender
                0x000030de       0x40 MENU/menu_items.o
                0x000030de                MenuTimer_CallbackRender
 .text.LCDBackLight_CallbackRender
                0x0000311e       0x48 MENU/menu_items.o
                0x0000311e                LCDBackLight_CallbackRender
 .text.PumpPlusTime_CallbackRender
                0x00003166       0x4a MENU/menu_items.o
                0x00003166                PumpPlusTime_CallbackRender
 .text.ClockHour_CallbackRender
                0x000031b0       0x46 MENU/menu_items.o
                0x000031b0                ClockHour_CallbackRender
 .text.ClockHour_ActionCallback
                0x000031f6       0x56 MENU/menu_items.o
                0x000031f6                ClockHour_ActionCallback
 .text.ClockYear_CallbackRender
                0x0000324c       0x4e MENU/menu_items.o
                0x0000324c                ClockYear_CallbackRender
 .text.ClockYear_ActionCallback
                0x0000329a       0x44 MENU/menu_items.o
                0x0000329a                ClockYear_ActionCallback
 .text.ClockMonth_CallbackRender
                0x000032de       0x46 MENU/menu_items.o
                0x000032de                ClockMonth_CallbackRender
 .text.ClockMonth_ActionCallback
                0x00003324       0x4a MENU/menu_items.o
                0x00003324                ClockMonth_ActionCallback
 .text.ClockDay_CallbackRender
                0x0000336e       0x46 MENU/menu_items.o
                0x0000336e                ClockDay_CallbackRender
 .text.ClockDay_ActionCallback
                0x000033b4       0x4a MENU/menu_items.o
                0x000033b4                ClockDay_ActionCallback
 .text.ComfortMode_CallbackRender
                0x000033fe       0x42 MENU/menu_items.o
                0x000033fe                ComfortMode_CallbackRender
 .text.ComfortTemp_CallbackRender
                0x00003440       0x48 MENU/menu_items.o
                0x00003440                ComfortTemp_CallbackRender
 .text.ComfortForwardTemp_CallbackRender
                0x00003488       0x48 MENU/menu_items.o
                0x00003488                ComfortForwardTemp_CallbackRender
 .text.SwitchOnOutdoorTempMin_ActionCallback
                0x000034d0       0x8a MENU/menu_items.o
                0x000034d0                SwitchOnOutdoorTempMin_ActionCallback
 .text.DHWMinTime_ActionCallback
                0x0000355a       0x86 MENU/menu_items.o
                0x0000355a                DHWMinTime_ActionCallback
 .text.DHWMaxTime_ActionCallback
                0x000035e0       0x86 MENU/menu_items.o
                0x000035e0                DHWMaxTime_ActionCallback
 .text.PumpPlusTime_ActionCallback
                0x00003666       0x5e MENU/menu_items.o
                0x00003666                PumpPlusTime_ActionCallback
 .text.DHWTempActual_CallbackRender
                0x000036c4       0xa6 MENU/menu_items.o
                0x000036c4                DHWTempActual_CallbackRender
 .text.BufferTempActual_CallbackRender
                0x0000376a       0xa6 MENU/menu_items.o
                0x0000376a                BufferTempActual_CallbackRender
 .text.EngineeringTempActual_CallbackRender
                0x00003810       0xa6 MENU/menu_items.o
                0x00003810                EngineeringTempActual_CallbackRender
 .text.DHWRelay_CallbackRender
                0x000038b6       0x30 MENU/menu_items.o
                0x000038b6                DHWRelay_CallbackRender
 .text.ZoneValve1_CallbackRender
                0x000038e6       0x30 MENU/menu_items.o
                0x000038e6                ZoneValve1_CallbackRender
 .text.ZoneValve2_CallbackRender
                0x00003916       0x30 MENU/menu_items.o
                0x00003916                ZoneValve2_CallbackRender
 .text.BufferValve_CallbackRender
                0x00003946       0x30 MENU/menu_items.o
                0x00003946                BufferValve_CallbackRender
 .text.BufferPump_CallbackRender
                0x00003976       0x30 MENU/menu_items.o
                0x00003976                BufferPump_CallbackRender
 .text.GasRelay_CallbackRender
                0x000039a6       0x30 MENU/menu_items.o
                0x000039a6                GasRelay_CallbackRender
 .text.GarageTemp_CallbackRender
                0x000039d6       0xa6 MENU/menu_items.o
                0x000039d6                GarageTemp_CallbackRender
 .text.LivingRoomTemp_CallbackRender
                0x00003a7c       0xa6 MENU/menu_items.o
                0x00003a7c                LivingRoomTemp_CallbackRender
 .text.FloorTemp_CallbackRender
                0x00003b22       0xa6 MENU/menu_items.o
                0x00003b22                FloorTemp_CallbackRender
 .text.ForwardTemp_CallbackRender
                0x00003bc8       0x36 MENU/menu_items.o
                0x00003bc8                ForwardTemp_CallbackRender
 .text.ReturnTemp_CallbackRender
                0x00003bfe       0x36 MENU/menu_items.o
                0x00003bfe                ReturnTemp_CallbackRender
 .text.ClockMinute_CallbackRender
                0x00003c34       0x46 MENU/menu_items.o
                0x00003c34                ClockMinute_CallbackRender
 .text.ClockMinute_ActionCallback
                0x00003c7a       0x56 MENU/menu_items.o
                0x00003c7a                ClockMinute_ActionCallback
 .text.DHWTempDesired_ActionCallback
                0x00003cd0       0x56 MENU/menu_items.o
                0x00003cd0                DHWTempDesired_ActionCallback
 .text.DHWTempMin_ActionCallback
                0x00003d26       0x56 MENU/menu_items.o
                0x00003d26                DHWTempMin_ActionCallback
 .text.DHWSensor_ActionCallback
                0x00003d7c       0x64 MENU/menu_items.o
                0x00003d7c                DHWSensor_ActionCallback
 .text.ForwardHeatTemp_ActionCallback
                0x00003de0       0x52 MENU/menu_items.o
                0x00003de0                ForwardHeatTemp_ActionCallback
 .text.BufferSensor_ActionCallback
                0x00003e32       0x64 MENU/menu_items.o
                0x00003e32                BufferSensor_ActionCallback
 .text.EngineeringTempMin_ActionCallback
                0x00003e96       0x56 MENU/menu_items.o
                0x00003e96                EngineeringTempMin_ActionCallback
 .text.EngineeringTempDesired_ActionCallback
                0x00003eec       0x56 MENU/menu_items.o
                0x00003eec                EngineeringTempDesired_ActionCallback
 .text.EngineeringSensor_ActionCallback
                0x00003f42       0x64 MENU/menu_items.o
                0x00003f42                EngineeringSensor_ActionCallback
 .text.GarageSensor_ActionCallback
                0x00003fa6       0x64 MENU/menu_items.o
                0x00003fa6                GarageSensor_ActionCallback
 .text.LivingRoomSensor_ActionCallback
                0x0000400a       0x64 MENU/menu_items.o
                0x0000400a                LivingRoomSensor_ActionCallback
 .text.FloorSensor_ActionCallback
                0x0000406e       0x64 MENU/menu_items.o
                0x0000406e                FloorSensor_ActionCallback
 .text.ForwardSensor_ActionCallback
                0x000040d2       0x64 MENU/menu_items.o
                0x000040d2                ForwardSensor_ActionCallback
 .text.ReturnSensor_ActionCallback
                0x00004136       0x64 MENU/menu_items.o
                0x00004136                ReturnSensor_ActionCallback
 .text.DebugMode_ActionCallback
                0x0000419a       0x4a MENU/menu_items.o
                0x0000419a                DebugMode_ActionCallback
 .text.MenuTimer_ActionCallback
                0x000041e4       0x4a MENU/menu_items.o
                0x000041e4                MenuTimer_ActionCallback
 .text.LCDBackLight_ActionCallback
                0x0000422e       0x5c MENU/menu_items.o
                0x0000422e                LCDBackLight_ActionCallback
 .text.ComfortMode_ActionCallback
                0x0000428a       0x5e MENU/menu_items.o
                0x0000428a                ComfortMode_ActionCallback
 .text.ComfortTemp_ActionCallback
                0x000042e8       0x60 MENU/menu_items.o
                0x000042e8                ComfortTemp_ActionCallback
 .text.ComfortForwardTemp_ActionCallback
                0x00004348       0x64 MENU/menu_items.o
                0x00004348                ComfortForwardTemp_ActionCallback
 .text.DHWRelay_ActionCallback
                0x000043ac       0x3c MENU/menu_items.o
                0x000043ac                DHWRelay_ActionCallback
 .text.ZoneValve1_ActionCallback
                0x000043e8       0x32 MENU/menu_items.o
                0x000043e8                ZoneValve1_ActionCallback
 .text.ZoneValve2_ActionCallback
                0x0000441a       0x32 MENU/menu_items.o
                0x0000441a                ZoneValve2_ActionCallback
 .text.BufferValve_ActionCallback
                0x0000444c       0x32 MENU/menu_items.o
                0x0000444c                BufferValve_ActionCallback
 .text.BufferPump_ActionCallback
                0x0000447e       0x32 MENU/menu_items.o
                0x0000447e                BufferPump_ActionCallback
 .text.GasRelay_ActionCallback
                0x000044b0       0x30 MENU/menu_items.o
                0x000044b0                GasRelay_ActionCallback
 .text.menuItemsGetHomeMenu
                0x000044e0        0x6 MENU/menu_items.o
                0x000044e0                menuItemsGetHomeMenu
 .text.menuItemsGetHomeMenuSize
                0x000044e6        0x4 MENU/menu_items.o
                0x000044e6                menuItemsGetHomeMenuSize
 .text.menuPortsioInit
                0x000044ea        0xe MENU/menu_portsio.o
                0x000044ea                menuPortsioInit
 .text.SPIInit  0x000044f8       0x1e SPI/spi.o
                0x000044f8                SPIInit
 .text.SPIClose
                0x00004516        0xa SPI/spi.o
                0x00004516                SPIClose
 .text.SPIWrite
                0x00004520       0x2c SPI/spi.o
                0x00004520                SPIWrite
 .text.__vector_18
                0x0000454c       0x58 UART/UART.o
                0x0000454c                __vector_18
 .text.__vector_19
                0x000045a4       0x4a UART/UART.o
                0x000045a4                __vector_19
 .text.uart_init
                0x000045ee       0x2c UART/UART.o
                0x000045ee                uart_init
 .text.uart_getc
                0x0000461a       0x3c UART/UART.o
                0x0000461a                uart_getc
 .text.uart_putc
                0x00004656       0x22 UART/UART.o
                0x00004656                uart_putc
 .text.uart_puts
                0x00004678       0x1e UART/UART.o
                0x00004678                uart_puts
 .text.uart_puts_p
                0x00004696       0x24 UART/UART.o
                0x00004696                uart_puts_p
 .text.__vector_30
                0x000046ba       0x5c UART/UART.o
                0x000046ba                __vector_30
 .text.__vector_31
                0x00004716       0x54 UART/UART.o
                0x00004716                __vector_31
 .text.uart_puti
                0x0000476a       0x36 UART/UART.o
                0x0000476a                uart_puti
 .text.ftoa     0x000047a0      0x112 Utils/ftoa.o
                0x000047a0                ftoa
 .text.avr-libc.fplib
                0x000048b2        0xe c:/program files (x86)/atmel/studio/7.0/toolchain/avr8/avr8-gnu-toolchain/bin/../lib/gcc/avr/5.4.0/../../../../avr/lib/avr5\libm.a(addsf3.o)
                0x000048b2                __subsf3
                0x000048b4                __addsf3
 .text.avr-libc.fplib
                0x000048c0       0xcc c:/program files (x86)/atmel/studio/7.0/toolchain/avr8/avr8-gnu-toolchain/bin/../lib/gcc/avr/5.4.0/../../../../avr/lib/avr5\libm.a(addsf3x.o)
                0x000048e2                __addsf3x
 .text.avr-libc.fplib
                0x0000498c        0xa c:/program files (x86)/atmel/studio/7.0/toolchain/avr8/avr8-gnu-toolchain/bin/../lib/gcc/avr/5.4.0/../../../../avr/lib/avr5\libm.a(cmpsf2.o)
                0x0000498c                __nesf2
                0x0000498c                __eqsf2
                0x0000498c                __cmpsf2
                0x0000498c                __ltsf2
                0x0000498c                __lesf2
 .text.avr-libc.fplib
                0x00004996        0x8 c:/program files (x86)/atmel/studio/7.0/toolchain/avr8/avr8-gnu-toolchain/bin/../lib/gcc/avr/5.4.0/../../../../avr/lib/avr5\libm.a(divsf3.o)
                0x00004996                __divsf3
 .text.avr-libc.fplib
                0x0000499e       0xdc c:/program files (x86)/atmel/studio/7.0/toolchain/avr8/avr8-gnu-toolchain/bin/../lib/gcc/avr/5.4.0/../../../../avr/lib/avr5\libm.a(divsf3x.o)
                0x000049be                __divsf3x
                0x000049c4                __divsf3_pse
 .text.avr-libc.fplib
                0x00004a7a        0xe c:/program files (x86)/atmel/studio/7.0/toolchain/avr8/avr8-gnu-toolchain/bin/../lib/gcc/avr/5.4.0/../../../../avr/lib/avr5\libm.a(fixsfsi.o)
                0x00004a7a                __fixsfsi
 .text.avr-libc.fplib
                0x00004a88       0x5e c:/program files (x86)/atmel/studio/7.0/toolchain/avr8/avr8-gnu-toolchain/bin/../lib/gcc/avr/5.4.0/../../../../avr/lib/avr5\libm.a(fixunssfsi.o)
                0x00004a88                __fixunssfsi
 .text.avr-libc.fplib
                0x00004ae6       0x7a c:/program files (x86)/atmel/studio/7.0/toolchain/avr8/avr8-gnu-toolchain/bin/../lib/gcc/avr/5.4.0/../../../../avr/lib/avr5\libm.a(floatsisf.o)
                0x00004ae6                __floatunsisf
                0x00004aea                __floatsisf
 .text.avr-libc.fplib
                0x00004b60       0x48 c:/program files (x86)/atmel/studio/7.0/toolchain/avr8/avr8-gnu-toolchain/bin/../lib/gcc/avr/5.4.0/../../../../avr/lib/avr5\libm.a(fp_cmp.o)
                0x00004b60                __fp_cmp
 .text.avr-libc.fplib
                0x00004ba8        0xc c:/program files (x86)/atmel/studio/7.0/toolchain/avr8/avr8-gnu-toolchain/bin/../lib/gcc/avr/5.4.0/../../../../avr/lib/avr5\libm.a(fp_inf.o)
                0x00004ba8                __fp_inf
 .text.avr-libc.fplib
                0x00004bb4        0x6 c:/program files (x86)/atmel/studio/7.0/toolchain/avr8/avr8-gnu-toolchain/bin/../lib/gcc/avr/5.4.0/../../../../avr/lib/avr5\libm.a(fp_nan.o)
                0x00004bb4                __fp_nan
 .text.avr-libc.fplib
                0x00004bba        0xe c:/program files (x86)/atmel/studio/7.0/toolchain/avr8/avr8-gnu-toolchain/bin/../lib/gcc/avr/5.4.0/../../../../avr/lib/avr5\libm.a(fp_pscA.o)
                0x00004bba                __fp_pscA
 .text.avr-libc.fplib
                0x00004bc8        0xe c:/program files (x86)/atmel/studio/7.0/toolchain/avr8/avr8-gnu-toolchain/bin/../lib/gcc/avr/5.4.0/../../../../avr/lib/avr5\libm.a(fp_pscB.o)
                0x00004bc8                __fp_pscB
 .text.avr-libc.fplib
                0x00004bd6       0x22 c:/program files (x86)/atmel/studio/7.0/toolchain/avr8/avr8-gnu-toolchain/bin/../lib/gcc/avr/5.4.0/../../../../avr/lib/avr5\libm.a(fp_round.o)
                0x00004bd6                __fp_round
 .text.avr-libc.fplib
                0x00004bf8       0x44 c:/program files (x86)/atmel/studio/7.0/toolchain/avr8/avr8-gnu-toolchain/bin/../lib/gcc/avr/5.4.0/../../../../avr/lib/avr5\libm.a(fp_split3.o)
                0x00004bf8                __fp_split3
                0x00004c08                __fp_splitA
 .text.avr-libc.fplib
                0x00004c3c        0xe c:/program files (x86)/atmel/studio/7.0/toolchain/avr8/avr8-gnu-toolchain/bin/../lib/gcc/avr/5.4.0/../../../../avr/lib/avr5\libm.a(fp_zero.o)
                0x00004c3c                __fp_zero
                0x00004c3e                __fp_szero
 .text.avr-libc.fplib
                0x00004c4a        0xa c:/program files (x86)/atmel/studio/7.0/toolchain/avr8/avr8-gnu-toolchain/bin/../lib/gcc/avr/5.4.0/../../../../avr/lib/avr5\libm.a(gesf2.o)
                0x00004c4a                __gesf2
                0x00004c4a                __gtsf2
 .text.avr-libc.fplib
                0x00004c54        0x8 c:/program files (x86)/atmel/studio/7.0/toolchain/avr8/avr8-gnu-toolchain/bin/../lib/gcc/avr/5.4.0/../../../../avr/lib/avr5\libm.a(mulsf3.o)
                0x00004c54                __mulsf3
 .text.avr-libc.fplib
                0x00004c5c       0xd2 c:/program files (x86)/atmel/studio/7.0/toolchain/avr8/avr8-gnu-toolchain/bin/../lib/gcc/avr/5.4.0/../../../../avr/lib/avr5\libm.a(mulsf3x.o)
                0x00004c7a                __mulsf3x
                0x00004c80                __mulsf3_pse
 .text.libgcc.mul
                0x00004d2e       0x20 c:/program files (x86)/atmel/studio/7.0/toolchain/avr8/avr8-gnu-toolchain/bin/../lib/gcc/avr/5.4.0/avr5\libgcc.a(_mulsi3.o)
                0x00004d2e                __mulsi3
 .text.libgcc   0x00004d4e        0xc c:/program files (x86)/atmel/studio/7.0/toolchain/avr8/avr8-gnu-toolchain/bin/../lib/gcc/avr/5.4.0/avr5\libgcc.a(_tablejump2.o)
                0x00004d4e                __tablejump2__
 .text.libgcc.mul
                0x00004d5a       0x16 c:/program files (x86)/atmel/studio/7.0/toolchain/avr8/avr8-gnu-toolchain/bin/../lib/gcc/avr/5.4.0/avr5\libgcc.a(_muluhisi3.o)
                0x00004d5a                __muluhisi3
 .text.libgcc.mul
                0x00004d70       0x10 c:/program files (x86)/atmel/studio/7.0/toolchain/avr8/avr8-gnu-toolchain/bin/../lib/gcc/avr/5.4.0/avr5\libgcc.a(_mulshisi3.o)
                0x00004d70                __mulshisi3
                0x00004d76                __mulohisi3
 .text.libgcc.mul
                0x00004d80       0x1e c:/program files (x86)/atmel/studio/7.0/toolchain/avr8/avr8-gnu-toolchain/bin/../lib/gcc/avr/5.4.0/avr5\libgcc.a(_umulhisi3.o)
                0x00004d80                __umulhisi3
 .text.avr-libc
                0x00004d9e       0x3c c:/program files (x86)/atmel/studio/7.0/toolchain/avr8/avr8-gnu-toolchain/bin/../lib/gcc/avr/5.4.0/../../../../avr/lib/avr5\libc.a(atoi.o)
                0x00004d9e                atoi
 .text.avr-libc
                0x00004dda        0xe c:/program files (x86)/atmel/studio/7.0/toolchain/avr8/avr8-gnu-toolchain/bin/../lib/gcc/avr/5.4.0/../../../../avr/lib/avr5\libc.a(strcpy_P.o)
                0x00004dda                strcpy_P
 .text.avr-libc
                0x00004de8       0x16 c:/program files (x86)/atmel/studio/7.0/toolchain/avr8/avr8-gnu-toolchain/bin/../lib/gcc/avr/5.4.0/../../../../avr/lib/avr5\libc.a(strchr.o)
                0x00004de8                strchr
 .text.avr-libc
                0x00004dfe        0xe c:/program files (x86)/atmel/studio/7.0/toolchain/avr8/avr8-gnu-toolchain/bin/../lib/gcc/avr/5.4.0/../../../../avr/lib/avr5\libc.a(strcpy.o)
                0x00004dfe                strcpy
 .text.avr-libc
                0x00004e0c       0x28 c:/program files (x86)/atmel/studio/7.0/toolchain/avr8/avr8-gnu-toolchain/bin/../lib/gcc/avr/5.4.0/../../../../avr/lib/avr5\libc.a(strlcpy.o)
                0x00004e0c                strlcpy
 .text.avr-libc
                0x00004e34       0x16 c:/program files (x86)/atmel/studio/7.0/toolchain/avr8/avr8-gnu-toolchain/bin/../lib/gcc/avr/5.4.0/../../../../avr/lib/avr5\libc.a(itoa_ncheck.o)
                0x00004e34                __itoa_ncheck
 .text.avr-libc
                0x00004e4a       0x10 c:/program files (x86)/atmel/studio/7.0/toolchain/avr8/avr8-gnu-toolchain/bin/../lib/gcc/avr/5.4.0/../../../../avr/lib/avr5\libc.a(mul10.o)
                0x00004e4a                __mulhi_const_10
 .text.avr-libc
                0x00004e5a       0x34 c:/program files (x86)/atmel/studio/7.0/toolchain/avr8/avr8-gnu-toolchain/bin/../lib/gcc/avr/5.4.0/../../../../avr/lib/avr5\libc.a(utoa_ncheck.o)
                0x00004e5a                __utoa_ncheck
                0x00004e5c                __utoa_common
 .text.avr-libc
                0x00004e8e       0x20 c:/program files (x86)/atmel/studio/7.0/toolchain/avr8/avr8-gnu-toolchain/bin/../lib/gcc/avr/5.4.0/../../../../avr/lib/avr5\libc.a(strrev.o)
                0x00004e8e                strrev
 .text.avr-libc
                0x00004eae       0x10 C:/Program Files (x86)/Atmel/Studio/7.0/Packs/atmel/ATmega_DFP/1.2.209/gcc/dev/atmega64a/avr5\libatmega64a.a(eerd_byte.o)
                0x00004eae                eeprom_read_byte
 .text.avr-libc
                0x00004ebe        0xc C:/Program Files (x86)/Atmel/Studio/7.0/Packs/atmel/ATmega_DFP/1.2.209/gcc/dev/atmega64a/avr5\libatmega64a.a(eerd_word.o)
                0x00004ebe                eeprom_read_word
 .text.avr-libc
                0x00004eca       0x22 C:/Program Files (x86)/Atmel/Studio/7.0/Packs/atmel/ATmega_DFP/1.2.209/gcc/dev/atmega64a/avr5\libatmega64a.a(eeupd_byte.o)
                0x00004eca                eeprom_update_byte
                0x00004ecc                eeprom_update_r18
 .text.avr-libc
                0x00004eec        0xc C:/Program Files (x86)/Atmel/Studio/7.0/Packs/atmel/ATmega_DFP/1.2.209/gcc/dev/atmega64a/avr5\libatmega64a.a(eeupd_word.o)
                0x00004eec                eeprom_update_word
 .text.avr-libc
                0x00004ef8       0x20 C:/Program Files (x86)/Atmel/Studio/7.0/Packs/atmel/ATmega_DFP/1.2.209/gcc/dev/atmega64a/avr5\libatmega64a.a(eerd_block.o)
                0x00004ef8                eeprom_read_block
                0x00004efc                eeprom_read_blraw
                0x00004f18                . = ALIGN (0x2)
 *(.fini9)
 .fini9         0x00004f18        0x0 c:/program files (x86)/atmel/studio/7.0/toolchain/avr8/avr8-gnu-toolchain/bin/../lib/gcc/avr/5.4.0/avr5\libgcc.a(_exit.o)
                0x00004f18                _exit
                0x00004f18                exit
 *(.fini9)
 *(.fini8)
 *(.fini8)
 *(.fini7)
 *(.fini7)
 *(.fini6)
 *(.fini6)
 *(.fini5)
 *(.fini5)
 *(.fini4)
 *(.fini4)
 *(.fini3)
 *(.fini3)
 *(.fini2)
 *(.fini2)
 *(.fini1)
 *(.fini1)
 *(.fini0)
 .fini0         0x00004f18        0x4 c:/program files (x86)/atmel/studio/7.0/toolchain/avr8/avr8-gnu-toolchain/bin/../lib/gcc/avr/5.4.0/avr5\libgcc.a(_exit.o)
 *(.fini0)
                0x00004f1c                _etext = .

.data           0x00800100      0x4fe load address 0x00004f1c
                0x00800100                PROVIDE (__data_start, .)
 *(.data)
 *(.data*)
 .data.display.2967
                0x00800100        0x1 main.o
 .data.Day      0x00800101        0x1 main.o
                0x00800101                Day
 .data.Month    0x00800102        0x1 main.o
                0x00800102                Month
 .data.Year     0x00800103        0x2 main.o
                0x00800103                Year
 .data.ReturnTempSensorID
                0x00800105        0x1 main.o
                0x00800105                ReturnTempSensorID
 .data.ForwardTempSensorID
                0x00800106        0x1 main.o
                0x00800106                ForwardTempSensorID
 .data.FloorSensorID
                0x00800107        0x1 main.o
                0x00800107                FloorSensorID
 .data.LivingRoomSensorID
                0x00800108        0x1 main.o
                0x00800108                LivingRoomSensorID
 .data.EngineeringSensorID
                0x00800109        0x1 main.o
                0x00800109                EngineeringSensorID
 .data.GarageSensorID
                0x0080010a        0x1 main.o
                0x0080010a                GarageSensorID
 .data.BufferSensorID
                0x0080010b        0x1 main.o
                0x0080010b                BufferSensorID
 .data.ForwardHeatTemp
                0x0080010c        0x1 main.o
                0x0080010c                ForwardHeatTemp
 .data.ComfortForwardTemp
                0x0080010d        0x1 main.o
                0x0080010d                ComfortForwardTemp
 .data.ComfortTemp
                0x0080010e        0x1 main.o
                0x0080010e                ComfortTemp
 .data.PumpPlusTime
                0x0080010f        0x2 main.o
                0x0080010f                PumpPlusTime
 .data.MenuTimer
                0x00800111        0x1 main.o
                0x00800111                MenuTimer
 .data.menu_buttons
                0x00800112       0x14 MENU/menu.o
 .data.current_state
                0x00800126        0x2 MENU/menu.o
 .data.menu_states
                0x00800128       0x23 MENU/menu.o
 .data.home_items
                0x0080014b       0x3f MENU/menu_items.o
 .data.SYSPARAM_submenu
                0x0080018a       0x36 MENU/menu_items.o
 .data.COMFORT_submenu
                0x008001c0       0x1b MENU/menu_items.o
 .data.CLOCK_submenu
                0x008001db       0x36 MENU/menu_items.o
 .data.SENSORS_submenu
                0x00800211       0x5a MENU/menu_items.o
 .data.RELAYS_submenu
                0x0080026b       0x36 MENU/menu_items.o
 .data.ENGINEERING_submenu
                0x008002a1       0x24 MENU/menu_items.o
 .data.BUFFER_submenu
                0x008002c5       0x1b MENU/menu_items.o
 .data.DHW_submenu
                0x008002e0       0x2d MENU/menu_items.o
 .data.DHWHOURS_submenu
                0x0080030d       0x12 MENU/menu_items.o
 .data.BME280_submenu
                0x0080031f       0x1b MENU/menu_items.o
 *(.gnu.linkonce.d*)
 *(.rodata)
 .rodata        0x0080033a       0x24 Utils/ftoa.o
 *(.rodata*)
 .rodata.str1.1
                0x0080035e      0x2a0 MENU/menu_items.o
                                0x2a4 (size before relaxing)
 *(.gnu.linkonce.r*)
                0x008005fe                . = ALIGN (0x2)
                0x008005fe                _edata = .
                0x008005fe                PROVIDE (__data_end, .)

.bss            0x008005fe      0x18b
                0x008005fe                PROVIDE (__bss_start, .)
 *(.bss)
 *(.bss*)
 .bss.pumpplustime.3106
                0x008005fe        0x2 main.o
 .bss.timerstate.2968
                0x00800600        0x1 main.o
 .bss.DayName   0x00800601        0x1 main.o
                0x00800601                DayName
 .bss.ClockInitialized
                0x00800602        0x1 main.o
                0x00800602                ClockInitialized
 .bss.Seconds   0x00800603        0x1 main.o
                0x00800603                Seconds
 .bss.Minute    0x00800604        0x1 main.o
                0x00800604                Minute
 .bss.Hour      0x00800605        0x1 main.o
                0x00800605                Hour
 .bss.DHWSensorID
                0x00800606        0x1 main.o
                0x00800606                DHWSensorID
 .bss.Relays    0x00800607        0x1 main.o
                0x00800607                Relays
 .bss.ComfortMode
                0x00800608        0x1 main.o
                0x00800608                ComfortMode
 .bss.LCDBackLight
                0x00800609        0x1 main.o
                0x00800609                LCDBackLight
 .bss.DebugMode
                0x0080060a        0x1 main.o
                0x0080060a                DebugMode
 .bss.TimerElapsed
                0x0080060b        0x1 main.o
                0x0080060b                TimerElapsed
 .bss.UART1_LastRxError
                0x0080060c        0x1 UART/UART.o
 .bss.UART1_RxTail
                0x0080060d        0x1 UART/UART.o
 .bss.UART1_RxHead
                0x0080060e        0x1 UART/UART.o
 .bss.UART1_TxTail
                0x0080060f        0x1 UART/UART.o
 .bss.UART1_TxHead
                0x00800610        0x1 UART/UART.o
 .bss.UART1_RxBuf
                0x00800611       0x20 UART/UART.o
 .bss.UART1_TxBuf
                0x00800631       0x20 UART/UART.o
 .bss.UART_LastRxError
                0x00800651        0x1 UART/UART.o
 .bss.UART_RxTail
                0x00800652        0x1 UART/UART.o
 .bss.UART_RxHead
                0x00800653        0x1 UART/UART.o
 .bss.UART_TxTail
                0x00800654        0x1 UART/UART.o
 .bss.UART_TxHead
                0x00800655        0x1 UART/UART.o
 .bss.UART_RxBuf
                0x00800656       0x20 UART/UART.o
 .bss.UART_TxBuf
                0x00800676       0x20 UART/UART.o
 *(COMMON)
 COMMON         0x00800696       0x25 BME280/bme280.o
                0x00800696                _bme280_calib
                0x008006b7                t_fine
 COMMON         0x008006bb        0x7 DS18B20/onewire.o
                0x008006bb                OW_OUT
                0x008006bd                OW_PIN_MASK
                0x008006be                OW_IN
                0x008006c0                OW_DDR
 COMMON         0x008006c2       0xc7 main.o
                0x008006c2                EngineeringTempMinMeasured
                0x008006c3                LivingRoomTemp
                0x008006c4                BufferTempMax
                0x008006c5                ForwardTemp
                0x008006c6                uartdata_in
                0x008006d5                EngineeringTempDesired
                0x008006d6                LivingRoomTempBuf
                0x008006da                BME280Temp
                0x008006de                BME280Humid
                0x008006e2                FloorTempBuf
                0x008006e6                SwitchOnOutdoorTempMin
                0x008006e8                EngineeringTempActualBuf
                0x008006ec                ReturnTempBuf
                0x008006f0                ReturnTempFracBuf
                0x008006f3                nSensors
                0x008006f4                DHWTempMin
                0x008006f5                DHWTempMax
                0x008006f6                EngineeringTempActual
                0x008006f7                BME280TempMax
                0x008006fb                BME280TempMin
                0x008006ff                DHWTempActualBuf
                0x00800703                ForwardTempBuf
                0x00800707                EngineeringTempActualFracBuf
                0x0080070a                DHWTempDesired
                0x0080070b                ReturnTemp
                0x0080070c                FloorTempMin
                0x0080070d                GarageTemp
                0x0080070e                GarageTempMin
                0x0080070f                DHWTempActual
                0x00800710                BufferTempActualBuf
                0x00800714                BME280TempInt
                0x00800716                FloorTempFracBuf
                0x00800719                GarageTempFracBuf
                0x0080071c                uartdata_count
                0x0080071d                DHWMinTime
                0x0080071f                BME280TempBuf
                0x00800727                ForwardTempFracBuf
                0x0080072a                BufferTempMin
                0x0080072b                BufferTempActualFracBuf
                0x0080072e                DHWTempMinMeasured
                0x0080072f                EngineeringTempMax
                0x00800730                DHWMaxTime
                0x00800732                LivingRoomTempFracBuf
                0x00800735                LivingRoomTempMin
                0x00800736                EngineeringTempMin
                0x00800737                FloorTemp
                0x00800738                DHWTempActualFracBuf
                0x0080073b                BME280HumidBuf
                0x00800741                GarageTempMax
                0x00800742                gSensorIDs
                0x00800782                LivingRoomTempMax
                0x00800783                FloorTempMax
                0x00800784                GarageTempBuf
                0x00800788                BufferTempActual
                0x00800789                PROVIDE (__bss_end, .)
                0x00004f1c                __data_load_start = LOADADDR (.data)
                0x0000541a                __data_load_end = (__data_load_start + SIZEOF (.data))

.noinit         0x00800789        0x0
                [!provide]                PROVIDE (__noinit_start, .)
 *(.noinit*)
                [!provide]                PROVIDE (__noinit_end, .)
                0x00800789                _end = .
                [!provide]                PROVIDE (__heap_start, .)

.eeprom         0x00810000       0x1b
 *(.eeprom*)
 .eeprom        0x00810000       0x1b main.o
                0x00810000                eeReturnTempSensorID
                0x00810001                eeForwardTempSensorID
                0x00810002                eeFloorSensorID
                0x00810003                eeLivingRoomSensorID
                0x00810004                eeEngineeringSensorID
                0x00810005                eeGarageSensorID
                0x00810006                eeBufferSensorID
                0x00810007                eeDHWSensorID
                0x00810008                eeSwitchOnOutdoorTempMin
                0x0081000a                eeEngineeringTempMin
                0x0081000b                eeEngineeringTempDesired
                0x0081000c                eeForwardHeatTemp
                0x0081000d                eeDHWMaxTime
                0x0081000f                eeDHWMinTime
                0x00810011                eeDHWTempMin
                0x00810012                eeDHWTempDesired
                0x00810013                eeComfortForwardTemp
                0x00810014                eeComfortTemp
                0x00810015                eeComfortMode
                0x00810016                eePumpPlusTime
                0x00810018                eeLCDBackLight
                0x00810019                eeMenuTimer
                0x0081001a                eeDebugMode
                0x0081001b                __eeprom_end = .

.fuse
 *(.fuse)
 *(.lfuse)
 *(.hfuse)
 *(.efuse)

.lock
 *(.lock*)

.signature
 *(.signature*)

.user_signatures
 *(.user_signatures*)

.stab
 *(.stab)

.stabstr
 *(.stabstr)

.stab.excl
 *(.stab.excl)

.stab.exclstr
 *(.stab.exclstr)

.stab.index
 *(.stab.index)

.stab.indexstr
 *(.stab.indexstr)

.comment        0x00000000       0x30
 *(.comment)
 .comment       0x00000000       0x30 BME280/bme280.o
                                 0x31 (size before relaxing)
 .comment       0x00000030       0x31 DS18B20/crc8.o
 .comment       0x00000030       0x31 DS18B20/ds18x20.o
 .comment       0x00000030       0x31 DS18B20/onewire.o
 .comment       0x00000030       0x31 I2C/i2c_master.o
 .comment       0x00000030       0x31 LCD/lcd.o
 .comment       0x00000030       0x31 main.o
 .comment       0x00000030       0x31 MENU/menu.o
 .comment       0x00000030       0x31 MENU/menu_items.o
 .comment       0x00000030       0x31 MENU/menu_portsio.o
 .comment       0x00000030       0x31 SPI/spi.o
 .comment       0x00000030       0x31 UART/UART.o
 .comment       0x00000030       0x31 Utils/ftoa.o

.note.gnu.avr.deviceinfo
                0x00000000       0x3c
 .note.gnu.avr.deviceinfo
                0x00000000       0x3c C:/Program Files (x86)/Atmel/Studio/7.0/Packs/atmel/ATmega_DFP/1.2.209/gcc/dev/atmega64a/avr5/crtatmega64a.o

.note.gnu.build-id
 *(.note.gnu.build-id)

.debug
 *(.debug)

.line
 *(.line)

.debug_srcinfo
 *(.debug_srcinfo)

.debug_sfnames
 *(.debug_sfnames)

.debug_aranges  0x00000000      0x7a8
 *(.debug_aranges)
 .debug_aranges
                0x00000000       0x78 BME280/bme280.o
 .debug_aranges
                0x00000078       0x20 DS18B20/crc8.o
 .debug_aranges
                0x00000098       0x60 DS18B20/ds18x20.o
 .debug_aranges
                0x000000f8       0x68 DS18B20/onewire.o
 .debug_aranges
                0x00000160       0x68 I2C/i2c_master.o
 .debug_aranges
                0x000001c8       0xc8 LCD/lcd.o
 .debug_aranges
                0x00000290       0x58 main.o
 .debug_aranges
                0x000002e8       0x38 MENU/menu.o
 .debug_aranges
                0x00000320      0x2d8 MENU/menu_items.o
 .debug_aranges
                0x000005f8       0x20 MENU/menu_portsio.o
 .debug_aranges
                0x00000618       0x30 SPI/spi.o
 .debug_aranges
                0x00000648       0xa0 UART/UART.o
 .debug_aranges
                0x000006e8       0x20 Utils/ftoa.o
 .debug_aranges
                0x00000708       0x20 C:/Program Files (x86)/Atmel/Studio/7.0/Packs/atmel/ATmega_DFP/1.2.209/gcc/dev/atmega64a/avr5\libatmega64a.a(eerd_byte.o)
 .debug_aranges
                0x00000728       0x20 C:/Program Files (x86)/Atmel/Studio/7.0/Packs/atmel/ATmega_DFP/1.2.209/gcc/dev/atmega64a/avr5\libatmega64a.a(eerd_word.o)
 .debug_aranges
                0x00000748       0x20 C:/Program Files (x86)/Atmel/Studio/7.0/Packs/atmel/ATmega_DFP/1.2.209/gcc/dev/atmega64a/avr5\libatmega64a.a(eeupd_byte.o)
 .debug_aranges
                0x00000768       0x20 C:/Program Files (x86)/Atmel/Studio/7.0/Packs/atmel/ATmega_DFP/1.2.209/gcc/dev/atmega64a/avr5\libatmega64a.a(eeupd_word.o)
 .debug_aranges
                0x00000788       0x20 C:/Program Files (x86)/Atmel/Studio/7.0/Packs/atmel/ATmega_DFP/1.2.209/gcc/dev/atmega64a/avr5\libatmega64a.a(eerd_block.o)

.debug_pubnames
 *(.debug_pubnames)

.debug_info     0x00000000     0xac3a
 *(.debug_info .gnu.linkonce.wi.*)
 .debug_info    0x00000000      0x780 C:/Program Files (x86)/Atmel/Studio/7.0/Packs/atmel/ATmega_DFP/1.2.209/gcc/dev/atmega64a/avr5/crtatmega64a.o
 .debug_info    0x00000780      0xb20 BME280/bme280.o
 .debug_info    0x000012a0      0x106 DS18B20/crc8.o
 .debug_info    0x000013a6      0x60f DS18B20/ds18x20.o
 .debug_info    0x000019b5      0x499 DS18B20/onewire.o
 .debug_info    0x00001e4e      0x3fe I2C/i2c_master.o
 .debug_info    0x0000224c      0x9f7 LCD/lcd.o
 .debug_info    0x00002c43     0x296b main.o
 .debug_info    0x000055ae      0x77e MENU/menu.o
 .debug_info    0x00005d2c     0x40be MENU/menu_items.o
 .debug_info    0x00009dea       0x9a MENU/menu_portsio.o
 .debug_info    0x00009e84       0xce SPI/spi.o
 .debug_info    0x00009f52      0x753 UART/UART.o
 .debug_info    0x0000a6a5      0x23b Utils/ftoa.o
 .debug_info    0x0000a8e0       0xab C:/Program Files (x86)/Atmel/Studio/7.0/Packs/atmel/ATmega_DFP/1.2.209/gcc/dev/atmega64a/avr5\libatmega64a.a(eerd_byte.o)
 .debug_info    0x0000a98b       0xab C:/Program Files (x86)/Atmel/Studio/7.0/Packs/atmel/ATmega_DFP/1.2.209/gcc/dev/atmega64a/avr5\libatmega64a.a(eerd_word.o)
 .debug_info    0x0000aa36       0xac C:/Program Files (x86)/Atmel/Studio/7.0/Packs/atmel/ATmega_DFP/1.2.209/gcc/dev/atmega64a/avr5\libatmega64a.a(eeupd_byte.o)
 .debug_info    0x0000aae2       0xac C:/Program Files (x86)/Atmel/Studio/7.0/Packs/atmel/ATmega_DFP/1.2.209/gcc/dev/atmega64a/avr5\libatmega64a.a(eeupd_word.o)
 .debug_info    0x0000ab8e       0xac C:/Program Files (x86)/Atmel/Studio/7.0/Packs/atmel/ATmega_DFP/1.2.209/gcc/dev/atmega64a/avr5\libatmega64a.a(eerd_block.o)

.debug_abbrev   0x00000000     0x1df9
 *(.debug_abbrev)
 .debug_abbrev  0x00000000      0x718 C:/Program Files (x86)/Atmel/Studio/7.0/Packs/atmel/ATmega_DFP/1.2.209/gcc/dev/atmega64a/avr5/crtatmega64a.o
 .debug_abbrev  0x00000718      0x1fb BME280/bme280.o
 .debug_abbrev  0x00000913       0x8b DS18B20/crc8.o
 .debug_abbrev  0x0000099e      0x186 DS18B20/ds18x20.o
 .debug_abbrev  0x00000b24      0x1b9 DS18B20/onewire.o
 .debug_abbrev  0x00000cdd      0x14c I2C/i2c_master.o
 .debug_abbrev  0x00000e29      0x2c6 LCD/lcd.o
 .debug_abbrev  0x000010ef      0x2f5 main.o
 .debug_abbrev  0x000013e4      0x23f MENU/menu.o
 .debug_abbrev  0x00001623      0x325 MENU/menu_items.o
 .debug_abbrev  0x00001948       0x6b MENU/menu_portsio.o
 .debug_abbrev  0x000019b3       0x87 SPI/spi.o
 .debug_abbrev  0x00001a3a      0x1e1 UART/UART.o
 .debug_abbrev  0x00001c1b      0x17a Utils/ftoa.o
 .debug_abbrev  0x00001d95       0x14 C:/Program Files (x86)/Atmel/Studio/7.0/Packs/atmel/ATmega_DFP/1.2.209/gcc/dev/atmega64a/avr5\libatmega64a.a(eerd_byte.o)
 .debug_abbrev  0x00001da9       0x14 C:/Program Files (x86)/Atmel/Studio/7.0/Packs/atmel/ATmega_DFP/1.2.209/gcc/dev/atmega64a/avr5\libatmega64a.a(eerd_word.o)
 .debug_abbrev  0x00001dbd       0x14 C:/Program Files (x86)/Atmel/Studio/7.0/Packs/atmel/ATmega_DFP/1.2.209/gcc/dev/atmega64a/avr5\libatmega64a.a(eeupd_byte.o)
 .debug_abbrev  0x00001dd1       0x14 C:/Program Files (x86)/Atmel/Studio/7.0/Packs/atmel/ATmega_DFP/1.2.209/gcc/dev/atmega64a/avr5\libatmega64a.a(eeupd_word.o)
 .debug_abbrev  0x00001de5       0x14 C:/Program Files (x86)/Atmel/Studio/7.0/Packs/atmel/ATmega_DFP/1.2.209/gcc/dev/atmega64a/avr5\libatmega64a.a(eerd_block.o)

.debug_line     0x00000000     0x4a12
 *(.debug_line .debug_line.* .debug_line_end)
 .debug_line    0x00000000      0x169 C:/Program Files (x86)/Atmel/Studio/7.0/Packs/atmel/ATmega_DFP/1.2.209/gcc/dev/atmega64a/avr5/crtatmega64a.o
 .debug_line    0x00000169      0x463 BME280/bme280.o
 .debug_line    0x000005cc       0xf1 DS18B20/crc8.o
 .debug_line    0x000006bd      0x397 DS18B20/ds18x20.o
 .debug_line    0x00000a54      0x36e DS18B20/onewire.o
 .debug_line    0x00000dc2      0x318 I2C/i2c_master.o
 .debug_line    0x000010da      0x71d LCD/lcd.o
 .debug_line    0x000017f7      0xc60 main.o
 .debug_line    0x00002457      0x3b5 MENU/menu.o
 .debug_line    0x0000280c     0x186e MENU/menu_items.o
 .debug_line    0x0000407a       0xb2 MENU/menu_portsio.o
 .debug_line    0x0000412c      0x10c SPI/spi.o
 .debug_line    0x00004238      0x451 UART/UART.o
 .debug_line    0x00004689       0xeb Utils/ftoa.o
 .debug_line    0x00004774       0x7a C:/Program Files (x86)/Atmel/Studio/7.0/Packs/atmel/ATmega_DFP/1.2.209/gcc/dev/atmega64a/avr5\libatmega64a.a(eerd_byte.o)
 .debug_line    0x000047ee       0x67 C:/Program Files (x86)/Atmel/Studio/7.0/Packs/atmel/ATmega_DFP/1.2.209/gcc/dev/atmega64a/avr5\libatmega64a.a(eerd_word.o)
 .debug_line    0x00004855       0xb0 C:/Program Files (x86)/Atmel/Studio/7.0/Packs/atmel/ATmega_DFP/1.2.209/gcc/dev/atmega64a/avr5\libatmega64a.a(eeupd_byte.o)
 .debug_line    0x00004905       0x62 C:/Program Files (x86)/Atmel/Studio/7.0/Packs/atmel/ATmega_DFP/1.2.209/gcc/dev/atmega64a/avr5\libatmega64a.a(eeupd_word.o)
 .debug_line    0x00004967       0xab C:/Program Files (x86)/Atmel/Studio/7.0/Packs/atmel/ATmega_DFP/1.2.209/gcc/dev/atmega64a/avr5\libatmega64a.a(eerd_block.o)

.debug_frame    0x00000000     0x14bc
 *(.debug_frame)
 .debug_frame   0x00000000      0x1f8 BME280/bme280.o
 .debug_frame   0x000001f8       0x24 DS18B20/crc8.o
 .debug_frame   0x0000021c      0x194 DS18B20/ds18x20.o
 .debug_frame   0x000003b0      0x100 DS18B20/onewire.o
 .debug_frame   0x000004b0      0x15c I2C/i2c_master.o
 .debug_frame   0x0000060c      0x20c LCD/lcd.o
 .debug_frame   0x00000818      0x120 main.o
 .debug_frame   0x00000938       0xc0 MENU/menu.o
 .debug_frame   0x000009f8      0x7e4 MENU/menu_items.o
 .debug_frame   0x000011dc       0x24 MENU/menu_portsio.o
 .debug_frame   0x00001200       0x44 SPI/spi.o
 .debug_frame   0x00001244      0x1f4 UART/UART.o
 .debug_frame   0x00001438       0x84 Utils/ftoa.o

.debug_str      0x00000000     0x21e3
 *(.debug_str)
 .debug_str     0x00000000      0x27e C:/Program Files (x86)/Atmel/Studio/7.0/Packs/atmel/ATmega_DFP/1.2.209/gcc/dev/atmega64a/avr5/crtatmega64a.o
 .debug_str     0x0000027e      0x5ae BME280/bme280.o
                                0x5fe (size before relaxing)
 .debug_str     0x0000082c       0x53 DS18B20/crc8.o
                                0x1a4 (size before relaxing)
 .debug_str     0x0000087f      0x19d DS18B20/ds18x20.o
                                0x2ff (size before relaxing)
 .debug_str     0x00000a1c       0x7a DS18B20/onewire.o
                                0x22e (size before relaxing)
 .debug_str     0x00000a96       0x6c I2C/i2c_master.o
                                0x1f4 (size before relaxing)
 .debug_str     0x00000b02      0x18e LCD/lcd.o
                                0x2ea (size before relaxing)
 .debug_str     0x00000c90      0x74c main.o
                                0xc2f (size before relaxing)
 .debug_str     0x000013dc      0x218 MENU/menu.o
                                0x43c (size before relaxing)
 .debug_str     0x000015f4      0xa0f MENU/menu_items.o
                               0x1243 (size before relaxing)
 .debug_str     0x00002003       0x33 MENU/menu_portsio.o
                                0x17e (size before relaxing)
 .debug_str     0x00002036        0xd SPI/spi.o
                                0x16f (size before relaxing)
 .debug_str     0x00002043      0x176 UART/UART.o
                                0x356 (size before relaxing)
 .debug_str     0x000021b9       0x2a Utils/ftoa.o
                                0x1a5 (size before relaxing)

.debug_loc      0x00000000     0x746c
 *(.debug_loc)
 .debug_loc     0x00000000      0x949 BME280/bme280.o
 .debug_loc     0x00000949      0x1c0 DS18B20/crc8.o
 .debug_loc     0x00000b09      0x83d DS18B20/ds18x20.o
 .debug_loc     0x00001346      0x4cc DS18B20/onewire.o
 .debug_loc     0x00001812      0x6b8 I2C/i2c_master.o
 .debug_loc     0x00001eca      0xa81 LCD/lcd.o
 .debug_loc     0x0000294b      0x7e2 main.o
 .debug_loc     0x0000312d      0x3b1 MENU/menu.o
 .debug_loc     0x000034de     0x342b MENU/menu_items.o
 .debug_loc     0x00006909       0x21 SPI/spi.o
 .debug_loc     0x0000692a      0x770 UART/UART.o
 .debug_loc     0x0000709a      0x3d2 Utils/ftoa.o

.debug_macinfo
 *(.debug_macinfo)

.debug_weaknames
 *(.debug_weaknames)

.debug_funcnames
 *(.debug_funcnames)

.debug_typenames
 *(.debug_typenames)

.debug_varnames
 *(.debug_varnames)

.debug_pubtypes
 *(.debug_pubtypes)

.debug_ranges   0x00000000      0x788
 *(.debug_ranges)
 .debug_ranges  0x00000000       0x68 BME280/bme280.o
 .debug_ranges  0x00000068       0x10 DS18B20/crc8.o
 .debug_ranges  0x00000078       0x50 DS18B20/ds18x20.o
 .debug_ranges  0x000000c8       0x58 DS18B20/onewire.o
 .debug_ranges  0x00000120       0x88 I2C/i2c_master.o
 .debug_ranges  0x000001a8       0xe8 LCD/lcd.o
 .debug_ranges  0x00000290       0x80 main.o
 .debug_ranges  0x00000310       0xb0 MENU/menu.o
 .debug_ranges  0x000003c0      0x2c8 MENU/menu_items.o
 .debug_ranges  0x00000688       0x10 MENU/menu_portsio.o
 .debug_ranges  0x00000698       0x20 SPI/spi.o
 .debug_ranges  0x000006b8       0xc0 UART/UART.o
 .debug_ranges  0x00000778       0x10 Utils/ftoa.o

.debug_macro
 *(.debug_macro)
OUTPUT(futes_vezerlo.elf elf32-avr)
LOAD linker stubs
