Archive member included to satisfy reference by file (symbol)

c:/program files (x86)/atmel/studio/7.0/toolchain/avr8/avr8-gnu-toolchain/bin/../lib/gcc/avr/5.4.0/../../../../avr/lib/avr5\libm.a(addsf3.o)
                              BME280/bme280.o (__subsf3)
c:/program files (x86)/atmel/studio/7.0/toolchain/avr8/avr8-gnu-toolchain/bin/../lib/gcc/avr/5.4.0/../../../../avr/lib/avr5\libm.a(addsf3x.o)
                              c:/program files (x86)/atmel/studio/7.0/toolchain/avr8/avr8-gnu-toolchain/bin/../lib/gcc/avr/5.4.0/../../../../avr/lib/avr5\libm.a(addsf3.o) (__addsf3x)
c:/program files (x86)/atmel/studio/7.0/toolchain/avr8/avr8-gnu-toolchain/bin/../lib/gcc/avr/5.4.0/../../../../avr/lib/avr5\libm.a(divsf3.o)
                              BME280/bme280.o (__divsf3)
c:/program files (x86)/atmel/studio/7.0/toolchain/avr8/avr8-gnu-toolchain/bin/../lib/gcc/avr/5.4.0/../../../../avr/lib/avr5\libm.a(divsf3x.o)
                              c:/program files (x86)/atmel/studio/7.0/toolchain/avr8/avr8-gnu-toolchain/bin/../lib/gcc/avr/5.4.0/../../../../avr/lib/avr5\libm.a(divsf3.o) (__divsf3x)
c:/program files (x86)/atmel/studio/7.0/toolchain/avr8/avr8-gnu-toolchain/bin/../lib/gcc/avr/5.4.0/../../../../avr/lib/avr5\libm.a(fixsfsi.o)
                              MAX31865/max31865.o (__fixsfsi)
c:/program files (x86)/atmel/studio/7.0/toolchain/avr8/avr8-gnu-toolchain/bin/../lib/gcc/avr/5.4.0/../../../../avr/lib/avr5\libm.a(fixunssfsi.o)
                              main.o (__fixunssfsi)
c:/program files (x86)/atmel/studio/7.0/toolchain/avr8/avr8-gnu-toolchain/bin/../lib/gcc/avr/5.4.0/../../../../avr/lib/avr5\libm.a(floatdisf.o)
                              BME280/bme280.o (__floatdisf)
c:/program files (x86)/atmel/studio/7.0/toolchain/avr8/avr8-gnu-toolchain/bin/../lib/gcc/avr/5.4.0/../../../../avr/lib/avr5\libm.a(floatsisf.o)
                              BME280/bme280.o (__floatunsisf)
c:/program files (x86)/atmel/studio/7.0/toolchain/avr8/avr8-gnu-toolchain/bin/../lib/gcc/avr/5.4.0/../../../../avr/lib/avr5\libm.a(floatundisf.o)
                              c:/program files (x86)/atmel/studio/7.0/toolchain/avr8/avr8-gnu-toolchain/bin/../lib/gcc/avr/5.4.0/../../../../avr/lib/avr5\libm.a(floatdisf.o) (__fp_di2sf)
c:/program files (x86)/atmel/studio/7.0/toolchain/avr8/avr8-gnu-toolchain/bin/../lib/gcc/avr/5.4.0/../../../../avr/lib/avr5\libm.a(fp_inf.o)
                              c:/program files (x86)/atmel/studio/7.0/toolchain/avr8/avr8-gnu-toolchain/bin/../lib/gcc/avr/5.4.0/../../../../avr/lib/avr5\libm.a(addsf3x.o) (__fp_inf)
c:/program files (x86)/atmel/studio/7.0/toolchain/avr8/avr8-gnu-toolchain/bin/../lib/gcc/avr/5.4.0/../../../../avr/lib/avr5\libm.a(fp_nan.o)
                              c:/program files (x86)/atmel/studio/7.0/toolchain/avr8/avr8-gnu-toolchain/bin/../lib/gcc/avr/5.4.0/../../../../avr/lib/avr5\libm.a(addsf3x.o) (__fp_nan)
c:/program files (x86)/atmel/studio/7.0/toolchain/avr8/avr8-gnu-toolchain/bin/../lib/gcc/avr/5.4.0/../../../../avr/lib/avr5\libm.a(fp_negdi.o)
                              c:/program files (x86)/atmel/studio/7.0/toolchain/avr8/avr8-gnu-toolchain/bin/../lib/gcc/avr/5.4.0/../../../../avr/lib/avr5\libm.a(floatdisf.o) (__fp_negdi)
c:/program files (x86)/atmel/studio/7.0/toolchain/avr8/avr8-gnu-toolchain/bin/../lib/gcc/avr/5.4.0/../../../../avr/lib/avr5\libm.a(fp_pscA.o)
                              c:/program files (x86)/atmel/studio/7.0/toolchain/avr8/avr8-gnu-toolchain/bin/../lib/gcc/avr/5.4.0/../../../../avr/lib/avr5\libm.a(addsf3x.o) (__fp_pscA)
c:/program files (x86)/atmel/studio/7.0/toolchain/avr8/avr8-gnu-toolchain/bin/../lib/gcc/avr/5.4.0/../../../../avr/lib/avr5\libm.a(fp_pscB.o)
                              c:/program files (x86)/atmel/studio/7.0/toolchain/avr8/avr8-gnu-toolchain/bin/../lib/gcc/avr/5.4.0/../../../../avr/lib/avr5\libm.a(addsf3x.o) (__fp_pscB)
c:/program files (x86)/atmel/studio/7.0/toolchain/avr8/avr8-gnu-toolchain/bin/../lib/gcc/avr/5.4.0/../../../../avr/lib/avr5\libm.a(fp_round.o)
                              c:/program files (x86)/atmel/studio/7.0/toolchain/avr8/avr8-gnu-toolchain/bin/../lib/gcc/avr/5.4.0/../../../../avr/lib/avr5\libm.a(addsf3.o) (__fp_round)
c:/program files (x86)/atmel/studio/7.0/toolchain/avr8/avr8-gnu-toolchain/bin/../lib/gcc/avr/5.4.0/../../../../avr/lib/avr5\libm.a(fp_split3.o)
                              c:/program files (x86)/atmel/studio/7.0/toolchain/avr8/avr8-gnu-toolchain/bin/../lib/gcc/avr/5.4.0/../../../../avr/lib/avr5\libm.a(addsf3x.o) (__fp_split3)
c:/program files (x86)/atmel/studio/7.0/toolchain/avr8/avr8-gnu-toolchain/bin/../lib/gcc/avr/5.4.0/../../../../avr/lib/avr5\libm.a(fp_zero.o)
                              c:/program files (x86)/atmel/studio/7.0/toolchain/avr8/avr8-gnu-toolchain/bin/../lib/gcc/avr/5.4.0/../../../../avr/lib/avr5\libm.a(addsf3x.o) (__fp_zero)
[...]
Memory Configuration

Name             Origin             Length             Attributes
text             0x00000000         0x00020000         xr
data             0x00800060         0x0000ffa0         rw !x
eeprom           0x00810000         0x00010000         rw !x
fuse             0x00820000         0x00000003         rw !x
lock             0x00830000         0x00000400         rw !x
signature        0x00840000         0x00000400         rw !x
user_signatures  0x00850000         0x00000400         rw !x
*default*        0x00000000         0xffffffff

Linker script and memory map

Address of section .data set to 0x800100
LOAD C:/Program Files (x86)/Atmel/Studio/7.0/Packs/atmel/ATmega_DFP/1.2.209/gcc/dev/atmega64a/avr5/crtatmega64a.o
LOAD BME280/bme280.o
LOAD DS18B20/crc8.o
LOAD DS18B20/delay.o
LOAD DS18B20/ds18x20.o
LOAD DS18B20/onewire.o
LOAD I2C/i2c_master.o
LOAD LCD/lcd.o
LOAD main.o
LOAD MAX31865/max31865.o
LOAD MENU/menu.o
LOAD MENU/menu_items.o
LOAD MENU/menu_portsio.o
LOAD SPI/spi.o
LOAD UART/UART.o
LOAD Utils/ftoa.o
START GROUP
LOAD c:/program files (x86)/atmel/studio/7.0/toolchain/avr8/avr8-gnu-toolchain/bin/../lib/gcc/avr/5.4.0/../../../../avr/lib/avr5\libm.a
END GROUP
START GROUP
LOAD c:/program files (x86)/atmel/studio/7.0/toolchain/avr8/avr8-gnu-toolchain/bin/../lib/gcc/avr/5.4.0/avr5\libgcc.a
LOAD c:/program files (x86)/atmel/studio/7.0/toolchain/avr8/avr8-gnu-toolchain/bin/../lib/gcc/avr/5.4.0/../../../../avr/lib/avr5\libm.a
LOAD c:/program files (x86)/atmel/studio/7.0/toolchain/avr8/avr8-gnu-toolchain/bin/../lib/gcc/avr/5.4.0/../../../../avr/lib/avr5\libc.a
LOAD C:/Program Files (x86)/Atmel/Studio/7.0/Packs/atmel/ATmega_DFP/1.2.209/gcc/dev/atmega64a/avr5\libatmega64a.a
END GROUP
                0x00020000                __TEXT_REGION_LENGTH__ = DEFINED (__TEXT_REGION_LENGTH__)?__TEXT_REGION_LENGTH__:0x20000
                0x0000ffa0                __DATA_REGION_LENGTH__ = DEFINED (__DATA_REGION_LENGTH__)?__DATA_REGION_LENGTH__:0xffa0
                0x00010000                __EEPROM_REGION_LENGTH__ = DEFINED (__EEPROM_REGION_LENGTH__)?__EEPROM_REGION_LENGTH__:0x10000
                [0x00000003]                __FUSE_REGION_LENGTH__ = DEFINED (__FUSE_REGION_LENGTH__)?__FUSE_REGION_LENGTH__:0x400
                0x00000400                __LOCK_REGION_LENGTH__ = DEFINED (__LOCK_REGION_LENGTH__)?__LOCK_REGION_LENGTH__:0x400
                0x00000400                __SIGNATURE_REGION_LENGTH__ = DEFINED (__SIGNATURE_REGION_LENGTH__)?__SIGNATURE_REGION_LENGTH__:0x400
                0x00000400                __USER_SIGNATURE_REGION_LENGTH__ = DEFINED (__USER_SIGNATURE_REGION_LENGTH__)?__USER_SIGNATURE_REGION_LENGTH__:0x400

.hash
 *(.hash)

.dynsym
 *(.dynsym)

.dynstr
 *(.dynstr)

.gnu.version
 *(.gnu.version)

.gnu.version_d
 *(.gnu.version_d)

.gnu.version_r
 *(.gnu.version_r)

.rel.init
 *(.rel.init)

.rela.init
 *(.rela.init)

.rel.text
 *(.rel.text)
 *(.rel.text.*)
 *(.rel.gnu.linkonce.t*)

.rela.text
 *(.rela.text)
 *(.rela.text.*)
 *(.rela.gnu.linkonce.t*)

.rel.fini
 *(.rel.fini)

.rela.fini
 *(.rela.fini)

.rel.rodata
 *(.rel.rodata)
 *(.rel.rodata.*)
 *(.rel.gnu.linkonce.r*)

.rela.rodata
 *(.rela.rodata)
 *(.rela.rodata.*)
 *(.rela.gnu.linkonce.r*)

.rel.data
 *(.rel.data)
 *(.rel.data.*)
 *(.rel.gnu.linkonce.d*)

.rela.data
 *(.rela.data)
 *(.rela.data.*)
 *(.rela.gnu.linkonce.d*)

.rel.ctors
 *(.rel.ctors)

.rela.ctors
 *(.rela.ctors)

.rel.dtors
 *(.rel.dtors)

.rela.dtors
 *(.rela.dtors)

.rel.got
 *(.rel.got)

.rela.got
 *(.rela.got)

.rel.bss
 *(.rel.bss)

.rela.bss
 *(.rela.bss)

.rel.plt
 *(.rel.plt)

.rela.plt
 *(.rela.plt)

.text           0x00000000     0x36b4
 *(.vectors)
 .vectors       0x00000000       0x8c C:/Program Files (x86)/Atmel/Studio/7.0/Packs/atmel/ATmega_DFP/1.2.209/gcc/dev/atmega64a/avr5/crtatmega64a.o
                0x00000000                __vector_default
                0x00000000                __vectors
 *(.vectors)
 *(.progmem.gcc*)
 .progmem.gcc_sw_table.lcd_putc_hu
                0x0000008c       0x78 LCD/lcd.o
                0x00000104                . = ALIGN (0x2)
                0x00000104                __trampolines_start = .
 *(.trampolines)
 .trampolines   0x00000104        0x0 linker stubs
 *(.trampolines*)
                0x00000104                __trampolines_end = .
 *libprintf_flt.a:*(.progmem.data)
 *libc.a:*(.progmem.data)
 *(.progmem*)
 .progmem.data.__c.2398
                0x00000104       0x1c BME280/bme280.o
 .progmem.data.__c.2956
                0x00000120       0x12 main.o
 .progmem.data.__c.2954
                0x00000132        0x7 main.o
 .progmem.data.__c.2952
                0x00000139       0x13 main.o
 .progmem.data.__c.2934
                0x0000014c        0xb main.o
 .progmem.data.__c.2931
                0x00000157       0x11 main.o
 .progmem.data.__c.2929
                0x00000168       0x12 main.o
 .progmem.data.__c.2920
                0x0000017a       0x41 main.o
 .progmem.data.__c.2918
                0x000001bb       0x1a main.o
 .progmem.data.__c.2916
                0x000001d5       0x18 main.o
 .progmem.data.__c.2914
                0x000001ed       0x19 main.o
 .progmem.data.__c.2912
                0x00000206       0x17 main.o
 .progmem.data.__c.2910
                0x0000021d       0x30 main.o
 .progmem.data.__c.2908
                0x0000024d       0x2e main.o
 .progmem.data.__c.2906
                0x0000027b       0x17 main.o
 .progmem.data.__c.2904
                0x00000292       0x21 main.o
 .progmem.data.__c.2902
                0x000002b3       0x1e main.o
 .progmem.data.__c.2897
                0x000002d1        0xb main.o
 .progmem.data.__c.2895
                0x000002dc        0xd main.o
 .progmem.data.__c.2893
                0x000002e9        0xa main.o
 .progmem.data.__c.2891
                0x000002f3        0x2 main.o
 .progmem.data.__c.2889
                0x000002f5        0x2 main.o
 .progmem.data.__c.2887
                0x000002f7        0x2 main.o
 .progmem.data.__c.2885
                0x000002f9        0xc main.o
 .progmem.data.__c.2883
                0x00000305        0x7 main.o
 .progmem.data.__c.2881
                0x0000030c        0x8 main.o
 .progmem.data.__c.2879
                0x00000314        0x8 main.o
 .progmem.data.__c.2877
                0x0000031c        0x2 main.o
 .progmem.data.__c.2875
                0x0000031e        0x2 main.o
 .progmem.data.__c.2873
                0x00000320        0x5 main.o
 .progmem.data.__c.2867
                0x00000325        0x2 main.o
 .progmem.data.__c.2865
                0x00000327        0x2 main.o
 .progmem.data.__c.2858
                0x00000329        0x4 main.o
 .progmem.data.__c.2856
                0x0000032d       0x12 main.o
 .progmem.data.__c.2852
                0x0000033f        0x4 main.o
 .progmem.data.__c.2850
                0x00000343       0x15 main.o
 .progmem.data.magyar_betuk
                0x00000358       0x3a main.o
 .progmem.data.__c.2665
                0x00000392       0x14 MENU/menu_items.o
 .progmem.data.__c.2650
                0x000003a6        0xb MENU/menu_items.o
 .progmem.data.__c.2635
                0x000003b1       0x12 MENU/menu_items.o
 .progmem.data.__c.2620
                0x000003c3        0xa MENU/menu_items.o
 .progmem.data.__c.2605
                0x000003cd        0x3 MENU/menu_items.o
 .progmem.data.__c.2603
                0x000003d0        0x3 MENU/menu_items.o
 .progmem.data.__c.2601
                0x000003d3        0xc MENU/menu_items.o
 .progmem.data.__c.2587
                0x000003df        0x3 MENU/menu_items.o
 .progmem.data.__c.2585
                0x000003e2        0x3 MENU/menu_items.o
 .progmem.data.__c.2583
                0x000003e5       0x11 MENU/menu_items.o
 .progmem.data.__c.2569
                0x000003f6        0x4 MENU/menu_items.o
 .progmem.data.__c.2567
                0x000003fa        0x7 MENU/menu_items.o
 .progmem.data.__c.2565
                0x00000401       0x14 MENU/menu_items.o
 .progmem.data.__c.2551
                0x00000415        0x3 MENU/menu_items.o
 .progmem.data.__c.2549
                0x00000418        0x3 MENU/menu_items.o
 .progmem.data.__c.2547
                0x0000041b        0xf MENU/menu_items.o
 .progmem.data.__c.2533
                0x0000042a        0x3 MENU/menu_items.o
 .progmem.data.__c.2531
                0x0000042d        0x3 MENU/menu_items.o
 .progmem.data.__c.2529
                0x00000430       0x12 MENU/menu_items.o
 .progmem.data.__c.2515
                0x00000442        0x3 MENU/menu_items.o
 .progmem.data.__c.2513
                0x00000445        0x3 MENU/menu_items.o
 .progmem.data.__c.2511
                0x00000448       0x13 MENU/menu_items.o
 .progmem.data.__c.2495
                0x0000045b       0x12 MENU/menu_items.o
 .progmem.data.__c.2481
                0x0000046d       0x12 MENU/menu_items.o
 .progmem.data.__c.2466
                0x0000047f        0xf MENU/menu_items.o
 .progmem.data.__c.2451
                0x0000048e        0xf MENU/menu_items.o
 .progmem.data.__c.2435
                0x0000049d       0x12 MENU/menu_items.o
 .progmem.data.__c.2421
                0x000004af        0xe MENU/menu_items.o
 .progmem.data.__c.2406
                0x000004bd        0xf MENU/menu_items.o
 .progmem.data.__c.2390
                0x000004cc        0xf MENU/menu_items.o
 .progmem.data.__c.2376
                0x000004db        0xc MENU/menu_items.o
 .progmem.data.__c.2361
                0x000004e7        0xf MENU/menu_items.o
 .progmem.data.__c.2346
                0x000004f6        0xc MENU/menu_items.o
 .progmem.data.__c.2331
                0x00000502        0xe MENU/menu_items.o
 .progmem.data.__c.2316
                0x00000510        0xc MENU/menu_items.o
 .progmem.data.__c.2302
                0x0000051c        0xb MENU/menu_items.o
                0x00000528                . = ALIGN (0x2)
 *fill*         0x00000527        0x1 
 *(.jumptables)
 *(.jumptables*)
 *(.lowtext)
 *(.lowtext*)
                0x00000528                __ctors_start = .
 *(.ctors)
                0x00000528                __ctors_end = .
                0x00000528                __dtors_start = .
 *(.dtors)
                0x00000528                __dtors_end = .
 SORT(*)(.ctors)
 SORT(*)(.dtors)
 *(.init0)
 .init0         0x00000528        0x0 C:/Program Files (x86)/Atmel/Studio/7.0/Packs/atmel/ATmega_DFP/1.2.209/gcc/dev/atmega64a/avr5/crtatmega64a.o
                0x00000528                __init
 *(.init0)
 *(.init1)
 *(.init1)
 *(.init2)
 .init2         0x00000528        0xc C:/Program Files (x86)/Atmel/Studio/7.0/Packs/atmel/ATmega_DFP/1.2.209/gcc/dev/atmega64a/avr5/crtatmega64a.o
 *(.init2)
 *(.init3)
 *(.init3)
 *(.init4)
 .init4         0x00000534       0x16 c:/program files (x86)/atmel/studio/7.0/toolchain/avr8/avr8-gnu-toolchain/bin/../lib/gcc/avr/5.4.0/avr5\libgcc.a(_copy_data.o)
                0x00000534                __do_copy_data
 .init4         0x0000054a       0x10 c:/program files (x86)/atmel/studio/7.0/toolchain/avr8/avr8-gnu-toolchain/bin/../lib/gcc/avr/5.4.0/avr5\libgcc.a(_clear_bss.o)
                0x0000054a                __do_clear_bss
 *(.init4)
 *(.init5)
 *(.init5)
 *(.init6)
 *(.init6)
 *(.init7)
 *(.init7)
 *(.init8)
 *(.init8)
 *(.init9)
 .init9         0x0000055a        0x8 C:/Program Files (x86)/Atmel/Studio/7.0/Packs/atmel/ATmega_DFP/1.2.209/gcc/dev/atmega64a/avr5/crtatmega64a.o
 *(.init9)
 *(.text)
 .text          0x00000562        0x4 C:/Program Files (x86)/Atmel/Studio/7.0/Packs/atmel/ATmega_DFP/1.2.209/gcc/dev/atmega64a/avr5/crtatmega64a.o
                0x00000562                __vector_22
                0x00000562                __vector_28
                0x00000562                __vector_1
                0x00000562                __vector_32
                0x00000562                __vector_34
                0x00000562                __vector_24
                0x00000562                __bad_interrupt
                0x00000562                __vector_6
                0x00000562                __vector_3
                0x00000562                __vector_23
                0x00000562                __vector_25
                0x00000562                __vector_11
                0x00000562                __vector_13
                0x00000562                __vector_17
                0x00000562                __vector_7
                0x00000562                __vector_27
                0x00000562                __vector_5
                0x00000562                __vector_33
                0x00000562                __vector_4
                0x00000562                __vector_9
                0x00000562                __vector_2
                0x00000562                __vector_15
                0x00000562                __vector_29
                0x00000562                __vector_8
                0x00000562                __vector_26
                0x00000562                __vector_14
                0x00000562                __vector_10
                0x00000562                __vector_16
                0x00000562                __vector_20
                0x00000566                . = ALIGN (0x2)
 *(.text.*)
 .text.read8    0x00000566       0x44 BME280/bme280.o
                0x00000566                read8
 .text.read16   0x000005aa       0x50 BME280/bme280.o
                0x000005aa                read16
 .text.read16_LE
                0x000005fa        0xc BME280/bme280.o
                0x000005fa                read16_LE
 .text.read24   0x00000606       0x82 BME280/bme280.o
                0x00000606                read24
 .text.bme280_readCoefficients
                0x00000688      0x104 BME280/bme280.o
                0x00000688                bme280_readCoefficients
 .text.init_BME280
                0x0000078c       0x48 BME280/bme280.o
                0x0000078c                init_BME280
 .text.bme280_readTemperature
                0x000007d4      0x12e BME280/bme280.o
                0x000007d4                bme280_readTemperature
 .text.bme280_readHumidity
                0x00000902      0x208 BME280/bme280.o
                0x00000902                bme280_readHumidity
 .text.crc8     0x00000b0a       0x38 DS18B20/crc8.o
                0x00000b0a                crc8
 .text.DS18X20_meas_to_cel
                0x00000b42       0x96 DS18B20/ds18x20.o
                0x00000b42                DS18X20_meas_to_cel
 .text.DS18X20_find_sensor
                0x00000bd8       0x32 DS18B20/ds18x20.o
                0x00000bd8                DS18X20_find_sensor
 .text.DS18X20_start_meas
                0x00000c0a       0x38 DS18B20/ds18x20.o
                0x00000c0a                DS18X20_start_meas
 .text.DS18X20_read_meas
                0x00000c42       0xba DS18B20/ds18x20.o
                0x00000c42                DS18X20_read_meas
 .text.ow_input_pin_state
                0x00000cfc       0x12 DS18B20/onewire.o
                0x00000cfc                ow_input_pin_state
 .text.ow_parasite_enable
                0x00000d0e       0x26 DS18B20/onewire.o
                0x00000d0e                ow_parasite_enable
 .text.ow_reset
                0x00000d34       0x92 DS18B20/onewire.o
                0x00000d34                ow_reset
 .text.ow_set_bus
                0x00000dc6       0x2c DS18B20/onewire.o
                0x00000dc6                ow_set_bus
 .text.ow_bit_io
                0x00000df2       0x80 DS18B20/onewire.o
                0x00000df2                ow_bit_io
 .text.ow_byte_wr
                0x00000e72       0x22 DS18B20/onewire.o
                0x00000e72                ow_byte_wr
 .text.ow_byte_rd
                0x00000e94        0x8 DS18B20/onewire.o
                0x00000e94                ow_byte_rd
 .text.ow_rom_search
                0x00000e9c       0xb4 DS18B20/onewire.o
                0x00000e9c                ow_rom_search
 .text.ow_command
                0x00000f50       0x48 DS18B20/onewire.o
                0x00000f50                ow_command
 .text.i2c_init
                0x00000f98        0x8 I2C/i2c_master.o
                0x00000f98                i2c_init
 .text.i2c_start
                0x00000fa0       0x4a I2C/i2c_master.o
                0x00000fa0                i2c_start
 .text.i2c_write
                0x00000fea       0x24 I2C/i2c_master.o
                0x00000fea                i2c_write
 .text.i2c_read_ack
                0x0000100e       0x16 I2C/i2c_master.o
                0x0000100e                i2c_read_ack
 .text.i2c_read_nack
                0x00001024       0x16 I2C/i2c_master.o
                0x00001024                i2c_read_nack
 .text.i2c_stop
                0x0000103a        0x8 I2C/i2c_master.o
                0x0000103a                i2c_stop
 .text.toggle_e
                0x00001042        0xa LCD/lcd.o
 .text.lcd_write
                0x0000104c       0x5e LCD/lcd.o
 .text.lcd_read
                0x000010aa       0x50 LCD/lcd.o
 .text.lcd_waitbusy
                0x000010fa       0x1a LCD/lcd.o
 .text.lcd_command
                0x00001114       0x14 LCD/lcd.o
                0x00001114                lcd_command
 .text.lcd_gotoxy
                0x00001128       0x2c LCD/lcd.o
                0x00001128                lcd_gotoxy
 .text.lcd_clrscr
                0x00001154        0x8 LCD/lcd.o
                0x00001154                lcd_clrscr
 .text.lcd_putc
                0x0000115c       0x40 LCD/lcd.o
                0x0000115c                lcd_putc
 .text.lcd_puts
                0x0000119c       0x20 LCD/lcd.o
                0x0000119c                lcd_puts
 .text.lcd_init
                0x000011bc       0x74 LCD/lcd.o
                0x000011bc                lcd_init
 .text.lcd_defc
                0x00001230       0x46 LCD/lcd.o
                0x00001230                lcd_defc
 .text.lcd_putbit
                0x00001276       0x22 LCD/lcd.o
                0x00001276                lcd_putbit
 .text.lcd_puti
                0x00001298       0x2e LCD/lcd.o
                0x00001298                lcd_puti
 .text.lcd_putc_hu
                0x000012c6       0x40 LCD/lcd.o
                0x000012c6                lcd_putc_hu
 .text.lcd_puts_hu
                0x00001306       0x24 LCD/lcd.o
                0x00001306                lcd_puts_hu
 .text.__vector_21
                0x0000132a       0x3e main.o
                0x0000132a                __vector_21
 .text.__vector_12
                0x00001368       0x26 main.o
                0x00001368                __vector_12
 .text.SensorRead
                0x0000138e      0x47e main.o
                0x0000138e                SensorRead
 .text.search_sensors
                0x0000180c       0xca main.o
                0x0000180c                search_sensors
 .text.SwitchRelays
                0x000018d6       0x14 main.o
                0x000018d6                SwitchRelays
 .text.CheckConditions
                0x000018ea      0x242 main.o
                0x000018ea                CheckConditions
 .text.read_from_eeprom
                0x00001b2c       0xa6 main.o
                0x00001b2c                read_from_eeprom
 .text.main     0x00001bd2      0x196 main.o
                0x00001bd2                main
 .text.renderMenu
                0x00001d68       0xd6 MENU/menu.o
 .text.menuReset
                0x00001e3e       0x1e MENU/menu.o
                0x00001e3e                menuReset
 .text.menuInit
                0x00001e5c        0xa MENU/menu.o
                0x00001e5c                menuInit
 .text.menuPollButtons
                0x00001e66      0x2f6 MENU/menu.o
                0x00001e66                menuPollButtons
 .text.DHWRelay_CallbackRender
                0x0000215c       0x30 MENU/menu_items.o
                0x0000215c                DHWRelay_CallbackRender
 .text.ZoneValve1_CallbackRender
                0x0000218c       0x30 MENU/menu_items.o
                0x0000218c                ZoneValve1_CallbackRender
 .text.ZoneValve2_CallbackRender
                0x000021bc       0x30 MENU/menu_items.o
                0x000021bc                ZoneValve2_CallbackRender
 .text.BufferValve_CallbackRender
                0x000021ec       0x30 MENU/menu_items.o
                0x000021ec                BufferValve_CallbackRender
 .text.BufferPump_CallbackRender
                0x0000221c       0x30 MENU/menu_items.o
                0x0000221c                BufferPump_CallbackRender
 .text.GasRelay_CallbackRender
                0x0000224c       0x30 MENU/menu_items.o
                0x0000224c                GasRelay_CallbackRender
 .text.BME280Temp_CallbackRender
                0x0000227c       0x1e MENU/menu_items.o
                0x0000227c                BME280Temp_CallbackRender
 .text.BME280Temp_Callback
                0x0000229a       0x16 MENU/menu_items.o
                0x0000229a                BME280Temp_Callback
 .text.BME280Humidity_CallbackRender
                0x000022b0       0x1e MENU/menu_items.o
                0x000022b0                BME280Humidity_CallbackRender
 .text.BME280Humidity_Callback
                0x000022ce       0x16 MENU/menu_items.o
                0x000022ce                BME280Humidity_Callback
 .text.DHWTempActual_CallbackRender
                0x000022e4       0x36 MENU/menu_items.o
                0x000022e4                DHWTempActual_CallbackRender
 .text.DHWTempActual_Callback
                0x0000231a       0x16 MENU/menu_items.o
                0x0000231a                DHWTempActual_Callback
 .text.BufferTempActual_CallbackRender
                0x00002330       0x36 MENU/menu_items.o
                0x00002330                BufferTempActual_CallbackRender
 .text.BufferTempActual_Callback
                0x00002366       0x16 MENU/menu_items.o
                0x00002366                BufferTempActual_Callback
 .text.GarageTempActual_CallbackRender
                0x0000237c       0x36 MENU/menu_items.o
                0x0000237c                GarageTempActual_CallbackRender
 .text.GarageTempActual_Callback
                0x000023b2       0x16 MENU/menu_items.o
                0x000023b2                GarageTempActual_Callback
 .text.SwitchOnOutdoorTempMin_CallbackRender
                0x000023c8       0x56 MENU/menu_items.o
                0x000023c8                SwitchOnOutdoorTempMin_CallbackRender
 .text.DHWTempDesired_CallbackRender
                0x0000241e       0x54 MENU/menu_items.o
                0x0000241e                DHWTempDesired_CallbackRender
 .text.DHWTempMin_CallbackRender
                0x00002472       0x54 MENU/menu_items.o
                0x00002472                DHWTempMin_CallbackRender
 .text.DHWSensor_CallbackRender
                0x000024c6       0x48 MENU/menu_items.o
                0x000024c6                DHWSensor_CallbackRender
 .text.ForwardHeatTemp_CallbackRender
                0x0000250e       0x54 MENU/menu_items.o
                0x0000250e                ForwardHeatTemp_CallbackRender
 .text.BufferSensor_CallbackRender
                0x00002562       0x48 MENU/menu_items.o
                0x00002562                BufferSensor_CallbackRender
 .text.GarageTempMin_CallbackRender
                0x000025aa       0x54 MENU/menu_items.o
                0x000025aa                GarageTempMin_CallbackRender
 .text.GarageTempDesired_CallbackRender
                0x000025fe       0x54 MENU/menu_items.o
                0x000025fe                GarageTempDesired_CallbackRender
 .text.GarageSensor_CallbackRender
                0x00002652       0x48 MENU/menu_items.o
                0x00002652                GarageSensor_CallbackRender
 .text.DebugMode_CallbackRender
                0x0000269a       0x48 MENU/menu_items.o
                0x0000269a                DebugMode_CallbackRender
 .text.MenuTimer_CallbackRender
                0x000026e2       0x40 MENU/menu_items.o
                0x000026e2                MenuTimer_CallbackRender
 .text.LCDBackLight_CallbackRender
                0x00002722       0x48 MENU/menu_items.o
                0x00002722                LCDBackLight_CallbackRender
 .text.PumpPlusTime_CallbackRender
                0x0000276a       0x4a MENU/menu_items.o
                0x0000276a                PumpPlusTime_CallbackRender
 .text.SwitchOnOutdoorTempMin_ActionCallback
                0x000027b4       0x5e MENU/menu_items.o
                0x000027b4                SwitchOnOutdoorTempMin_ActionCallback
 .text.PumpPlusTime_ActionCallback
                0x00002812       0x5e MENU/menu_items.o
                0x00002812                PumpPlusTime_ActionCallback
 .text.DHWTempDesired_ActionCallback
                0x00002870       0x5e MENU/menu_items.o
                0x00002870                DHWTempDesired_ActionCallback
 .text.DHWTempMin_ActionCallback
                0x000028ce       0x5e MENU/menu_items.o
                0x000028ce                DHWTempMin_ActionCallback
 .text.DHWSensor_ActionCallback
                0x0000292c       0x6c MENU/menu_items.o
                0x0000292c                DHWSensor_ActionCallback
 .text.ForwardHeatTemp_ActionCallback
                0x00002998       0x5a MENU/menu_items.o
                0x00002998                ForwardHeatTemp_ActionCallback
 .text.BufferSensor_ActionCallback
                0x000029f2       0x6c MENU/menu_items.o
                0x000029f2                BufferSensor_ActionCallback
 .text.GarageTempMin_ActionCallback
                0x00002a5e       0x5e MENU/menu_items.o
                0x00002a5e                GarageTempMin_ActionCallback
 .text.GarageTempDesired_ActionCallback
                0x00002abc       0x5e MENU/menu_items.o
                0x00002abc                GarageTempDesired_ActionCallback
 .text.GarageSensor_ActionCallback
                0x00002b1a       0x6c MENU/menu_items.o
                0x00002b1a                GarageSensor_ActionCallback
 .text.DebugMode_ActionCallback
                0x00002b86       0x4a MENU/menu_items.o
                0x00002b86                DebugMode_ActionCallback
 .text.MenuTimer_ActionCallback
                0x00002bd0       0x4a MENU/menu_items.o
                0x00002bd0                MenuTimer_ActionCallback
 .text.LCDBackLight_ActionCallback
                0x00002c1a       0x60 MENU/menu_items.o
                0x00002c1a                LCDBackLight_ActionCallback
 .text.DHWRelay_ActionCallback
                0x00002c7a       0x44 MENU/menu_items.o
                0x00002c7a                DHWRelay_ActionCallback
 .text.ZoneValve1_ActionCallback
                0x00002cbe       0x32 MENU/menu_items.o
                0x00002cbe                ZoneValve1_ActionCallback
 .text.ZoneValve2_ActionCallback
                0x00002cf0       0x32 MENU/menu_items.o
                0x00002cf0                ZoneValve2_ActionCallback
 .text.BufferValve_ActionCallback
                0x00002d22       0x32 MENU/menu_items.o
                0x00002d22                BufferValve_ActionCallback
 .text.BufferPump_ActionCallback
                0x00002d54       0x32 MENU/menu_items.o
                0x00002d54                BufferPump_ActionCallback
 .text.GasRelay_ActionCallback
                0x00002d86       0x30 MENU/menu_items.o
                0x00002d86                GasRelay_ActionCallback
 .text.menuItemsGetHomeMenu
                0x00002db6        0x6 MENU/menu_items.o
                0x00002db6                menuItemsGetHomeMenu
 .text.menuItemsGetHomeMenuSize
                0x00002dbc        0x4 MENU/menu_items.o
                0x00002dbc                menuItemsGetHomeMenuSize
 .text.menuPortsioInit
                0x00002dc0        0xe MENU/menu_portsio.o
                0x00002dc0                menuPortsioInit
 .text.SPIInit  0x00002dce       0x1e SPI/spi.o
                0x00002dce                SPIInit
 .text.SPIClose
                0x00002dec        0xa SPI/spi.o
                0x00002dec                SPIClose
 .text.SPIWrite
                0x00002df6       0x2c SPI/spi.o
                0x00002df6                SPIWrite
 .text.__vector_18
                0x00002e22       0x58 UART/UART.o
                0x00002e22                __vector_18
 .text.__vector_19
                0x00002e7a       0x4a UART/UART.o
                0x00002e7a                __vector_19
 .text.uart_init
                0x00002ec4       0x2c UART/UART.o
                0x00002ec4                uart_init
 .text.uart_putc
                0x00002ef0       0x22 UART/UART.o
                0x00002ef0                uart_putc
 .text.uart_puts
                0x00002f12       0x1e UART/UART.o
                0x00002f12                uart_puts
 .text.uart_puts_p
                0x00002f30       0x24 UART/UART.o
                0x00002f30                uart_puts_p
 .text.__vector_30
                0x00002f54       0x5c UART/UART.o
                0x00002f54                __vector_30
 .text.__vector_31
                0x00002fb0       0x54 UART/UART.o
                0x00002fb0                __vector_31
 .text.uart_puti
                0x00003004       0x36 UART/UART.o
                0x00003004                uart_puti
 .text.ftoa     0x0000303a      0x112 Utils/ftoa.o
                0x0000303a                ftoa
 .text.avr-libc.fplib
                0x0000314c        0xe c:/program files (x86)/atmel/studio/7.0/toolchain/avr8/avr8-gnu-toolchain/bin/../lib/gcc/avr/5.4.0/../../../../avr/lib/avr5\libm.a(addsf3.o)
                0x0000314c                __subsf3
                0x0000314e                __addsf3
 .text.avr-libc.fplib
                0x0000315a       0xcc c:/program files (x86)/atmel/studio/7.0/toolchain/avr8/avr8-gnu-toolchain/bin/../lib/gcc/avr/5.4.0/../../../../avr/lib/avr5\libm.a(addsf3x.o)
                0x0000317c                __addsf3x
 .text.avr-libc.fplib
                0x00003226        0x8 c:/program files (x86)/atmel/studio/7.0/toolchain/avr8/avr8-gnu-toolchain/bin/../lib/gcc/avr/5.4.0/../../../../avr/lib/avr5\libm.a(divsf3.o)
                0x00003226                __divsf3
 .text.avr-libc.fplib
                0x0000322e       0xdc c:/program files (x86)/atmel/studio/7.0/toolchain/avr8/avr8-gnu-toolchain/bin/../lib/gcc/avr/5.4.0/../../../../avr/lib/avr5\libm.a(divsf3x.o)
                0x0000324e                __divsf3x
                0x00003254                __divsf3_pse
 .text.avr-libc.fplib
                0x0000330a        0xe c:/program files (x86)/atmel/studio/7.0/toolchain/avr8/avr8-gnu-toolchain/bin/../lib/gcc/avr/5.4.0/../../../../avr/lib/avr5\libm.a(fixsfsi.o)
                0x0000330a                __fixsfsi
 .text.avr-libc.fplib
                0x00003318       0x5e c:/program files (x86)/atmel/studio/7.0/toolchain/avr8/avr8-gnu-toolchain/bin/../lib/gcc/avr/5.4.0/../../../../avr/lib/avr5\libm.a(fixunssfsi.o)
                0x00003318                __fixunssfsi
 .text.avr-libc.fplib
                0x00003376       0x7a c:/program files (x86)/atmel/studio/7.0/toolchain/avr8/avr8-gnu-toolchain/bin/../lib/gcc/avr/5.4.0/../../../../avr/lib/avr5\libm.a(floatsisf.o)
                0x00003376                __floatunsisf
                0x0000337a                __floatsisf
 .text.avr-libc.fplib
                0x000033f0        0xc c:/program files (x86)/atmel/studio/7.0/toolchain/avr8/avr8-gnu-toolchain/bin/../lib/gcc/avr/5.4.0/../../../../avr/lib/avr5\libm.a(fp_inf.o)
                0x000033f0                __fp_inf
 .text.avr-libc.fplib
                0x000033fc        0x6 c:/program files (x86)/atmel/studio/7.0/toolchain/avr8/avr8-gnu-toolchain/bin/../lib/gcc/avr/5.4.0/../../../../avr/lib/avr5\libm.a(fp_nan.o)
                0x000033fc                __fp_nan
 .text.avr-libc.fplib
                0x00003402        0xe c:/program files (x86)/atmel/studio/7.0/toolchain/avr8/avr8-gnu-toolchain/bin/../lib/gcc/avr/5.4.0/../../../../avr/lib/avr5\libm.a(fp_pscA.o)
                0x00003402                __fp_pscA
 .text.avr-libc.fplib
                0x00003410        0xe c:/program files (x86)/atmel/studio/7.0/toolchain/avr8/avr8-gnu-toolchain/bin/../lib/gcc/avr/5.4.0/../../../../avr/lib/avr5\libm.a(fp_pscB.o)
                0x00003410                __fp_pscB
 .text.avr-libc.fplib
                0x0000341e       0x22 c:/program files (x86)/atmel/studio/7.0/toolchain/avr8/avr8-gnu-toolchain/bin/../lib/gcc/avr/5.4.0/../../../../avr/lib/avr5\libm.a(fp_round.o)
                0x0000341e                __fp_round
 .text.avr-libc.fplib
                0x00003440       0x44 c:/program files (x86)/atmel/studio/7.0/toolchain/avr8/avr8-gnu-toolchain/bin/../lib/gcc/avr/5.4.0/../../../../avr/lib/avr5\libm.a(fp_split3.o)
                0x00003440                __fp_split3
                0x00003450                __fp_splitA
 .text.avr-libc.fplib
                0x00003484        0xe c:/program files (x86)/atmel/studio/7.0/toolchain/avr8/avr8-gnu-toolchain/bin/../lib/gcc/avr/5.4.0/../../../../avr/lib/avr5\libm.a(fp_zero.o)
                0x00003484                __fp_zero
                0x00003486                __fp_szero
 .text.avr-libc.fplib
                0x00003492        0x8 c:/program files (x86)/atmel/studio/7.0/toolchain/avr8/avr8-gnu-toolchain/bin/../lib/gcc/avr/5.4.0/../../../../avr/lib/avr5\libm.a(mulsf3.o)
                0x00003492                __mulsf3
 .text.avr-libc.fplib
                0x0000349a       0xd2 c:/program files (x86)/atmel/studio/7.0/toolchain/avr8/avr8-gnu-toolchain/bin/../lib/gcc/avr/5.4.0/../../../../avr/lib/avr5\libm.a(mulsf3x.o)
                0x000034b8                __mulsf3x
                0x000034be                __mulsf3_pse
 .text.libgcc.mul
                0x0000356c       0x20 c:/program files (x86)/atmel/studio/7.0/toolchain/avr8/avr8-gnu-toolchain/bin/../lib/gcc/avr/5.4.0/avr5\libgcc.a(_mulsi3.o)
                0x0000356c                __mulsi3
 .text.libgcc   0x0000358c        0xc c:/program files (x86)/atmel/studio/7.0/toolchain/avr8/avr8-gnu-toolchain/bin/../lib/gcc/avr/5.4.0/avr5\libgcc.a(_tablejump2.o)
                0x0000358c                __tablejump2__
 .text.libgcc.mul
                0x00003598       0x16 c:/program files (x86)/atmel/studio/7.0/toolchain/avr8/avr8-gnu-toolchain/bin/../lib/gcc/avr/5.4.0/avr5\libgcc.a(_muluhisi3.o)
                0x00003598                __muluhisi3
 .text.libgcc.mul
                0x000035ae       0x10 c:/program files (x86)/atmel/studio/7.0/toolchain/avr8/avr8-gnu-toolchain/bin/../lib/gcc/avr/5.4.0/avr5\libgcc.a(_mulshisi3.o)
                0x000035ae                __mulshisi3
                0x000035b4                __mulohisi3
 .text.libgcc.mul
                0x000035be       0x1e c:/program files (x86)/atmel/studio/7.0/toolchain/avr8/avr8-gnu-toolchain/bin/../lib/gcc/avr/5.4.0/avr5\libgcc.a(_umulhisi3.o)
                0x000035be                __umulhisi3
 .text.avr-libc
                0x000035dc       0x16 c:/program files (x86)/atmel/studio/7.0/toolchain/avr8/avr8-gnu-toolchain/bin/../lib/gcc/avr/5.4.0/../../../../avr/lib/avr5\libc.a(itoa_ncheck.o)
                0x000035dc                __itoa_ncheck
 .text.avr-libc
                0x000035f2       0x34 c:/program files (x86)/atmel/studio/7.0/toolchain/avr8/avr8-gnu-toolchain/bin/../lib/gcc/avr/5.4.0/../../../../avr/lib/avr5\libc.a(utoa_ncheck.o)
                0x000035f2                __utoa_ncheck
                0x000035f4                __utoa_common
 .text.avr-libc
                0x00003626       0x20 c:/program files (x86)/atmel/studio/7.0/toolchain/avr8/avr8-gnu-toolchain/bin/../lib/gcc/avr/5.4.0/../../../../avr/lib/avr5\libc.a(strrev.o)
                0x00003626                strrev
 .text.avr-libc
                0x00003646       0x10 C:/Program Files (x86)/Atmel/Studio/7.0/Packs/atmel/ATmega_DFP/1.2.209/gcc/dev/atmega64a/avr5\libatmega64a.a(eerd_byte.o)
                0x00003646                eeprom_read_byte
 .text.avr-libc
                0x00003656        0xc C:/Program Files (x86)/Atmel/Studio/7.0/Packs/atmel/ATmega_DFP/1.2.209/gcc/dev/atmega64a/avr5\libatmega64a.a(eerd_word.o)
                0x00003656                eeprom_read_word
 .text.avr-libc
                0x00003662       0x22 C:/Program Files (x86)/Atmel/Studio/7.0/Packs/atmel/ATmega_DFP/1.2.209/gcc/dev/atmega64a/avr5\libatmega64a.a(eeupd_byte.o)
                0x00003662                eeprom_update_byte
                0x00003664                eeprom_update_r18
 .text.avr-libc
                0x00003684        0xc C:/Program Files (x86)/Atmel/Studio/7.0/Packs/atmel/ATmega_DFP/1.2.209/gcc/dev/atmega64a/avr5\libatmega64a.a(eeupd_word.o)
                0x00003684                eeprom_update_word
 .text.avr-libc
                0x00003690       0x20 C:/Program Files (x86)/Atmel/Studio/7.0/Packs/atmel/ATmega_DFP/1.2.209/gcc/dev/atmega64a/avr5\libatmega64a.a(eerd_block.o)
                0x00003690                eeprom_read_block
                0x00003694                eeprom_read_blraw
                0x000036b0                . = ALIGN (0x2)
 *(.fini9)
 .fini9         0x000036b0        0x0 c:/program files (x86)/atmel/studio/7.0/toolchain/avr8/avr8-gnu-toolchain/bin/../lib/gcc/avr/5.4.0/avr5\libgcc.a(_exit.o)
                0x000036b0                _exit
                0x000036b0                exit
 *(.fini9)
 *(.fini8)
 *(.fini8)
 *(.fini7)
 *(.fini7)
 *(.fini6)
 *(.fini6)
 *(.fini5)
 *(.fini5)
 *(.fini4)
 *(.fini4)
 *(.fini3)
 *(.fini3)
 *(.fini2)
 *(.fini2)
 *(.fini1)
 *(.fini1)
 *(.fini0)
 .fini0         0x000036b0        0x4 c:/program files (x86)/atmel/studio/7.0/toolchain/avr8/avr8-gnu-toolchain/bin/../lib/gcc/avr/5.4.0/avr5\libgcc.a(_exit.o)
 *(.fini0)
                0x000036b4                _etext = .

.data           0x00800100      0x36c load address 0x000036b4
                0x00800100                PROVIDE (__data_start, .)
 *(.data)
 *(.data*)
 .data.display.2848
                0x00800100        0x1 main.o
 .data.GarageSensorID
                0x00800101        0x1 main.o
                0x00800101                GarageSensorID
 .data.BufferSensorID
                0x00800102        0x1 main.o
                0x00800102                BufferSensorID
 .data.ForwardHeatTemp
                0x00800103        0x1 main.o
                0x00800103                ForwardHeatTemp
 .data.PumpPlusTime
                0x00800104        0x2 main.o
                0x00800104                PumpPlusTime
 .data.MenuTimer
                0x00800106        0x1 main.o
                0x00800106                MenuTimer
 .data.menu_buttons
                0x00800107       0x14 MENU/menu.o
 .data.current_state
                0x0080011b        0x2 MENU/menu.o
 .data.menu_states
                0x0080011d       0x23 MENU/menu.o
 .data.home_items
                0x00800140       0x36 MENU/menu_items.o
 .data.SYSPARAM_submenu
                0x00800176       0x24 MENU/menu_items.o
 .data.RELAYS_submenu
                0x0080019a       0x36 MENU/menu_items.o
 .data.GARAGE_submenu
                0x008001d0       0x24 MENU/menu_items.o
 .data.BUFFER_submenu
                0x008001f4       0x1b MENU/menu_items.o
 .data.DHW_submenu
                0x0080020f       0x24 MENU/menu_items.o
 .data.BME280_submenu
                0x00800233       0x1b MENU/menu_items.o
 *(.gnu.linkonce.d*)
 *(.rodata)
 .rodata        0x0080024e       0x24 Utils/ftoa.o
 *(.rodata*)
 .rodata.str1.1
                0x00800272       0x5a main.o
 .rodata.str1.1
                0x008002cc      0x19f MENU/menu_items.o
                                0x1a4 (size before relaxing)
 *(.gnu.linkonce.r*)
                0x0080046c                . = ALIGN (0x2)
 *fill*         0x0080046b        0x1 
                0x0080046c                _edata = .
                0x0080046c                PROVIDE (__data_end, .)

.bss            0x0080046c      0x126
                0x0080046c                PROVIDE (__bss_start, .)
 *(.bss)
 *(.bss*)
 .bss.pumpplustime.2901
                0x0080046c        0x2 main.o
 .bss.Seconds   0x0080046e        0x1 main.o
                0x0080046e                Seconds
 .bss.Minute    0x0080046f        0x1 main.o
                0x0080046f                Minute
 .bss.Hour      0x00800470        0x1 main.o
                0x00800470                Hour
 .bss.DHWSensorID
                0x00800471        0x1 main.o
                0x00800471                DHWSensorID
 .bss.Relays    0x00800472        0x1 main.o
                0x00800472                Relays
 .bss.LCDBackLight
                0x00800473        0x1 main.o
                0x00800473                LCDBackLight
 .bss.DebugMode
                0x00800474        0x1 main.o
                0x00800474                DebugMode
 .bss.TimerState
                0x00800475        0x1 main.o
                0x00800475                TimerState
 .bss.TimerElapsed
                0x00800476        0x1 main.o
                0x00800476                TimerElapsed
 .bss.UART1_LastRxError
                0x00800477        0x1 UART/UART.o
 .bss.UART1_RxTail
                0x00800478        0x1 UART/UART.o
 .bss.UART1_RxHead
                0x00800479        0x1 UART/UART.o
 .bss.UART1_TxTail
                0x0080047a        0x1 UART/UART.o
 .bss.UART1_TxHead
                0x0080047b        0x1 UART/UART.o
 .bss.UART1_RxBuf
                0x0080047c       0x20 UART/UART.o
 .bss.UART1_TxBuf
                0x0080049c       0x20 UART/UART.o
 .bss.UART_LastRxError
                0x008004bc        0x1 UART/UART.o
 .bss.UART_RxTail
                0x008004bd        0x1 UART/UART.o
 .bss.UART_RxHead
                0x008004be        0x1 UART/UART.o
 .bss.UART_TxTail
                0x008004bf        0x1 UART/UART.o
 .bss.UART_TxHead
                0x008004c0        0x1 UART/UART.o
 .bss.UART_RxBuf
                0x008004c1       0x20 UART/UART.o
 .bss.UART_TxBuf
                0x008004e1       0x20 UART/UART.o
 *(COMMON)
 COMMON         0x00800501       0x25 BME280/bme280.o
                0x00800501                _bme280_calib
                0x00800522                t_fine
 COMMON         0x00800526        0x7 DS18B20/onewire.o
                0x00800526                OW_OUT
                0x00800528                OW_PIN_MASK
                0x00800529                OW_IN
                0x0080052b                OW_DDR
 COMMON         0x0080052d       0x65 main.o
                0x0080052d                GarageTempDesired
                0x0080052e                BME280Temp
                0x00800532                BME280Humid
                0x00800536                SwitchOnOutdoorTempMin
                0x00800538                GarageTempActualFracBuf
                0x0080053b                nSensors
                0x0080053c                DHWTempMin
                0x0080053d                DHWTempActualBuf
                0x00800541                DHWTempDesired
                0x00800542                GarageTempActual
                0x00800543                GarageTempMin
                0x00800544                DHWTempActual
                0x00800545                BufferTempActualBuf
                0x00800549                BME280TempBuf
                0x0080054f                BufferTempActualFracBuf
                0x00800552                DHWTempActualFracBuf
                0x00800555                BME280HumidBuf
                0x0080055b                gSensorIDs
                0x0080058b                BME280TempUint
                0x0080058d                BufferTempActual
                0x0080058e                GarageTempActualBuf
                0x00800592                PROVIDE (__bss_end, .)
                0x000036b4                __data_load_start = LOADADDR (.data)
                0x00003a20                __data_load_end = (__data_load_start + SIZEOF (.data))

.noinit         0x00800592        0x0
                [!provide]                PROVIDE (__noinit_start, .)
 *(.noinit*)
                [!provide]                PROVIDE (__noinit_end, .)
                0x00800592                _end = .
                [!provide]                PROVIDE (__heap_start, .)

.eeprom         0x00810000        0xf
 *(.eeprom*)
 .eeprom        0x00810000        0xf main.o
                0x00810000                eeGarageSensorID
                0x00810001                eeBufferSensorID
                0x00810002                eeDHWSensorID
                0x00810003                eeSwitchOnOutdoorTempMin
                0x00810005                eeGarageTempMin
                0x00810006                eeGarageTempDesired
                0x00810007                eeForwardHeatTemp
                0x00810008                eeDHWTempMin
                0x00810009                eeDHWTempDesired
                0x0081000a                eePumpPlusTime
                0x0081000c                eeLCDBackLight
                0x0081000d                eeMenuTimer
                0x0081000e                eeDebugMode
                0x0081000f                __eeprom_end = .

.fuse
 *(.fuse)
 *(.lfuse)
 *(.hfuse)
 *(.efuse)

.lock
 *(.lock*)

.signature
 *(.signature*)

.user_signatures
 *(.user_signatures*)

.stab
 *(.stab)

.stabstr
 *(.stabstr)

.stab.excl
 *(.stab.excl)

.stab.exclstr
 *(.stab.exclstr)

.stab.index
 *(.stab.index)

.stab.indexstr
 *(.stab.indexstr)

.comment        0x00000000       0x30
 *(.comment)
 .comment       0x00000000       0x30 BME280/bme280.o
                                 0x31 (size before relaxing)
 .comment       0x00000030       0x31 DS18B20/crc8.o
 .comment       0x00000030       0x31 DS18B20/ds18x20.o
 .comment       0x00000030       0x31 DS18B20/onewire.o
 .comment       0x00000030       0x31 I2C/i2c_master.o
 .comment       0x00000030       0x31 LCD/lcd.o
 .comment       0x00000030       0x31 main.o
 .comment       0x00000030       0x31 MENU/menu.o
 .comment       0x00000030       0x31 MENU/menu_items.o
 .comment       0x00000030       0x31 MENU/menu_portsio.o
 .comment       0x00000030       0x31 SPI/spi.o
 .comment       0x00000030       0x31 UART/UART.o
 .comment       0x00000030       0x31 Utils/ftoa.o

.note.gnu.avr.deviceinfo
                0x00000000       0x3c
 .note.gnu.avr.deviceinfo
                0x00000000       0x3c C:/Program Files (x86)/Atmel/Studio/7.0/Packs/atmel/ATmega_DFP/1.2.209/gcc/dev/atmega64a/avr5/crtatmega64a.o

.note.gnu.build-id
 *(.note.gnu.build-id)

.debug
 *(.debug)

.line
 *(.line)

.debug_srcinfo
 *(.debug_srcinfo)

.debug_sfnames
 *(.debug_sfnames)

.debug_aranges  0x00000000      0x678
 *(.debug_aranges)
 .debug_aranges
                0x00000000       0x78 BME280/bme280.o
 .debug_aranges
                0x00000078       0x20 DS18B20/crc8.o
 .debug_aranges
                0x00000098       0x60 DS18B20/ds18x20.o
 .debug_aranges
                0x000000f8       0x68 DS18B20/onewire.o
 .debug_aranges
                0x00000160       0x68 I2C/i2c_master.o
 .debug_aranges
                0x000001c8       0xc8 LCD/lcd.o
 .debug_aranges
                0x00000290       0x58 main.o
 .debug_aranges
                0x000002e8       0x38 MENU/menu.o
 .debug_aranges
                0x00000320      0x1a8 MENU/menu_items.o
 .debug_aranges
                0x000004c8       0x20 MENU/menu_portsio.o
 .debug_aranges
                0x000004e8       0x30 SPI/spi.o
 .debug_aranges
                0x00000518       0xa0 UART/UART.o
 .debug_aranges
                0x000005b8       0x20 Utils/ftoa.o
 .debug_aranges
                0x000005d8       0x20 C:/Program Files (x86)/Atmel/Studio/7.0/Packs/atmel/ATmega_DFP/1.2.209/gcc/dev/atmega64a/avr5\libatmega64a.a(eerd_byte.o)
 .debug_aranges
                0x000005f8       0x20 C:/Program Files (x86)/Atmel/Studio/7.0/Packs/atmel/ATmega_DFP/1.2.209/gcc/dev/atmega64a/avr5\libatmega64a.a(eerd_word.o)
 .debug_aranges
                0x00000618       0x20 C:/Program Files (x86)/Atmel/Studio/7.0/Packs/atmel/ATmega_DFP/1.2.209/gcc/dev/atmega64a/avr5\libatmega64a.a(eeupd_byte.o)
 .debug_aranges
                0x00000638       0x20 C:/Program Files (x86)/Atmel/Studio/7.0/Packs/atmel/ATmega_DFP/1.2.209/gcc/dev/atmega64a/avr5\libatmega64a.a(eeupd_word.o)
 .debug_aranges
                0x00000658       0x20 C:/Program Files (x86)/Atmel/Studio/7.0/Packs/atmel/ATmega_DFP/1.2.209/gcc/dev/atmega64a/avr5\libatmega64a.a(eerd_block.o)

.debug_pubnames
 *(.debug_pubnames)

.debug_info     0x00000000     0x7a01
 *(.debug_info .gnu.linkonce.wi.*)
 .debug_info    0x00000000      0x780 C:/Program Files (x86)/Atmel/Studio/7.0/Packs/atmel/ATmega_DFP/1.2.209/gcc/dev/atmega64a/avr5/crtatmega64a.o
 .debug_info    0x00000780      0xb20 BME280/bme280.o
 .debug_info    0x000012a0      0x106 DS18B20/crc8.o
 .debug_info    0x000013a6      0x60f DS18B20/ds18x20.o
 .debug_info    0x000019b5      0x499 DS18B20/onewire.o
 .debug_info    0x00001e4e      0x3fe I2C/i2c_master.o
 .debug_info    0x0000224c      0xa38 LCD/lcd.o
 .debug_info    0x00002c84     0x17b3 main.o
 .debug_info    0x00004437      0x785 MENU/menu.o
 .debug_info    0x00004bbc     0x1ff5 MENU/menu_items.o
 .debug_info    0x00006bb1       0x9a MENU/menu_portsio.o
 .debug_info    0x00006c4b       0xce SPI/spi.o
 .debug_info    0x00006d19      0x753 UART/UART.o
 .debug_info    0x0000746c      0x23b Utils/ftoa.o
 .debug_info    0x000076a7       0xab C:/Program Files (x86)/Atmel/Studio/7.0/Packs/atmel/ATmega_DFP/1.2.209/gcc/dev/atmega64a/avr5\libatmega64a.a(eerd_byte.o)
 .debug_info    0x00007752       0xab C:/Program Files (x86)/Atmel/Studio/7.0/Packs/atmel/ATmega_DFP/1.2.209/gcc/dev/atmega64a/avr5\libatmega64a.a(eerd_word.o)
 .debug_info    0x000077fd       0xac C:/Program Files (x86)/Atmel/Studio/7.0/Packs/atmel/ATmega_DFP/1.2.209/gcc/dev/atmega64a/avr5\libatmega64a.a(eeupd_byte.o)
 .debug_info    0x000078a9       0xac C:/Program Files (x86)/Atmel/Studio/7.0/Packs/atmel/ATmega_DFP/1.2.209/gcc/dev/atmega64a/avr5\libatmega64a.a(eeupd_word.o)
 .debug_info    0x00007955       0xac C:/Program Files (x86)/Atmel/Studio/7.0/Packs/atmel/ATmega_DFP/1.2.209/gcc/dev/atmega64a/avr5\libatmega64a.a(eerd_block.o)

.debug_abbrev   0x00000000     0x1dc2
 *(.debug_abbrev)
 .debug_abbrev  0x00000000      0x718 C:/Program Files (x86)/Atmel/Studio/7.0/Packs/atmel/ATmega_DFP/1.2.209/gcc/dev/atmega64a/avr5/crtatmega64a.o
 .debug_abbrev  0x00000718      0x1fb BME280/bme280.o
 .debug_abbrev  0x00000913       0x8b DS18B20/crc8.o
 .debug_abbrev  0x0000099e      0x186 DS18B20/ds18x20.o
 .debug_abbrev  0x00000b24      0x1b9 DS18B20/onewire.o
 .debug_abbrev  0x00000cdd      0x14c I2C/i2c_master.o
 .debug_abbrev  0x00000e29      0x2c6 LCD/lcd.o
 .debug_abbrev  0x000010ef      0x2e6 main.o
 .debug_abbrev  0x000013d5      0x246 MENU/menu.o
 .debug_abbrev  0x0000161b      0x2f6 MENU/menu_items.o
 .debug_abbrev  0x00001911       0x6b MENU/menu_portsio.o
 .debug_abbrev  0x0000197c       0x87 SPI/spi.o
 .debug_abbrev  0x00001a03      0x1e1 UART/UART.o
 .debug_abbrev  0x00001be4      0x17a Utils/ftoa.o
 .debug_abbrev  0x00001d5e       0x14 C:/Program Files (x86)/Atmel/Studio/7.0/Packs/atmel/ATmega_DFP/1.2.209/gcc/dev/atmega64a/avr5\libatmega64a.a(eerd_byte.o)
 .debug_abbrev  0x00001d72       0x14 C:/Program Files (x86)/Atmel/Studio/7.0/Packs/atmel/ATmega_DFP/1.2.209/gcc/dev/atmega64a/avr5\libatmega64a.a(eerd_word.o)
 .debug_abbrev  0x00001d86       0x14 C:/Program Files (x86)/Atmel/Studio/7.0/Packs/atmel/ATmega_DFP/1.2.209/gcc/dev/atmega64a/avr5\libatmega64a.a(eeupd_byte.o)
 .debug_abbrev  0x00001d9a       0x14 C:/Program Files (x86)/Atmel/Studio/7.0/Packs/atmel/ATmega_DFP/1.2.209/gcc/dev/atmega64a/avr5\libatmega64a.a(eeupd_word.o)
 .debug_abbrev  0x00001dae       0x14 C:/Program Files (x86)/Atmel/Studio/7.0/Packs/atmel/ATmega_DFP/1.2.209/gcc/dev/atmega64a/avr5\libatmega64a.a(eerd_block.o)

.debug_line     0x00000000     0x3b40
 *(.debug_line .debug_line.* .debug_line_end)
 .debug_line    0x00000000      0x169 C:/Program Files (x86)/Atmel/Studio/7.0/Packs/atmel/ATmega_DFP/1.2.209/gcc/dev/atmega64a/avr5/crtatmega64a.o
 .debug_line    0x00000169      0x463 BME280/bme280.o
 .debug_line    0x000005cc       0xf1 DS18B20/crc8.o
 .debug_line    0x000006bd      0x397 DS18B20/ds18x20.o
 .debug_line    0x00000a54      0x36e DS18B20/onewire.o
 .debug_line    0x00000dc2      0x318 I2C/i2c_master.o
 .debug_line    0x000010da      0x727 LCD/lcd.o
 .debug_line    0x00001801      0x86e main.o
 .debug_line    0x0000206f      0x3b5 MENU/menu.o
 .debug_line    0x00002424      0xd84 MENU/menu_items.o
 .debug_line    0x000031a8       0xb2 MENU/menu_portsio.o
 .debug_line    0x0000325a      0x10c SPI/spi.o
 .debug_line    0x00003366      0x451 UART/UART.o
 .debug_line    0x000037b7       0xeb Utils/ftoa.o
 .debug_line    0x000038a2       0x7a C:/Program Files (x86)/Atmel/Studio/7.0/Packs/atmel/ATmega_DFP/1.2.209/gcc/dev/atmega64a/avr5\libatmega64a.a(eerd_byte.o)
 .debug_line    0x0000391c       0x67 C:/Program Files (x86)/Atmel/Studio/7.0/Packs/atmel/ATmega_DFP/1.2.209/gcc/dev/atmega64a/avr5\libatmega64a.a(eerd_word.o)
 .debug_line    0x00003983       0xb0 C:/Program Files (x86)/Atmel/Studio/7.0/Packs/atmel/ATmega_DFP/1.2.209/gcc/dev/atmega64a/avr5\libatmega64a.a(eeupd_byte.o)
 .debug_line    0x00003a33       0x62 C:/Program Files (x86)/Atmel/Studio/7.0/Packs/atmel/ATmega_DFP/1.2.209/gcc/dev/atmega64a/avr5\libatmega64a.a(eeupd_word.o)
 .debug_line    0x00003a95       0xab C:/Program Files (x86)/Atmel/Studio/7.0/Packs/atmel/ATmega_DFP/1.2.209/gcc/dev/atmega64a/avr5\libatmega64a.a(eerd_block.o)

.debug_frame    0x00000000     0x10d4
 *(.debug_frame)
 .debug_frame   0x00000000      0x1f8 BME280/bme280.o
 .debug_frame   0x000001f8       0x24 DS18B20/crc8.o
 .debug_frame   0x0000021c      0x194 DS18B20/ds18x20.o
 .debug_frame   0x000003b0      0x100 DS18B20/onewire.o
 .debug_frame   0x000004b0      0x15c I2C/i2c_master.o
 .debug_frame   0x0000060c      0x1f8 LCD/lcd.o
 .debug_frame   0x00000804       0xfc main.o
 .debug_frame   0x00000900       0xc0 MENU/menu.o
 .debug_frame   0x000009c0      0x434 MENU/menu_items.o
 .debug_frame   0x00000df4       0x24 MENU/menu_portsio.o
 .debug_frame   0x00000e18       0x44 SPI/spi.o
 .debug_frame   0x00000e5c      0x1f4 UART/UART.o
 .debug_frame   0x00001050       0x84 Utils/ftoa.o

.debug_str      0x00000000     0x1a1f
 *(.debug_str)
 .debug_str     0x00000000      0x27e C:/Program Files (x86)/Atmel/Studio/7.0/Packs/atmel/ATmega_DFP/1.2.209/gcc/dev/atmega64a/avr5/crtatmega64a.o
 .debug_str     0x0000027e      0x5c2 BME280/bme280.o
                                0x612 (size before relaxing)
 .debug_str     0x00000840       0x5b DS18B20/crc8.o
                                0x1b8 (size before relaxing)
 .debug_str     0x0000089b      0x19d DS18B20/ds18x20.o
                                0x313 (size before relaxing)
 .debug_str     0x00000a38       0x7a DS18B20/onewire.o
                                0x242 (size before relaxing)
 .debug_str     0x00000ab2       0x6c I2C/i2c_master.o
                                0x208 (size before relaxing)
 .debug_str     0x00000b1e      0x18e LCD/lcd.o
                                0x2fe (size before relaxing)
 .debug_str     0x00000cac      0x394 main.o
                                0x7b7 (size before relaxing)
 .debug_str     0x00001040      0x218 MENU/menu.o
                                0x450 (size before relaxing)
 .debug_str     0x00001258      0x5d6 MENU/menu_items.o
                                0xacc (size before relaxing)
 .debug_str     0x0000182e       0x33 MENU/menu_portsio.o
                                0x192 (size before relaxing)
 .debug_str     0x00001861        0xd SPI/spi.o
                                0x183 (size before relaxing)
 .debug_str     0x0000186e      0x187 UART/UART.o
                                0x36a (size before relaxing)
 .debug_str     0x000019f5       0x2a Utils/ftoa.o
                                0x1b9 (size before relaxing)

.debug_loc      0x00000000     0x597b
 *(.debug_loc)
 .debug_loc     0x00000000      0x949 BME280/bme280.o
 .debug_loc     0x00000949      0x1c0 DS18B20/crc8.o
 .debug_loc     0x00000b09      0x83d DS18B20/ds18x20.o
 .debug_loc     0x00001346      0x4cc DS18B20/onewire.o
 .debug_loc     0x00001812      0x6b8 I2C/i2c_master.o
 .debug_loc     0x00001eca      0xab9 LCD/lcd.o
 .debug_loc     0x00002983      0x3ae main.o
 .debug_loc     0x00002d31      0x3b1 MENU/menu.o
 .debug_loc     0x000030e2     0x1d36 MENU/menu_items.o
 .debug_loc     0x00004e18       0x21 SPI/spi.o
 .debug_loc     0x00004e39      0x770 UART/UART.o
 .debug_loc     0x000055a9      0x3d2 Utils/ftoa.o

.debug_macinfo
 *(.debug_macinfo)

.debug_weaknames
 *(.debug_weaknames)

.debug_funcnames
 *(.debug_funcnames)

.debug_typenames
 *(.debug_typenames)

.debug_varnames
 *(.debug_varnames)

.debug_pubtypes
 *(.debug_pubtypes)

.debug_ranges   0x00000000      0x638
 *(.debug_ranges)
 .debug_ranges  0x00000000       0x68 BME280/bme280.o
 .debug_ranges  0x00000068       0x10 DS18B20/crc8.o
 .debug_ranges  0x00000078       0x50 DS18B20/ds18x20.o
 .debug_ranges  0x000000c8       0x58 DS18B20/onewire.o
 .debug_ranges  0x00000120       0x88 I2C/i2c_master.o
 .debug_ranges  0x000001a8      0x100 LCD/lcd.o
 .debug_ranges  0x000002a8       0x48 main.o
 .debug_ranges  0x000002f0       0xb0 MENU/menu.o
 .debug_ranges  0x000003a0      0x198 MENU/menu_items.o
 .debug_ranges  0x00000538       0x10 MENU/menu_portsio.o
 .debug_ranges  0x00000548       0x20 SPI/spi.o
 .debug_ranges  0x00000568       0xc0 UART/UART.o
 .debug_ranges  0x00000628       0x10 Utils/ftoa.o

.debug_macro
 *(.debug_macro)
OUTPUT(futes_vezerlo.elf elf32-avr)
LOAD linker stubs
