Archive member included to satisfy reference by file (symbol)

c:/program files (x86)/atmel/studio/7.0/toolchain/avr8/avr8-gnu-toolchain/bin/../lib/gcc/avr/5.4.0/../../../../avr/lib/avr5\libm.a(addsf3.o)
                              BME280/bme280.o (__subsf3)
c:/program files (x86)/atmel/studio/7.0/toolchain/avr8/avr8-gnu-toolchain/bin/../lib/gcc/avr/5.4.0/../../../../avr/lib/avr5\libm.a(addsf3x.o)
                              c:/program files (x86)/atmel/studio/7.0/toolchain/avr8/avr8-gnu-toolchain/bin/../lib/gcc/avr/5.4.0/../../../../avr/lib/avr5\libm.a(addsf3.o) (__addsf3x)
c:/program files (x86)/atmel/studio/7.0/toolchain/avr8/avr8-gnu-toolchain/bin/../lib/gcc/avr/5.4.0/../../../../avr/lib/avr5\libm.a(divsf3.o)
                              BME280/bme280.o (__divsf3)
c:/program files (x86)/atmel/studio/7.0/toolchain/avr8/avr8-gnu-toolchain/bin/../lib/gcc/avr/5.4.0/../../../../avr/lib/avr5\libm.a(divsf3x.o)
                              c:/program files (x86)/atmel/studio/7.0/toolchain/avr8/avr8-gnu-toolchain/bin/../lib/gcc/avr/5.4.0/../../../../avr/lib/avr5\libm.a(divsf3.o) (__divsf3x)
c:/program files (x86)/atmel/studio/7.0/toolchain/avr8/avr8-gnu-toolchain/bin/../lib/gcc/avr/5.4.0/../../../../avr/lib/avr5\libm.a(fixsfsi.o)
                              MAX31865/max31865.o (__fixsfsi)
c:/program files (x86)/atmel/studio/7.0/toolchain/avr8/avr8-gnu-toolchain/bin/../lib/gcc/avr/5.4.0/../../../../avr/lib/avr5\libm.a(fixunssfsi.o)
                              main.o (__fixunssfsi)
c:/program files (x86)/atmel/studio/7.0/toolchain/avr8/avr8-gnu-toolchain/bin/../lib/gcc/avr/5.4.0/../../../../avr/lib/avr5\libm.a(floatdisf.o)
                              BME280/bme280.o (__floatdisf)
c:/program files (x86)/atmel/studio/7.0/toolchain/avr8/avr8-gnu-toolchain/bin/../lib/gcc/avr/5.4.0/../../../../avr/lib/avr5\libm.a(floatsisf.o)
                              BME280/bme280.o (__floatunsisf)
c:/program files (x86)/atmel/studio/7.0/toolchain/avr8/avr8-gnu-toolchain/bin/../lib/gcc/avr/5.4.0/../../../../avr/lib/avr5\libm.a(floatundisf.o)
                              c:/program files (x86)/atmel/studio/7.0/toolchain/avr8/avr8-gnu-toolchain/bin/../lib/gcc/avr/5.4.0/../../../../avr/lib/avr5\libm.a(floatdisf.o) (__fp_di2sf)
c:/program files (x86)/atmel/studio/7.0/toolchain/avr8/avr8-gnu-toolchain/bin/../lib/gcc/avr/5.4.0/../../../../avr/lib/avr5\libm.a(fp_inf.o)
                              c:/program files (x86)/atmel/studio/7.0/toolchain/avr8/avr8-gnu-toolchain/bin/../lib/gcc/avr/5.4.0/../../../../avr/lib/avr5\libm.a(addsf3x.o) (__fp_inf)
c:/program files (x86)/atmel/studio/7.0/toolchain/avr8/avr8-gnu-toolchain/bin/../lib/gcc/avr/5.4.0/../../../../avr/lib/avr5\libm.a(fp_nan.o)
                              c:/program files (x86)/atmel/studio/7.0/toolchain/avr8/avr8-gnu-toolchain/bin/../lib/gcc/avr/5.4.0/../../../../avr/lib/avr5\libm.a(addsf3x.o) (__fp_nan)
c:/program files (x86)/atmel/studio/7.0/toolchain/avr8/avr8-gnu-toolchain/bin/../lib/gcc/avr/5.4.0/../../../../avr/lib/avr5\libm.a(fp_negdi.o)
                              c:/program files (x86)/atmel/studio/7.0/toolchain/avr8/avr8-gnu-toolchain/bin/../lib/gcc/avr/5.4.0/../../../../avr/lib/avr5\libm.a(floatdisf.o) (__fp_negdi)
c:/program files (x86)/atmel/studio/7.0/toolchain/avr8/avr8-gnu-toolchain/bin/../lib/gcc/avr/5.4.0/../../../../avr/lib/avr5\libm.a(fp_pscA.o)
                              c:/program files (x86)/atmel/studio/7.0/toolchain/avr8/avr8-gnu-toolchain/bin/../lib/gcc/avr/5.4.0/../../../../avr/lib/avr5\libm.a(addsf3x.o) (__fp_pscA)
c:/program files (x86)/atmel/studio/7.0/toolchain/avr8/avr8-gnu-toolchain/bin/../lib/gcc/avr/5.4.0/../../../../avr/lib/avr5\libm.a(fp_pscB.o)
                              c:/program files (x86)/atmel/studio/7.0/toolchain/avr8/avr8-gnu-toolchain/bin/../lib/gcc/avr/5.4.0/../../../../avr/lib/avr5\libm.a(addsf3x.o) (__fp_pscB)
c:/program files (x86)/atmel/studio/7.0/toolchain/avr8/avr8-gnu-toolchain/bin/../lib/gcc/avr/5.4.0/../../../../avr/lib/avr5\libm.a(fp_round.o)
                              c:/program files (x86)/atmel/studio/7.0/toolchain/avr8/avr8-gnu-toolchain/bin/../lib/gcc/avr/5.4.0/../../../../avr/lib/avr5\libm.a(addsf3.o) (__fp_round)
c:/program files (x86)/atmel/studio/7.0/toolchain/avr8/avr8-gnu-toolchain/bin/../lib/gcc/avr/5.4.0/../../../../avr/lib/avr5\libm.a(fp_split3.o)
                              c:/program files (x86)/atmel/studio/7.0/toolchain/avr8/avr8-gnu-toolchain/bin/../lib/gcc/avr/5.4.0/../../../../avr/lib/avr5\libm.a(addsf3x.o) (__fp_split3)
c:/program files (x86)/atmel/studio/7.0/toolchain/avr8/avr8-gnu-toolchain/bin/../lib/gcc/avr/5.4.0/../../../../avr/lib/avr5\libm.a(fp_zero.o)
                              c:/program files (x86)/atmel/studio/7.0/toolchain/avr8/avr8-gnu-toolchain/bin/../lib/gcc/avr/5.4.0/../../../../avr/lib/avr5\libm.a(addsf3x.o) (__fp_zero)
[...]
Memory Configuration

Name             Origin             Length             Attributes
text             0x00000000         0x00020000         xr
data             0x00800060         0x0000ffa0         rw !x
eeprom           0x00810000         0x00010000         rw !x
fuse             0x00820000         0x00000003         rw !x
lock             0x00830000         0x00000400         rw !x
signature        0x00840000         0x00000400         rw !x
user_signatures  0x00850000         0x00000400         rw !x
*default*        0x00000000         0xffffffff

Linker script and memory map

Address of section .data set to 0x800100
LOAD C:/Program Files (x86)/Atmel/Studio/7.0/Packs/atmel/ATmega_DFP/1.2.209/gcc/dev/atmega64a/avr5/crtatmega64a.o
LOAD BME280/bme280.o
LOAD DS18B20/crc8.o
LOAD DS18B20/delay.o
LOAD DS18B20/ds18x20.o
LOAD DS18B20/onewire.o
LOAD I2C/i2c_master.o
LOAD LCD/lcd.o
LOAD main.o
LOAD MAX31865/max31865.o
LOAD MENU/menu.o
LOAD MENU/menu_items.o
LOAD MENU/menu_portsio.o
LOAD SPI/spi.o
LOAD UART/UART.o
LOAD Utils/ftoa.o
START GROUP
LOAD c:/program files (x86)/atmel/studio/7.0/toolchain/avr8/avr8-gnu-toolchain/bin/../lib/gcc/avr/5.4.0/../../../../avr/lib/avr5\libm.a
END GROUP
START GROUP
LOAD c:/program files (x86)/atmel/studio/7.0/toolchain/avr8/avr8-gnu-toolchain/bin/../lib/gcc/avr/5.4.0/avr5\libgcc.a
LOAD c:/program files (x86)/atmel/studio/7.0/toolchain/avr8/avr8-gnu-toolchain/bin/../lib/gcc/avr/5.4.0/../../../../avr/lib/avr5\libm.a
LOAD c:/program files (x86)/atmel/studio/7.0/toolchain/avr8/avr8-gnu-toolchain/bin/../lib/gcc/avr/5.4.0/../../../../avr/lib/avr5\libc.a
LOAD C:/Program Files (x86)/Atmel/Studio/7.0/Packs/atmel/ATmega_DFP/1.2.209/gcc/dev/atmega64a/avr5\libatmega64a.a
END GROUP
                0x00020000                __TEXT_REGION_LENGTH__ = DEFINED (__TEXT_REGION_LENGTH__)?__TEXT_REGION_LENGTH__:0x20000
                0x0000ffa0                __DATA_REGION_LENGTH__ = DEFINED (__DATA_REGION_LENGTH__)?__DATA_REGION_LENGTH__:0xffa0
                0x00010000                __EEPROM_REGION_LENGTH__ = DEFINED (__EEPROM_REGION_LENGTH__)?__EEPROM_REGION_LENGTH__:0x10000
                [0x00000003]                __FUSE_REGION_LENGTH__ = DEFINED (__FUSE_REGION_LENGTH__)?__FUSE_REGION_LENGTH__:0x400
                0x00000400                __LOCK_REGION_LENGTH__ = DEFINED (__LOCK_REGION_LENGTH__)?__LOCK_REGION_LENGTH__:0x400
                0x00000400                __SIGNATURE_REGION_LENGTH__ = DEFINED (__SIGNATURE_REGION_LENGTH__)?__SIGNATURE_REGION_LENGTH__:0x400
                0x00000400                __USER_SIGNATURE_REGION_LENGTH__ = DEFINED (__USER_SIGNATURE_REGION_LENGTH__)?__USER_SIGNATURE_REGION_LENGTH__:0x400

.hash
 *(.hash)

.dynsym
 *(.dynsym)

.dynstr
 *(.dynstr)

.gnu.version
 *(.gnu.version)

.gnu.version_d
 *(.gnu.version_d)

.gnu.version_r
 *(.gnu.version_r)

.rel.init
 *(.rel.init)

.rela.init
 *(.rela.init)

.rel.text
 *(.rel.text)
 *(.rel.text.*)
 *(.rel.gnu.linkonce.t*)

.rela.text
 *(.rela.text)
 *(.rela.text.*)
 *(.rela.gnu.linkonce.t*)

.rel.fini
 *(.rel.fini)

.rela.fini
 *(.rela.fini)

.rel.rodata
 *(.rel.rodata)
 *(.rel.rodata.*)
 *(.rel.gnu.linkonce.r*)

.rela.rodata
 *(.rela.rodata)
 *(.rela.rodata.*)
 *(.rela.gnu.linkonce.r*)

.rel.data
 *(.rel.data)
 *(.rel.data.*)
 *(.rel.gnu.linkonce.d*)

.rela.data
 *(.rela.data)
 *(.rela.data.*)
 *(.rela.gnu.linkonce.d*)

.rel.ctors
 *(.rel.ctors)

.rela.ctors
 *(.rela.ctors)

.rel.dtors
 *(.rel.dtors)

.rela.dtors
 *(.rela.dtors)

.rel.got
 *(.rel.got)

.rela.got
 *(.rela.got)

.rel.bss
 *(.rel.bss)

.rela.bss
 *(.rela.bss)

.rel.plt
 *(.rel.plt)

.rela.plt
 *(.rela.plt)

.text           0x00000000     0x3b88
 *(.vectors)
 .vectors       0x00000000       0x8c C:/Program Files (x86)/Atmel/Studio/7.0/Packs/atmel/ATmega_DFP/1.2.209/gcc/dev/atmega64a/avr5/crtatmega64a.o
                0x00000000                __vector_default
                0x00000000                __vectors
 *(.vectors)
 *(.progmem.gcc*)
 .progmem.gcc_sw_table.lcd_putc_hu
                0x0000008c       0x78 LCD/lcd.o
                0x00000104                . = ALIGN (0x2)
                0x00000104                __trampolines_start = .
 *(.trampolines)
 .trampolines   0x00000104        0x0 linker stubs
 *(.trampolines*)
                0x00000104                __trampolines_end = .
 *libprintf_flt.a:*(.progmem.data)
 *libc.a:*(.progmem.data)
 *(.progmem*)
 .progmem.data.__c.2398
                0x00000104       0x1c BME280/bme280.o
 .progmem.data.magyar_betuk
                0x00000120       0x38 LCD/lcd.o
 .progmem.data.__c.3011
                0x00000158        0x4 main.o
 .progmem.data.__c.3009
                0x0000015c        0xa main.o
 .progmem.data.__c.3007
                0x00000166       0x12 main.o
 .progmem.data.__c.3005
                0x00000178        0x7 main.o
 .progmem.data.__c.3003
                0x0000017f       0x13 main.o
 .progmem.data.__c.3001
                0x00000192        0xf main.o
 .progmem.data.__c.2999
                0x000001a1        0xc main.o
 .progmem.data.__c.2993
                0x000001ad       0x14 main.o
 .progmem.data.__c.2991
                0x000001c1       0x14 main.o
 .progmem.data.__c.2977
                0x000001d5        0xb main.o
 .progmem.data.__c.2974
                0x000001e0       0x11 main.o
 .progmem.data.__c.2972
                0x000001f1       0x12 main.o
 .progmem.data.__c.2963
                0x00000203       0x41 main.o
 .progmem.data.__c.2961
                0x00000244       0x1a main.o
 .progmem.data.__c.2959
                0x0000025e       0x18 main.o
 .progmem.data.__c.2957
                0x00000276       0x19 main.o
 .progmem.data.__c.2955
                0x0000028f       0x17 main.o
 .progmem.data.__c.2953
                0x000002a6       0x30 main.o
 .progmem.data.__c.2951
                0x000002d6       0x2e main.o
 .progmem.data.__c.2949
                0x00000304       0x17 main.o
 .progmem.data.__c.2947
                0x0000031b       0x21 main.o
 .progmem.data.__c.2945
                0x0000033c       0x1e main.o
 .progmem.data.__c.2938
                0x0000035a        0xb main.o
 .progmem.data.__c.2936
                0x00000365        0xd main.o
 .progmem.data.__c.2934
                0x00000372        0xa main.o
 .progmem.data.__c.2932
                0x0000037c        0x2 main.o
 .progmem.data.__c.2930
                0x0000037e        0xc main.o
 .progmem.data.__c.2928
                0x0000038a        0x3 main.o
 .progmem.data.__c.2926
                0x0000038d        0x7 main.o
 .progmem.data.__c.2924
                0x00000394        0x3 main.o
 .progmem.data.__c.2922
                0x00000397        0x2 main.o
 .progmem.data.__c.2920
                0x00000399        0x8 main.o
 .progmem.data.__c.2918
                0x000003a1        0x3 main.o
 .progmem.data.__c.2916
                0x000003a4        0x2 main.o
 .progmem.data.__c.2914
                0x000003a6        0x8 main.o
 .progmem.data.__c.2912
                0x000003ae        0x2 main.o
 .progmem.data.__c.2910
                0x000003b0        0x3 main.o
 .progmem.data.__c.2908
                0x000003b3        0x2 main.o
 .progmem.data.__c.2906
                0x000003b5        0x5 main.o
 .progmem.data.__c.2900
                0x000003ba        0x2 main.o
 .progmem.data.__c.2898
                0x000003bc        0x2 main.o
 .progmem.data.__c.2891
                0x000003be        0x4 main.o
 .progmem.data.__c.2889
                0x000003c2       0x12 main.o
 .progmem.data.__c.2885
                0x000003d4        0x4 main.o
 .progmem.data.__c.2883
                0x000003d8       0x15 main.o
 .progmem.data.magyar_betuk
                0x000003ed       0x38 main.o
 .progmem.data.__c.2791
                0x00000425        0x5 MENU/menu_items.o
 .progmem.data.__c.2776
                0x0000042a        0x4 MENU/menu_items.o
 .progmem.data.__c.2761
                0x0000042e       0x14 MENU/menu_items.o
 .progmem.data.__c.2746
                0x00000442        0xb MENU/menu_items.o
 .progmem.data.__c.2731
                0x0000044d       0x12 MENU/menu_items.o
 .progmem.data.__c.2716
                0x0000045f        0xa MENU/menu_items.o
 .progmem.data.__c.2702
                0x00000469        0x3 MENU/menu_items.o
 .progmem.data.__c.2700
                0x0000046c        0x2 MENU/menu_items.o
 .progmem.data.__c.2698
                0x0000046e       0x10 MENU/menu_items.o
 .progmem.data.__c.2685
                0x0000047e        0x3 MENU/menu_items.o
 .progmem.data.__c.2683
                0x00000481        0x2 MENU/menu_items.o
 .progmem.data.__c.2681
                0x00000483        0xf MENU/menu_items.o
 .progmem.data.__c.2666
                0x00000492        0x3 MENU/menu_items.o
 .progmem.data.__c.2664
                0x00000495        0x3 MENU/menu_items.o
 .progmem.data.__c.2662
                0x00000498        0xc MENU/menu_items.o
 .progmem.data.__c.2648
                0x000004a4        0x3 MENU/menu_items.o
 .progmem.data.__c.2646
                0x000004a7        0x3 MENU/menu_items.o
 .progmem.data.__c.2644
                0x000004aa       0x11 MENU/menu_items.o
 .progmem.data.__c.2630
                0x000004bb        0x4 MENU/menu_items.o
 .progmem.data.__c.2628
                0x000004bf        0x7 MENU/menu_items.o
 .progmem.data.__c.2626
                0x000004c6       0x14 MENU/menu_items.o
 .progmem.data.__c.2612
                0x000004da        0x3 MENU/menu_items.o
 .progmem.data.__c.2610
                0x000004dd        0x3 MENU/menu_items.o
 .progmem.data.__c.2608
                0x000004e0        0xf MENU/menu_items.o
 .progmem.data.__c.2594
                0x000004ef        0x3 MENU/menu_items.o
 .progmem.data.__c.2592
                0x000004f2        0x3 MENU/menu_items.o
 .progmem.data.__c.2590
                0x000004f5       0x12 MENU/menu_items.o
 .progmem.data.__c.2576
                0x00000507        0x3 MENU/menu_items.o
 .progmem.data.__c.2574
                0x0000050a        0x3 MENU/menu_items.o
 .progmem.data.__c.2572
                0x0000050d       0x13 MENU/menu_items.o
 .progmem.data.__c.2556
                0x00000520       0x12 MENU/menu_items.o
 .progmem.data.__c.2542
                0x00000532       0x12 MENU/menu_items.o
 .progmem.data.__c.2527
                0x00000544        0xf MENU/menu_items.o
 .progmem.data.__c.2512
                0x00000553        0x3 MENU/menu_items.o
 .progmem.data.__c.2510
                0x00000556        0x2 MENU/menu_items.o
 .progmem.data.__c.2508
                0x00000558        0xf MENU/menu_items.o
 .progmem.data.__c.2492
                0x00000567       0x12 MENU/menu_items.o
 .progmem.data.__c.2478
                0x00000579        0xe MENU/menu_items.o
 .progmem.data.__c.2463
                0x00000587        0x3 MENU/menu_items.o
 .progmem.data.__c.2461
                0x0000058a        0x2 MENU/menu_items.o
 .progmem.data.__c.2459
                0x0000058c        0xf MENU/menu_items.o
 .progmem.data.__c.2442
                0x0000059b        0x8 MENU/menu_items.o
 .progmem.data.__c.2427
                0x000005a3        0x8 MENU/menu_items.o
 .progmem.data.__c.2412
                0x000005ab        0xf MENU/menu_items.o
 .progmem.data.__c.2398
                0x000005ba        0xc MENU/menu_items.o
 .progmem.data.__c.2383
                0x000005c6        0xf MENU/menu_items.o
 .progmem.data.__c.2368
                0x000005d5        0x3 MENU/menu_items.o
 .progmem.data.__c.2366
                0x000005d8        0x2 MENU/menu_items.o
 .progmem.data.__c.2364
                0x000005da        0xc MENU/menu_items.o
 .progmem.data.__c.2348
                0x000005e6        0xe MENU/menu_items.o
 .progmem.data.__c.2334
                0x000005f4        0xc MENU/menu_items.o
 .progmem.data.__c.2320
                0x00000600        0xb MENU/menu_items.o
                0x0000060c                . = ALIGN (0x2)
 *fill*         0x0000060b        0x1 
 *(.jumptables)
 *(.jumptables*)
 *(.lowtext)
 *(.lowtext*)
                0x0000060c                __ctors_start = .
 *(.ctors)
                0x0000060c                __ctors_end = .
                0x0000060c                __dtors_start = .
 *(.dtors)
                0x0000060c                __dtors_end = .
 SORT(*)(.ctors)
 SORT(*)(.dtors)
 *(.init0)
 .init0         0x0000060c        0x0 C:/Program Files (x86)/Atmel/Studio/7.0/Packs/atmel/ATmega_DFP/1.2.209/gcc/dev/atmega64a/avr5/crtatmega64a.o
                0x0000060c                __init
 *(.init0)
 *(.init1)
 *(.init1)
 *(.init2)
 .init2         0x0000060c        0xc C:/Program Files (x86)/Atmel/Studio/7.0/Packs/atmel/ATmega_DFP/1.2.209/gcc/dev/atmega64a/avr5/crtatmega64a.o
 *(.init2)
 *(.init3)
 *(.init3)
 *(.init4)
 .init4         0x00000618       0x16 c:/program files (x86)/atmel/studio/7.0/toolchain/avr8/avr8-gnu-toolchain/bin/../lib/gcc/avr/5.4.0/avr5\libgcc.a(_copy_data.o)
                0x00000618                __do_copy_data
 .init4         0x0000062e       0x10 c:/program files (x86)/atmel/studio/7.0/toolchain/avr8/avr8-gnu-toolchain/bin/../lib/gcc/avr/5.4.0/avr5\libgcc.a(_clear_bss.o)
                0x0000062e                __do_clear_bss
 *(.init4)
 *(.init5)
 *(.init5)
 *(.init6)
 *(.init6)
 *(.init7)
 *(.init7)
 *(.init8)
 *(.init8)
 *(.init9)
 .init9         0x0000063e        0x8 C:/Program Files (x86)/Atmel/Studio/7.0/Packs/atmel/ATmega_DFP/1.2.209/gcc/dev/atmega64a/avr5/crtatmega64a.o
 *(.init9)
 *(.text)
 .text          0x00000646        0x4 C:/Program Files (x86)/Atmel/Studio/7.0/Packs/atmel/ATmega_DFP/1.2.209/gcc/dev/atmega64a/avr5/crtatmega64a.o
                0x00000646                __vector_22
                0x00000646                __vector_28
                0x00000646                __vector_1
                0x00000646                __vector_32
                0x00000646                __vector_34
                0x00000646                __vector_24
                0x00000646                __bad_interrupt
                0x00000646                __vector_6
                0x00000646                __vector_3
                0x00000646                __vector_23
                0x00000646                __vector_25
                0x00000646                __vector_11
                0x00000646                __vector_13
                0x00000646                __vector_17
                0x00000646                __vector_7
                0x00000646                __vector_27
                0x00000646                __vector_5
                0x00000646                __vector_33
                0x00000646                __vector_4
                0x00000646                __vector_9
                0x00000646                __vector_2
                0x00000646                __vector_15
                0x00000646                __vector_29
                0x00000646                __vector_8
                0x00000646                __vector_26
                0x00000646                __vector_14
                0x00000646                __vector_10
                0x00000646                __vector_16
                0x00000646                __vector_20
                0x0000064a                . = ALIGN (0x2)
 *(.text.*)
 .text.read8    0x0000064a       0x44 BME280/bme280.o
                0x0000064a                read8
 .text.read16   0x0000068e       0x50 BME280/bme280.o
                0x0000068e                read16
 .text.read16_LE
                0x000006de        0xc BME280/bme280.o
                0x000006de                read16_LE
 .text.read24   0x000006ea       0x82 BME280/bme280.o
                0x000006ea                read24
 .text.bme280_readCoefficients
                0x0000076c      0x104 BME280/bme280.o
                0x0000076c                bme280_readCoefficients
 .text.init_BME280
                0x00000870       0x48 BME280/bme280.o
                0x00000870                init_BME280
 .text.bme280_readTemperature
                0x000008b8      0x12e BME280/bme280.o
                0x000008b8                bme280_readTemperature
 .text.bme280_readHumidity
                0x000009e6      0x208 BME280/bme280.o
                0x000009e6                bme280_readHumidity
 .text.crc8     0x00000bee       0x38 DS18B20/crc8.o
                0x00000bee                crc8
 .text.DS18X20_meas_to_cel
                0x00000c26       0x96 DS18B20/ds18x20.o
                0x00000c26                DS18X20_meas_to_cel
 .text.DS18X20_find_sensor
                0x00000cbc       0x32 DS18B20/ds18x20.o
                0x00000cbc                DS18X20_find_sensor
 .text.DS18X20_start_meas
                0x00000cee       0x38 DS18B20/ds18x20.o
                0x00000cee                DS18X20_start_meas
 .text.DS18X20_read_meas
                0x00000d26       0xba DS18B20/ds18x20.o
                0x00000d26                DS18X20_read_meas
 .text.ow_input_pin_state
                0x00000de0       0x12 DS18B20/onewire.o
                0x00000de0                ow_input_pin_state
 .text.ow_parasite_enable
                0x00000df2       0x26 DS18B20/onewire.o
                0x00000df2                ow_parasite_enable
 .text.ow_reset
                0x00000e18       0x92 DS18B20/onewire.o
                0x00000e18                ow_reset
 .text.ow_set_bus
                0x00000eaa       0x2c DS18B20/onewire.o
                0x00000eaa                ow_set_bus
 .text.ow_bit_io
                0x00000ed6       0x80 DS18B20/onewire.o
                0x00000ed6                ow_bit_io
 .text.ow_byte_wr
                0x00000f56       0x22 DS18B20/onewire.o
                0x00000f56                ow_byte_wr
 .text.ow_byte_rd
                0x00000f78        0x8 DS18B20/onewire.o
                0x00000f78                ow_byte_rd
 .text.ow_rom_search
                0x00000f80       0xb4 DS18B20/onewire.o
                0x00000f80                ow_rom_search
 .text.ow_command
                0x00001034       0x48 DS18B20/onewire.o
                0x00001034                ow_command
 .text.i2c_init
                0x0000107c        0x8 I2C/i2c_master.o
                0x0000107c                i2c_init
 .text.i2c_start
                0x00001084       0x4a I2C/i2c_master.o
                0x00001084                i2c_start
 .text.i2c_write
                0x000010ce       0x24 I2C/i2c_master.o
                0x000010ce                i2c_write
 .text.i2c_read_ack
                0x000010f2       0x16 I2C/i2c_master.o
                0x000010f2                i2c_read_ack
 .text.i2c_read_nack
                0x00001108       0x16 I2C/i2c_master.o
                0x00001108                i2c_read_nack
 .text.i2c_stop
                0x0000111e        0x8 I2C/i2c_master.o
                0x0000111e                i2c_stop
 .text.toggle_e
                0x00001126        0xa LCD/lcd.o
 .text.lcd_write
                0x00001130       0x5e LCD/lcd.o
 .text.lcd_read
                0x0000118e       0x50 LCD/lcd.o
 .text.lcd_waitbusy
                0x000011de       0x1a LCD/lcd.o
 .text.lcd_command
                0x000011f8       0x14 LCD/lcd.o
                0x000011f8                lcd_command
 .text.lcd_data
                0x0000120c       0x14 LCD/lcd.o
                0x0000120c                lcd_data
 .text.lcd_gotoxy
                0x00001220       0x2c LCD/lcd.o
                0x00001220                lcd_gotoxy
 .text.lcd_clrscr
                0x0000124c        0x8 LCD/lcd.o
                0x0000124c                lcd_clrscr
 .text.lcd_putc
                0x00001254       0x40 LCD/lcd.o
                0x00001254                lcd_putc
 .text.lcd_puts_p
                0x00001294       0x24 LCD/lcd.o
                0x00001294                lcd_puts_p
 .text.lcd_init
                0x000012b8       0x74 LCD/lcd.o
                0x000012b8                lcd_init
 .text.lcd_defc
                0x0000132c       0x30 LCD/lcd.o
                0x0000132c                lcd_defc
 .text.lcd_putbit
                0x0000135c       0x22 LCD/lcd.o
                0x0000135c                lcd_putbit
 .text.lcd_putc_hu
                0x0000137e       0x40 LCD/lcd.o
                0x0000137e                lcd_putc_hu
 .text.lcd_puts
                0x000013be       0x20 LCD/lcd.o
                0x000013be                lcd_puts
 .text.lcd_puti
                0x000013de       0x44 LCD/lcd.o
                0x000013de                lcd_puti
 .text.lcd_puts_hu
                0x00001422       0x24 LCD/lcd.o
                0x00001422                lcd_puts_hu
 .text.__vector_21
                0x00001446       0x3e main.o
                0x00001446                __vector_21
 .text.__vector_12
                0x00001484       0x26 main.o
                0x00001484                __vector_12
 .text.SensorRead
                0x000014aa      0x44c main.o
                0x000014aa                SensorRead
 .text.search_sensors
                0x000018f6       0xca main.o
                0x000018f6                search_sensors
 .text.SwitchRelays
                0x000019c0       0x14 main.o
                0x000019c0                SwitchRelays
 .text.CheckConditions
                0x000019d4      0x298 main.o
                0x000019d4                CheckConditions
 .text.read_from_eeprom
                0x00001c6c       0xde main.o
                0x00001c6c                read_from_eeprom
 .text.main     0x00001d4a      0x1d2 main.o
                0x00001d4a                main
 .text.renderMenu
                0x00001f1c       0xd6 MENU/menu.o
 .text.menuReset
                0x00001ff2       0x1e MENU/menu.o
                0x00001ff2                menuReset
 .text.menuInit
                0x00002010        0xa MENU/menu.o
                0x00002010                menuInit
 .text.menuPollButtons
                0x0000201a      0x2f6 MENU/menu.o
                0x0000201a                menuPollButtons
 .text.BME280Temp_CallbackRender
                0x00002310       0x1e MENU/menu_items.o
                0x00002310                BME280Temp_CallbackRender
 .text.BME280Temp_Callback
                0x0000232e       0x16 MENU/menu_items.o
                0x0000232e                BME280Temp_Callback
 .text.BME280Humidity_CallbackRender
                0x00002344       0x1e MENU/menu_items.o
                0x00002344                BME280Humidity_CallbackRender
 .text.BME280Humidity_Callback
                0x00002362       0x16 MENU/menu_items.o
                0x00002362                BME280Humidity_Callback
 .text.SwitchOnOutdoorTempMin_CallbackRender
                0x00002378       0x4e MENU/menu_items.o
                0x00002378                SwitchOnOutdoorTempMin_CallbackRender
 .text.DHWTempDesired_CallbackRender
                0x000023c6       0x48 MENU/menu_items.o
                0x000023c6                DHWTempDesired_CallbackRender
 .text.DHWTempMin_CallbackRender
                0x0000240e       0x48 MENU/menu_items.o
                0x0000240e                DHWTempMin_CallbackRender
 .text.DHWSensor_CallbackRender
                0x00002456       0x48 MENU/menu_items.o
                0x00002456                DHWSensor_CallbackRender
 .text.DHWMinTime_CallbackRender
                0x0000249e       0x4e MENU/menu_items.o
                0x0000249e                DHWMinTime_CallbackRender
 .text.DHWMaxTime_CallbackRender
                0x000024ec       0x4e MENU/menu_items.o
                0x000024ec                DHWMaxTime_CallbackRender
 .text.ForwardHeatTemp_CallbackRender
                0x0000253a       0x48 MENU/menu_items.o
                0x0000253a                ForwardHeatTemp_CallbackRender
 .text.BufferSensor_CallbackRender
                0x00002582       0x48 MENU/menu_items.o
                0x00002582                BufferSensor_CallbackRender
 .text.EngineeringTempMin_CallbackRender
                0x000025ca       0x48 MENU/menu_items.o
                0x000025ca                EngineeringTempMin_CallbackRender
 .text.EngineeringTempDesired_CallbackRender
                0x00002612       0x54 MENU/menu_items.o
                0x00002612                EngineeringTempDesired_CallbackRender
 .text.EngineeringSensor_CallbackRender
                0x00002666       0x48 MENU/menu_items.o
                0x00002666                EngineeringSensor_CallbackRender
 .text.DebugMode_CallbackRender
                0x000026ae       0x48 MENU/menu_items.o
                0x000026ae                DebugMode_CallbackRender
 .text.MenuTimer_CallbackRender
                0x000026f6       0x40 MENU/menu_items.o
                0x000026f6                MenuTimer_CallbackRender
 .text.LCDBackLight_CallbackRender
                0x00002736       0x48 MENU/menu_items.o
                0x00002736                LCDBackLight_CallbackRender
 .text.PumpPlusTime_CallbackRender
                0x0000277e       0x4a MENU/menu_items.o
                0x0000277e                PumpPlusTime_CallbackRender
 .text.ClockHour_CallbackRender
                0x000027c8       0x46 MENU/menu_items.o
                0x000027c8                ClockHour_CallbackRender
 .text.ClockHour_ActionCallback
                0x0000280e       0x56 MENU/menu_items.o
                0x0000280e                ClockHour_ActionCallback
 .text.SwitchOnOutdoorTempMin_ActionCallback
                0x00002864       0x8a MENU/menu_items.o
                0x00002864                SwitchOnOutdoorTempMin_ActionCallback
 .text.DHWMinTime_ActionCallback
                0x000028ee       0x86 MENU/menu_items.o
                0x000028ee                DHWMinTime_ActionCallback
 .text.DHWMaxTime_ActionCallback
                0x00002974       0x86 MENU/menu_items.o
                0x00002974                DHWMaxTime_ActionCallback
 .text.PumpPlusTime_ActionCallback
                0x000029fa       0x5e MENU/menu_items.o
                0x000029fa                PumpPlusTime_ActionCallback
 .text.DHWTempActual_CallbackRender
                0x00002a58       0x36 MENU/menu_items.o
                0x00002a58                DHWTempActual_CallbackRender
 .text.DHWTempActual_Callback
                0x00002a8e       0x16 MENU/menu_items.o
                0x00002a8e                DHWTempActual_Callback
 .text.BufferTempActual_CallbackRender
                0x00002aa4       0x36 MENU/menu_items.o
                0x00002aa4                BufferTempActual_CallbackRender
 .text.BufferTempActual_Callback
                0x00002ada       0x16 MENU/menu_items.o
                0x00002ada                BufferTempActual_Callback
 .text.EngineeringTempActual_CallbackRender
                0x00002af0       0x36 MENU/menu_items.o
                0x00002af0                EngineeringTempActual_CallbackRender
 .text.EngineeringTempActual_Callback
                0x00002b26       0x16 MENU/menu_items.o
                0x00002b26                EngineeringTempActual_Callback
 .text.DHWRelay_CallbackRender
                0x00002b3c       0x30 MENU/menu_items.o
                0x00002b3c                DHWRelay_CallbackRender
 .text.ZoneValve1_CallbackRender
                0x00002b6c       0x30 MENU/menu_items.o
                0x00002b6c                ZoneValve1_CallbackRender
 .text.ZoneValve2_CallbackRender
                0x00002b9c       0x30 MENU/menu_items.o
                0x00002b9c                ZoneValve2_CallbackRender
 .text.BufferValve_CallbackRender
                0x00002bcc       0x30 MENU/menu_items.o
                0x00002bcc                BufferValve_CallbackRender
 .text.BufferPump_CallbackRender
                0x00002bfc       0x30 MENU/menu_items.o
                0x00002bfc                BufferPump_CallbackRender
 .text.GasRelay_CallbackRender
                0x00002c2c       0x30 MENU/menu_items.o
                0x00002c2c                GasRelay_CallbackRender
 .text.GarageTemp_CallbackRender
                0x00002c5c       0x36 MENU/menu_items.o
                0x00002c5c                GarageTemp_CallbackRender
 .text.GarageTemp_Callback
                0x00002c92       0x16 MENU/menu_items.o
                0x00002c92                GarageTemp_Callback
 .text.LivingRoomTemp_CallbackRender
                0x00002ca8       0x36 MENU/menu_items.o
                0x00002ca8                LivingRoomTemp_CallbackRender
 .text.LivingRoomTemp_Callback
                0x00002cde       0x16 MENU/menu_items.o
                0x00002cde                LivingRoomTemp_Callback
 .text.ClockMinute_CallbackRender
                0x00002cf4       0x46 MENU/menu_items.o
                0x00002cf4                ClockMinute_CallbackRender
 .text.ClockMinute_ActionCallback
                0x00002d3a       0x56 MENU/menu_items.o
                0x00002d3a                ClockMinute_ActionCallback
 .text.DHWTempDesired_ActionCallback
                0x00002d90       0x56 MENU/menu_items.o
                0x00002d90                DHWTempDesired_ActionCallback
 .text.DHWTempMin_ActionCallback
                0x00002de6       0x56 MENU/menu_items.o
                0x00002de6                DHWTempMin_ActionCallback
 .text.DHWSensor_ActionCallback
                0x00002e3c       0x64 MENU/menu_items.o
                0x00002e3c                DHWSensor_ActionCallback
 .text.ForwardHeatTemp_ActionCallback
                0x00002ea0       0x52 MENU/menu_items.o
                0x00002ea0                ForwardHeatTemp_ActionCallback
 .text.BufferSensor_ActionCallback
                0x00002ef2       0x64 MENU/menu_items.o
                0x00002ef2                BufferSensor_ActionCallback
 .text.EngineeringTempMin_ActionCallback
                0x00002f56       0x56 MENU/menu_items.o
                0x00002f56                EngineeringTempMin_ActionCallback
 .text.EngineeringTempDesired_ActionCallback
                0x00002fac       0x56 MENU/menu_items.o
                0x00002fac                EngineeringTempDesired_ActionCallback
 .text.EngineeringSensor_ActionCallback
                0x00003002       0x64 MENU/menu_items.o
                0x00003002                EngineeringSensor_ActionCallback
 .text.DebugMode_ActionCallback
                0x00003066       0x4a MENU/menu_items.o
                0x00003066                DebugMode_ActionCallback
 .text.MenuTimer_ActionCallback
                0x000030b0       0x4a MENU/menu_items.o
                0x000030b0                MenuTimer_ActionCallback
 .text.LCDBackLight_ActionCallback
                0x000030fa       0x5c MENU/menu_items.o
                0x000030fa                LCDBackLight_ActionCallback
 .text.DHWRelay_ActionCallback
                0x00003156       0x3c MENU/menu_items.o
                0x00003156                DHWRelay_ActionCallback
 .text.ZoneValve1_ActionCallback
                0x00003192       0x32 MENU/menu_items.o
                0x00003192                ZoneValve1_ActionCallback
 .text.ZoneValve2_ActionCallback
                0x000031c4       0x32 MENU/menu_items.o
                0x000031c4                ZoneValve2_ActionCallback
 .text.BufferValve_ActionCallback
                0x000031f6       0x32 MENU/menu_items.o
                0x000031f6                BufferValve_ActionCallback
 .text.BufferPump_ActionCallback
                0x00003228       0x32 MENU/menu_items.o
                0x00003228                BufferPump_ActionCallback
 .text.GasRelay_ActionCallback
                0x0000325a       0x30 MENU/menu_items.o
                0x0000325a                GasRelay_ActionCallback
 .text.menuItemsGetHomeMenu
                0x0000328a        0x6 MENU/menu_items.o
                0x0000328a                menuItemsGetHomeMenu
 .text.menuItemsGetHomeMenuSize
                0x00003290        0x4 MENU/menu_items.o
                0x00003290                menuItemsGetHomeMenuSize
 .text.menuPortsioInit
                0x00003294        0xe MENU/menu_portsio.o
                0x00003294                menuPortsioInit
 .text.SPIInit  0x000032a2       0x1e SPI/spi.o
                0x000032a2                SPIInit
 .text.SPIClose
                0x000032c0        0xa SPI/spi.o
                0x000032c0                SPIClose
 .text.SPIWrite
                0x000032ca       0x2c SPI/spi.o
                0x000032ca                SPIWrite
 .text.__vector_18
                0x000032f6       0x58 UART/UART.o
                0x000032f6                __vector_18
 .text.__vector_19
                0x0000334e       0x4a UART/UART.o
                0x0000334e                __vector_19
 .text.uart_init
                0x00003398       0x2c UART/UART.o
                0x00003398                uart_init
 .text.uart_putc
                0x000033c4       0x22 UART/UART.o
                0x000033c4                uart_putc
 .text.uart_puts
                0x000033e6       0x1e UART/UART.o
                0x000033e6                uart_puts
 .text.uart_puts_p
                0x00003404       0x24 UART/UART.o
                0x00003404                uart_puts_p
 .text.__vector_30
                0x00003428       0x5c UART/UART.o
                0x00003428                __vector_30
 .text.__vector_31
                0x00003484       0x54 UART/UART.o
                0x00003484                __vector_31
 .text.uart_puti
                0x000034d8       0x36 UART/UART.o
                0x000034d8                uart_puti
 .text.ftoa     0x0000350e      0x112 Utils/ftoa.o
                0x0000350e                ftoa
 .text.avr-libc.fplib
                0x00003620        0xe c:/program files (x86)/atmel/studio/7.0/toolchain/avr8/avr8-gnu-toolchain/bin/../lib/gcc/avr/5.4.0/../../../../avr/lib/avr5\libm.a(addsf3.o)
                0x00003620                __subsf3
                0x00003622                __addsf3
 .text.avr-libc.fplib
                0x0000362e       0xcc c:/program files (x86)/atmel/studio/7.0/toolchain/avr8/avr8-gnu-toolchain/bin/../lib/gcc/avr/5.4.0/../../../../avr/lib/avr5\libm.a(addsf3x.o)
                0x00003650                __addsf3x
 .text.avr-libc.fplib
                0x000036fa        0x8 c:/program files (x86)/atmel/studio/7.0/toolchain/avr8/avr8-gnu-toolchain/bin/../lib/gcc/avr/5.4.0/../../../../avr/lib/avr5\libm.a(divsf3.o)
                0x000036fa                __divsf3
 .text.avr-libc.fplib
                0x00003702       0xdc c:/program files (x86)/atmel/studio/7.0/toolchain/avr8/avr8-gnu-toolchain/bin/../lib/gcc/avr/5.4.0/../../../../avr/lib/avr5\libm.a(divsf3x.o)
                0x00003722                __divsf3x
                0x00003728                __divsf3_pse
 .text.avr-libc.fplib
                0x000037de        0xe c:/program files (x86)/atmel/studio/7.0/toolchain/avr8/avr8-gnu-toolchain/bin/../lib/gcc/avr/5.4.0/../../../../avr/lib/avr5\libm.a(fixsfsi.o)
                0x000037de                __fixsfsi
 .text.avr-libc.fplib
                0x000037ec       0x5e c:/program files (x86)/atmel/studio/7.0/toolchain/avr8/avr8-gnu-toolchain/bin/../lib/gcc/avr/5.4.0/../../../../avr/lib/avr5\libm.a(fixunssfsi.o)
                0x000037ec                __fixunssfsi
 .text.avr-libc.fplib
                0x0000384a       0x7a c:/program files (x86)/atmel/studio/7.0/toolchain/avr8/avr8-gnu-toolchain/bin/../lib/gcc/avr/5.4.0/../../../../avr/lib/avr5\libm.a(floatsisf.o)
                0x0000384a                __floatunsisf
                0x0000384e                __floatsisf
 .text.avr-libc.fplib
                0x000038c4        0xc c:/program files (x86)/atmel/studio/7.0/toolchain/avr8/avr8-gnu-toolchain/bin/../lib/gcc/avr/5.4.0/../../../../avr/lib/avr5\libm.a(fp_inf.o)
                0x000038c4                __fp_inf
 .text.avr-libc.fplib
                0x000038d0        0x6 c:/program files (x86)/atmel/studio/7.0/toolchain/avr8/avr8-gnu-toolchain/bin/../lib/gcc/avr/5.4.0/../../../../avr/lib/avr5\libm.a(fp_nan.o)
                0x000038d0                __fp_nan
 .text.avr-libc.fplib
                0x000038d6        0xe c:/program files (x86)/atmel/studio/7.0/toolchain/avr8/avr8-gnu-toolchain/bin/../lib/gcc/avr/5.4.0/../../../../avr/lib/avr5\libm.a(fp_pscA.o)
                0x000038d6                __fp_pscA
 .text.avr-libc.fplib
                0x000038e4        0xe c:/program files (x86)/atmel/studio/7.0/toolchain/avr8/avr8-gnu-toolchain/bin/../lib/gcc/avr/5.4.0/../../../../avr/lib/avr5\libm.a(fp_pscB.o)
                0x000038e4                __fp_pscB
 .text.avr-libc.fplib
                0x000038f2       0x22 c:/program files (x86)/atmel/studio/7.0/toolchain/avr8/avr8-gnu-toolchain/bin/../lib/gcc/avr/5.4.0/../../../../avr/lib/avr5\libm.a(fp_round.o)
                0x000038f2                __fp_round
 .text.avr-libc.fplib
                0x00003914       0x44 c:/program files (x86)/atmel/studio/7.0/toolchain/avr8/avr8-gnu-toolchain/bin/../lib/gcc/avr/5.4.0/../../../../avr/lib/avr5\libm.a(fp_split3.o)
                0x00003914                __fp_split3
                0x00003924                __fp_splitA
 .text.avr-libc.fplib
                0x00003958        0xe c:/program files (x86)/atmel/studio/7.0/toolchain/avr8/avr8-gnu-toolchain/bin/../lib/gcc/avr/5.4.0/../../../../avr/lib/avr5\libm.a(fp_zero.o)
                0x00003958                __fp_zero
                0x0000395a                __fp_szero
 .text.avr-libc.fplib
                0x00003966        0x8 c:/program files (x86)/atmel/studio/7.0/toolchain/avr8/avr8-gnu-toolchain/bin/../lib/gcc/avr/5.4.0/../../../../avr/lib/avr5\libm.a(mulsf3.o)
                0x00003966                __mulsf3
 .text.avr-libc.fplib
                0x0000396e       0xd2 c:/program files (x86)/atmel/studio/7.0/toolchain/avr8/avr8-gnu-toolchain/bin/../lib/gcc/avr/5.4.0/../../../../avr/lib/avr5\libm.a(mulsf3x.o)
                0x0000398c                __mulsf3x
                0x00003992                __mulsf3_pse
 .text.libgcc.mul
                0x00003a40       0x20 c:/program files (x86)/atmel/studio/7.0/toolchain/avr8/avr8-gnu-toolchain/bin/../lib/gcc/avr/5.4.0/avr5\libgcc.a(_mulsi3.o)
                0x00003a40                __mulsi3
 .text.libgcc   0x00003a60        0xc c:/program files (x86)/atmel/studio/7.0/toolchain/avr8/avr8-gnu-toolchain/bin/../lib/gcc/avr/5.4.0/avr5\libgcc.a(_tablejump2.o)
                0x00003a60                __tablejump2__
 .text.libgcc.mul
                0x00003a6c       0x16 c:/program files (x86)/atmel/studio/7.0/toolchain/avr8/avr8-gnu-toolchain/bin/../lib/gcc/avr/5.4.0/avr5\libgcc.a(_muluhisi3.o)
                0x00003a6c                __muluhisi3
 .text.libgcc.mul
                0x00003a82       0x10 c:/program files (x86)/atmel/studio/7.0/toolchain/avr8/avr8-gnu-toolchain/bin/../lib/gcc/avr/5.4.0/avr5\libgcc.a(_mulshisi3.o)
                0x00003a82                __mulshisi3
                0x00003a88                __mulohisi3
 .text.libgcc.mul
                0x00003a92       0x1e c:/program files (x86)/atmel/studio/7.0/toolchain/avr8/avr8-gnu-toolchain/bin/../lib/gcc/avr/5.4.0/avr5\libgcc.a(_umulhisi3.o)
                0x00003a92                __umulhisi3
 .text.avr-libc
                0x00003ab0       0x16 c:/program files (x86)/atmel/studio/7.0/toolchain/avr8/avr8-gnu-toolchain/bin/../lib/gcc/avr/5.4.0/../../../../avr/lib/avr5\libc.a(itoa_ncheck.o)
                0x00003ab0                __itoa_ncheck
 .text.avr-libc
                0x00003ac6       0x34 c:/program files (x86)/atmel/studio/7.0/toolchain/avr8/avr8-gnu-toolchain/bin/../lib/gcc/avr/5.4.0/../../../../avr/lib/avr5\libc.a(utoa_ncheck.o)
                0x00003ac6                __utoa_ncheck
                0x00003ac8                __utoa_common
 .text.avr-libc
                0x00003afa       0x20 c:/program files (x86)/atmel/studio/7.0/toolchain/avr8/avr8-gnu-toolchain/bin/../lib/gcc/avr/5.4.0/../../../../avr/lib/avr5\libc.a(strrev.o)
                0x00003afa                strrev
 .text.avr-libc
                0x00003b1a       0x10 C:/Program Files (x86)/Atmel/Studio/7.0/Packs/atmel/ATmega_DFP/1.2.209/gcc/dev/atmega64a/avr5\libatmega64a.a(eerd_byte.o)
                0x00003b1a                eeprom_read_byte
 .text.avr-libc
                0x00003b2a        0xc C:/Program Files (x86)/Atmel/Studio/7.0/Packs/atmel/ATmega_DFP/1.2.209/gcc/dev/atmega64a/avr5\libatmega64a.a(eerd_word.o)
                0x00003b2a                eeprom_read_word
 .text.avr-libc
                0x00003b36       0x22 C:/Program Files (x86)/Atmel/Studio/7.0/Packs/atmel/ATmega_DFP/1.2.209/gcc/dev/atmega64a/avr5\libatmega64a.a(eeupd_byte.o)
                0x00003b36                eeprom_update_byte
                0x00003b38                eeprom_update_r18
 .text.avr-libc
                0x00003b58        0xc C:/Program Files (x86)/Atmel/Studio/7.0/Packs/atmel/ATmega_DFP/1.2.209/gcc/dev/atmega64a/avr5\libatmega64a.a(eeupd_word.o)
                0x00003b58                eeprom_update_word
 .text.avr-libc
                0x00003b64       0x20 C:/Program Files (x86)/Atmel/Studio/7.0/Packs/atmel/ATmega_DFP/1.2.209/gcc/dev/atmega64a/avr5\libatmega64a.a(eerd_block.o)
                0x00003b64                eeprom_read_block
                0x00003b68                eeprom_read_blraw
                0x00003b84                . = ALIGN (0x2)
 *(.fini9)
 .fini9         0x00003b84        0x0 c:/program files (x86)/atmel/studio/7.0/toolchain/avr8/avr8-gnu-toolchain/bin/../lib/gcc/avr/5.4.0/avr5\libgcc.a(_exit.o)
                0x00003b84                _exit
                0x00003b84                exit
 *(.fini9)
 *(.fini8)
 *(.fini8)
 *(.fini7)
 *(.fini7)
 *(.fini6)
 *(.fini6)
 *(.fini5)
 *(.fini5)
 *(.fini4)
 *(.fini4)
 *(.fini3)
 *(.fini3)
 *(.fini2)
 *(.fini2)
 *(.fini1)
 *(.fini1)
 *(.fini0)
 .fini0         0x00003b84        0x4 c:/program files (x86)/atmel/studio/7.0/toolchain/avr8/avr8-gnu-toolchain/bin/../lib/gcc/avr/5.4.0/avr5\libgcc.a(_exit.o)
 *(.fini0)
                0x00003b88                _etext = .

.data           0x00800100      0x398 load address 0x00003b88
                0x00800100                PROVIDE (__data_start, .)
 *(.data)
 *(.data*)
 .data.display.2880
                0x00800100        0x1 main.o
 .data.eeLivingRoomSensorID
                0x00800101        0x1 main.o
                0x00800101                eeLivingRoomSensorID
 .data.LivingRoomSensorID
                0x00800102        0x1 main.o
                0x00800102                LivingRoomSensorID
 .data.eeEngineeringSensorID
                0x00800103        0x1 main.o
                0x00800103                eeEngineeringSensorID
 .data.EngineeringSensorID
                0x00800104        0x1 main.o
                0x00800104                EngineeringSensorID
 .data.GarageSensorID
                0x00800105        0x1 main.o
                0x00800105                GarageSensorID
 .data.BufferSensorID
                0x00800106        0x1 main.o
                0x00800106                BufferSensorID
 .data.ForwardHeatTemp
                0x00800107        0x1 main.o
                0x00800107                ForwardHeatTemp
 .data.PumpPlusTime
                0x00800108        0x2 main.o
                0x00800108                PumpPlusTime
 .data.MenuTimer
                0x0080010a        0x1 main.o
                0x0080010a                MenuTimer
 .data.menu_buttons
                0x0080010b       0x14 MENU/menu.o
 .data.current_state
                0x0080011f        0x2 MENU/menu.o
 .data.menu_states
                0x00800121       0x23 MENU/menu.o
 .data.home_items
                0x00800144       0x3f MENU/menu_items.o
 .data.SYSPARAM_submenu
                0x00800183       0x2d MENU/menu_items.o
 .data.CLOCK_submenu
                0x008001b0       0x12 MENU/menu_items.o
 .data.SENSORS_submenu
                0x008001c2       0x12 MENU/menu_items.o
 .data.RELAYS_submenu
                0x008001d4       0x36 MENU/menu_items.o
 .data.ENGINEERING_submenu
                0x0080020a       0x24 MENU/menu_items.o
 .data.BUFFER_submenu
                0x0080022e       0x1b MENU/menu_items.o
 .data.DHW_submenu
                0x00800249       0x2d MENU/menu_items.o
 .data.DHWHOURS_submenu
                0x00800276       0x12 MENU/menu_items.o
 .data.BME280_submenu
                0x00800288       0x1b MENU/menu_items.o
 *(.gnu.linkonce.d*)
 *(.rodata)
 .rodata        0x008002a3       0x24 Utils/ftoa.o
 *(.rodata*)
 .rodata.str1.1
                0x008002c7      0x1d0 MENU/menu_items.o
 *(.gnu.linkonce.r*)
                0x00800498                . = ALIGN (0x2)
 *fill*         0x00800497        0x1 
                0x00800498                _edata = .
                0x00800498                PROVIDE (__data_end, .)

.bss            0x00800498      0x136
                0x00800498                PROVIDE (__bss_start, .)
 *(.bss)
 *(.bss*)
 .bss.pumpplustime.2942
                0x00800498        0x2 main.o
 .bss.timerstate.2881
                0x0080049a        0x1 main.o
 .bss.ClockInitialized
                0x0080049b        0x1 main.o
                0x0080049b                ClockInitialized
 .bss.Seconds   0x0080049c        0x1 main.o
                0x0080049c                Seconds
 .bss.Minute    0x0080049d        0x1 main.o
                0x0080049d                Minute
 .bss.Hour      0x0080049e        0x1 main.o
                0x0080049e                Hour
 .bss.DHWSensorID
                0x0080049f        0x1 main.o
                0x0080049f                DHWSensorID
 .bss.Relays    0x008004a0        0x1 main.o
                0x008004a0                Relays
 .bss.LCDBackLight
                0x008004a1        0x1 main.o
                0x008004a1                LCDBackLight
 .bss.DebugMode
                0x008004a2        0x1 main.o
                0x008004a2                DebugMode
 .bss.TimerElapsed
                0x008004a3        0x1 main.o
                0x008004a3                TimerElapsed
 .bss.UART1_LastRxError
                0x008004a4        0x1 UART/UART.o
 .bss.UART1_RxTail
                0x008004a5        0x1 UART/UART.o
 .bss.UART1_RxHead
                0x008004a6        0x1 UART/UART.o
 .bss.UART1_TxTail
                0x008004a7        0x1 UART/UART.o
 .bss.UART1_TxHead
                0x008004a8        0x1 UART/UART.o
 .bss.UART1_RxBuf
                0x008004a9       0x20 UART/UART.o
 .bss.UART1_TxBuf
                0x008004c9       0x20 UART/UART.o
 .bss.UART_LastRxError
                0x008004e9        0x1 UART/UART.o
 .bss.UART_RxTail
                0x008004ea        0x1 UART/UART.o
 .bss.UART_RxHead
                0x008004eb        0x1 UART/UART.o
 .bss.UART_TxTail
                0x008004ec        0x1 UART/UART.o
 .bss.UART_TxHead
                0x008004ed        0x1 UART/UART.o
 .bss.UART_RxBuf
                0x008004ee       0x20 UART/UART.o
 .bss.UART_TxBuf
                0x0080050e       0x20 UART/UART.o
 *(COMMON)
 COMMON         0x0080052e       0x25 BME280/bme280.o
                0x0080052e                _bme280_calib
                0x0080054f                t_fine
 COMMON         0x00800553        0x7 DS18B20/onewire.o
                0x00800553                OW_OUT
                0x00800555                OW_PIN_MASK
                0x00800556                OW_IN
                0x00800558                OW_DDR
 COMMON         0x0080055a       0x74 main.o
                0x0080055a                LivingRoomTemp
                0x0080055b                EngineeringTempDesired
                0x0080055c                LivingRoomTempBuf
                0x0080055f                BME280Temp
                0x00800563                BME280Humid
                0x00800567                SwitchOnOutdoorTempMin
                0x00800569                EngineeringTempActualBuf
                0x0080056c                nSensors
                0x0080056d                DHWTempMin
                0x0080056e                EngineeringTempActual
                0x0080056f                DHWTempActualBuf
                0x00800572                EngineeringTempActualFracBuf
                0x00800575                DHWTempDesired
                0x00800576                GarageTemp
                0x00800577                DHWTempActual
                0x00800578                BufferTempActualBuf
                0x0080057b                GarageTempFracBuf
                0x0080057e                DHWMinTime
                0x00800580                BME280TempBuf
                0x00800586                BufferTempActualFracBuf
                0x00800589                DHWMaxTime
                0x0080058b                LivingRoomTempFracBuf
                0x0080058e                EngineeringTempMin
                0x0080058f                DHWTempActualFracBuf
                0x00800592                BME280HumidBuf
                0x00800598                gSensorIDs
                0x008005c8                GarageTempBuf
                0x008005cb                BME280TempUint
                0x008005cd                BufferTempActual
                0x008005ce                PROVIDE (__bss_end, .)
                0x00003b88                __data_load_start = LOADADDR (.data)
                0x00003f20                __data_load_end = (__data_load_start + SIZEOF (.data))

.noinit         0x008005ce        0x0
                [!provide]                PROVIDE (__noinit_start, .)
 *(.noinit*)
                [!provide]                PROVIDE (__noinit_end, .)
                0x008005ce                _end = .
                [!provide]                PROVIDE (__heap_start, .)

.eeprom         0x00810000       0x13
 *(.eeprom*)
 .eeprom        0x00810000       0x13 main.o
                0x00810000                eeGarageSensorID
                0x00810001                eeBufferSensorID
                0x00810002                eeDHWSensorID
                0x00810003                eeSwitchOnOutdoorTempMin
                0x00810005                eeEngineeringTempMin
                0x00810006                eeEngineeringTempDesired
                0x00810007                eeForwardHeatTemp
                0x00810008                eeDHWMaxTime
                0x0081000a                eeDHWMinTime
                0x0081000c                eeDHWTempMin
                0x0081000d                eeDHWTempDesired
                0x0081000e                eePumpPlusTime
                0x00810010                eeLCDBackLight
                0x00810011                eeMenuTimer
                0x00810012                eeDebugMode
                0x00810013                __eeprom_end = .

.fuse
 *(.fuse)
 *(.lfuse)
 *(.hfuse)
 *(.efuse)

.lock
 *(.lock*)

.signature
 *(.signature*)

.user_signatures
 *(.user_signatures*)

.stab
 *(.stab)

.stabstr
 *(.stabstr)

.stab.excl
 *(.stab.excl)

.stab.exclstr
 *(.stab.exclstr)

.stab.index
 *(.stab.index)

.stab.indexstr
 *(.stab.indexstr)

.comment        0x00000000       0x30
 *(.comment)
 .comment       0x00000000       0x30 BME280/bme280.o
                                 0x31 (size before relaxing)
 .comment       0x00000030       0x31 DS18B20/crc8.o
 .comment       0x00000030       0x31 DS18B20/ds18x20.o
 .comment       0x00000030       0x31 DS18B20/onewire.o
 .comment       0x00000030       0x31 I2C/i2c_master.o
 .comment       0x00000030       0x31 LCD/lcd.o
 .comment       0x00000030       0x31 main.o
 .comment       0x00000030       0x31 MENU/menu.o
 .comment       0x00000030       0x31 MENU/menu_items.o
 .comment       0x00000030       0x31 MENU/menu_portsio.o
 .comment       0x00000030       0x31 SPI/spi.o
 .comment       0x00000030       0x31 UART/UART.o
 .comment       0x00000030       0x31 Utils/ftoa.o

.note.gnu.avr.deviceinfo
                0x00000000       0x3c
 .note.gnu.avr.deviceinfo
                0x00000000       0x3c C:/Program Files (x86)/Atmel/Studio/7.0/Packs/atmel/ATmega_DFP/1.2.209/gcc/dev/atmega64a/avr5/crtatmega64a.o

.note.gnu.build-id
 *(.note.gnu.build-id)

.debug
 *(.debug)

.line
 *(.line)

.debug_srcinfo
 *(.debug_srcinfo)

.debug_sfnames
 *(.debug_sfnames)

.debug_aranges  0x00000000      0x6d8
 *(.debug_aranges)
 .debug_aranges
                0x00000000       0x78 BME280/bme280.o
 .debug_aranges
                0x00000078       0x20 DS18B20/crc8.o
 .debug_aranges
                0x00000098       0x60 DS18B20/ds18x20.o
 .debug_aranges
                0x000000f8       0x68 DS18B20/onewire.o
 .debug_aranges
                0x00000160       0x68 I2C/i2c_master.o
 .debug_aranges
                0x000001c8       0xc8 LCD/lcd.o
 .debug_aranges
                0x00000290       0x58 main.o
 .debug_aranges
                0x000002e8       0x38 MENU/menu.o
 .debug_aranges
                0x00000320      0x208 MENU/menu_items.o
 .debug_aranges
                0x00000528       0x20 MENU/menu_portsio.o
 .debug_aranges
                0x00000548       0x30 SPI/spi.o
 .debug_aranges
                0x00000578       0xa0 UART/UART.o
 .debug_aranges
                0x00000618       0x20 Utils/ftoa.o
 .debug_aranges
                0x00000638       0x20 C:/Program Files (x86)/Atmel/Studio/7.0/Packs/atmel/ATmega_DFP/1.2.209/gcc/dev/atmega64a/avr5\libatmega64a.a(eerd_byte.o)
 .debug_aranges
                0x00000658       0x20 C:/Program Files (x86)/Atmel/Studio/7.0/Packs/atmel/ATmega_DFP/1.2.209/gcc/dev/atmega64a/avr5\libatmega64a.a(eerd_word.o)
 .debug_aranges
                0x00000678       0x20 C:/Program Files (x86)/Atmel/Studio/7.0/Packs/atmel/ATmega_DFP/1.2.209/gcc/dev/atmega64a/avr5\libatmega64a.a(eeupd_byte.o)
 .debug_aranges
                0x00000698       0x20 C:/Program Files (x86)/Atmel/Studio/7.0/Packs/atmel/ATmega_DFP/1.2.209/gcc/dev/atmega64a/avr5\libatmega64a.a(eeupd_word.o)
 .debug_aranges
                0x000006b8       0x20 C:/Program Files (x86)/Atmel/Studio/7.0/Packs/atmel/ATmega_DFP/1.2.209/gcc/dev/atmega64a/avr5\libatmega64a.a(eerd_block.o)

.debug_pubnames
 *(.debug_pubnames)

.debug_info     0x00000000     0x8404
 *(.debug_info .gnu.linkonce.wi.*)
 .debug_info    0x00000000      0x780 C:/Program Files (x86)/Atmel/Studio/7.0/Packs/atmel/ATmega_DFP/1.2.209/gcc/dev/atmega64a/avr5/crtatmega64a.o
 .debug_info    0x00000780      0xb20 BME280/bme280.o
 .debug_info    0x000012a0      0x106 DS18B20/crc8.o
 .debug_info    0x000013a6      0x60f DS18B20/ds18x20.o
 .debug_info    0x000019b5      0x499 DS18B20/onewire.o
 .debug_info    0x00001e4e      0x3fe I2C/i2c_master.o
 .debug_info    0x0000224c      0x9f7 LCD/lcd.o
 .debug_info    0x00002c43     0x1a74 main.o
 .debug_info    0x000046b7      0x77e MENU/menu.o
 .debug_info    0x00004e35     0x277f MENU/menu_items.o
 .debug_info    0x000075b4       0x9a MENU/menu_portsio.o
 .debug_info    0x0000764e       0xce SPI/spi.o
 .debug_info    0x0000771c      0x753 UART/UART.o
 .debug_info    0x00007e6f      0x23b Utils/ftoa.o
 .debug_info    0x000080aa       0xab C:/Program Files (x86)/Atmel/Studio/7.0/Packs/atmel/ATmega_DFP/1.2.209/gcc/dev/atmega64a/avr5\libatmega64a.a(eerd_byte.o)
 .debug_info    0x00008155       0xab C:/Program Files (x86)/Atmel/Studio/7.0/Packs/atmel/ATmega_DFP/1.2.209/gcc/dev/atmega64a/avr5\libatmega64a.a(eerd_word.o)
 .debug_info    0x00008200       0xac C:/Program Files (x86)/Atmel/Studio/7.0/Packs/atmel/ATmega_DFP/1.2.209/gcc/dev/atmega64a/avr5\libatmega64a.a(eeupd_byte.o)
 .debug_info    0x000082ac       0xac C:/Program Files (x86)/Atmel/Studio/7.0/Packs/atmel/ATmega_DFP/1.2.209/gcc/dev/atmega64a/avr5\libatmega64a.a(eeupd_word.o)
 .debug_info    0x00008358       0xac C:/Program Files (x86)/Atmel/Studio/7.0/Packs/atmel/ATmega_DFP/1.2.209/gcc/dev/atmega64a/avr5\libatmega64a.a(eerd_block.o)

.debug_abbrev   0x00000000     0x1da3
 *(.debug_abbrev)
 .debug_abbrev  0x00000000      0x718 C:/Program Files (x86)/Atmel/Studio/7.0/Packs/atmel/ATmega_DFP/1.2.209/gcc/dev/atmega64a/avr5/crtatmega64a.o
 .debug_abbrev  0x00000718      0x1fb BME280/bme280.o
 .debug_abbrev  0x00000913       0x8b DS18B20/crc8.o
 .debug_abbrev  0x0000099e      0x186 DS18B20/ds18x20.o
 .debug_abbrev  0x00000b24      0x1b9 DS18B20/onewire.o
 .debug_abbrev  0x00000cdd      0x14c I2C/i2c_master.o
 .debug_abbrev  0x00000e29      0x2c6 LCD/lcd.o
 .debug_abbrev  0x000010ef      0x2ce main.o
 .debug_abbrev  0x000013bd      0x23f MENU/menu.o
 .debug_abbrev  0x000015fc      0x2f6 MENU/menu_items.o
 .debug_abbrev  0x000018f2       0x6b MENU/menu_portsio.o
 .debug_abbrev  0x0000195d       0x87 SPI/spi.o
 .debug_abbrev  0x000019e4      0x1e1 UART/UART.o
 .debug_abbrev  0x00001bc5      0x17a Utils/ftoa.o
 .debug_abbrev  0x00001d3f       0x14 C:/Program Files (x86)/Atmel/Studio/7.0/Packs/atmel/ATmega_DFP/1.2.209/gcc/dev/atmega64a/avr5\libatmega64a.a(eerd_byte.o)
 .debug_abbrev  0x00001d53       0x14 C:/Program Files (x86)/Atmel/Studio/7.0/Packs/atmel/ATmega_DFP/1.2.209/gcc/dev/atmega64a/avr5\libatmega64a.a(eerd_word.o)
 .debug_abbrev  0x00001d67       0x14 C:/Program Files (x86)/Atmel/Studio/7.0/Packs/atmel/ATmega_DFP/1.2.209/gcc/dev/atmega64a/avr5\libatmega64a.a(eeupd_byte.o)
 .debug_abbrev  0x00001d7b       0x14 C:/Program Files (x86)/Atmel/Studio/7.0/Packs/atmel/ATmega_DFP/1.2.209/gcc/dev/atmega64a/avr5\libatmega64a.a(eeupd_word.o)
 .debug_abbrev  0x00001d8f       0x14 C:/Program Files (x86)/Atmel/Studio/7.0/Packs/atmel/ATmega_DFP/1.2.209/gcc/dev/atmega64a/avr5\libatmega64a.a(eerd_block.o)

.debug_line     0x00000000     0x3e6d
 *(.debug_line .debug_line.* .debug_line_end)
 .debug_line    0x00000000      0x169 C:/Program Files (x86)/Atmel/Studio/7.0/Packs/atmel/ATmega_DFP/1.2.209/gcc/dev/atmega64a/avr5/crtatmega64a.o
 .debug_line    0x00000169      0x463 BME280/bme280.o
 .debug_line    0x000005cc       0xf1 DS18B20/crc8.o
 .debug_line    0x000006bd      0x397 DS18B20/ds18x20.o
 .debug_line    0x00000a54      0x36e DS18B20/onewire.o
 .debug_line    0x00000dc2      0x318 I2C/i2c_master.o
 .debug_line    0x000010da      0x71d LCD/lcd.o
 .debug_line    0x000017f7      0x8e9 main.o
 .debug_line    0x000020e0      0x3b5 MENU/menu.o
 .debug_line    0x00002495     0x1040 MENU/menu_items.o
 .debug_line    0x000034d5       0xb2 MENU/menu_portsio.o
 .debug_line    0x00003587      0x10c SPI/spi.o
 .debug_line    0x00003693      0x451 UART/UART.o
 .debug_line    0x00003ae4       0xeb Utils/ftoa.o
 .debug_line    0x00003bcf       0x7a C:/Program Files (x86)/Atmel/Studio/7.0/Packs/atmel/ATmega_DFP/1.2.209/gcc/dev/atmega64a/avr5\libatmega64a.a(eerd_byte.o)
 .debug_line    0x00003c49       0x67 C:/Program Files (x86)/Atmel/Studio/7.0/Packs/atmel/ATmega_DFP/1.2.209/gcc/dev/atmega64a/avr5\libatmega64a.a(eerd_word.o)
 .debug_line    0x00003cb0       0xb0 C:/Program Files (x86)/Atmel/Studio/7.0/Packs/atmel/ATmega_DFP/1.2.209/gcc/dev/atmega64a/avr5\libatmega64a.a(eeupd_byte.o)
 .debug_line    0x00003d60       0x62 C:/Program Files (x86)/Atmel/Studio/7.0/Packs/atmel/ATmega_DFP/1.2.209/gcc/dev/atmega64a/avr5\libatmega64a.a(eeupd_word.o)
 .debug_line    0x00003dc2       0xab C:/Program Files (x86)/Atmel/Studio/7.0/Packs/atmel/ATmega_DFP/1.2.209/gcc/dev/atmega64a/avr5\libatmega64a.a(eerd_block.o)

.debug_frame    0x00000000     0x11e8
 *(.debug_frame)
 .debug_frame   0x00000000      0x1f8 BME280/bme280.o
 .debug_frame   0x000001f8       0x24 DS18B20/crc8.o
 .debug_frame   0x0000021c      0x194 DS18B20/ds18x20.o
 .debug_frame   0x000003b0      0x100 DS18B20/onewire.o
 .debug_frame   0x000004b0      0x15c I2C/i2c_master.o
 .debug_frame   0x0000060c      0x20c LCD/lcd.o
 .debug_frame   0x00000818       0xfc main.o
 .debug_frame   0x00000914       0xc0 MENU/menu.o
 .debug_frame   0x000009d4      0x534 MENU/menu_items.o
 .debug_frame   0x00000f08       0x24 MENU/menu_portsio.o
 .debug_frame   0x00000f2c       0x44 SPI/spi.o
 .debug_frame   0x00000f70      0x1f4 UART/UART.o
 .debug_frame   0x00001164       0x84 Utils/ftoa.o

.debug_str      0x00000000     0x1c83
 *(.debug_str)
 .debug_str     0x00000000      0x27e C:/Program Files (x86)/Atmel/Studio/7.0/Packs/atmel/ATmega_DFP/1.2.209/gcc/dev/atmega64a/avr5/crtatmega64a.o
 .debug_str     0x0000027e      0x5ae BME280/bme280.o
                                0x5fe (size before relaxing)
 .debug_str     0x0000082c       0x5b DS18B20/crc8.o
                                0x1a4 (size before relaxing)
 .debug_str     0x00000887      0x19d DS18B20/ds18x20.o
                                0x2ff (size before relaxing)
 .debug_str     0x00000a24       0x7a DS18B20/onewire.o
                                0x22e (size before relaxing)
 .debug_str     0x00000a9e       0x6c I2C/i2c_master.o
                                0x1f4 (size before relaxing)
 .debug_str     0x00000b0a      0x18e LCD/lcd.o
                                0x2ea (size before relaxing)
 .debug_str     0x00000c98      0x47c main.o
                                0x8dd (size before relaxing)
 .debug_str     0x00001114      0x218 MENU/menu.o
                                0x43c (size before relaxing)
 .debug_str     0x0000132c      0x766 MENU/menu_items.o
                                0xd10 (size before relaxing)
 .debug_str     0x00001a92       0x33 MENU/menu_portsio.o
                                0x17e (size before relaxing)
 .debug_str     0x00001ac5        0xd SPI/spi.o
                                0x16f (size before relaxing)
 .debug_str     0x00001ad2      0x187 UART/UART.o
                                0x356 (size before relaxing)
 .debug_str     0x00001c59       0x2a Utils/ftoa.o
                                0x1a5 (size before relaxing)

.debug_loc      0x00000000     0x60ae
 *(.debug_loc)
 .debug_loc     0x00000000      0x949 BME280/bme280.o
 .debug_loc     0x00000949      0x1c0 DS18B20/crc8.o
 .debug_loc     0x00000b09      0x83d DS18B20/ds18x20.o
 .debug_loc     0x00001346      0x4cc DS18B20/onewire.o
 .debug_loc     0x00001812      0x6b8 I2C/i2c_master.o
 .debug_loc     0x00001eca      0xa81 LCD/lcd.o
 .debug_loc     0x0000294b      0x568 main.o
 .debug_loc     0x00002eb3      0x3b1 MENU/menu.o
 .debug_loc     0x00003264     0x22e7 MENU/menu_items.o
 .debug_loc     0x0000554b       0x21 SPI/spi.o
 .debug_loc     0x0000556c      0x770 UART/UART.o
 .debug_loc     0x00005cdc      0x3d2 Utils/ftoa.o

.debug_macinfo
 *(.debug_macinfo)

.debug_weaknames
 *(.debug_weaknames)

.debug_funcnames
 *(.debug_funcnames)

.debug_typenames
 *(.debug_typenames)

.debug_varnames
 *(.debug_varnames)

.debug_pubtypes
 *(.debug_pubtypes)

.debug_ranges   0x00000000      0x680
 *(.debug_ranges)
 .debug_ranges  0x00000000       0x68 BME280/bme280.o
 .debug_ranges  0x00000068       0x10 DS18B20/crc8.o
 .debug_ranges  0x00000078       0x50 DS18B20/ds18x20.o
 .debug_ranges  0x000000c8       0x58 DS18B20/onewire.o
 .debug_ranges  0x00000120       0x88 I2C/i2c_master.o
 .debug_ranges  0x000001a8       0xe8 LCD/lcd.o
 .debug_ranges  0x00000290       0x48 main.o
 .debug_ranges  0x000002d8       0xb0 MENU/menu.o
 .debug_ranges  0x00000388      0x1f8 MENU/menu_items.o
 .debug_ranges  0x00000580       0x10 MENU/menu_portsio.o
 .debug_ranges  0x00000590       0x20 SPI/spi.o
 .debug_ranges  0x000005b0       0xc0 UART/UART.o
 .debug_ranges  0x00000670       0x10 Utils/ftoa.o

.debug_macro
 *(.debug_macro)
OUTPUT(futes_vezerlo.elf elf32-avr)
LOAD linker stubs
